Component: ARM Compiler 5.06 update 6 (build 750) Tool: armlink [4d35ed]

==============================================================================

Section Cross References

    main.o(.text) refers to dadd.o(.text) for __aeabi_dadd
    main.o(.text) refers to qei.o(.text) for QEI::getPulses()
    main.o(.text) refers to dflti.o(.text) for __aeabi_i2d
    main.o(.text) refers to dmul.o(.text) for __aeabi_dmul
    main.o(.text) refers to ddiv.o(.text) for __aeabi_ddiv
    main.o(.text) refers to main.o(i._ZN5MotoraSEf) for Motor::operator =(float)
    main.o(.text) refers to main.o(i._ZN5MotoraSERS_) for Motor::operator =(Motor&)
    main.o(.text) refers to d2f.o(.text) for __aeabi_d2f
    main.o(.text) refers to BusIn.o(i._ZN4mbed5BusIn4modeE7PinMode) for mbed::BusIn::mode(PinMode)
    main.o(.text) refers to BusIn.o(i._ZN4mbed5BusIncviEv) for mbed::BusIn::operator int()
    main.o(.text) refers to wait_api.o(i.wait) for wait
    main.o(.text) refers to motor.o(.text) for Motor::setMaxRatio(float)
    main.o(.text) refers to fmul.o(.text) for __aeabi_fmul
    main.o(.text) refers to ffixui.o(.text) for __aeabi_f2uiz
    main.o(.text) refers to FunctionPointer.o(i._ZN4mbed15FunctionPointer6attachEPFvvE) for mbed::FunctionPointer::attach(void(*)())
    main.o(.text) refers to Ticker.o(i._ZN4mbed6Ticker5setupEj) for mbed::Ticker::setup(unsigned)
    main.o(.text) refers to Ticker.o(i._ZN4mbed6Ticker6detachEv) for mbed::Ticker::detach()
    main.o(.text) refers to BusOut.o(i._ZN4mbed6BusOutC1E7PinNameS1_S1_S1_S1_S1_S1_S1_S1_S1_S1_S1_S1_S1_S1_S1_) for mbed::BusOut::BusOut(PinName, PinName, PinName, PinName, PinName, PinName, PinName, PinName, PinName, PinName, PinName, PinName, PinName, PinName, PinName, PinName)
    main.o(.text) refers to aeabi_atexit.o(.text) for __aeabi_atexit
    main.o(.text) refers to BusIn.o(i._ZN4mbed5BusInC1E7PinNameS1_S1_S1_S1_S1_S1_S1_S1_S1_S1_S1_S1_S1_S1_S1_) for mbed::BusIn::BusIn(PinName, PinName, PinName, PinName, PinName, PinName, PinName, PinName, PinName, PinName, PinName, PinName, PinName, PinName, PinName, PinName)
    main.o(.text) refers to main.o(.data) for timer1
    main.o(.text) refers to main.o(.bss) for qei_left
    main.o(.text) refers to main.o(.constdata) for velo_data
    main.o(.text) refers to BusOut.o(i._ZN4mbed6BusOutD1Ev) for mbed::BusOut::~BusOut()
    main.o(.text) refers to BusIn.o(i._ZN4mbed5BusInD1Ev) for mbed::BusIn::~BusIn()
    main.o(.text) refers to main.o(i._ZN5MotorD1Ev) for Motor::~Motor()
    main.o(.text) refers to main.o(i._ZN3QEID1Ev) for QEI::~QEI()
    main.o(.text) refers to main.o(i._ZN4mbed6TickerC1Ev) for mbed::Ticker::Ticker()
    main.o(.text) refers to Ticker.o(i._ZN4mbed6TickerD1Ev) for mbed::Ticker::~Ticker()
    main.o(.ARM.exidx) refers to main.o(.text) for .text
    main.o(.init_array) refers to main.o(.text) for __sti___8_main_cpp_led
    main.o(.init_array) refers to cpp_init.o(.text) for __cpp_initialize__aeabi_
    softwarepwm.o(.text) refers to gpio.o(i.gpio_init_out) for gpio_init_out
    softwarepwm.o(.text) refers to main.o(i._ZN4mbed6TickerC1Ev) for mbed::Ticker::Ticker()
    softwarepwm.o(.text) refers to softwarepwm.o(t._ZN4mbed6Ticker9attach_usI11SoftwarePWMEEvPT_MS3_FvvEj) for void mbed::Ticker::attach_us<SoftwarePWM>(T1*, void(T1::*)(), unsigned)
    softwarepwm.o(.text) refers to Ticker.o(i._ZN4mbed6Ticker6detachEv) for mbed::Ticker::detach()
    softwarepwm.o(.text) refers to softwarepwm.o(i._ZN4mbed10DigitalOutaSEi) for mbed::DigitalOut::operator =(int)
    softwarepwm.o(.text) refers to assert.o(i.mbed_assert_internal) for mbed_assert_internal
    softwarepwm.o(.text) refers to Timeout.o(.constdata__ZTVN4mbed7TimeoutE) for vtable for mbed::Timeout
    softwarepwm.o(.text) refers to softwarepwm.o(.constdata) for <Data2>
    softwarepwm.o(.text) refers to softwarepwm.o(.conststring) for .conststring
    softwarepwm.o(.ARM.exidx) refers to softwarepwm.o(.text) for .text
    softwarepwm.o(.constdata) refers to softwarepwm.o(.text) for SoftwarePWM::EndPulse()
    motor.o(.text) refers to cfrcmple.o(.text) for __aeabi_cfrcmple
    motor.o(.text) refers to cfcmple.o(.text) for __aeabi_cfcmple
    motor.o(.text) refers to softwarepwm.o(i._ZN4mbed10DigitalOutaSEi) for mbed::DigitalOut::operator =(int)
    motor.o(.text) refers to fmul.o(.text) for __aeabi_fmul
    motor.o(.text) refers to ffixi.o(.text) for __aeabi_f2iz
    motor.o(.text) refers to softwarepwm.o(.text) for SoftwarePWM::SetPosition(int)
    motor.o(.text) refers to fflti.o(.text) for __aeabi_i2f
    motor.o(.text) refers to motor.o(i._ZN4mbed10DigitalOutC1E7PinName) for mbed::DigitalOut::DigitalOut(PinName)
    motor.o(.text) refers to assert.o(i.mbed_assert_internal) for mbed_assert_internal
    motor.o(.text) refers to motor.o(.conststring) for .conststring
    motor.o(.ARM.exidx) refers to motor.o(.text) for .text
    sound.o(.text) refers to cfcmple.o(.text) for __aeabi_cfcmpeq
    sound.o(.text) refers to fdiv.o(.text) for __aeabi_fdiv
[...]
    gpio_write(gpio_t*, int)                 0x000008af   Thumb Code    78  softwarepwm.o(.text)
    .text                                    0x00000924   Section        0  motor.o(.text)
    gpio_write(gpio_t*, int)                 0x00000a3d   Thumb Code    78  motor.o(.text)
    .text                                    0x00000ab4   Section        0  qei.o(.text)
    .text                                    0x00000cb4   Section        0  __0sscanf.o(.text)
    .text                                    0x00000cf0   Section        0  _scanf_int.o(.text)
    .text                                    0x00000e3c   Section        0  cpp_init.o(.text)
    .text                                    0x00000e5c   Section        0  aeabi_atexit.o(.text)
    .text                                    0x00000e86   Section        0  fmul.o(.text)
    .text                                    0x00000f00   Section        0  dadd.o(.text)
    .text                                    0x00001064   Section        0  dmul.o(.text)
    .text                                    0x00001134   Section        0  ddiv.o(.text)
    .text                                    0x00001224   Section        0  fflti.o(.text)
    .text                                    0x0000123c   Section        0  dflti.o(.text)
    .text                                    0x00001264   Section        0  ffixi.o(.text)
    .text                                    0x00001296   Section        0  ffixui.o(.text)
    .text                                    0x000012be   Section        0  d2f.o(.text)
    .text                                    0x000012f8   Section       20  cfcmple.o(.text)
    .text                                    0x0000130c   Section       20  cfrcmple.o(.text)
    .text                                    0x00001320   Section        0  fputc_fp.o(.text)
    .text                                    0x0000134a   Section        0  uldiv.o(.text)
    .text                                    0x000013aa   Section        0  llshl.o(.text)
    .text                                    0x000013ca   Section        0  llsshr.o(.text)
    .text                                    0x000013f0   Section        0  _chval.o(.text)
    .text                                    0x00001410   Section        0  scanf_char.o(.text)
    _scanf_char_input                        0x00001411   Thumb Code    12  scanf_char.o(.text)
    .text                                    0x0000143c   Section        0  _sgetc.o(.text)
    .text                                    0x00001480   Section        0  cpp_dtor.o(.text)
    .text                                    0x00001480   Section        0  iusefp.o(.text)
    .text                                    0x00001488   Section        0  cpp_memory.o(.text)
    .text                                    0x0000149c   Section        0  cxa_finalize.o(.text)
    .text                                    0x000014de   Section        0  fepilogue.o(.text)
    .text                                    0x00001560   Section        0  depilogue.o(.text)
    .text                                    0x00001620   Section        0  dfixul.o(.text)
    .text                                    0x00001660   Section       40  cdrcmple.o(.text)
    .text                                    0x00001688   Section        0  arm_exceptions_terminate.o(.text)
    .text                                    0x000016a4   Section        0  arm_exceptions_globs.o(.text)
    [local to arm_exceptions_c]::__default_terminate_handler() 0x000016a5   Thumb Code     6  arm_exceptions_globs.o(.text)
    .text                                    0x000016f8   Section       36  init.o(.text)
    .text                                    0x0000171c   Section        0  llushr.o(.text)
    .text                                    0x0000173e   Section        0  isspace_c.o(.text)
    .text                                    0x0000174c   Section        0  _scanf.o(.text)
    .text                                    0x00001a84   Section        0  cpp_final.o(.text)
    .text                                    0x00001a86   Section        0  arm_exceptions_mem.o(.text)
    .text                                    0x00001ac8   Section        0  ctype_c.o(.text)
    i.$Sub$$main                             0x00001aec   Section        0  retarget.o(i.$Sub$$main)
    i.NVIC_SetVector                         0x00001afc   Section        0  cmsis_nvic.o(i.NVIC_SetVector)
    i.SystemInit                             0x00001b44   Section        0  system_LPC11xx.o(i.SystemInit)
    i._ZN3QEID1Ev                            0x00001ba4   Section        0  main.o(i._ZN3QEID1Ev)
    i._ZN4mbed10DigitalOutC1E7PinName        0x00001bca   Section        0  motor.o(i._ZN4mbed10DigitalOutC1E7PinName)
    i._ZN4mbed10DigitalOutaSEi               0x00001be6   Section        0  softwarepwm.o(i._ZN4mbed10DigitalOutaSEi)
    i._ZN4mbed10TimerEvent3irqEj             0x00001bfc   Section        0  TimerEvent.o(i._ZN4mbed10TimerEvent3irqEj)
    i._ZN4mbed10TimerEvent6insertEj          0x00001c02   Section        0  TimerEvent.o(i._ZN4mbed10TimerEvent6insertEj)
    i._ZN4mbed10TimerEvent6removeEv          0x00001c0e   Section        0  TimerEvent.o(i._ZN4mbed10TimerEvent6removeEv)
    i._ZN4mbed10TimerEventC2Ev               0x00001c18   Section        0  TimerEvent.o(i._ZN4mbed10TimerEventC2Ev)
    i._ZN4mbed10TimerEventD2Ev               0x00001c3c   Section        0  TimerEvent.o(i._ZN4mbed10TimerEventD2Ev)
    i._ZN4mbed11InterruptIn12_irq_handlerEj14gpio_irq_event 0x00001c54   Section        0  InterruptIn.o(i._ZN4mbed11InterruptIn12_irq_handlerEj14gpio_irq_event)
    i._ZN4mbed11InterruptIn4readEv           0x00001c70   Section        0  InterruptIn.o(i._ZN4mbed11InterruptIn4readEv)
    i._ZN4mbed11InterruptInC1E7PinName       0x00001c9c   Section        0  InterruptIn.o(i._ZN4mbed11InterruptInC1E7PinName)
    i._ZN4mbed11InterruptInD1Ev              0x00001ce8   Section        0  InterruptIn.o(i._ZN4mbed11InterruptInD1Ev)
    i._ZN4mbed15FunctionPointer4callEv       0x00001d00   Section        0  FunctionPointer.o(i._ZN4mbed15FunctionPointer4callEv)
    i._ZN4mbed15FunctionPointer6attachEPFvvE 0x00001d1a   Section        0  FunctionPointer.o(i._ZN4mbed15FunctionPointer6attachEPFvvE)
    i._ZN4mbed15FunctionPointerC1EPFvvE      0x00001d22   Section        0  FunctionPointer.o(i._ZN4mbed15FunctionPointerC1EPFvvE)
    i._ZN4mbed5BusIn4modeE7PinMode           0x00001d2c   Section        0  BusIn.o(i._ZN4mbed5BusIn4modeE7PinMode)
    i._ZN4mbed5BusInC1E7PinNameS1_S1_S1_S1_S1_S1_S1_S1_S1_S1_S1_S1_S1_S1_S1_ 0x00001d4c   Section        0  BusIn.o(i._ZN4mbed5BusInC1E7PinNameS1_S1_S1_S1_S1_S1_S1_S1_S1_S1_S1_S1_S1_S1_S1_)
    i._ZN4mbed5BusInD1Ev                     0x00001dec   Section        0  BusIn.o(i._ZN4mbed5BusInD1Ev)
    i._ZN4mbed5BusIncviEv                    0x00001e14   Section        0  BusIn.o(i._ZN4mbed5BusIncviEv)
    i._ZN4mbed6BusOutC1E7PinNameS1_S1_S1_S1_S1_S1_S1_S1_S1_S1_S1_S1_S1_S1_S1_ 0x00001e58   Section        0  BusOut.o(i._ZN4mbed6BusOutC1E7PinNameS1_S1_S1_S1_S1_S1_S1_S1_S1_S1_S1_S1_S1_S1_S1_)
    i._ZN4mbed6BusOutD1Ev                    0x00001ef8   Section        0  BusOut.o(i._ZN4mbed6BusOutD1Ev)
    i._ZN4mbed6Ticker5setupEj                0x00001f20   Section        0  Ticker.o(i._ZN4mbed6Ticker5setupEj)
    i._ZN4mbed6Ticker6detachEv               0x00001f3c   Section        0  Ticker.o(i._ZN4mbed6Ticker6detachEv)
    i._ZN4mbed6Ticker7handlerEv              0x00001f50   Section        0  Ticker.o(i._ZN4mbed6Ticker7handlerEv)
    i._ZN4mbed6TickerC1Ev                    0x00001f6c   Section        0  main.o(i._ZN4mbed6TickerC1Ev)
    i._ZN4mbed6TickerD1Ev                    0x00001f94   Section        0  Ticker.o(i._ZN4mbed6TickerD1Ev)
    i._ZN4mbed7Timeout7handlerEv             0x00001fb8   Section        0  Timeout.o(i._ZN4mbed7Timeout7handlerEv)
    i._ZN4mbed8FileBase11getPathTypeEv       0x00001fc2   Section        0  FileBase.o(i._ZN4mbed8FileBase11getPathTypeEv)
    i._ZN4mbed8FileBase6lookupEPKcj          0x00001fc8   Section        0  FileBase.o(i._ZN4mbed8FileBase6lookupEPKcj)
    i._ZN4mbed8FilePath10fileSystemEv        0x00002004   Section        0  FilePath.o(i._ZN4mbed8FilePath10fileSystemEv)
    i._ZN4mbed8FilePath4fileEv               0x0000201e   Section        0  FilePath.o(i._ZN4mbed8FilePath4fileEv)
    i._ZN4mbed8FilePath6existsEv             0x0000203e   Section        0  FilePath.o(i._ZN4mbed8FilePath6existsEv)
    i._ZN4mbed8FilePath6isFileEv             0x00002048   Section        0  FilePath.o(i._ZN4mbed8FilePath6isFileEv)
    i._ZN4mbed8FilePath8fileNameEv           0x00002060   Section        0  FilePath.o(i._ZN4mbed8FilePath8fileNameEv)
    i._ZN4mbed8FilePathC1EPKc                0x00002064   Section        0  FilePath.o(i._ZN4mbed8FilePathC1EPKc)
    i._ZN5MotorD1Ev                          0x000020a8   Section        0  main.o(i._ZN5MotorD1Ev)
    i._ZN5MotoraSERS_                        0x000020ca   Section        0  main.o(i._ZN5MotoraSERS_)
    i._ZN5MotoraSEf                          0x000020e4   Section        0  main.o(i._ZN5MotoraSEf)
    i._ZdlPv                                 0x000020f6   Section        0  delete.o(i._ZdlPv)
    i._Znwj                                  0x00002100   Section        0  new.o(i._Znwj)
    i.__0fprintf                             0x00002128   Section        0  printfa.o(i.__0fprintf)
    i.__0vfprintf                            0x00002144   Section        0  printfa.o(i.__0vfprintf)
    i.__ARM_clz                              0x0000215c   Section        0  depilogue.o(i.__ARM_clz)
    i.__cxa_pure_virtual                     0x0000218a   Section        0  pure_virt.o(i.__cxa_pure_virtual)
    i.__scatterload_copy                     0x00002194   Section       14  handlers.o(i.__scatterload_copy)
    i.__scatterload_null                     0x000021a2   Section        2  handlers.o(i.__scatterload_null)
    i.__scatterload_zeroinit                 0x000021a4   Section       14  handlers.o(i.__scatterload_zeroinit)
    i._fflush$full                           0x000021b2   Section        0  fflush_f.o(i._fflush$full)
    i._fp_digits                             0x000021cc   Section        0  printfa.o(i._fp_digits)
    _fp_digits                               0x000021cd   Thumb Code   344  printfa.o(i._fp_digits)
    i._printf_core                           0x00002340   Section        0  printfa.o(i._printf_core)
    _printf_core                             0x00002341   Thumb Code  1754  printfa.o(i._printf_core)
    i._printf_post_padding                   0x00002a2c   Section        0  printfa.o(i._printf_post_padding)
    _printf_post_padding                     0x00002a2d   Thumb Code    32  printfa.o(i._printf_post_padding)
    i._printf_pre_padding                    0x00002a4c   Section        0  printfa.o(i._printf_pre_padding)
    _printf_pre_padding                      0x00002a4d   Thumb Code    44  printfa.o(i._printf_pre_padding)
    i._sys_open                              0x00002a78   Section        0  retarget.o(i._sys_open)
    i._sys_seek                              0x00002b5c   Section        0  retarget.o(i._sys_seek)
    i._sys_write                             0x00002b84   Section        0  retarget.o(i._sys_write)
    i.error                                  0x00002bec   Section        0  error.o(i.error)
    i.exit                                   0x00002c04   Section        0  retarget.o(i.exit)
    i.free                                   0x00002c24   Section        0  malloc.o(i.free)
    i.gpio_dir                               0x00002c78   Section        0  gpio_api.o(i.gpio_dir)
    i.gpio_init                              0x00002cd4   Section        0  gpio_api.o(i.gpio_init)
    i.gpio_init_in                           0x00002d44   Section        0  gpio.o(i.gpio_init_in)
    i.gpio_init_out                          0x00002d68   Section        0  gpio.o(i.gpio_init_out)
    i.gpio_irq0                              0x00002db4   Section        0  gpio_irq_api.o(i.gpio_irq0)
    i.gpio_irq1                              0x00002dbe   Section        0  gpio_irq_api.o(i.gpio_irq1)
    i.gpio_irq2                              0x00002dc8   Section        0  gpio_irq_api.o(i.gpio_irq2)
    i.gpio_irq3                              0x00002dd2   Section        0  gpio_irq_api.o(i.gpio_irq3)
    i.gpio_irq_free                          0x00002ddc   Section        0  gpio_irq_api.o(i.gpio_irq_free)
    i.gpio_irq_init                          0x00002dec   Section        0  gpio_irq_api.o(i.gpio_irq_init)
    i.gpio_irq_set                           0x00002e84   Section        0  gpio_irq_api.o(i.gpio_irq_set)
    i.gpio_mode                              0x00002efa   Section        0  gpio_api.o(i.gpio_mode)
    i.handle_interrupt_in                    0x00002f08   Section        0  gpio_irq_api.o(i.handle_interrupt_in)
    handle_interrupt_in                      0x00002f09   Thumb Code   142  gpio_irq_api.o(i.handle_interrupt_in)
    i.malloc                                 0x00002fb0   Section        0  malloc.o(i.malloc)
    i.mbed_assert_internal                   0x0000301c   Section        0  assert.o(i.mbed_assert_internal)
    i.mbed_die                               0x0000306c   Section        0  board.o(i.mbed_die)
    i.mbed_main                              0x00003200   Section        0  retarget.o(i.mbed_main)
    i.mbed_sdk_init                          0x00003202   Section        0  retarget.o(i.mbed_sdk_init)
    i.pin_function                           0x00003204   Section        0  pinmap.o(i.pin_function)
    i.pin_mode                               0x0000324c   Section        0  pinmap.o(i.pin_mode)
    i.pinmap_merge                           0x000032a0   Section        0  pinmap_common.o(i.pinmap_merge)
    i.pinmap_peripheral                      0x000032d4   Section        0  pinmap_common.o(i.pinmap_peripheral)
    i.pinmap_pinout                          0x00003330   Section        0  pinmap_common.o(i.pinmap_pinout)
    i.serial_baud                            0x00003380   Section        0  serial_api.o(i.serial_baud)
    i.serial_format                          0x00003498   Section        0  serial_api.o(i.serial_format)
    i.serial_init                            0x0000357c   Section        0  serial_api.o(i.serial_init)
    i.serial_putc                            0x00003650   Section        0  serial_api.o(i.serial_putc)
    i.us_ticker_clear_interrupt              0x00003660   Section        0  us_ticker.o(i.us_ticker_clear_interrupt)
    i.us_ticker_disable_interrupt            0x0000366c   Section        0  us_ticker.o(i.us_ticker_disable_interrupt)
    i.us_ticker_init                         0x0000367c   Section        0  us_ticker.o(i.us_ticker_init)
    i.us_ticker_insert_event                 0x000036d8   Section        0  us_ticker_api.o(i.us_ticker_insert_event)
    i.us_ticker_irq_handler                  0x00003714   Section        0  us_ticker_api.o(i.us_ticker_irq_handler)
    i.us_ticker_read                         0x00003754   Section        0  us_ticker.o(i.us_ticker_read)
    i.us_ticker_remove_event                 0x000037b0   Section        0  us_ticker_api.o(i.us_ticker_remove_event)
    i.us_ticker_set_handler                  0x000037f0   Section        0  us_ticker_api.o(i.us_ticker_set_handler)
    i.us_ticker_set_interrupt                0x00003804   Section        0  us_ticker.o(i.us_ticker_set_interrupt)
    i.wait                                   0x00003818   Section        0  wait_api.o(i.wait)
    i.wait_ms                                0x0000383c   Section        0  wait_api.o(i.wait_ms)
    t._ZN4mbed11InterruptIn4fallI3QEIEEvPT_MS3_FvvE 0x00003858   Section        0  qei.o(t._ZN4mbed11InterruptIn4fallI3QEIEEvPT_MS3_FvvE)
    t._ZN4mbed11InterruptIn4riseI3QEIEEvPT_MS3_FvvE 0x0000387a   Section        0  qei.o(t._ZN4mbed11InterruptIn4riseI3QEIEEvPT_MS3_FvvE)
    t._ZN4mbed15FunctionPointer12membercallerI11SoftwarePWMEEvPvPc 0x0000389c   Section        0  softwarepwm.o(t._ZN4mbed15FunctionPointer12membercallerI11SoftwarePWMEEvPvPc)
    t._ZN4mbed15FunctionPointer12membercallerI3QEIEEvPvPc 0x000038ec   Section        0  qei.o(t._ZN4mbed15FunctionPointer12membercallerI3QEIEEvPvPc)
    t._ZN4mbed15FunctionPointer6attachI3QEIEEvPT_MS3_FvvE 0x0000393c   Section        0  qei.o(t._ZN4mbed15FunctionPointer6attachI3QEIEEvPT_MS3_FvvE)
    t._ZN4mbed6Ticker9attach_usI11SoftwarePWMEEvPT_MS3_FvvEj 0x00003958   Section        0  softwarepwm.o(t._ZN4mbed6Ticker9attach_usI11SoftwarePWMEEvPT_MS3_FvvEj)
    .constdata                               0x00003994   Section    15180  main.o(.constdata)
    velo_data                                0x00003994   Data       15180  main.o(.constdata)
    .constdata                               0x000074e0   Section       16  softwarepwm.o(.constdata)
    <Data1>                                  0x000074e0   Data           8  softwarepwm.o(.constdata)
    <Data2>                                  0x000074e8   Data           8  softwarepwm.o(.constdata)
    .constdata                               0x000074f0   Section       24  qei.o(.constdata)
    <Data1>                                  0x000074f0   Data           8  qei.o(.constdata)
    <Data2>                                  0x000074f8   Data           8  qei.o(.constdata)
    <Data3>                                  0x00007500   Data           8  qei.o(.constdata)
    .constdata                               0x00007508   Section      134  board.o(.constdata)
    .constdata                               0x00007590   Section      364  serial_api.o(.constdata)
    PinMap_UART_TX                           0x00007590   Data          60  serial_api.o(.constdata)
    PinMap_UART_RX                           0x000075cc   Data          60  serial_api.o(.constdata)
    .constdata                               0x000076fc   Section      208  BusIn.o(.constdata)
    .constdata                               0x000077cc   Section      134  InterruptIn.o(.constdata)
    .constdata                               0x00007854   Section      134  gpio.o(.constdata)
    .constdata                               0x000078dc   Section      128  gpio_api.o(.constdata)
    .constdata                               0x0000795c   Section      108  pinmap.o(.constdata)
    .constdata                               0x000079c8   Section       64  ctype_c.o(.constdata)
    .constdata__ZTVN4mbed10TimerEventE       0x00007a08   Section       20  TimerEvent.o(.constdata__ZTVN4mbed10TimerEventE)
    .constdata__ZTVN4mbed11InterruptInE      0x00007a1c   Section       16  InterruptIn.o(.constdata__ZTVN4mbed11InterruptInE)
    .constdata__ZTVN4mbed5BusInE             0x00007a2c   Section       16  BusIn.o(.constdata__ZTVN4mbed5BusInE)
    .constdata__ZTVN4mbed6BusOutE            0x00007a3c   Section       16  BusOut.o(.constdata__ZTVN4mbed6BusOutE)
    .constdata__ZTVN4mbed6TickerE            0x00007a4c   Section       20  Ticker.o(.constdata__ZTVN4mbed6TickerE)
    .constdata__ZTVN4mbed7TimeoutE           0x00007a60   Section       20  Timeout.o(.constdata__ZTVN4mbed7TimeoutE)
    .conststring                             0x00007a74   Section       66  softwarepwm.o(.conststring)
    .init_array                              0x00007ad8   Section        4  main.o(.init_array)
    .init_array                              0x00007adc   Section        0  cpp_init.o(.init_array)
    .data                                    0x100000c0   Section       88  main.o(.data)
    .data                                    0x10000118   Section        4  retarget.o(.data)
    n                                        0x10000118   Data           4  retarget.o(.data)
    .data                                    0x1000011c   Section        4  cmsis_nvic.o(.data)
    vectors                                  0x1000011c   Data           4  cmsis_nvic.o(.data)
    .data                                    0x10000120   Section        4  system_LPC11xx.o(.data)
    .data                                    0x10000124   Section        4  gpio_irq_api.o(.data)
    irq_handler                              0x10000124   Data           4  gpio_irq_api.o(.data)
    .data                                    0x10000128   Section       20  serial_api.o(.data)
    serial_irq_ids                           0x10000128   Data           4  serial_api.o(.data)
    irq_handler                              0x10000130   Data           4  serial_api.o(.data)
    .data                                    0x1000013c   Section        4  us_ticker.o(.data)
    .data                                    0x10000140   Section        4  FileBase.o(.data)
    .data                                    0x10000144   Section        8  us_ticker_api.o(.data)
    head                                     0x10000144   Data           4  us_ticker_api.o(.data)
    event_handler                            0x10000148   Data           4  us_ticker_api.o(.data)
    .data                                    0x1000014c   Section        4  cpp_dtor.o(.data)
    ddtor_pointer                            0x1000014c   Data           4  cpp_dtor.o(.data)
    .data                                    0x10000150   Section       12  cpp_memory.o(.data)
    handler_pointer                          0x10000150   Data           4  cpp_memory.o(.data)
    eh                                       0x10000154   Data           4  cpp_memory.o(.data)
    eh_p                                     0x10000158   Data           4  cpp_memory.o(.data)
    .data                                    0x1000015c   Section        4  mvars.o(.data)
    .data                                    0x10000160   Section        4  mvars.o(.data)
    .bss                                     0x10000164   Section     1208  main.o(.bss)
    .bss                                     0x1000061c   Section       64  retarget.o(.bss)
    filehandles                              0x1000061c   Data          64  retarget.o(.bss)
    .bss                                     0x1000065c   Section      168  gpio_irq_api.o(.bss)
    channel_ids                              0x1000065c   Data         168  gpio_irq_api.o(.bss)
    .bss                                     0x10000704   Section       20  stdout_f.o(.bss)
    .bss                                     0x10000718   Section       20  stderr_f.o(.bss)
    HEAP                                     0x10000730   Section        0  startup_LPC11xx.o(HEAP)

    Global Symbols

    Symbol Name                              Value     Ov Type        Size  Object(Section)

    BuildAttributes$$THM_ISAv3M$S$PE$A:L22$X:L11$S22$IEEE1$IW$USESV6$~STKCKD$USESV7$~SHL$OTIME$ROPI$EBA8$UX$MICROLIB$REQ8$PRES8$EABIv2 0x00000000   Number         0  anon$$obj.o ABSOLUTE
    __ARM_use_no_argv                        0x00000000   Number         0  main.o ABSOLUTE
    __Vectors                                0x00000000   Data           4  startup_LPC11xx.o(RESET)
    __dso_handle                             0x00000000   Number         0  startup_LPC11xx.o(RESET)
    _printf_a                                0x00000000   Number         0  stubs.o ABSOLUTE
    _printf_c                                0x00000000   Number         0  stubs.o ABSOLUTE
    _printf_charcount                        0x00000000   Number         0  stubs.o ABSOLUTE
    _printf_d                                0x00000000   Number         0  stubs.o ABSOLUTE
    _printf_e                                0x00000000   Number         0  stubs.o ABSOLUTE
    _printf_f                                0x00000000   Number         0  stubs.o ABSOLUTE
    _printf_flags                            0x00000000   Number         0  stubs.o ABSOLUTE
    _printf_fp_dec                           0x00000000   Number         0  stubs.o ABSOLUTE
    _printf_fp_hex                           0x00000000   Number         0  stubs.o ABSOLUTE
    _printf_g                                0x00000000   Number         0  stubs.o ABSOLUTE
    _printf_i                                0x00000000   Number         0  stubs.o ABSOLUTE
    _printf_int_dec                          0x00000000   Number         0  stubs.o ABSOLUTE
    _printf_l                                0x00000000   Number         0  stubs.o ABSOLUTE
    _printf_lc                               0x00000000   Number         0  stubs.o ABSOLUTE
    _printf_ll                               0x00000000   Number         0  stubs.o ABSOLUTE
    _printf_lld                              0x00000000   Number         0  stubs.o ABSOLUTE
    _printf_lli                              0x00000000   Number         0  stubs.o ABSOLUTE
    _printf_llo                              0x00000000   Number         0  stubs.o ABSOLUTE
    _printf_llu                              0x00000000   Number         0  stubs.o ABSOLUTE
    _printf_llx                              0x00000000   Number         0  stubs.o ABSOLUTE
    _printf_longlong_dec                     0x00000000   Number         0  stubs.o ABSOLUTE
    _printf_longlong_hex                     0x00000000   Number         0  stubs.o ABSOLUTE
    _printf_longlong_oct                     0x00000000   Number         0  stubs.o ABSOLUTE
    _printf_ls                               0x00000000   Number         0  stubs.o ABSOLUTE
    _printf_mbtowc                           0x00000000   Number         0  stubs.o ABSOLUTE
    _printf_n                                0x00000000   Number         0  stubs.o ABSOLUTE
    _printf_o                                0x00000000   Number         0  stubs.o ABSOLUTE
    _printf_p                                0x00000000   Number         0  stubs.o ABSOLUTE
    _printf_percent                          0x00000000   Number         0  stubs.o ABSOLUTE
    _printf_pre_padding                      0x00000000   Number         0  stubs.o ABSOLUTE
    _printf_return_value                     0x00000000   Number         0  stubs.o ABSOLUTE
    _printf_s                                0x00000000   Number         0  stubs.o ABSOLUTE
    _printf_sizespec                         0x00000000   Number         0  stubs.o ABSOLUTE
    _printf_str                              0x00000000   Number         0  stubs.o ABSOLUTE
    _printf_truncate_signed                  0x00000000   Number         0  stubs.o ABSOLUTE
    _printf_truncate_unsigned                0x00000000   Number         0  stubs.o ABSOLUTE
    _printf_u                                0x00000000   Number         0  stubs.o ABSOLUTE
    _printf_wc                               0x00000000   Number         0  stubs.o ABSOLUTE
    _printf_wctomb                           0x00000000   Number         0  stubs.o ABSOLUTE
    _printf_widthprec                        0x00000000   Number         0  stubs.o ABSOLUTE
    _printf_x                                0x00000000   Number         0  stubs.o ABSOLUTE
    SHT$$ARM_EXIDX$$Base                      - Undefined Reference
    SHT$$ARM_EXIDX$$Limit                     - Undefined Reference
    __ARM::default_unexpected_handler()       - Undefined Weak Reference
    __ARM_exceptions_buffer_required          - Undefined Weak Reference
    __aeabi_unwind_cpp_pr1                    - Undefined Weak Reference
    __aeabi_unwind_cpp_pr2                    - Undefined Weak Reference
    __cxa_begin_cleanup                       - Undefined Weak Reference
    __cxa_type_match                          - Undefined Weak Reference
    __decompress                              - Undefined Weak Reference
    _clock_init                               - Undefined Weak Reference
    _microlib_exit                            - Undefined Weak Reference
    _scanf_longlong                           - Undefined Weak Reference
    _scanf_real                               - Undefined Weak Reference
    _scanf_string                             - Undefined Weak Reference
    __main                                   0x00000201   Thumb Code     0  entry.o(.ARM.Collect$$$$00000000)
    _main_stk                                0x00000201   Thumb Code     0  entry2.o(.ARM.Collect$$$$00000001)
    _main_scatterload                        0x00000205   Thumb Code     0  entry5.o(.ARM.Collect$$$$00000004)
    __main_after_scatterload                 0x00000209   Thumb Code     0  entry5.o(.ARM.Collect$$$$00000004)
    __use_full_stdio                         0x00000209   Thumb Code     0  entry6b.o(.ARM.Collect$$$$00000006)
    __main_after_initio                      0x0000020d   Thumb Code     0  entry6b.o(.ARM.Collect$$$$00000006)
    _main_clock                              0x0000020d   Thumb Code     0  entry7b.o(.ARM.Collect$$$$00000008)
    _main_cpp_init$empty                     0x0000020d   Thumb Code     0  entry8a.o(.ARM.Collect$$$$00000009)
    _main_cpp_init                           0x00000211   Thumb Code     0  entry8b.o(.ARM.Collect$$$$0000000A)
    _main_init                               0x00000211   Thumb Code     0  entry9a.o(.ARM.Collect$$$$0000000B)
    __rt_final_cpp                           0x00000219   Thumb Code     0  entry10a.o(.ARM.Collect$$$$0000000D)
    __rt_final_cpp$nonempty                  0x00000219   Thumb Code     0  entry10b.o(.ARM.Collect$$$$0000000E)
    __rt_final_exit                          0x0000021d   Thumb Code     0  entry11a.o(.ARM.Collect$$$$0000000F)
    Reset_Handler                            0x00000221   Thumb Code     8  startup_LPC11xx.o(.text)
    HardFault_Handler                        0x00000229   Thumb Code     2  startup_LPC11xx.o(.text)
    SVC_Handler                              0x0000022b   Thumb Code     2  startup_LPC11xx.o(.text)
    PendSV_Handler                           0x0000022d   Thumb Code     2  startup_LPC11xx.o(.text)
    SysTick_Handler                          0x0000022f   Thumb Code     2  startup_LPC11xx.o(.text)
    Reserved_IRQHandler                      0x00000231   Thumb Code     2  startup_LPC11xx.o(.text)
    ADC_IRQHandler                           0x00000233   Thumb Code     0  startup_LPC11xx.o(.text)
    BOD_IRQHandler                           0x00000233   Thumb Code     0  startup_LPC11xx.o(.text)
    C_CAN_IRQHandler                         0x00000233   Thumb Code     0  startup_LPC11xx.o(.text)
    I2C_IRQHandler                           0x00000233   Thumb Code     0  startup_LPC11xx.o(.text)
    NMI_Handler                              0x00000233   Thumb Code     0  startup_LPC11xx.o(.text)
    PIO_0_IRQHandler                         0x00000233   Thumb Code     0  startup_LPC11xx.o(.text)
    PIO_1_IRQHandler                         0x00000233   Thumb Code     0  startup_LPC11xx.o(.text)
    PIO_2_IRQHandler                         0x00000233   Thumb Code     0  startup_LPC11xx.o(.text)
    PIO_3_IRQHandler                         0x00000233   Thumb Code     0  startup_LPC11xx.o(.text)
    SLWU_INT0_IRQHandler                     0x00000233   Thumb Code     0  startup_LPC11xx.o(.text)
    SLWU_INT10_IRQHandler                    0x00000233   Thumb Code     0  startup_LPC11xx.o(.text)
    SLWU_INT11_IRQHandler                    0x00000233   Thumb Code     0  startup_LPC11xx.o(.text)
    SLWU_INT12_IRQHandler                    0x00000233   Thumb Code     0  startup_LPC11xx.o(.text)
    SLWU_INT1_IRQHandler                     0x00000233   Thumb Code     0  startup_LPC11xx.o(.text)
    SLWU_INT2_IRQHandler                     0x00000233   Thumb Code     0  startup_LPC11xx.o(.text)
    SLWU_INT3_IRQHandler                     0x00000233   Thumb Code     0  startup_LPC11xx.o(.text)
    SLWU_INT4_IRQHandler                     0x00000233   Thumb Code     0  startup_LPC11xx.o(.text)
    SLWU_INT5_IRQHandler                     0x00000233   Thumb Code     0  startup_LPC11xx.o(.text)
    SLWU_INT6_IRQHandler                     0x00000233   Thumb Code     0  startup_LPC11xx.o(.text)
    SLWU_INT7_IRQHandler                     0x00000233   Thumb Code     0  startup_LPC11xx.o(.text)
    SLWU_INT8_IRQHandler                     0x00000233   Thumb Code     0  startup_LPC11xx.o(.text)
    SLWU_INT9_IRQHandler                     0x00000233   Thumb Code     0  startup_LPC11xx.o(.text)
    SSP0_IRQHandler                          0x00000233   Thumb Code     0  startup_LPC11xx.o(.text)
    SSP1_IRQHandler                          0x00000233   Thumb Code     0  startup_LPC11xx.o(.text)
    TIMER16_0_IRQHandler                     0x00000233   Thumb Code     0  startup_LPC11xx.o(.text)
    TIMER16_1_IRQHandler                     0x00000233   Thumb Code     0  startup_LPC11xx.o(.text)
    TIMER32_0_IRQHandler                     0x00000233   Thumb Code     0  startup_LPC11xx.o(.text)
    TIMER32_1_IRQHandler                     0x00000233   Thumb Code     0  startup_LPC11xx.o(.text)
    UART_IRQHandler                          0x00000233   Thumb Code     0  startup_LPC11xx.o(.text)
    WDT_IRQHandler                           0x00000233   Thumb Code     0  startup_LPC11xx.o(.text)
    _initio                                  0x0000023d   Thumb Code    20  initio_oe.o(.text)
    __aeabi_uidiv                            0x0000025d   Thumb Code     0  uidiv.o(.text)
    __aeabi_uidivmod                         0x0000025d   Thumb Code    44  uidiv.o(.text)
    __aeabi_memcpy                           0x00000289   Thumb Code    36  memcpya.o(.text)
    __aeabi_memcpy4                          0x00000289   Thumb Code     0  memcpya.o(.text)
    __aeabi_memcpy8                          0x00000289   Thumb Code     0  memcpya.o(.text)
    strlen                                   0x000002ad   Thumb Code    14  strlen.o(.text)
    strcmp                                   0x000002bb   Thumb Code    28  strcmp.o(.text)
    strncmp                                  0x000002d7   Thumb Code    30  strncmp.o(.text)
    __default_new_handler()                  0x000002f5   Thumb Code     8  arm_newhandler_noexceptions.o(.text)
    tim_flip()                               0x00000301   Thumb Code    20  main.o(.text)
    control_handler()                        0x00000315   Thumb Code   562  main.o(.text)
    init()                                   0x00000547   Thumb Code   110  main.o(.text)
    $Super$$main                             0x000005b5   Thumb Code    42  main.o(.text)
    SoftwarePWM::SoftwarePWM(PinName)        0x00000801   Thumb Code    66  softwarepwm.o(.text)
    SoftwarePWM::SoftwarePWM__sub_object(PinName) 0x00000801   Thumb Code     0  softwarepwm.o(.text)
    SoftwarePWM::SetPosition(int)            0x00000843   Thumb Code     4  softwarepwm.o(.text)
    SoftwarePWM::Enable(int, int)            0x00000847   Thumb Code    28  softwarepwm.o(.text)
    SoftwarePWM::Disable()                   0x00000863   Thumb Code    14  softwarepwm.o(.text)
    SoftwarePWM::StartPulse()                0x00000871   Thumb Code    48  softwarepwm.o(.text)
    SoftwarePWM::EndPulse()                  0x000008a1   Thumb Code    14  softwarepwm.o(.text)
    Motor::write(float)                      0x00000925   Thumb Code   140  motor.o(.text)
    Motor::period(float)                     0x000009b1   Thumb Code    50  motor.o(.text)
    Motor::Motor(PinName, PinName, PinName)  0x000009e3   Thumb Code    76  motor.o(.text)
    Motor::Motor__sub_object(PinName, PinName, PinName) 0x000009e3   Thumb Code     0  motor.o(.text)
    Motor::setMaxRatio(float)                0x00000a2f   Thumb Code     6  motor.o(.text)
    Motor::read()                            0x00000a35   Thumb Code     8  motor.o(.text)
    QEI::QEI(PinName, PinName, PinName, int, QEI::Encoding) 0x00000ab5   Thumb Code   194  qei.o(.text)
    QEI::QEI__sub_object(PinName, PinName, PinName, int, QEI::Encoding) 0x00000ab5   Thumb Code     0  qei.o(.text)
    QEI::reset()                             0x00000b77   Thumb Code    14  qei.o(.text)
    QEI::getCurrentState()                   0x00000b85   Thumb Code    10  qei.o(.text)
    QEI::getPulses()                         0x00000b8f   Thumb Code    10  qei.o(.text)
    QEI::getRevolutions()                    0x00000b99   Thumb Code    10  qei.o(.text)
    QEI::encode()                            0x00000ba3   Thumb Code   244  qei.o(.text)
    QEI::index()                             0x00000c97   Thumb Code    16  qei.o(.text)
    __0sscanf                                0x00000cb5   Thumb Code    50  __0sscanf.o(.text)
    _scanf_int                               0x00000cf1   Thumb Code   330  _scanf_int.o(.text)
    __cpp_initialize__aeabi_                 0x00000e3d   Thumb Code    22  cpp_init.o(.text)
    __aeabi_atexit                           0x00000e5d   Thumb Code    42  aeabi_atexit.o(.text)
    __aeabi_fmul                             0x00000e87   Thumb Code   122  fmul.o(.text)
    __aeabi_dadd                             0x00000f01   Thumb Code   328  dadd.o(.text)
    __aeabi_dsub                             0x00001049   Thumb Code    12  dadd.o(.text)
    __aeabi_drsub                            0x00001055   Thumb Code    12  dadd.o(.text)
    __aeabi_dmul                             0x00001065   Thumb Code   202  dmul.o(.text)
    __aeabi_ddiv                             0x00001135   Thumb Code   234  ddiv.o(.text)
    __aeabi_i2f                              0x00001225   Thumb Code    22  fflti.o(.text)
    __aeabi_i2d                              0x0000123d   Thumb Code    34  dflti.o(.text)
    __aeabi_f2iz                             0x00001265   Thumb Code    50  ffixi.o(.text)
    __aeabi_f2uiz                            0x00001297   Thumb Code    40  ffixui.o(.text)
    __aeabi_d2f                              0x000012bf   Thumb Code    56  d2f.o(.text)
    __aeabi_cfcmpeq                          0x000012f9   Thumb Code     0  cfcmple.o(.text)
    __aeabi_cfcmple                          0x000012f9   Thumb Code    20  cfcmple.o(.text)
    __aeabi_cfrcmple                         0x0000130d   Thumb Code    20  cfrcmple.o(.text)
    fputc                                    0x00001321   Thumb Code    42  fputc_fp.o(.text)
    __aeabi_uldivmod                         0x0000134b   Thumb Code    96  uldiv.o(.text)
    __aeabi_llsl                             0x000013ab   Thumb Code    32  llshl.o(.text)
    _ll_shift_l                              0x000013ab   Thumb Code     0  llshl.o(.text)
    __aeabi_lasr                             0x000013cb   Thumb Code    38  llsshr.o(.text)
    _ll_sshift_r                             0x000013cb   Thumb Code     0  llsshr.o(.text)
    _chval                                   0x000013f1   Thumb Code    30  _chval.o(.text)
    __vfscanf_char                           0x0000141d   Thumb Code    24  scanf_char.o(.text)
    _sgetc                                   0x0000143d   Thumb Code    32  _sgetc.o(.text)
    _sbackspace                              0x0000145d   Thumb Code    36  _sgetc.o(.text)
    __I$use$fp                               0x00001481   Thumb Code     0  iusefp.o(.text)
    __rt_ddtor_pointer_addr                  0x00001481   Thumb Code     4  cpp_dtor.o(.text)
    __rt_new_handler_addr                    0x00001489   Thumb Code     4  cpp_memory.o(.text)
    __rt_eh_globals_addr                     0x0000148d   Thumb Code    12  cpp_memory.o(.text)
    __cxa_finalize                           0x0000149d   Thumb Code    66  cxa_finalize.o(.text)
    _float_round                             0x000014df   Thumb Code    16  fepilogue.o(.text)
    _float_epilogue                          0x000014ef   Thumb Code   114  fepilogue.o(.text)
    _double_round                            0x00001561   Thumb Code    26  depilogue.o(.text)
    _double_epilogue                         0x0000157b   Thumb Code   164  depilogue.o(.text)
    __aeabi_d2ulz                            0x00001621   Thumb Code    54  dfixul.o(.text)
    __aeabi_cdrcmple                         0x00001661   Thumb Code    38  cdrcmple.o(.text)
    std::terminate()                         0x00001689   Thumb Code    28  arm_exceptions_terminate.o(.text)
    __cxa_get_globals                        0x000016ab   Thumb Code    66  arm_exceptions_globs.o(.text)
    __scatterload                            0x000016f9   Thumb Code    28  init.o(.text)
    __scatterload_rt2                        0x000016f9   Thumb Code     0  init.o(.text)
    __aeabi_llsr                             0x0000171d   Thumb Code    34  llushr.o(.text)
    _ll_ushift_r                             0x0000171d   Thumb Code     0  llushr.o(.text)
    isspace                                  0x0000173f   Thumb Code    14  isspace_c.o(.text)
    __vfscanf                                0x0000174d   Thumb Code   812  _scanf.o(.text)
    __rt_lib_shutdown_cpp_2                  0x00001a85   Thumb Code     2  cpp_final.o(.text)
    __ARM_exceptions_buffer_init             0x00001a87   Thumb Code    18  arm_exceptions_mem.o(.text)
    __ARM_exceptions_buffer_allocate         0x00001a99   Thumb Code    26  arm_exceptions_mem.o(.text)
    __ARM_exceptions_buffer_free             0x00001ab3   Thumb Code    22  arm_exceptions_mem.o(.text)
    __ctype_lookup                           0x00001ac9   Thumb Code    32  ctype_c.o(.text)
    main                                     0x00001aed   Thumb Code    16  retarget.o(i.$Sub$$main)
    NVIC_SetVector                           0x00001afd   Thumb Code    62  cmsis_nvic.o(i.NVIC_SetVector)
    SystemInit                               0x00001b45   Thumb Code    78  system_LPC11xx.o(i.SystemInit)
    QEI::~QEI()                              0x00001ba5   Thumb Code    38  main.o(i._ZN3QEID1Ev)
    QEI::~QEI__sub_object()                  0x00001ba5   Thumb Code     0  main.o(i._ZN3QEID1Ev)
    mbed::DigitalOut::DigitalOut(PinName)    0x00001bcb   Thumb Code    28  motor.o(i._ZN4mbed10DigitalOutC1E7PinName)
    mbed::DigitalOut::DigitalOut__sub_object(PinName) 0x00001bcb   Thumb Code     0  motor.o(i._ZN4mbed10DigitalOutC1E7PinName)
    mbed::DigitalOut::operator =(int)        0x00001be7   Thumb Code    22  softwarepwm.o(i._ZN4mbed10DigitalOutaSEi)
    mbed::TimerEvent::irq(unsigned)          0x00001bfd   Thumb Code     6  TimerEvent.o(i._ZN4mbed10TimerEvent3irqEj)
    mbed::TimerEvent::insert(unsigned)       0x00001c03   Thumb Code    12  TimerEvent.o(i._ZN4mbed10TimerEvent6insertEj)
    mbed::TimerEvent::remove()               0x00001c0f   Thumb Code    10  TimerEvent.o(i._ZN4mbed10TimerEvent6removeEv)
    mbed::TimerEvent::TimerEvent__sub_object() 0x00001c19   Thumb Code    26  TimerEvent.o(i._ZN4mbed10TimerEventC2Ev)
    mbed::TimerEvent::~TimerEvent()          0x00001c3d   Thumb Code     0  TimerEvent.o(i._ZN4mbed10TimerEventD2Ev)
    mbed::TimerEvent::~TimerEvent__sub_object() 0x00001c3d   Thumb Code    18  TimerEvent.o(i._ZN4mbed10TimerEventD2Ev)
    mbed::InterruptIn::_irq_handler(unsigned, gpio_irq_event) 0x00001c55   Thumb Code    26  InterruptIn.o(i._ZN4mbed11InterruptIn12_irq_handlerEj14gpio_irq_event)
    mbed::InterruptIn::read()                0x00001c71   Thumb Code    34  InterruptIn.o(i._ZN4mbed11InterruptIn4readEv)
    mbed::InterruptIn::InterruptIn(PinName)  0x00001c9d   Thumb Code    66  InterruptIn.o(i._ZN4mbed11InterruptInC1E7PinName)
    mbed::InterruptIn::InterruptIn__sub_object(PinName) 0x00001c9d   Thumb Code     0  InterruptIn.o(i._ZN4mbed11InterruptInC1E7PinName)
    mbed::InterruptIn::~InterruptIn()        0x00001ce9   Thumb Code    20  InterruptIn.o(i._ZN4mbed11InterruptInD1Ev)
    mbed::InterruptIn::~InterruptIn__sub_object() 0x00001ce9   Thumb Code     0  InterruptIn.o(i._ZN4mbed11InterruptInD1Ev)
    mbed::FunctionPointer::call()            0x00001d01   Thumb Code    26  FunctionPointer.o(i._ZN4mbed15FunctionPointer4callEv)
    mbed::FunctionPointer::attach(void(*)()) 0x00001d1b   Thumb Code     8  FunctionPointer.o(i._ZN4mbed15FunctionPointer6attachEPFvvE)
    mbed::FunctionPointer::FunctionPointer(void(*)()) 0x00001d23   Thumb Code    10  FunctionPointer.o(i._ZN4mbed15FunctionPointerC1EPFvvE)
    mbed::FunctionPointer::FunctionPointer__sub_object(void(*)()) 0x00001d23   Thumb Code     0  FunctionPointer.o(i._ZN4mbed15FunctionPointerC1EPFvvE)
    mbed::BusIn::mode(PinMode)               0x00001d2d   Thumb Code    32  BusIn.o(i._ZN4mbed5BusIn4modeE7PinMode)
    mbed::BusIn::BusIn(PinName, PinName, PinName, PinName, PinName, PinName, PinName, PinName, PinName, PinName, PinName, PinName, PinName, PinName, PinName, PinName) 0x00001d4d   Thumb Code   154  BusIn.o(i._ZN4mbed5BusInC1E7PinNameS1_S1_S1_S1_S1_S1_S1_S1_S1_S1_S1_S1_S1_S1_S1_)
    mbed::BusIn::BusIn__sub_object(PinName, PinName, PinName, PinName, PinName, PinName, PinName, PinName, PinName, PinName, PinName, PinName, PinName, PinName, PinName, PinName) 0x00001d4d   Thumb Code     0  BusIn.o(i._ZN4mbed5BusInC1E7PinNameS1_S1_S1_S1_S1_S1_S1_S1_S1_S1_S1_S1_S1_S1_S1_)
    mbed::BusIn::~BusIn()                    0x00001ded   Thumb Code    34  BusIn.o(i._ZN4mbed5BusInD1Ev)
    mbed::BusIn::~BusIn__sub_object()        0x00001ded   Thumb Code     0  BusIn.o(i._ZN4mbed5BusInD1Ev)
    mbed::BusIn::operator int()              0x00001e15   Thumb Code    60  BusIn.o(i._ZN4mbed5BusIncviEv)
    mbed::BusOut::BusOut(PinName, PinName, PinName, PinName, PinName, PinName, PinName, PinName, PinName, PinName, PinName, PinName, PinName, PinName, PinName, PinName) 0x00001e59   Thumb Code   154  BusOut.o(i._ZN4mbed6BusOutC1E7PinNameS1_S1_S1_S1_S1_S1_S1_S1_S1_S1_S1_S1_S1_S1_S1_)
    mbed::BusOut::BusOut__sub_object(PinName, PinName, PinName, PinName, PinName, PinName, PinName, PinName, PinName, PinName, PinName, PinName, PinName, PinName, PinName, PinName) 0x00001e59   Thumb Code     0  BusOut.o(i._ZN4mbed6BusOutC1E7PinNameS1_S1_S1_S1_S1_S1_S1_S1_S1_S1_S1_S1_S1_S1_S1_)
    mbed::BusOut::~BusOut()                  0x00001ef9   Thumb Code    34  BusOut.o(i._ZN4mbed6BusOutD1Ev)
    mbed::BusOut::~BusOut__sub_object()      0x00001ef9   Thumb Code     0  BusOut.o(i._ZN4mbed6BusOutD1Ev)
    mbed::Ticker::setup(unsigned)            0x00001f21   Thumb Code    28  Ticker.o(i._ZN4mbed6Ticker5setupEj)
    mbed::Ticker::detach()                   0x00001f3d   Thumb Code    20  Ticker.o(i._ZN4mbed6Ticker6detachEv)
    mbed::Ticker::handler()                  0x00001f51   Thumb Code    26  Ticker.o(i._ZN4mbed6Ticker7handlerEv)
    mbed::Ticker::Ticker()                   0x00001f6d   Thumb Code    34  main.o(i._ZN4mbed6TickerC1Ev)
    mbed::Ticker::Ticker__sub_object()       0x00001f6d   Thumb Code     0  main.o(i._ZN4mbed6TickerC1Ev)
    mbed::Ticker::~Ticker()                  0x00001f95   Thumb Code    32  Ticker.o(i._ZN4mbed6TickerD1Ev)
    mbed::Ticker::~Ticker__sub_object()      0x00001f95   Thumb Code     0  Ticker.o(i._ZN4mbed6TickerD1Ev)
    mbed::Timeout::handler()                 0x00001fb9   Thumb Code    10  Timeout.o(i._ZN4mbed7Timeout7handlerEv)
    mbed::FileBase::getPathType()            0x00001fc3   Thumb Code     4  FileBase.o(i._ZN4mbed8FileBase11getPathTypeEv)
    mbed::FileBase::lookup(const char*, unsigned) 0x00001fc9   Thumb Code    56  FileBase.o(i._ZN4mbed8FileBase6lookupEPKcj)
    mbed::FilePath::fileSystem()             0x00002005   Thumb Code    26  FilePath.o(i._ZN4mbed8FilePath10fileSystemEv)
    mbed::FilePath::file()                   0x0000201f   Thumb Code    32  FilePath.o(i._ZN4mbed8FilePath4fileEv)
    mbed::FilePath::exists()                 0x0000203f   Thumb Code    10  FilePath.o(i._ZN4mbed8FilePath6existsEv)
    mbed::FilePath::isFile()                 0x00002049   Thumb Code    24  FilePath.o(i._ZN4mbed8FilePath6isFileEv)
    mbed::FilePath::fileName()               0x00002061   Thumb Code     4  FilePath.o(i._ZN4mbed8FilePath8fileNameEv)
    mbed::FilePath::FilePath(const char*)    0x00002065   Thumb Code    68  FilePath.o(i._ZN4mbed8FilePathC1EPKc)
    mbed::FilePath::FilePath__sub_object(const char*) 0x00002065   Thumb Code     0  FilePath.o(i._ZN4mbed8FilePathC1EPKc)
    Motor::~Motor()                          0x000020a9   Thumb Code    34  main.o(i._ZN5MotorD1Ev)
    Motor::~Motor__sub_object()              0x000020a9   Thumb Code     0  main.o(i._ZN5MotorD1Ev)
    Motor::operator =(Motor&)                0x000020cb   Thumb Code    26  main.o(i._ZN5MotoraSERS_)
    Motor::operator =(float)                 0x000020e5   Thumb Code    18  main.o(i._ZN5MotoraSEf)
    operator delete (void*)                  0x000020f7   Thumb Code     8  delete.o(i._ZdlPv)
    operator new(unsigned)                   0x00002101   Thumb Code    36  new.o(i._Znwj)
    __0fprintf                               0x00002129   Thumb Code    24  printfa.o(i.__0fprintf)
    __1fprintf                               0x00002129   Thumb Code     0  printfa.o(i.__0fprintf)
    __2fprintf                               0x00002129   Thumb Code     0  printfa.o(i.__0fprintf)
    __c89fprintf                             0x00002129   Thumb Code     0  printfa.o(i.__0fprintf)
    fprintf                                  0x00002129   Thumb Code     0  printfa.o(i.__0fprintf)
    __0vfprintf                              0x00002145   Thumb Code    20  printfa.o(i.__0vfprintf)
    __1vfprintf                              0x00002145   Thumb Code     0  printfa.o(i.__0vfprintf)
    __2vfprintf                              0x00002145   Thumb Code     0  printfa.o(i.__0vfprintf)
    __c89vfprintf                            0x00002145   Thumb Code     0  printfa.o(i.__0vfprintf)
    vfprintf                                 0x00002145   Thumb Code     0  printfa.o(i.__0vfprintf)
    __ARM_clz                                0x0000215d   Thumb Code    46  depilogue.o(i.__ARM_clz)
    __cxa_pure_virtual                       0x0000218b   Thumb Code    10  pure_virt.o(i.__cxa_pure_virtual)
    __scatterload_copy                       0x00002195   Thumb Code    14  handlers.o(i.__scatterload_copy)
    __scatterload_null                       0x000021a3   Thumb Code     2  handlers.o(i.__scatterload_null)
    __scatterload_zeroinit                   0x000021a5   Thumb Code    14  handlers.o(i.__scatterload_zeroinit)
    fflush                                   0x000021b3   Thumb Code    24  fflush_f.o(i._fflush$full)
    _sys_open                                0x00002a79   Thumb Code   210  retarget.o(i._sys_open)
    _sys_seek                                0x00002b5d   Thumb Code    36  retarget.o(i._sys_seek)
    _sys_write                               0x00002b85   Thumb Code    84  retarget.o(i._sys_write)
    error                                    0x00002bed   Thumb Code    20  error.o(i.error)
    exit                                     0x00002c05   Thumb Code    24  retarget.o(i.exit)
    free                                     0x00002c25   Thumb Code    80  malloc.o(i.free)
    gpio_dir                                 0x00002c79   Thumb Code    62  gpio_api.o(i.gpio_dir)
    gpio_init                                0x00002cd5   Thumb Code    96  gpio_api.o(i.gpio_init)
    gpio_init_in                             0x00002d45   Thumb Code    34  gpio.o(i.gpio_init_in)
    gpio_init_out                            0x00002d69   Thumb Code    68  gpio.o(i.gpio_init_out)
    gpio_irq0                                0x00002db5   Thumb Code    10  gpio_irq_api.o(i.gpio_irq0)
    gpio_irq1                                0x00002dbf   Thumb Code    10  gpio_irq_api.o(i.gpio_irq1)
    gpio_irq2                                0x00002dc9   Thumb Code    10  gpio_irq_api.o(i.gpio_irq2)
    gpio_irq3                                0x00002dd3   Thumb Code    10  gpio_irq_api.o(i.gpio_irq3)
    gpio_irq_free                            0x00002ddd   Thumb Code    12  gpio_irq_api.o(i.gpio_irq_free)
    gpio_irq_init                            0x00002ded   Thumb Code   120  gpio_irq_api.o(i.gpio_irq_init)
    gpio_irq_set                             0x00002e85   Thumb Code   118  gpio_irq_api.o(i.gpio_irq_set)
    gpio_mode                                0x00002efb   Thumb Code    14  gpio_api.o(i.gpio_mode)
    malloc                                   0x00002fb1   Thumb Code    92  malloc.o(i.malloc)
    mbed_assert_internal                     0x0000301d   Thumb Code    22  assert.o(i.mbed_assert_internal)
    mbed_die                                 0x0000306d   Thumb Code   396  board.o(i.mbed_die)
    mbed_main                                0x00003201   Thumb Code     2  retarget.o(i.mbed_main)
    mbed_sdk_init                            0x00003203   Thumb Code     2  retarget.o(i.mbed_sdk_init)
    pin_function                             0x00003205   Thumb Code    42  pinmap.o(i.pin_function)
    pin_mode                                 0x0000324d   Thumb Code    56  pinmap.o(i.pin_mode)
    pinmap_merge                             0x000032a1   Thumb Code    30  pinmap_common.o(i.pinmap_merge)
    pinmap_peripheral                        0x000032d5   Thumb Code    60  pinmap_common.o(i.pinmap_peripheral)
    pinmap_pinout                            0x00003331   Thumb Code    60  pinmap_common.o(i.pinmap_pinout)
    serial_baud                              0x00003381   Thumb Code   272  serial_api.o(i.serial_baud)
    serial_format                            0x00003499   Thumb Code   144  serial_api.o(i.serial_format)
    serial_init                              0x0000357d   Thumb Code   168  serial_api.o(i.serial_init)
    serial_putc                              0x00003651   Thumb Code    14  serial_api.o(i.serial_putc)
    us_ticker_clear_interrupt                0x00003661   Thumb Code     8  us_ticker.o(i.us_ticker_clear_interrupt)
    us_ticker_disable_interrupt              0x0000366d   Thumb Code    12  us_ticker.o(i.us_ticker_disable_interrupt)
    us_ticker_init                           0x0000367d   Thumb Code    64  us_ticker.o(i.us_ticker_init)
    us_ticker_insert_event                   0x000036d9   Thumb Code    56  us_ticker_api.o(i.us_ticker_insert_event)
    us_ticker_irq_handler                    0x00003715   Thumb Code    58  us_ticker_api.o(i.us_ticker_irq_handler)
    us_ticker_read                           0x00003755   Thumb Code    64  us_ticker.o(i.us_ticker_read)
    us_ticker_remove_event                   0x000037b1   Thumb Code    58  us_ticker_api.o(i.us_ticker_remove_event)
    us_ticker_set_handler                    0x000037f1   Thumb Code    14  us_ticker_api.o(i.us_ticker_set_handler)
    us_ticker_set_interrupt                  0x00003805   Thumb Code    14  us_ticker.o(i.us_ticker_set_interrupt)
    wait                                     0x00003819   Thumb Code    32  wait_api.o(i.wait)
    wait_ms                                  0x0000383d   Thumb Code    28  wait_api.o(i.wait_ms)
    void mbed::InterruptIn::fall<QEI>(T1*, void(T1::*)()) 0x00003859   Thumb Code    34  qei.o(t._ZN4mbed11InterruptIn4fallI3QEIEEvPT_MS3_FvvE)
    void mbed::InterruptIn::rise<QEI>(T1*, void(T1::*)()) 0x0000387b   Thumb Code    34  qei.o(t._ZN4mbed11InterruptIn4riseI3QEIEEvPT_MS3_FvvE)
    void mbed::FunctionPointer::membercaller<SoftwarePWM>(void*, char*) 0x0000389d   Thumb Code    80  softwarepwm.o(t._ZN4mbed15FunctionPointer12membercallerI11SoftwarePWMEEvPvPc)
    void mbed::FunctionPointer::membercaller<QEI>(void*, char*) 0x000038ed   Thumb Code    80  qei.o(t._ZN4mbed15FunctionPointer12membercallerI3QEIEEvPvPc)
    void mbed::FunctionPointer::attach<QEI>(T1*, void(T1::*)()) 0x0000393d   Thumb Code    22  qei.o(t._ZN4mbed15FunctionPointer6attachI3QEIEEvPT_MS3_FvvE)
    void mbed::Ticker::attach_us<SoftwarePWM>(T1*, void(T1::*)(), unsigned) 0x00003959   Thumb Code    54  softwarepwm.o(t._ZN4mbed6Ticker9attach_usI11SoftwarePWMEEvPT_MS3_FvvEj)
    __ctype_categories                       0x000079c8   Data          64  ctype_c.o(.constdata)
    vtable for mbed::TimerEvent              0x00007a08   Data          20  TimerEvent.o(.constdata__ZTVN4mbed10TimerEventE)
    vtable for mbed::InterruptIn             0x00007a1c   Data          16  InterruptIn.o(.constdata__ZTVN4mbed11InterruptInE)
    vtable for mbed::BusIn                   0x00007a2c   Data          16  BusIn.o(.constdata__ZTVN4mbed5BusInE)
    vtable for mbed::BusOut                  0x00007a3c   Data          16  BusOut.o(.constdata__ZTVN4mbed6BusOutE)
    vtable for mbed::Ticker                  0x00007a4c   Data          20  Ticker.o(.constdata__ZTVN4mbed6TickerE)
    vtable for mbed::Timeout                 0x00007a60   Data          20  Timeout.o(.constdata__ZTVN4mbed7TimeoutE)
    Region$$Table$$Base                      0x00007ab8   Number         0  anon$$obj.o(Region$$Table)
    Region$$Table$$Limit                     0x00007ad8   Number         0  anon$$obj.o(Region$$Table)
    SHT$$INIT_ARRAY$$Base                    0x00007ad8   Number         0  main.o(.init_array)
    SHT$$INIT_ARRAY$$Limit                   0x00007adc   Number         0  cpp_init.o(.init_array)
    speed_left_ref                           0x100000c0   Data           8  main.o(.data)
    speed_right_ref                          0x100000c8   Data           8  main.o(.data)
    speed_left_lpf                           0x100000d0   Data           8  main.o(.data)
    speed_right_lpf                          0x100000d8   Data           8  main.o(.data)
    i_left                                   0x100000e0   Data           8  main.o(.data)
    i_right                                  0x100000e8   Data           8  main.o(.data)
    enc_left                                 0x100000f0   Data           4  main.o(.data)
    enc_right                                0x100000f4   Data           4  main.o(.data)
    left_power                               0x100000f8   Data           8  main.o(.data)
    right_power                              0x10000100   Data           8  main.o(.data)
    t_cnt                                    0x10000108   Data           4  main.o(.data)
    vpath_idx                                0x1000010c   Data           4  main.o(.data)
    timer1                                   0x10000110   Data           8  main.o(.data)
    SystemCoreClock                          0x10000120   Data           4  system_LPC11xx.o(.data)
    stdio_uart_inited                        0x1000012c   Data           4  serial_api.o(.data)
    stdio_uart                               0x10000134   Data           8  serial_api.o(.data)
    us_ticker_inited                         0x1000013c   Data           4  us_ticker.o(.data)
    mbed::FileBase::_head                    0x10000140   Data           4  FileBase.o(.data)
    __microlib_freelist                      0x1000015c   Data           4  mvars.o(.data)
    __microlib_freelist_initialised          0x10000160   Data           4  mvars.o(.data)
    led                                      0x10000164   Data          72  main.o(.bss)
    sw                                       0x100001ac   Data          72  main.o(.bss)
    in                                       0x100001f4   Data          72  main.o(.bss)
    motor_left                               0x1000023c   Data         160  main.o(.bss)
    motor_right                              0x100002dc   Data         160  main.o(.bss)
    qei_left                                 0x1000037c   Data         288  main.o(.bss)
    qei_right                                0x1000049c   Data         288  main.o(.bss)
    control                                  0x100005bc   Data          48  main.o(.bss)
    timer                                    0x100005ec   Data          48  main.o(.bss)
    __stdout                                 0x10000704   Data          20  stdout_f.o(.bss)
    __stderr                                 0x10000718   Data          20  stderr_f.o(.bss)
    Image$$RW_IRAM1$$ZI$$Limit               0x10000730   Number         0  anon$$obj.o ABSOLUTE
    __heap_base                              0x10000730   Data           0  startup_LPC11xx.o(HEAP)
    __heap_limit                             0x10000730   Data           0  startup_LPC11xx.o(HEAP)
    __initial_sp                             0x10001000   Number         0  startup_LPC11xx.o ABSOLUTE



==============================================================================

Memory Map of the image

  Image Entry point : 0x00000201

  Load Region LR_IROM1 (Base: 0x00000000, Size: 0x00007b80, Max: 0x00008000, ABSOLUTE)

    Execution Region ER_IROM1 (Exec base: 0x00000000, Load base: 0x00000000, Size: 0x00007adc, Max: 0x00008000, ABSOLUTE)

    Exec Addr    Load Addr    Size         Type   Attr      Idx    E Section Name        Object

    0x00000000   0x00000000   0x00000200   Data   RO           60    RESET               startup_LPC11xx.o
    0x00000200   0x00000200   0x00000000   Code   RO          553  * .ARM.Collect$$$$00000000  mc_p.l(entry.o)
    0x00000200   0x00000200   0x00000004   Code   RO          764    .ARM.Collect$$$$00000001  mc_p.l(entry2.o)
    0x00000204   0x00000204   0x00000004   Code   RO          767    .ARM.Collect$$$$00000004  mc_p.l(entry5.o)
    0x00000208   0x00000208   0x00000004   Code   RO          555    .ARM.Collect$$$$00000006  mc_p.l(entry6b.o)
    0x0000020c   0x0000020c   0x00000000   Code   RO          769    .ARM.Collect$$$$00000008  mc_p.l(entry7b.o)
    0x0000020c   0x0000020c   0x00000004   Code   RO          770    .ARM.Collect$$$$00000009  mc_p.l(entry8a.o)
    0x00000210   0x00000210   0x00000000   Code   RO          771    .ARM.Collect$$$$0000000A  mc_p.l(entry8b.o)
    0x00000210   0x00000210   0x00000008   Code   RO          772    .ARM.Collect$$$$0000000B  mc_p.l(entry9a.o)
    0x00000218   0x00000218   0x00000000   Code   RO          774    .ARM.Collect$$$$0000000D  mc_p.l(entry10a.o)
    0x00000218   0x00000218   0x00000004   Code   RO          775    .ARM.Collect$$$$0000000E  mc_p.l(entry10b.o)
    0x0000021c   0x0000021c   0x00000000   Code   RO          776    .ARM.Collect$$$$0000000F  mc_p.l(entry11a.o)
    0x0000021c   0x0000021c   0x00000004   Code   RO          765    .ARM.Collect$$$$00002712  mc_p.l(entry2.o)
    0x00000220   0x00000220   0x0000001c   Code   RO           62    .text               startup_LPC11xx.o
    0x0000023c   0x0000023c   0x00000020   Code   RO          575    .text               mc_p.l(initio_oe.o)
    0x0000025c   0x0000025c   0x0000002c   Code   RO          582    .text               mc_p.l(uidiv.o)
    0x00000288   0x00000288   0x00000024   Code   RO          583    .text               mc_p.l(memcpya.o)
    0x000002ac   0x000002ac   0x0000000e   Code   RO          586    .text               mc_p.l(strlen.o)
    0x000002ba   0x000002ba   0x0000001c   Code   RO          587    .text               mc_p.l(strcmp.o)
    0x000002d6   0x000002d6   0x0000001e   Code   RO          588    .text               mc_p.l(strncmp.o)
    0x000002f4   0x000002f4   0x00000008   Code   RO          742    .text               cpprt_p.l(arm_newhandler_noexceptions.o)
    0x000002fc   0x000002fc   0x00000004   Code   RO           61    .ARM.__at_0x02FC    startup_LPC11xx.o
    0x00000300   0x00000300   0x00000500   Code   RO            3    .text               main.o
    0x00000800   0x00000800   0x00000124   Code   RO           24    .text               softwarepwm.o
    0x00000924   0x00000924   0x00000190   Code   RO           36    .text               motor.o
    0x00000ab4   0x00000ab4   0x00000200   Code   RO           47    .text               qei.o
    0x00000cb4   0x00000cb4   0x0000003c   Code   RO          721    .text               mc_p.l(__0sscanf.o)
    0x00000cf0   0x00000cf0   0x0000014a   Code   RO          722    .text               mc_p.l(_scanf_int.o)
    0x00000e3a   0x00000e3a   0x00000002   PAD
    0x00000e3c   0x00000e3c   0x00000020   Code   RO          726    .text               mc_p.l(cpp_init.o)
    0x00000e5c   0x00000e5c   0x0000002a   Code   RO          727    .text               mc_p.l(aeabi_atexit.o)
    0x00000e86   0x00000e86   0x0000007a   Code   RO          728    .text               mf_p.l(fmul.o)
    0x00000f00   0x00000f00   0x00000164   Code   RO          730    .text               mf_p.l(dadd.o)
    0x00001064   0x00001064   0x000000d0   Code   RO          731    .text               mf_p.l(dmul.o)
    0x00001134   0x00001134   0x000000f0   Code   RO          732    .text               mf_p.l(ddiv.o)
    0x00001224   0x00001224   0x00000016   Code   RO          733    .text               mf_p.l(fflti.o)
    0x0000123a   0x0000123a   0x00000002   PAD
    0x0000123c   0x0000123c   0x00000028   Code   RO          734    .text               mf_p.l(dflti.o)
    0x00001264   0x00001264   0x00000032   Code   RO          735    .text               mf_p.l(ffixi.o)
    0x00001296   0x00001296   0x00000028   Code   RO          736    .text               mf_p.l(ffixui.o)
    0x000012be   0x000012be   0x00000038   Code   RO          737    .text               mf_p.l(d2f.o)
    0x000012f6   0x000012f6   0x00000002   PAD
    0x000012f8   0x000012f8   0x00000014   Code   RO          738    .text               mf_p.l(cfcmple.o)
    0x0000130c   0x0000130c   0x00000014   Code   RO          739    .text               mf_p.l(cfrcmple.o)
    0x00001320   0x00001320   0x0000002a   Code   RO          781    .text               mc_p.l(fputc_fp.o)
    0x0000134a   0x0000134a   0x00000060   Code   RO          782    .text               mc_p.l(uldiv.o)
    0x000013aa   0x000013aa   0x00000020   Code   RO          783    .text               mc_p.l(llshl.o)
    0x000013ca   0x000013ca   0x00000026   Code   RO          784    .text               mc_p.l(llsshr.o)
    0x000013f0   0x000013f0   0x0000001e   Code   RO          799    .text               mc_p.l(_chval.o)
    0x0000140e   0x0000140e   0x00000002   PAD
    0x00001410   0x00001410   0x0000002c   Code   RO          800    .text               mc_p.l(scanf_char.o)
    0x0000143c   0x0000143c   0x00000044   Code   RO          801    .text               mc_p.l(_sgetc.o)
    0x00001480   0x00001480   0x00000000   Code   RO          802    .text               mc_p.l(iusefp.o)
    0x00001480   0x00001480   0x00000008   Code   RO          804    .text               mc_p.l(cpp_dtor.o)
    0x00001488   0x00001488   0x00000014   Code   RO          806    .text               mc_p.l(cpp_memory.o)
    0x0000149c   0x0000149c   0x00000042   Code   RO          809    .text               mc_p.l(cxa_finalize.o)
    0x000014de   0x000014de   0x00000082   Code   RO          810    .text               mf_p.l(fepilogue.o)
    0x00001560   0x00001560   0x000000be   Code   RO          811    .text               mf_p.l(depilogue.o)
    0x0000161e   0x0000161e   0x00000002   PAD
    0x00001620   0x00001620   0x00000040   Code   RO          813    .text               mf_p.l(dfixul.o)
    0x00001660   0x00001660   0x00000028   Code   RO          814    .text               mf_p.l(cdrcmple.o)
    0x00001688   0x00001688   0x0000001c   Code   RO          827    .text               cpprt_p.l(arm_exceptions_terminate.o)
    0x000016a4   0x000016a4   0x00000054   Code   RO          832    .text               cpprt_p.l(arm_exceptions_globs.o)
    0x000016f8   0x000016f8   0x00000024   Code   RO          836    .text               mc_p.l(init.o)
    0x0000171c   0x0000171c   0x00000022   Code   RO          837    .text               mc_p.l(llushr.o)
    0x0000173e   0x0000173e   0x0000000e   Code   RO          838    .text               mc_p.l(isspace_c.o)
    0x0000174c   0x0000174c   0x00000338   Code   RO          841    .text               mc_p.l(_scanf.o)
    0x00001a84   0x00001a84   0x00000002   Code   RO          843    .text               mc_p.l(cpp_final.o)
    0x00001a86   0x00001a86   0x00000042   Code   RO          846    .text               cpprt_p.l(arm_exceptions_mem.o)
    0x00001ac8   0x00001ac8   0x00000024   Code   RO          852    .text               mc_p.l(ctype_c.o)
    0x00001aec   0x00001aec   0x00000010   Code   RO           65    i.$Sub$$main        retarget.o
    0x00001afc   0x00001afc   0x00000048   Code   RO          159    i.NVIC_SetVector    cmsis_nvic.o
    0x00001b44   0x00001b44   0x00000060   Code   RO          164    i.SystemInit        system_LPC11xx.o
    0x00001ba4   0x00001ba4   0x00000026   Code   RO           20    i._ZN3QEID1Ev       main.o
    0x00001bca   0x00001bca   0x0000001c   Code   RO           39    i._ZN4mbed10DigitalOutC1E7PinName  motor.o
    0x00001be6   0x00001be6   0x00000016   Code   RO           32    i._ZN4mbed10DigitalOutaSEi  softwarepwm.o
    0x00001bfc   0x00001bfc   0x00000006   Code   RO          375    i._ZN4mbed10TimerEvent3irqEj  mbed.ar(TimerEvent.o)
    0x00001c02   0x00001c02   0x0000000c   Code   RO          376    i._ZN4mbed10TimerEvent6insertEj  mbed.ar(TimerEvent.o)
    0x00001c0e   0x00001c0e   0x0000000a   Code   RO          377    i._ZN4mbed10TimerEvent6removeEv  mbed.ar(TimerEvent.o)
    0x00001c18   0x00001c18   0x00000024   Code   RO          378    i._ZN4mbed10TimerEventC2Ev  mbed.ar(TimerEvent.o)
    0x00001c3c   0x00001c3c   0x00000018   Code   RO          380    i._ZN4mbed10TimerEventD2Ev  mbed.ar(TimerEvent.o)
    0x00001c54   0x00001c54   0x0000001a   Code   RO          320    i._ZN4mbed11InterruptIn12_irq_handlerEj14gpio_irq_event  mbed.ar(InterruptIn.o)
    0x00001c6e   0x00001c6e   0x00000002   PAD
    0x00001c70   0x00001c70   0x0000002c   Code   RO          323    i._ZN4mbed11InterruptIn4readEv  mbed.ar(InterruptIn.o)
    0x00001c9c   0x00001c9c   0x0000004c   Code   RO          325    i._ZN4mbed11InterruptInC1E7PinName  mbed.ar(InterruptIn.o)
    0x00001ce8   0x00001ce8   0x00000018   Code   RO          327    i._ZN4mbed11InterruptInD1Ev  mbed.ar(InterruptIn.o)
    0x00001d00   0x00001d00   0x0000001a   Code   RO          251    i._ZN4mbed15FunctionPointer4callEv  mbed.ar(FunctionPointer.o)
    0x00001d1a   0x00001d1a   0x00000008   Code   RO          252    i._ZN4mbed15FunctionPointer6attachEPFvvE  mbed.ar(FunctionPointer.o)
    0x00001d22   0x00001d22   0x0000000a   Code   RO          253    i._ZN4mbed15FunctionPointerC1EPFvvE  mbed.ar(FunctionPointer.o)
    0x00001d2c   0x00001d2c   0x00000020   Code   RO          230    i._ZN4mbed5BusIn4modeE7PinMode  mbed.ar(BusIn.o)
    0x00001d4c   0x00001d4c   0x000000a0   Code   RO          232    i._ZN4mbed5BusInC1E7PinNameS1_S1_S1_S1_S1_S1_S1_S1_S1_S1_S1_S1_S1_S1_S1_  mbed.ar(BusIn.o)
    0x00001dec   0x00001dec   0x00000028   Code   RO          235    i._ZN4mbed5BusInD1Ev  mbed.ar(BusIn.o)
    0x00001e14   0x00001e14   0x00000044   Code   RO          236    i._ZN4mbed5BusIncviEv  mbed.ar(BusIn.o)
    0x00001e58   0x00001e58   0x000000a0   Code   RO          205    i._ZN4mbed6BusOutC1E7PinNameS1_S1_S1_S1_S1_S1_S1_S1_S1_S1_S1_S1_S1_S1_S1_  mbed.ar(BusOut.o)
    0x00001ef8   0x00001ef8   0x00000028   Code   RO          208    i._ZN4mbed6BusOutD1Ev  mbed.ar(BusOut.o)
    0x00001f20   0x00001f20   0x0000001c   Code   RO          345    i._ZN4mbed6Ticker5setupEj  mbed.ar(Ticker.o)
    0x00001f3c   0x00001f3c   0x00000014   Code   RO          346    i._ZN4mbed6Ticker6detachEv  mbed.ar(Ticker.o)
    0x00001f50   0x00001f50   0x0000001a   Code   RO          347    i._ZN4mbed6Ticker7handlerEv  mbed.ar(Ticker.o)
    0x00001f6a   0x00001f6a   0x00000002   PAD
    0x00001f6c   0x00001f6c   0x00000028   Code   RO           10    i._ZN4mbed6TickerC1Ev  main.o
    0x00001f94   0x00001f94   0x00000024   Code   RO          354    i._ZN4mbed6TickerD1Ev  mbed.ar(Ticker.o)
    0x00001fb8   0x00001fb8   0x0000000a   Code   RO          360    i._ZN4mbed7Timeout7handlerEv  mbed.ar(Timeout.o)
    0x00001fc2   0x00001fc2   0x00000004   Code   RO          426    i._ZN4mbed8FileBase11getPathTypeEv  mbed.ar(FileBase.o)
    0x00001fc6   0x00001fc6   0x00000002   PAD
    0x00001fc8   0x00001fc8   0x0000003c   Code   RO          428    i._ZN4mbed8FileBase6lookupEPKcj  mbed.ar(FileBase.o)
    0x00002004   0x00002004   0x0000001a   Code   RO          259    i._ZN4mbed8FilePath10fileSystemEv  mbed.ar(FilePath.o)
    0x0000201e   0x0000201e   0x00000020   Code   RO          261    i._ZN4mbed8FilePath4fileEv  mbed.ar(FilePath.o)
    0x0000203e   0x0000203e   0x0000000a   Code   RO          262    i._ZN4mbed8FilePath6existsEv  mbed.ar(FilePath.o)
    0x00002048   0x00002048   0x00000018   Code   RO          263    i._ZN4mbed8FilePath6isFileEv  mbed.ar(FilePath.o)
    0x00002060   0x00002060   0x00000004   Code   RO          264    i._ZN4mbed8FilePath8fileNameEv  mbed.ar(FilePath.o)
    0x00002064   0x00002064   0x00000044   Code   RO          265    i._ZN4mbed8FilePathC1EPKc  mbed.ar(FilePath.o)
    0x000020a8   0x000020a8   0x00000022   Code   RO           18    i._ZN5MotorD1Ev     main.o
    0x000020ca   0x000020ca   0x0000001a   Code   RO           14    i._ZN5MotoraSERS_   main.o
    0x000020e4   0x000020e4   0x00000012   Code   RO           12    i._ZN5MotoraSEf     main.o
    0x000020f6   0x000020f6   0x00000008   Code   RO          462    i._ZdlPv            cpprt_p.l(delete.o)
    0x000020fe   0x000020fe   0x00000002   PAD
    0x00002100   0x00002100   0x00000028   Code   RO          464    i._Znwj             cpprt_p.l(new.o)
    0x00002128   0x00002128   0x0000001c   Code   RO          706    i.__0fprintf        mc_p.l(printfa.o)
    0x00002144   0x00002144   0x00000018   Code   RO          710    i.__0vfprintf       mc_p.l(printfa.o)
    0x0000215c   0x0000215c   0x0000002e   Code   RO          812    i.__ARM_clz         mf_p.l(depilogue.o)
    0x0000218a   0x0000218a   0x0000000a   Code   RO          467    i.__cxa_pure_virtual  cpprt_p.l(pure_virt.o)
    0x00002194   0x00002194   0x0000000e   Code   RO          857    i.__scatterload_copy  mc_p.l(handlers.o)
    0x000021a2   0x000021a2   0x00000002   Code   RO          858    i.__scatterload_null  mc_p.l(handlers.o)
    0x000021a4   0x000021a4   0x0000000e   Code   RO          859    i.__scatterload_zeroinit  mc_p.l(handlers.o)
    0x000021b2   0x000021b2   0x00000018   Code   RO          574    i._fflush$full      mc_p.l(fflush_f.o)
    0x000021ca   0x000021ca   0x00000002   PAD
    0x000021cc   0x000021cc   0x00000174   Code   RO          714    i._fp_digits        mc_p.l(printfa.o)
    0x00002340   0x00002340   0x000006ec   Code   RO          715    i._printf_core      mc_p.l(printfa.o)
    0x00002a2c   0x00002a2c   0x00000020   Code   RO          716    i._printf_post_padding  mc_p.l(printfa.o)
    0x00002a4c   0x00002a4c   0x0000002c   Code   RO          717    i._printf_pre_padding  mc_p.l(printfa.o)
    0x00002a78   0x00002a78   0x000000e4   Code   RO           76    i._sys_open         retarget.o
    0x00002b5c   0x00002b5c   0x00000028   Code   RO           78    i._sys_seek         retarget.o
    0x00002b84   0x00002b84   0x00000068   Code   RO           79    i._sys_write        retarget.o
    0x00002bec   0x00002bec   0x00000018   Code   RO          461    i.error             mbed.ar(error.o)
    0x00002c04   0x00002c04   0x00000020   Code   RO           81    i.exit              retarget.o
    0x00002c24   0x00002c24   0x00000054   Code   RO          785    i.free              mc_p.l(malloc.o)
    0x00002c78   0x00002c78   0x0000005c   Code   RO          405    i.gpio_dir          mbed.ar(gpio_api.o)
    0x00002cd4   0x00002cd4   0x00000070   Code   RO          406    i.gpio_init         mbed.ar(gpio_api.o)
    0x00002d44   0x00002d44   0x00000022   Code   RO          394    i.gpio_init_in      mbed.ar(gpio.o)
    0x00002d66   0x00002d66   0x00000002   PAD
    0x00002d68   0x00002d68   0x0000004c   Code   RO          397    i.gpio_init_out     mbed.ar(gpio.o)
    0x00002db4   0x00002db4   0x0000000a   Code   RO          170    i.gpio_irq0         mbed.ar(gpio_irq_api.o)
    0x00002dbe   0x00002dbe   0x0000000a   Code   RO          171    i.gpio_irq1         mbed.ar(gpio_irq_api.o)
    0x00002dc8   0x00002dc8   0x0000000a   Code   RO          172    i.gpio_irq2         mbed.ar(gpio_irq_api.o)
    0x00002dd2   0x00002dd2   0x0000000a   Code   RO          173    i.gpio_irq3         mbed.ar(gpio_irq_api.o)
    0x00002ddc   0x00002ddc   0x00000010   Code   RO          176    i.gpio_irq_free     mbed.ar(gpio_irq_api.o)
    0x00002dec   0x00002dec   0x00000098   Code   RO          177    i.gpio_irq_init     mbed.ar(gpio_irq_api.o)
    0x00002e84   0x00002e84   0x00000076   Code   RO          178    i.gpio_irq_set      mbed.ar(gpio_irq_api.o)
    0x00002efa   0x00002efa   0x0000000e   Code   RO          407    i.gpio_mode         mbed.ar(gpio_api.o)
    0x00002f08   0x00002f08   0x000000a8   Code   RO          179    i.handle_interrupt_in  mbed.ar(gpio_irq_api.o)
    0x00002fb0   0x00002fb0   0x0000006c   Code   RO          786    i.malloc            mc_p.l(malloc.o)
    0x0000301c   0x0000301c   0x00000050   Code   RO          372    i.mbed_assert_internal  mbed.ar(assert.o)
    0x0000306c   0x0000306c   0x00000194   Code   RO          154    i.mbed_die          board.o
    0x00003200   0x00003200   0x00000002   Code   RO           82    i.mbed_main         retarget.o
    0x00003202   0x00003202   0x00000002   Code   RO           83    i.mbed_sdk_init     retarget.o
    0x00003204   0x00003204   0x00000048   Code   RO          413    i.pin_function      mbed.ar(pinmap.o)
    0x0000324c   0x0000324c   0x00000054   Code   RO          414    i.pin_mode          mbed.ar(pinmap.o)
    0x000032a0   0x000032a0   0x00000034   Code   RO          448    i.pinmap_merge      mbed.ar(pinmap_common.o)
    0x000032d4   0x000032d4   0x0000005c   Code   RO          449    i.pinmap_peripheral  mbed.ar(pinmap_common.o)
    0x00003330   0x00003330   0x00000050   Code   RO          450    i.pinmap_pinout     mbed.ar(pinmap_common.o)
    0x00003380   0x00003380   0x00000118   Code   RO          184    i.serial_baud       mbed.ar(serial_api.o)
    0x00003498   0x00003498   0x000000e4   Code   RO          188    i.serial_format     mbed.ar(serial_api.o)
    0x0000357c   0x0000357c   0x000000d4   Code   RO          191    i.serial_init       mbed.ar(serial_api.o)
    0x00003650   0x00003650   0x0000000e   Code   RO          195    i.serial_putc       mbed.ar(serial_api.o)
    0x0000365e   0x0000365e   0x00000002   PAD
    0x00003660   0x00003660   0x0000000c   Code   RO          418    i.us_ticker_clear_interrupt  mbed.ar(us_ticker.o)
    0x0000366c   0x0000366c   0x00000010   Code   RO          419    i.us_ticker_disable_interrupt  mbed.ar(us_ticker.o)
    0x0000367c   0x0000367c   0x0000005c   Code   RO          420    i.us_ticker_init    mbed.ar(us_ticker.o)
    0x000036d8   0x000036d8   0x0000003c   Code   RO          454    i.us_ticker_insert_event  mbed.ar(us_ticker_api.o)
    0x00003714   0x00003714   0x00000040   Code   RO          455    i.us_ticker_irq_handler  mbed.ar(us_ticker_api.o)
    0x00003754   0x00003754   0x0000005c   Code   RO          421    i.us_ticker_read    mbed.ar(us_ticker.o)
    0x000037b0   0x000037b0   0x00000040   Code   RO          456    i.us_ticker_remove_event  mbed.ar(us_ticker_api.o)
    0x000037f0   0x000037f0   0x00000014   Code   RO          457    i.us_ticker_set_handler  mbed.ar(us_ticker_api.o)
    0x00003804   0x00003804   0x00000014   Code   RO          422    i.us_ticker_set_interrupt  mbed.ar(us_ticker.o)
    0x00003818   0x00003818   0x00000024   Code   RO          400    i.wait              mbed.ar(wait_api.o)
    0x0000383c   0x0000383c   0x0000001c   Code   RO          401    i.wait_ms           mbed.ar(wait_api.o)
    0x00003858   0x00003858   0x00000022   Code   RO           56    t._ZN4mbed11InterruptIn4fallI3QEIEEvPT_MS3_FvvE  qei.o
    0x0000387a   0x0000387a   0x00000022   Code   RO           54    t._ZN4mbed11InterruptIn4riseI3QEIEEvPT_MS3_FvvE  qei.o
    0x0000389c   0x0000389c   0x00000050   Code   RO           30    t._ZN4mbed15FunctionPointer12membercallerI11SoftwarePWMEEvPvPc  softwarepwm.o
    0x000038ec   0x000038ec   0x00000050   Code   RO           52    t._ZN4mbed15FunctionPointer12membercallerI3QEIEEvPvPc  qei.o
    0x0000393c   0x0000393c   0x0000001c   Code   RO           50    t._ZN4mbed15FunctionPointer6attachI3QEIEEvPT_MS3_FvvE  qei.o
    0x00003958   0x00003958   0x0000003c   Code   RO           28    t._ZN4mbed6Ticker9attach_usI11SoftwarePWMEEvPT_MS3_FvvEj  softwarepwm.o
    0x00003994   0x00003994   0x00003b4c   Data   RO            6    .constdata          main.o
    0x000074e0   0x000074e0   0x00000010   Data   RO           26    .constdata          softwarepwm.o
    0x000074f0   0x000074f0   0x00000018   Data   RO           49    .constdata          qei.o
    0x00007508   0x00007508   0x00000086   Data   RO          155    .constdata          board.o
    0x0000758e   0x0000758e   0x00000002   PAD
    0x00007590   0x00007590   0x0000016c   Data   RO          199    .constdata          mbed.ar(serial_api.o)
    0x000076fc   0x000076fc   0x000000d0   Data   RO          246    .constdata          mbed.ar(BusIn.o)
    0x000077cc   0x000077cc   0x00000086   Data   RO          340    .constdata          mbed.ar(InterruptIn.o)
    0x00007852   0x00007852   0x00000002   PAD
    0x00007854   0x00007854   0x00000086   Data   RO          399    .constdata          mbed.ar(gpio.o)
    0x000078da   0x000078da   0x00000002   PAD
    0x000078dc   0x000078dc   0x00000080   Data   RO          410    .constdata          mbed.ar(gpio_api.o)
    0x0000795c   0x0000795c   0x0000006c   Data   RO          415    .constdata          mbed.ar(pinmap.o)
    0x000079c8   0x000079c8   0x00000040   Data   RO          853    .constdata          mc_p.l(ctype_c.o)
    0x00007a08   0x00007a08   0x00000014   Data   RO          389    .constdata__ZTVN4mbed10TimerEventE  mbed.ar(TimerEvent.o)
    0x00007a1c   0x00007a1c   0x00000010   Data   RO          342    .constdata__ZTVN4mbed11InterruptInE  mbed.ar(InterruptIn.o)
    0x00007a2c   0x00007a2c   0x00000010   Data   RO          248    .constdata__ZTVN4mbed5BusInE  mbed.ar(BusIn.o)
    0x00007a3c   0x00007a3c   0x00000010   Data   RO          225    .constdata__ZTVN4mbed6BusOutE  mbed.ar(BusOut.o)
    0x00007a4c   0x00007a4c   0x00000014   Data   RO          352    .constdata__ZTVN4mbed6TickerE  mbed.ar(Ticker.o)
    0x00007a60   0x00007a60   0x00000014   Data   RO          363    .constdata__ZTVN4mbed7TimeoutE  mbed.ar(Timeout.o)
    0x00007a74   0x00007a74   0x00000042   Data   RO           27    .conststring        softwarepwm.o
    0x00007ab6   0x00007ab6   0x00000002   PAD
    0x00007ab8   0x00007ab8   0x00000020   Data   RO          856    Region$$Table       anon$$obj.o
    0x00007ad8   0x00007ad8   0x00000004   Data   RO            8    .init_array         main.o
    0x00007adc   0x00007ad8   0x00000000   Data   RO          724    .init_array         mc_p.l(cpp_init.o)


    Execution Region RW_IRAM1 (Exec base: 0x100000c0, Load base: 0x00007adc, Size: 0x00000670, Max: 0x00000f40, ABSOLUTE)

    Exec Addr    Load Addr    Size         Type   Attr      Idx    E Section Name        Object

    0x100000c0   0x00007adc   0x00000058   Data   RW            7    .data               main.o
    0x10000118   0x00007b34   0x00000004   Data   RW          127    .data               retarget.o
    0x1000011c   0x00007b38   0x00000004   Data   RW          160    .data               cmsis_nvic.o
    0x10000120   0x00007b3c   0x00000004   Data   RW          165    .data               system_LPC11xx.o
    0x10000124   0x00007b40   0x00000004   Data   RW          181    .data               mbed.ar(gpio_irq_api.o)
    0x10000128   0x00007b44   0x00000014   Data   RW          200    .data               mbed.ar(serial_api.o)
    0x1000013c   0x00007b58   0x00000004   Data   RW          423    .data               mbed.ar(us_ticker.o)
    0x10000140   0x00007b5c   0x00000004   Data   RW          440    .data               mbed.ar(FileBase.o)
    0x10000144   0x00007b60   0x00000008   Data   RW          458    .data               mbed.ar(us_ticker_api.o)
    0x1000014c   0x00007b68   0x00000004   Data   RW          805    .data               mc_p.l(cpp_dtor.o)
    0x10000150   0x00007b6c   0x0000000c   Data   RW          807    .data               mc_p.l(cpp_memory.o)
    0x1000015c   0x00007b78   0x00000004   Data   RW          839    .data               mc_p.l(mvars.o)
    0x10000160   0x00007b7c   0x00000004   Data   RW          840    .data               mc_p.l(mvars.o)
    0x10000164        -       0x000004b8   Zero   RW            5    .bss                main.o
    0x1000061c        -       0x00000040   Zero   RW          123    .bss                retarget.o
    0x1000065c        -       0x000000a8   Zero   RW          180    .bss                mbed.ar(gpio_irq_api.o)
    0x10000704        -       0x00000014   Zero   RW          580    .bss                mc_p.l(stdout_f.o)
    0x10000718        -       0x00000014   Zero   RW          581    .bss                mc_p.l(stderr_f.o)
    0x1000072c   0x00007b80   0x00000004   PAD
    0x10000730        -       0x00000000   Zero   RW           59    HEAP                startup_LPC11xx.o


==============================================================================

Image component sizes


      Code (inc. data)   RO Data    RW Data    ZI Data      Debug   Object Name

       404          8        134          0          0          0   board.o
        72         10          0          4          0          0   cmsis_nvic.o
      1436        232      15184         88       1208          0   main.o
       428         42          0          0          0          0   motor.o
       688         20         24          0          0          0   qei.o
       424         50          0          4         64          0   retarget.o
       454         46         82          0          0          0   softwarepwm.o
        32         12        512          0          0          0   startup_LPC11xx.o
        96         18          0          4          0          0   system_LPC11xx.o

    ----------------------------------------------------------------------
      4034        438      15972        100       1272          0   Object Totals
         0          0         32          0          0          0   (incl. Generated)
         0          0          4          0          0          0   (incl. Padding)

    ----------------------------------------------------------------------

      Code (inc. data)   RO Data    RW Data    ZI Data      Debug   Library Member Name

        84         12          0          0          0          0   arm_exceptions_globs.o
        66          0          0          0          0          0   arm_exceptions_mem.o
        28          0          0          0          0          0   arm_exceptions_terminate.o
         8          0          0          0          0          0   arm_newhandler_noexceptions.o
         8          0          0          0          0          0   delete.o
        40          4          0          0          0          0   new.o
        10          0          0          0          0          0   pure_virt.o
       300         20        224          0          0          0   BusIn.o
       200         12         16          0          0          0   BusOut.o
        64          4          0          4          0          0   FileBase.o
       164          0          0          0          0          0   FilePath.o
        44          0          0          0          0          0   FunctionPointer.o
       170         24        150          0          0          0   InterruptIn.o
       110          4         20          0          0          0   Ticker.o
        10          0         20          0          0          0   Timeout.o
        88         16         20          0          0          0   TimerEvent.o
        80         58          0          0          0          0   assert.o
        24          4          0          0          0          0   error.o
       110          8        134          0          0          0   gpio.o
       218         46        128          0          0          0   gpio_api.o
       494         62          0          4        168          0   gpio_irq_api.o
       156         58        108          0          0          0   pinmap.o
       224         74          0          0          0          0   pinmap_common.o
       734        142        364         20          0          0   serial_api.o
       232         70          0          4          0          0   us_ticker.o
       208         22          0          8          0          0   us_ticker_api.o
        64          4          0          0          0          0   wait_api.o
        60         10          0          0          0          0   __0sscanf.o
        30          0          0          0          0          0   _chval.o
       824         12          0          0          0          0   _scanf.o
       330          0          0          0          0          0   _scanf_int.o
        68          0          0          0          0          0   _sgetc.o
        42          0          0          0          0          0   aeabi_atexit.o
         8          4          0          4          0          0   cpp_dtor.o
         2          0          0          0          0          0   cpp_final.o
        32         10          0          0          0          0   cpp_init.o
        20          4          0         12          0          0   cpp_memory.o
        36          4         64          0          0          0   ctype_c.o
        66          0          0          0          0          0   cxa_finalize.o
         0          0          0          0          0          0   entry.o
         0          0          0          0          0          0   entry10a.o
         4          0          0          0          0          0   entry10b.o
         0          0          0          0          0          0   entry11a.o
         8          4          0          0          0          0   entry2.o
         4          0          0          0          0          0   entry5.o
         4          0          0          0          0          0   entry6b.o
         0          0          0          0          0          0   entry7b.o
         4          0          0          0          0          0   entry8a.o
         0          0          0          0          0          0   entry8b.o
         8          4          0          0          0          0   entry9a.o
        24          0          0          0          0          0   fflush_f.o
        42          0          0          0          0          0   fputc_fp.o
        30          0          0          0          0          0   handlers.o
        36          8          0          0          0          0   init.o
        32         12          0          0          0          0   initio_oe.o
        14          0          0          0          0          0   isspace_c.o
         0          0          0          0          0          0   iusefp.o
        32          0          0          0          0          0   llshl.o
        38          0          0          0          0          0   llsshr.o
        34          0          0          0          0          0   llushr.o
       192         20          0          0          0          0   malloc.o
        36          0          0          0          0          0   memcpya.o
         0          0          0          8          0          0   mvars.o
      2272         98          0          0          0          0   printfa.o
        44          8          0          0          0          0   scanf_char.o
         0          0          0          0         20          0   stderr_f.o
         0          0          0          0         20          0   stdout_f.o
        28          0          0          0          0          0   strcmp.o
        14          0          0          0          0          0   strlen.o
        30          0          0          0          0          0   strncmp.o
        44          0          0          0          0          0   uidiv.o
        96          0          0          0          0          0   uldiv.o
        40          2          0          0          0          0   cdrcmple.o
        20          0          0          0          0          0   cfcmple.o
        20          0          0          0          0          0   cfrcmple.o
        56          0          0          0          0          0   d2f.o
       356          4          0          0          0          0   dadd.o
       240          6          0          0          0          0   ddiv.o
       236          0          0          0          0          0   depilogue.o
        64         10          0          0          0          0   dfixul.o
        40          6          0          0          0          0   dflti.o
       208          6          0          0          0          0   dmul.o
       130          0          0          0          0          0   fepilogue.o
        50          0          0          0          0          0   ffixi.o
        40          0          0          0          0          0   ffixui.o
        22          0          0          0          0          0   fflti.o
       122          0          0          0          0          0   fmul.o

    ----------------------------------------------------------------------
     10194        876       1252         64        212          0   Library Totals
        24          0          4          0          4          0   (incl. Padding)

    ----------------------------------------------------------------------

      Code (inc. data)   RO Data    RW Data    ZI Data      Debug   Library Name

       244         16          0          0          0          0   cpprt_p.l
      3694        628       1184         40        168          0   mbed.ar
      4588        198         64         24         40          0   mc_p.l
      1644         34          0          0          0          0   mf_p.l

    ----------------------------------------------------------------------
     10194        876       1252         64        212          0   Library Totals

    ----------------------------------------------------------------------

==============================================================================


      Code (inc. data)   RO Data    RW Data    ZI Data      Debug   

     14228       1314      17224        164       1484          0   Grand Totals
     14228       1314      17224        164       1484          0   ELF Image Totals
     14228       1314      17224        164          0          0   ROM Totals

==============================================================================

    Total RO  Size (Code + RO Data)                31452 (  30.71kB)
    Total RW  Size (RW Data + ZI Data)              1648 (   1.61kB)
    Total ROM Size (Code + RO Data + RW Data)      31616 (  30.88kB)

==============================================================================

