Component: ARM Compiler 5.06 update 6 (build 750) Tool: armlink [4d35ed]

==============================================================================

Section Cross References

    main.o(.text) refers to dadd.o(.text) for __aeabi_dsub
    main.o(.text) refers to d2f.o(.text) for __aeabi_d2f
    main.o(.text) refers to wait_api.o(i.wait) for wait
    main.o(.text) refers to cdrcmple.o(.text) for __aeabi_cdrcmple
    main.o(.text) refers to cdcmple.o(.text) for __aeabi_cdcmple
    main.o(.text) refers to main.o(.data) for duty
    main.o(.ARM.exidx) refers to main.o(.text) for .text
    softwarepwm.o(.text) refers to gpio.o(i.gpio_init_out) for gpio_init_out
    softwarepwm.o(.text) refers to softwarepwm.o(i._ZN4mbed6TickerC1Ev) for mbed::Ticker::Ticker()
    softwarepwm.o(.text) refers to softwarepwm.o(t._ZN4mbed6Ticker9attach_usI11SoftwarePWMEEvPT_MS3_FvvEj) for void mbed::Ticker::attach_us<SoftwarePWM>(T1*, void(T1::*)(), unsigned)
    softwarepwm.o(.text) refers to Ticker.o(i._ZN4mbed6Ticker6detachEv) for mbed::Ticker::detach()
    softwarepwm.o(.text) refers to softwarepwm.o(i._ZN4mbed10DigitalOutaSEi) for mbed::DigitalOut::operator =(int)
    softwarepwm.o(.text) refers to assert.o(i.mbed_assert_internal) for mbed_assert_internal
    softwarepwm.o(.text) refers to Timeout.o(.constdata__ZTVN4mbed7TimeoutE) for vtable for mbed::Timeout
    softwarepwm.o(.text) refers to softwarepwm.o(.constdata) for <Data2>
    softwarepwm.o(.text) refers to softwarepwm.o(.conststring) for .conststring
    softwarepwm.o(.ARM.exidx) refers to softwarepwm.o(.text) for .text
    softwarepwm.o(.constdata) refers to softwarepwm.o(.text) for SoftwarePWM::EndPulse()
    motor.o(.text) refers to cfrcmple.o(.text) for __aeabi_cfrcmple
    motor.o(.text) refers to cfcmple.o(.text) for __aeabi_cfcmple
    motor.o(.text) refers to softwarepwm.o(i._ZN4mbed10DigitalOutaSEi) for mbed::DigitalOut::operator =(int)
    motor.o(.text) refers to fmul.o(.text) for __aeabi_fmul
    motor.o(.text) refers to ffixi.o(.text) for __aeabi_f2iz
    motor.o(.text) refers to softwarepwm.o(.text) for SoftwarePWM::SetPosition(int)
    motor.o(.text) refers to fflti.o(.text) for __aeabi_i2f
    motor.o(.text) refers to motor.o(i._ZN4mbed10DigitalOutC1E7PinName) for mbed::DigitalOut::DigitalOut(PinName)
    motor.o(.text) refers to assert.o(i.mbed_assert_internal) for mbed_assert_internal
    motor.o(.text) refers to motor.o(.conststring) for .conststring
    motor.o(.ARM.exidx) refers to motor.o(.text) for .text
    sound.o(.text) refers to cfcmple.o(.text) for __aeabi_cfcmpeq
    sound.o(.text) refers to fdiv.o(.text) for __aeabi_fdiv
    sound.o(.text) refers to ffixi.o(.text) for __aeabi_f2iz
    sound.o(.text) refers to softwarepwm.o(.text) for SoftwarePWM::Disable()
    sound.o(.ARM.exidx) refers to sound.o(.text) for .text
    qei.o(.text) refers to InterruptIn.o(i._ZN4mbed11InterruptInC1E7PinName) for mbed::InterruptIn::InterruptIn(PinName)
    qei.o(.text) refers to InterruptIn.o(i._ZN4mbed11InterruptIn4readEv) for mbed::InterruptIn::read()
    qei.o(.text) refers to qei.o(t._ZN4mbed11InterruptIn4riseI3QEIEEvPT_MS3_FvvE) for void mbed::InterruptIn::rise<QEI>(T1*, void(T1::*)())
    qei.o(.text) refers to qei.o(t._ZN4mbed11InterruptIn4fallI3QEIEEvPT_MS3_FvvE) for void mbed::InterruptIn::fall<QEI>(T1*, void(T1::*)())
    qei.o(.text) refers to qei.o(.constdata) for <Data1>
    qei.o(.ARM.exidx) refers to qei.o(.text) for .text
    qei.o(.constdata) refers to qei.o(.text) for QEI::encode()
    startup_LPC11xx.o(RESET) refers to startup_LPC11xx.o(.text) for Reset_Handler
    startup_LPC11xx.o(.text) refers to system_LPC11xx.o(i.SystemInit) for SystemInit
    startup_LPC11xx.o(.text) refers to entry.o(.ARM.Collect$$$$00000000) for __main
    retarget.o(.rev16_text) refers (Special) to entry6b.o(.ARM.Collect$$$$00000006) for __use_full_stdio
    retarget.o(.revsh_text) refers (Special) to entry6b.o(.ARM.Collect$$$$00000006) for __use_full_stdio
    retarget.o(i.$Sub$$main) refers (Special) to entry6b.o(.ARM.Collect$$$$00000006) for __use_full_stdio
    retarget.o(i.$Sub$$main) refers to retarget.o(i.mbed_sdk_init) for mbed_sdk_init
    retarget.o(i.$Sub$$main) refers to retarget.o(i.mbed_main) for mbed_main
    retarget.o(i.$Sub$$main) refers to main.o(.text) for $Super$$main
    retarget.o(i._ZN4mbed10FileHandleD0Ev) refers (Special) to entry6b.o(.ARM.Collect$$$$00000006) for __use_full_stdio
    retarget.o(i._ZN4mbed10FileHandleD0Ev) refers to delete.o(i._ZdlPv) for operator delete (void*)
    retarget.o(i._ZN4mbed10FileHandleD0Ev) refers to retarget.o(.constdata__ZTVN4mbed10FileHandleE) for vtable for mbed::FileHandle
    retarget.o(i._ZN4mbed10FileHandleD0Ev) refers to retarget.o(.bss) for .bss
    retarget.o(i._ZN4mbed10FileHandleD2Ev) refers (Special) to entry6b.o(.ARM.Collect$$$$00000006) for __use_full_stdio
    retarget.o(i._ZN4mbed10FileHandleD2Ev) refers to retarget.o(.constdata__ZTVN4mbed10FileHandleE) for vtable for mbed::FileHandle
[...]
    FileSystemLike.o(.constdata__ZTIN4mbed9DirHandleE) refers to FileSystemLike.o(.constdata__ZTSN4mbed9DirHandleE) for typeinfo name for mbed::DirHandle
    FileSystemLike.o(.ARM.exidx) refers to FileSystemLike.o(i._ZN4mbed13BaseDirHandle8closedirEv) for i._ZN4mbed13BaseDirHandle8closedirEv
    FileSystemLike.o(i._ZN4mbed13BaseDirHandle7readdirEv) refers to FileBase.o(i._ZN4mbed8FileBase3getEi) for mbed::FileBase::get(int)
    FileSystemLike.o(i._ZN4mbed13BaseDirHandle7readdirEv) refers to FileBase.o(i._ZN4mbed8FileBase7getNameEv) for mbed::FileBase::getName()
    FileSystemLike.o(i._ZN4mbed13BaseDirHandle7readdirEv) refers to strncpy.o(.text) for strncpy
    FileSystemLike.o(.ARM.exidx) refers to FileSystemLike.o(i._ZN4mbed13BaseDirHandle7readdirEv) for i._ZN4mbed13BaseDirHandle7readdirEv
    FileSystemLike.o(.ARM.exidx) refers to FileSystemLike.o(i._ZN4mbed13BaseDirHandle7telldirEv) for i._ZN4mbed13BaseDirHandle7telldirEv
    FileSystemLike.o(.ARM.exidx) refers to FileSystemLike.o(i._ZN4mbed13BaseDirHandle7seekdirEl) for i._ZN4mbed13BaseDirHandle7seekdirEl
    FileSystemLike.o(.ARM.exidx) refers to FileSystemLike.o(i._ZN4mbed13BaseDirHandle9rewinddirEv) for i._ZN4mbed13BaseDirHandle9rewinddirEv
    FileSystemLike.o(.ARM.exidx) refers to FileSystemLike.o(i._ZN4mbed13BaseDirHandleD1Ev) for i._ZN4mbed13BaseDirHandleD1Ev
    FileSystemLike.o(i._ZN4mbed13BaseDirHandleD0Ev) refers to delete.o(i._ZdlPv) for operator delete (void*)
    FileSystemLike.o(.ARM.exidx) refers to FileSystemLike.o(i._ZN4mbed13BaseDirHandleD0Ev) for i._ZN4mbed13BaseDirHandleD0Ev
    InterruptIn.o(.constdata__ZTVN4mbed11InterruptInE) refers to InterruptIn.o(.constdata__ZTIN4mbed11InterruptInE) for typeinfo for mbed::InterruptIn
    InterruptIn.o(.constdata__ZTVN4mbed11InterruptInE) refers to InterruptIn.o(i._ZN4mbed11InterruptInD1Ev) for mbed::InterruptIn::~InterruptIn()
    InterruptIn.o(.constdata__ZTVN4mbed11InterruptInE) refers to InterruptIn.o(i._ZN4mbed11InterruptInD0Ev) for mbed::InterruptIn::~InterruptIn__deallocating()
    InterruptIn.o(.constdata__ZTIN4mbed11InterruptInE) refers to lib_rtti_impl.o(.constdata__ZTVN10__cxxabiv117__class_type_infoE) for vtable for __cxxabiv1::__class_type_info
    InterruptIn.o(.constdata__ZTIN4mbed11InterruptInE) refers to InterruptIn.o(.constdata__ZTSN4mbed11InterruptInE) for typeinfo name for mbed::InterruptIn
    Ticker.o(.constdata__ZTVN4mbed6TickerE) refers to Ticker.o(.constdata__ZTIN4mbed6TickerE) for typeinfo for mbed::Ticker
    Ticker.o(.constdata__ZTVN4mbed6TickerE) refers to Ticker.o(i._ZN4mbed6TickerD1Ev) for mbed::Ticker::~Ticker()
    Ticker.o(.constdata__ZTVN4mbed6TickerE) refers to Ticker.o(i._ZN4mbed6TickerD0Ev) for mbed::Ticker::~Ticker__deallocating()
    Ticker.o(.constdata__ZTVN4mbed6TickerE) refers to Ticker.o(i._ZN4mbed6Ticker7handlerEv) for mbed::Ticker::handler()
    Ticker.o(i._ZN4mbed6TickerD1Ev) refers to TimerEvent.o(i._ZN4mbed10TimerEvent6removeEv) for mbed::TimerEvent::remove()
    Ticker.o(i._ZN4mbed6TickerD1Ev) refers to FunctionPointer.o(i._ZN4mbed15FunctionPointer6attachEPFvvE) for mbed::FunctionPointer::attach(void(*)())
    Ticker.o(i._ZN4mbed6TickerD1Ev) refers to TimerEvent.o(i._ZN4mbed10TimerEventD2Ev) for mbed::TimerEvent::~TimerEvent__sub_object()
    Ticker.o(i._ZN4mbed6TickerD1Ev) refers to Ticker.o(.constdata__ZTVN4mbed6TickerE) for vtable for mbed::Ticker
    Ticker.o(.ARM.exidx) refers to Ticker.o(i._ZN4mbed6TickerD1Ev) for i._ZN4mbed6TickerD1Ev
    Ticker.o(i._ZN4mbed6TickerD0Ev) refers to TimerEvent.o(i._ZN4mbed10TimerEvent6removeEv) for mbed::TimerEvent::remove()
    Ticker.o(i._ZN4mbed6TickerD0Ev) refers to FunctionPointer.o(i._ZN4mbed15FunctionPointer6attachEPFvvE) for mbed::FunctionPointer::attach(void(*)())
    Ticker.o(i._ZN4mbed6TickerD0Ev) refers to TimerEvent.o(i._ZN4mbed10TimerEventD2Ev) for mbed::TimerEvent::~TimerEvent__sub_object()
    Ticker.o(i._ZN4mbed6TickerD0Ev) refers to delete.o(i._ZdlPv) for operator delete (void*)
    Ticker.o(i._ZN4mbed6TickerD0Ev) refers to Ticker.o(.constdata__ZTVN4mbed6TickerE) for vtable for mbed::Ticker
    Ticker.o(.ARM.exidx) refers to Ticker.o(i._ZN4mbed6TickerD0Ev) for i._ZN4mbed6TickerD0Ev
    Ticker.o(.constdata__ZTIN4mbed6TickerE) refers to lib_rtti_impl.o(.constdata__ZTVN10__cxxabiv120__si_class_type_infoE) for vtable for __cxxabiv1::__si_class_type_info
    Ticker.o(.constdata__ZTIN4mbed6TickerE) refers to Ticker.o(.constdata__ZTSN4mbed6TickerE) for typeinfo name for mbed::Ticker
    Ticker.o(.constdata__ZTIN4mbed6TickerE) refers to TimerEvent.o(.constdata__ZTIN4mbed10TimerEventE) for typeinfo for mbed::TimerEvent
    Timeout.o(.constdata__ZTVN4mbed7TimeoutE) refers to Timeout.o(.constdata__ZTIN4mbed7TimeoutE) for typeinfo for mbed::Timeout
    Timeout.o(.constdata__ZTVN4mbed7TimeoutE) refers to Timeout.o(i._ZN4mbed7TimeoutD1Ev) for mbed::Timeout::~Timeout()
    Timeout.o(.constdata__ZTVN4mbed7TimeoutE) refers to Timeout.o(i._ZN4mbed7TimeoutD0Ev) for mbed::Timeout::~Timeout__deallocating()
    Timeout.o(.constdata__ZTVN4mbed7TimeoutE) refers to Timeout.o(i._ZN4mbed7Timeout7handlerEv) for mbed::Timeout::handler()
    Timeout.o(i._ZN4mbed7TimeoutD1Ev) refers to Ticker.o(i._ZN4mbed6Ticker6detachEv) for mbed::Ticker::detach()
    Timeout.o(i._ZN4mbed7TimeoutD1Ev) refers to TimerEvent.o(i._ZN4mbed10TimerEventD2Ev) for mbed::TimerEvent::~TimerEvent__sub_object()
    Timeout.o(i._ZN4mbed7TimeoutD1Ev) refers to Ticker.o(.constdata__ZTVN4mbed6TickerE) for vtable for mbed::Ticker
    Timeout.o(.ARM.exidx) refers to Timeout.o(i._ZN4mbed7TimeoutD1Ev) for i._ZN4mbed7TimeoutD1Ev
    Timeout.o(i._ZN4mbed7TimeoutD0Ev) refers to Ticker.o(i._ZN4mbed6Ticker6detachEv) for mbed::Ticker::detach()
    Timeout.o(i._ZN4mbed7TimeoutD0Ev) refers to TimerEvent.o(i._ZN4mbed10TimerEventD2Ev) for mbed::TimerEvent::~TimerEvent__sub_object()
    Timeout.o(i._ZN4mbed7TimeoutD0Ev) refers to delete.o(i._ZdlPv) for operator delete (void*)
    Timeout.o(i._ZN4mbed7TimeoutD0Ev) refers to Ticker.o(.constdata__ZTVN4mbed6TickerE) for vtable for mbed::Ticker
    Timeout.o(.ARM.exidx) refers to Timeout.o(i._ZN4mbed7TimeoutD0Ev) for i._ZN4mbed7TimeoutD0Ev
    Timeout.o(.constdata__ZTIN4mbed7TimeoutE) refers to lib_rtti_impl.o(.constdata__ZTVN10__cxxabiv120__si_class_type_infoE) for vtable for __cxxabiv1::__si_class_type_info
    Timeout.o(.constdata__ZTIN4mbed7TimeoutE) refers to Timeout.o(.constdata__ZTSN4mbed7TimeoutE) for typeinfo name for mbed::Timeout
    Timeout.o(.constdata__ZTIN4mbed7TimeoutE) refers to Ticker.o(.constdata__ZTIN4mbed6TickerE) for typeinfo for mbed::Ticker
    TimerEvent.o(.constdata__ZTVN4mbed10TimerEventE) refers to TimerEvent.o(.constdata__ZTIN4mbed10TimerEventE) for typeinfo for mbed::TimerEvent
    TimerEvent.o(.constdata__ZTVN4mbed10TimerEventE) refers to TimerEvent.o(i._ZN4mbed10TimerEventD2Ev) for mbed::TimerEvent::~TimerEvent__sub_object()
    TimerEvent.o(.constdata__ZTVN4mbed10TimerEventE) refers to TimerEvent.o(i._ZN4mbed10TimerEventD0Ev) for mbed::TimerEvent::~TimerEvent__deallocating()
    TimerEvent.o(.constdata__ZTVN4mbed10TimerEventE) refers to pure_virt.o(i.__cxa_pure_virtual) for __cxa_pure_virtual
    TimerEvent.o(.constdata__ZTIN4mbed10TimerEventE) refers to lib_rtti_impl.o(.constdata__ZTVN10__cxxabiv117__class_type_infoE) for vtable for __cxxabiv1::__class_type_info
    TimerEvent.o(.constdata__ZTIN4mbed10TimerEventE) refers to TimerEvent.o(.constdata__ZTSN4mbed10TimerEventE) for typeinfo name for mbed::TimerEvent
    FileBase.o(.constdata__ZTVN4mbed8FileBaseE) refers to FileBase.o(.constdata__ZTIN4mbed8FileBaseE) for typeinfo for mbed::FileBase
    FileBase.o(.constdata__ZTVN4mbed8FileBaseE) refers to FileBase.o(i._ZN4mbed8FileBaseD1Ev) for mbed::FileBase::~FileBase()
    FileBase.o(.constdata__ZTVN4mbed8FileBaseE) refers to FileBase.o(i._ZN4mbed8FileBaseD0Ev) for mbed::FileBase::~FileBase__deallocating()
    FileBase.o(.constdata__ZTIN4mbed8FileBaseE) refers to lib_rtti_impl.o(.constdata__ZTVN10__cxxabiv117__class_type_infoE) for vtable for __cxxabiv1::__class_type_info
    FileBase.o(.constdata__ZTIN4mbed8FileBaseE) refers to FileBase.o(.constdata__ZTSN4mbed8FileBaseE) for typeinfo name for mbed::FileBase
    lib_rtti_impl.o(.constdata__ZTVN10__cxxabiv123__fundamental_type_infoE) refers to lib_rtti_impl.o(.constdata__ZTIN10__cxxabiv123__fundamental_type_infoE) for typeinfo for __cxxabiv1::__fundamental_type_info
    lib_rtti_impl.o(.constdata__ZTVN10__cxxabiv123__fundamental_type_infoE) refers to lib_rtti_impl.o(i._ZN10__cxxabiv123__fundamental_type_infoD1Ev) for __cxxabiv1::__fundamental_type_info::~__fundamental_type_info()
    lib_rtti_impl.o(.constdata__ZTVN10__cxxabiv123__fundamental_type_infoE) refers to lib_rtti_impl.o(i._ZN10__cxxabiv123__fundamental_type_infoD0Ev) for __cxxabiv1::__fundamental_type_info::~__fundamental_type_info__deallocating()
    lib_rtti_impl.o(.constdata__ZTVN10__cxxabiv117__array_type_infoE) refers to lib_rtti_impl.o(.constdata__ZTIN10__cxxabiv117__array_type_infoE) for typeinfo for __cxxabiv1::__array_type_info
    lib_rtti_impl.o(.constdata__ZTVN10__cxxabiv117__array_type_infoE) refers to lib_rtti_impl.o(i._ZN10__cxxabiv117__array_type_infoD1Ev) for __cxxabiv1::__array_type_info::~__array_type_info()
    lib_rtti_impl.o(.constdata__ZTVN10__cxxabiv117__array_type_infoE) refers to lib_rtti_impl.o(i._ZN10__cxxabiv117__array_type_infoD0Ev) for __cxxabiv1::__array_type_info::~__array_type_info__deallocating()
    lib_rtti_impl.o(.constdata__ZTVN10__cxxabiv120__function_type_infoE) refers to lib_rtti_impl.o(.constdata__ZTIN10__cxxabiv120__function_type_infoE) for typeinfo for __cxxabiv1::__function_type_info
    lib_rtti_impl.o(.constdata__ZTVN10__cxxabiv120__function_type_infoE) refers to lib_rtti_impl.o(i._ZN10__cxxabiv120__function_type_infoD1Ev) for __cxxabiv1::__function_type_info::~__function_type_info()
    lib_rtti_impl.o(.constdata__ZTVN10__cxxabiv120__function_type_infoE) refers to lib_rtti_impl.o(i._ZN10__cxxabiv120__function_type_infoD0Ev) for __cxxabiv1::__function_type_info::~__function_type_info__deallocating()
    lib_rtti_impl.o(.constdata__ZTVN10__cxxabiv116__enum_type_infoE) refers to lib_rtti_impl.o(.constdata__ZTIN10__cxxabiv116__enum_type_infoE) for typeinfo for __cxxabiv1::__enum_type_info
    lib_rtti_impl.o(.constdata__ZTVN10__cxxabiv116__enum_type_infoE) refers to lib_rtti_impl.o(i._ZN10__cxxabiv116__enum_type_infoD1Ev) for __cxxabiv1::__enum_type_info::~__enum_type_info()
    lib_rtti_impl.o(.constdata__ZTVN10__cxxabiv116__enum_type_infoE) refers to lib_rtti_impl.o(i._ZN10__cxxabiv116__enum_type_infoD0Ev) for __cxxabiv1::__enum_type_info::~__enum_type_info__deallocating()
    lib_rtti_impl.o(.constdata__ZTVN10__cxxabiv117__class_type_infoE) refers to lib_rtti_impl.o(.constdata__ZTIN10__cxxabiv117__class_type_infoE) for typeinfo for __cxxabiv1::__class_type_info
    lib_rtti_impl.o(.constdata__ZTVN10__cxxabiv117__class_type_infoE) refers to lib_rtti_impl.o(i._ZN10__cxxabiv117__class_type_infoD1Ev) for __cxxabiv1::__class_type_info::~__class_type_info()
    lib_rtti_impl.o(.constdata__ZTVN10__cxxabiv117__class_type_infoE) refers to lib_rtti_impl.o(i._ZN10__cxxabiv117__class_type_infoD0Ev) for __cxxabiv1::__class_type_info::~__class_type_info__deallocating()
    lib_rtti_impl.o(.constdata__ZTVN10__cxxabiv120__si_class_type_infoE) refers to lib_rtti_impl.o(.constdata__ZTIN10__cxxabiv120__si_class_type_infoE) for typeinfo for __cxxabiv1::__si_class_type_info
    lib_rtti_impl.o(.constdata__ZTVN10__cxxabiv120__si_class_type_infoE) refers to lib_rtti_impl.o(i._ZN10__cxxabiv120__si_class_type_infoD1Ev) for __cxxabiv1::__si_class_type_info::~__si_class_type_info()
    lib_rtti_impl.o(.constdata__ZTVN10__cxxabiv120__si_class_type_infoE) refers to lib_rtti_impl.o(i._ZN10__cxxabiv120__si_class_type_infoD0Ev) for __cxxabiv1::__si_class_type_info::~__si_class_type_info__deallocating()
    lib_rtti_impl.o(.constdata__ZTVN10__cxxabiv121__vmi_class_type_infoE) refers to lib_rtti_impl.o(.constdata__ZTIN10__cxxabiv121__vmi_class_type_infoE) for typeinfo for __cxxabiv1::__vmi_class_type_info
    lib_rtti_impl.o(.constdata__ZTVN10__cxxabiv121__vmi_class_type_infoE) refers to lib_rtti_impl.o(i._ZN10__cxxabiv121__vmi_class_type_infoD1Ev) for __cxxabiv1::__vmi_class_type_info::~__vmi_class_type_info()
    lib_rtti_impl.o(.constdata__ZTVN10__cxxabiv121__vmi_class_type_infoE) refers to lib_rtti_impl.o(i._ZN10__cxxabiv121__vmi_class_type_infoD0Ev) for __cxxabiv1::__vmi_class_type_info::~__vmi_class_type_info__deallocating()
    lib_rtti_impl.o(.constdata__ZTVN10__cxxabiv117__pbase_type_infoE) refers to lib_rtti_impl.o(.constdata__ZTIN10__cxxabiv117__pbase_type_infoE) for typeinfo for __cxxabiv1::__pbase_type_info
    lib_rtti_impl.o(.constdata__ZTVN10__cxxabiv117__pbase_type_infoE) refers to lib_rtti_impl.o(i._ZN10__cxxabiv117__pbase_type_infoD1Ev) for __cxxabiv1::__pbase_type_info::~__pbase_type_info()
    lib_rtti_impl.o(.constdata__ZTVN10__cxxabiv117__pbase_type_infoE) refers to lib_rtti_impl.o(i._ZN10__cxxabiv117__pbase_type_infoD0Ev) for __cxxabiv1::__pbase_type_info::~__pbase_type_info__deallocating()
    lib_rtti_impl.o(.constdata__ZTVN10__cxxabiv119__pointer_type_infoE) refers to lib_rtti_impl.o(.constdata__ZTIN10__cxxabiv119__pointer_type_infoE) for typeinfo for __cxxabiv1::__pointer_type_info
    lib_rtti_impl.o(.constdata__ZTVN10__cxxabiv119__pointer_type_infoE) refers to lib_rtti_impl.o(i._ZN10__cxxabiv119__pointer_type_infoD1Ev) for __cxxabiv1::__pointer_type_info::~__pointer_type_info()
    lib_rtti_impl.o(.constdata__ZTVN10__cxxabiv119__pointer_type_infoE) refers to lib_rtti_impl.o(i._ZN10__cxxabiv119__pointer_type_infoD0Ev) for __cxxabiv1::__pointer_type_info::~__pointer_type_info__deallocating()
    lib_rtti_impl.o(.constdata__ZTVN10__cxxabiv129__pointer_to_member_type_infoE) refers to lib_rtti_impl.o(.constdata__ZTIN10__cxxabiv129__pointer_to_member_type_infoE) for typeinfo for __cxxabiv1::__pointer_to_member_type_info
    lib_rtti_impl.o(.constdata__ZTVN10__cxxabiv129__pointer_to_member_type_infoE) refers to lib_rtti_impl.o(i._ZN10__cxxabiv129__pointer_to_member_type_infoD1Ev) for __cxxabiv1::__pointer_to_member_type_info::~__pointer_to_member_type_info()
    lib_rtti_impl.o(.constdata__ZTVN10__cxxabiv129__pointer_to_member_type_infoE) refers to lib_rtti_impl.o(i._ZN10__cxxabiv129__pointer_to_member_type_infoD0Ev) for __cxxabiv1::__pointer_to_member_type_info::~__pointer_to_member_type_info__deallocating()
    lib_rtti_impl.o(.ARM.exidx) refers to lib_rtti_impl.o(i._ZNSt9type_infodlEPv) for i._ZNSt9type_infodlEPv
    lib_rtti_impl.o(.constdata__ZTIN10__cxxabiv123__fundamental_type_infoE) refers to lib_rtti_impl.o(.constdata__ZTVN10__cxxabiv120__si_class_type_infoE) for vtable for __cxxabiv1::__si_class_type_info
    lib_rtti_impl.o(.constdata__ZTIN10__cxxabiv123__fundamental_type_infoE) refers to lib_rtti_impl.o(.constdata__ZTSN10__cxxabiv123__fundamental_type_infoE) for typeinfo name for __cxxabiv1::__fundamental_type_info
    lib_rtti_impl.o(.constdata__ZTIN10__cxxabiv123__fundamental_type_infoE) refers to type_info_dtor.o(.constdata__ZTISt9type_info) for typeinfo for std::type_info
    lib_rtti_impl.o(.constdata__ZTIN10__cxxabiv117__array_type_infoE) refers to lib_rtti_impl.o(.constdata__ZTVN10__cxxabiv120__si_class_type_infoE) for vtable for __cxxabiv1::__si_class_type_info
    lib_rtti_impl.o(.constdata__ZTIN10__cxxabiv117__array_type_infoE) refers to lib_rtti_impl.o(.constdata__ZTSN10__cxxabiv117__array_type_infoE) for typeinfo name for __cxxabiv1::__array_type_info
    lib_rtti_impl.o(.constdata__ZTIN10__cxxabiv117__array_type_infoE) refers to type_info_dtor.o(.constdata__ZTISt9type_info) for typeinfo for std::type_info
    lib_rtti_impl.o(.constdata__ZTIN10__cxxabiv120__function_type_infoE) refers to lib_rtti_impl.o(.constdata__ZTVN10__cxxabiv120__si_class_type_infoE) for vtable for __cxxabiv1::__si_class_type_info
    lib_rtti_impl.o(.constdata__ZTIN10__cxxabiv120__function_type_infoE) refers to lib_rtti_impl.o(.constdata__ZTSN10__cxxabiv120__function_type_infoE) for typeinfo name for __cxxabiv1::__function_type_info
    lib_rtti_impl.o(.constdata__ZTIN10__cxxabiv120__function_type_infoE) refers to type_info_dtor.o(.constdata__ZTISt9type_info) for typeinfo for std::type_info
    lib_rtti_impl.o(.constdata__ZTIN10__cxxabiv116__enum_type_infoE) refers to lib_rtti_impl.o(.constdata__ZTVN10__cxxabiv120__si_class_type_infoE) for vtable for __cxxabiv1::__si_class_type_info
    lib_rtti_impl.o(.constdata__ZTIN10__cxxabiv116__enum_type_infoE) refers to lib_rtti_impl.o(.constdata__ZTSN10__cxxabiv116__enum_type_infoE) for typeinfo name for __cxxabiv1::__enum_type_info
    lib_rtti_impl.o(.constdata__ZTIN10__cxxabiv116__enum_type_infoE) refers to type_info_dtor.o(.constdata__ZTISt9type_info) for typeinfo for std::type_info
    lib_rtti_impl.o(.constdata__ZTIN10__cxxabiv117__class_type_infoE) refers to lib_rtti_impl.o(.constdata__ZTVN10__cxxabiv120__si_class_type_infoE) for vtable for __cxxabiv1::__si_class_type_info
    lib_rtti_impl.o(.constdata__ZTIN10__cxxabiv117__class_type_infoE) refers to lib_rtti_impl.o(.constdata__ZTSN10__cxxabiv117__class_type_infoE) for typeinfo name for __cxxabiv1::__class_type_info
    lib_rtti_impl.o(.constdata__ZTIN10__cxxabiv117__class_type_infoE) refers to type_info_dtor.o(.constdata__ZTISt9type_info) for typeinfo for std::type_info
    lib_rtti_impl.o(.constdata__ZTIN10__cxxabiv120__si_class_type_infoE) refers to lib_rtti_impl.o(.constdata__ZTVN10__cxxabiv120__si_class_type_infoE) for vtable for __cxxabiv1::__si_class_type_info
    lib_rtti_impl.o(.constdata__ZTIN10__cxxabiv120__si_class_type_infoE) refers to lib_rtti_impl.o(.constdata__ZTSN10__cxxabiv120__si_class_type_infoE) for typeinfo name for __cxxabiv1::__si_class_type_info
    lib_rtti_impl.o(.constdata__ZTIN10__cxxabiv120__si_class_type_infoE) refers to lib_rtti_impl.o(.constdata__ZTIN10__cxxabiv117__class_type_infoE) for typeinfo for __cxxabiv1::__class_type_info
    lib_rtti_impl.o(.constdata__ZTIN10__cxxabiv121__vmi_class_type_infoE) refers to lib_rtti_impl.o(.constdata__ZTVN10__cxxabiv120__si_class_type_infoE) for vtable for __cxxabiv1::__si_class_type_info
    lib_rtti_impl.o(.constdata__ZTIN10__cxxabiv121__vmi_class_type_infoE) refers to lib_rtti_impl.o(.constdata__ZTSN10__cxxabiv121__vmi_class_type_infoE) for typeinfo name for __cxxabiv1::__vmi_class_type_info
    lib_rtti_impl.o(.constdata__ZTIN10__cxxabiv121__vmi_class_type_infoE) refers to lib_rtti_impl.o(.constdata__ZTIN10__cxxabiv117__class_type_infoE) for typeinfo for __cxxabiv1::__class_type_info
    lib_rtti_impl.o(.constdata__ZTIN10__cxxabiv117__pbase_type_infoE) refers to lib_rtti_impl.o(.constdata__ZTVN10__cxxabiv120__si_class_type_infoE) for vtable for __cxxabiv1::__si_class_type_info
    lib_rtti_impl.o(.constdata__ZTIN10__cxxabiv117__pbase_type_infoE) refers to lib_rtti_impl.o(.constdata__ZTSN10__cxxabiv117__pbase_type_infoE) for typeinfo name for __cxxabiv1::__pbase_type_info
    lib_rtti_impl.o(.constdata__ZTIN10__cxxabiv117__pbase_type_infoE) refers to type_info_dtor.o(.constdata__ZTISt9type_info) for typeinfo for std::type_info
    lib_rtti_impl.o(.constdata__ZTIN10__cxxabiv119__pointer_type_infoE) refers to lib_rtti_impl.o(.constdata__ZTVN10__cxxabiv120__si_class_type_infoE) for vtable for __cxxabiv1::__si_class_type_info
    lib_rtti_impl.o(.constdata__ZTIN10__cxxabiv119__pointer_type_infoE) refers to lib_rtti_impl.o(.constdata__ZTSN10__cxxabiv119__pointer_type_infoE) for typeinfo name for __cxxabiv1::__pointer_type_info
    lib_rtti_impl.o(.constdata__ZTIN10__cxxabiv119__pointer_type_infoE) refers to lib_rtti_impl.o(.constdata__ZTIN10__cxxabiv117__pbase_type_infoE) for typeinfo for __cxxabiv1::__pbase_type_info
    lib_rtti_impl.o(.constdata__ZTIN10__cxxabiv129__pointer_to_member_type_infoE) refers to lib_rtti_impl.o(.constdata__ZTVN10__cxxabiv120__si_class_type_infoE) for vtable for __cxxabiv1::__si_class_type_info
    lib_rtti_impl.o(.constdata__ZTIN10__cxxabiv129__pointer_to_member_type_infoE) refers to lib_rtti_impl.o(.constdata__ZTSN10__cxxabiv129__pointer_to_member_type_infoE) for typeinfo name for __cxxabiv1::__pointer_to_member_type_info
    lib_rtti_impl.o(.constdata__ZTIN10__cxxabiv129__pointer_to_member_type_infoE) refers to lib_rtti_impl.o(.constdata__ZTIN10__cxxabiv117__pbase_type_infoE) for typeinfo for __cxxabiv1::__pbase_type_info
    lib_rtti_impl.o(i.__ARM_common_noexcept_landing) refers to arm_exceptions_callterm.o(.text) for __cxa_call_terminate
    lib_rtti_impl.o(.ARM.exidx) refers to lib_rtti_impl.o(i.__ARM_common_noexcept_landing) for i.__ARM_common_noexcept_landing
    bad_alloc_dtor.o(.constdata__ZTVSt9bad_alloc) refers to bad_alloc_dtor.o(.constdata__ZTISt9bad_alloc) for typeinfo for std::bad_alloc
    bad_alloc_dtor.o(.constdata__ZTVSt9bad_alloc) refers to bad_alloc_dtor.o(i._ZNSt9bad_allocD1Ev) for std::bad_alloc::~bad_alloc()
    bad_alloc_dtor.o(.constdata__ZTVSt9bad_alloc) refers to bad_alloc_dtor.o(i._ZNSt9bad_allocD0Ev) for std::bad_alloc::~bad_alloc__deallocating()
    bad_alloc_dtor.o(.constdata__ZTVSt9bad_alloc) refers to bad_alloc_what.o(i._ZNKSt9bad_alloc4whatEv) for std::bad_alloc::what() const
    bad_alloc_dtor.o(.constdata__ZTISt9bad_alloc) refers to lib_rtti_impl.o(.constdata__ZTVN10__cxxabiv120__si_class_type_infoE) for vtable for __cxxabiv1::__si_class_type_info
    bad_alloc_dtor.o(.constdata__ZTISt9bad_alloc) refers to bad_alloc_dtor.o(.constdata__ZTSSt9bad_alloc) for typeinfo name for std::bad_alloc
    bad_alloc_dtor.o(.constdata__ZTISt9bad_alloc) refers to exception_dtor.o(.constdata__ZTISt9exception) for typeinfo for std::exception
    type_info_dtor.o(.constdata__ZTVSt9type_info) refers to type_info_dtor.o(.constdata__ZTISt9type_info) for typeinfo for std::type_info
    type_info_dtor.o(.constdata__ZTVSt9type_info) refers to type_info_dtor.o(i._ZNSt9type_infoD1Ev) for std::type_info::~type_info()
    type_info_dtor.o(.constdata__ZTVSt9type_info) refers to type_info_dtor.o(i._ZNSt9type_infoD0Ev) for std::type_info::~type_info__deallocating()
    type_info_dtor.o(.constdata__ZTISt9type_info) refers to lib_rtti_impl.o(.constdata__ZTVN10__cxxabiv117__class_type_infoE) for vtable for __cxxabiv1::__class_type_info
    type_info_dtor.o(.constdata__ZTISt9type_info) refers to type_info_dtor.o(.constdata__ZTSSt9type_info) for typeinfo name for std::type_info
    exception_dtor.o(.constdata__ZTVSt9exception) refers to exception_dtor.o(.constdata__ZTISt9exception) for typeinfo for std::exception
    exception_dtor.o(.constdata__ZTVSt9exception) refers to exception_dtor.o(i._ZNSt9exceptionD1Ev) for std::exception::~exception()
    exception_dtor.o(.constdata__ZTVSt9exception) refers to exception_dtor.o(i._ZNSt9exceptionD0Ev) for std::exception::~exception__deallocating()
    exception_dtor.o(.constdata__ZTVSt9exception) refers to exception_what.o(i._ZNKSt9exception4whatEv) for std::exception::what() const
    exception_dtor.o(.constdata__ZTISt9exception) refers to lib_rtti_impl.o(.constdata__ZTVN10__cxxabiv117__class_type_infoE) for vtable for __cxxabiv1::__class_type_info
    exception_dtor.o(.constdata__ZTISt9exception) refers to exception_dtor.o(.constdata__ZTSSt9exception) for typeinfo name for std::exception


==============================================================================

Removing Unused input sections from the image.

    Removing main.o(.rev16_text), (4 bytes).
    Removing main.o(.revsh_text), (4 bytes).
    Removing main.o(.ARM.exidx), (8 bytes).
    Removing softwarepwm.o(.rev16_text), (4 bytes).
    Removing softwarepwm.o(.revsh_text), (4 bytes).
    Removing softwarepwm.o(.text), (292 bytes).
    Removing softwarepwm.o(.ARM.exidx), (8 bytes).
    Removing softwarepwm.o(.constdata), (16 bytes).
    Removing softwarepwm.o(.conststring), (66 bytes).
    Removing motor.o(.rev16_text), (4 bytes).
    Removing motor.o(.revsh_text), (4 bytes).
    Removing motor.o(.text), (400 bytes).
    Removing motor.o(.ARM.exidx), (8 bytes).
    Removing motor.o(.conststring), (66 bytes).
    Removing sound.o(.rev16_text), (4 bytes).
    Removing sound.o(.revsh_text), (4 bytes).
    Removing sound.o(.text), (152 bytes).
    Removing sound.o(.ARM.exidx), (8 bytes).
    Removing qei.o(.rev16_text), (4 bytes).
    Removing qei.o(.revsh_text), (4 bytes).
    Removing qei.o(.text), (512 bytes).
    Removing qei.o(.ARM.exidx), (8 bytes).
    Removing qei.o(.constdata), (24 bytes).
    Removing startup_LPC11xx.o(STACK), (1024 bytes).
    Removing startup_LPC11xx.o(HEAP), (0 bytes).
    Removing retarget.o(.rev16_text), (4 bytes).
    Removing retarget.o(.revsh_text), (4 bytes).
    Removing retarget.o(i._ZN4mbed10FileHandleD0Ev), (44 bytes).
    Removing retarget.o(i._ZN4mbed10FileHandleD2Ev), (44 bytes).
    Removing retarget.o(i._ZN4mbed26mbed_set_unbuffered_streamEPSt6__FILE), (10 bytes).
    Removing retarget.o(i._ZN4mbed9mbed_getcEPSt6__FILE), (8 bytes).
    Removing retarget.o(i._ZN4mbed9mbed_getsEPciPSt6__FILE), (8 bytes).
    Removing retarget.o(i._sys_close), (44 bytes).
    Removing retarget.o(i._sys_command_string), (4 bytes).
    Removing retarget.o(i._sys_ensure), (40 bytes).
    Removing retarget.o(i._sys_flen), (40 bytes).
    Removing retarget.o(i._sys_istty), (40 bytes).
    Removing retarget.o(i._sys_open), (228 bytes).
    Removing retarget.o(i._sys_read), (92 bytes).
    Removing retarget.o(i._sys_seek), (40 bytes).
    Removing retarget.o(i._sys_write), (104 bytes).
    Removing retarget.o(i.closedir), (6 bytes).
    Removing retarget.o(i.exit), (32 bytes).
    Removing retarget.o(i.mkdir), (56 bytes).
    Removing retarget.o(i.opendir), (64 bytes).
    Removing retarget.o(i.readdir), (6 bytes).
    Removing retarget.o(i.remove), (52 bytes).
    Removing retarget.o(i.rename), (82 bytes).
    Removing retarget.o(i.rewinddir), (6 bytes).
    Removing retarget.o(i.seekdir), (6 bytes).
    Removing retarget.o(i.telldir), (6 bytes).
    Removing retarget.o(i.tmpfile), (4 bytes).
    Removing retarget.o(i.tmpnam), (4 bytes).
    Removing retarget.o(.ARM.exidx), (8 bytes).
    Removing retarget.o(.ARM.exidx), (8 bytes).
    Removing retarget.o(.ARM.exidx), (8 bytes).
    Removing retarget.o(.ARM.exidx), (8 bytes).
    Removing retarget.o(.ARM.exidx), (8 bytes).
    Removing retarget.o(.ARM.exidx), (8 bytes).
    Removing retarget.o(.ARM.exidx), (8 bytes).
    Removing retarget.o(.ARM.exidx), (8 bytes).
    Removing retarget.o(.ARM.exidx), (8 bytes).
    Removing retarget.o(.ARM.exidx), (8 bytes).
    Removing retarget.o(.ARM.exidx), (8 bytes).
    Removing retarget.o(.ARM.exidx), (8 bytes).
    Removing retarget.o(.ARM.exidx), (8 bytes).
    Removing retarget.o(.ARM.exidx), (8 bytes).
    Removing retarget.o(.ARM.exidx), (8 bytes).
    Removing retarget.o(.ARM.exidx), (8 bytes).
    Removing retarget.o(.ARM.exidx), (8 bytes).
    Removing retarget.o(.ARM.exidx), (8 bytes).
    Removing retarget.o(.ARM.exidx), (8 bytes).
    Removing retarget.o(.ARM.exidx), (8 bytes).
    Removing retarget.o(.ARM.exidx), (8 bytes).
    Removing retarget.o(.ARM.exidx), (8 bytes).
    Removing retarget.o(.ARM.exidx), (8 bytes).
    Removing retarget.o(.ARM.exidx), (8 bytes).
    Removing retarget.o(.ARM.exidx), (8 bytes).
    Removing retarget.o(.ARM.exidx), (8 bytes).
    Removing retarget.o(.ARM.exidx), (8 bytes).
    Removing retarget.o(.ARM.exidx), (8 bytes).
    Removing retarget.o(.ARM.exidx), (8 bytes).
    Removing retarget.o(.bss), (64 bytes).
    Removing retarget.o(.constdata), (4 bytes).
    Removing retarget.o(.constdata), (4 bytes).
    Removing retarget.o(.constdata), (4 bytes).
    Removing retarget.o(.data), (4 bytes).
    Removing board.o(.rev16_text), (4 bytes).
    Removing board.o(.revsh_text), (4 bytes).
    Removing board.o(i.mbed_die), (404 bytes).
    Removing board.o(.constdata), (134 bytes).
    Removing cmsis_nvic.o(.rev16_text), (4 bytes).
    Removing cmsis_nvic.o(.revsh_text), (4 bytes).
    Removing cmsis_nvic.o(i.NVIC_GetVector), (6 bytes).
    Removing system_LPC11xx.o(.rev16_text), (4 bytes).
    Removing system_LPC11xx.o(.revsh_text), (4 bytes).
    Removing system_LPC11xx.o(i.SystemCoreClockUpdate), (316 bytes).
    Removing sys.o(i.__user_setup_stackheap), (16 bytes).
    Removing sys.o(.ARM.exidx), (8 bytes).
    Removing gpio_irq_api.o(.rev16_text), (4 bytes).
    Removing gpio_irq_api.o(.revsh_text), (4 bytes).
    Removing gpio_irq_api.o(i.gpio_irq0), (10 bytes).
    Removing gpio_irq_api.o(i.gpio_irq1), (10 bytes).
    Removing gpio_irq_api.o(i.gpio_irq2), (10 bytes).
    Removing gpio_irq_api.o(i.gpio_irq3), (10 bytes).
    Removing gpio_irq_api.o(i.gpio_irq_disable), (52 bytes).
    Removing gpio_irq_api.o(i.gpio_irq_enable), (52 bytes).
    Removing gpio_irq_api.o(i.gpio_irq_free), (16 bytes).
    Removing gpio_irq_api.o(i.gpio_irq_init), (152 bytes).
    Removing gpio_irq_api.o(i.gpio_irq_set), (118 bytes).
    Removing gpio_irq_api.o(i.handle_interrupt_in), (168 bytes).
    Removing gpio_irq_api.o(.bss), (168 bytes).
    Removing gpio_irq_api.o(.data), (4 bytes).
    Removing serial_api.o(.rev16_text), (4 bytes).
    Removing serial_api.o(.revsh_text), (4 bytes).
    Removing serial_api.o(i.serial_baud), (280 bytes).
    Removing serial_api.o(i.serial_break_clear), (12 bytes).
    Removing serial_api.o(i.serial_break_set), (12 bytes).
    Removing serial_api.o(i.serial_clear), (8 bytes).
    Removing serial_api.o(i.serial_format), (228 bytes).
    Removing serial_api.o(i.serial_free), (16 bytes).
    Removing serial_api.o(i.serial_getc), (14 bytes).
    Removing serial_api.o(i.serial_init), (212 bytes).
    Removing serial_api.o(i.serial_irq_handler), (20 bytes).
    Removing serial_api.o(i.serial_irq_set), (96 bytes).
    Removing serial_api.o(i.serial_pinout_tx), (16 bytes).
    Removing serial_api.o(i.serial_putc), (14 bytes).
    Removing serial_api.o(i.serial_readable), (10 bytes).
    Removing serial_api.o(i.serial_writable), (10 bytes).
    Removing serial_api.o(i.uart0_irq), (48 bytes).
    Removing serial_api.o(.constdata), (364 bytes).
    Removing serial_api.o(.data), (20 bytes).
    Removing FunctionPointer.o(i._ZN4mbed15FunctionPointer4callEv), (26 bytes).
    Removing FunctionPointer.o(i._ZN4mbed15FunctionPointer6attachEPFvvE), (8 bytes).
    Removing FunctionPointer.o(i._ZN4mbed15FunctionPointerC1EPFvvE), (10 bytes).
    Removing FunctionPointer.o(.ARM.exidx), (8 bytes).
    Removing FunctionPointer.o(.ARM.exidx), (8 bytes).
    Removing FunctionPointer.o(.ARM.exidx), (8 bytes).
    Removing FilePath.o(.rev16_text), (4 bytes).
    Removing FilePath.o(.revsh_text), (4 bytes).
    Removing FilePath.o(i._ZN4mbed8FilePath10fileSystemEv), (26 bytes).
    Removing FilePath.o(i._ZN4mbed8FilePath12isFileSystemEv), (20 bytes).
    Removing FilePath.o(i._ZN4mbed8FilePath4fileEv), (32 bytes).
    Removing FilePath.o(i._ZN4mbed8FilePath6existsEv), (10 bytes).
    Removing FilePath.o(i._ZN4mbed8FilePath6isFileEv), (24 bytes).
    Removing FilePath.o(i._ZN4mbed8FilePath8fileNameEv), (4 bytes).
    Removing FilePath.o(i._ZN4mbed8FilePathC1EPKc), (68 bytes).
    Removing FilePath.o(.ARM.exidx), (8 bytes).
    Removing FilePath.o(.ARM.exidx), (8 bytes).
    Removing FilePath.o(.ARM.exidx), (8 bytes).
    Removing FilePath.o(.ARM.exidx), (8 bytes).
    Removing FilePath.o(.ARM.exidx), (8 bytes).
    Removing FilePath.o(.ARM.exidx), (8 bytes).
    Removing FilePath.o(.ARM.exidx), (8 bytes).
    Removing FileSystemLike.o(.rev16_text), (4 bytes).
    Removing FileSystemLike.o(.revsh_text), (4 bytes).
    Removing FileSystemLike.o(i._ZN4mbed14FileSystemLike7opendirEv), (40 bytes).
    Removing FileSystemLike.o(i._ZN4mbed14FileSystemLikeC2EPKc), (20 bytes).
    Removing FileSystemLike.o(i._ZN4mbed14FileSystemLikeD0Ev), (12 bytes).
    Removing FileSystemLike.o(i._ZN4mbed14FileSystemLikeD2Ev), (8 bytes).
    Removing FileSystemLike.o(.ARM.exidx), (8 bytes).
    Removing FileSystemLike.o(.ARM.exidx), (8 bytes).
    Removing FileSystemLike.o(.ARM.exidx), (8 bytes).
    Removing FileSystemLike.o(.ARM.exidx), (8 bytes).
    Removing InterruptIn.o(.rev16_text), (4 bytes).
    Removing InterruptIn.o(.revsh_text), (4 bytes).
    Removing InterruptIn.o(i._ZN4mbed11InterruptIn10enable_irqEv), (10 bytes).
    Removing InterruptIn.o(i._ZN4mbed11InterruptIn11disable_irqEv), (10 bytes).
    Removing InterruptIn.o(i._ZN4mbed11InterruptIn12_irq_handlerEj14gpio_irq_event), (26 bytes).
    Removing InterruptIn.o(i._ZN4mbed11InterruptIn4fallEPFvvE), (40 bytes).
    Removing InterruptIn.o(i._ZN4mbed11InterruptIn4modeE7PinMode), (10 bytes).
    Removing InterruptIn.o(i._ZN4mbed11InterruptIn4readEv), (44 bytes).
    Removing InterruptIn.o(i._ZN4mbed11InterruptIn4riseEPFvvE), (40 bytes).
    Removing InterruptIn.o(i._ZN4mbed11InterruptInC1E7PinName), (76 bytes).
    Removing InterruptIn.o(i._ZN4mbed11InterruptInD0Ev), (28 bytes).
    Removing InterruptIn.o(i._ZN4mbed11InterruptInD1Ev), (24 bytes).
    Removing InterruptIn.o(i._ZN4mbed11InterruptIncviEv), (44 bytes).
    Removing InterruptIn.o(.ARM.exidx), (8 bytes).
    Removing InterruptIn.o(.ARM.exidx), (8 bytes).
    Removing InterruptIn.o(.ARM.exidx), (8 bytes).
    Removing InterruptIn.o(.ARM.exidx), (8 bytes).
    Removing InterruptIn.o(.ARM.exidx), (8 bytes).
    Removing InterruptIn.o(.ARM.exidx), (8 bytes).
    Removing InterruptIn.o(.ARM.exidx), (8 bytes).
    Removing InterruptIn.o(.ARM.exidx), (8 bytes).
    Removing InterruptIn.o(.ARM.exidx), (8 bytes).
    Removing InterruptIn.o(.ARM.exidx), (8 bytes).
    Removing InterruptIn.o(.ARM.exidx), (8 bytes).
    Removing InterruptIn.o(.constdata), (134 bytes).
    Removing Ticker.o(i._ZN4mbed6Ticker5setupEj), (28 bytes).
    Removing Ticker.o(i._ZN4mbed6Ticker6detachEv), (20 bytes).
    Removing Ticker.o(i._ZN4mbed6Ticker7handlerEv), (26 bytes).
    Removing Ticker.o(.ARM.exidx), (8 bytes).
    Removing Ticker.o(.ARM.exidx), (8 bytes).
    Removing Ticker.o(.ARM.exidx), (8 bytes).
    Removing Timeout.o(i._ZN4mbed7Timeout7handlerEv), (10 bytes).
    Removing Timeout.o(.ARM.exidx), (8 bytes).
    Removing assert.o(.rev16_text), (4 bytes).
    Removing assert.o(.revsh_text), (4 bytes).
    Removing assert.o(i.mbed_assert_internal), (80 bytes).
    Removing TimerEvent.o(.rev16_text), (4 bytes).
    Removing TimerEvent.o(.revsh_text), (4 bytes).
    Removing TimerEvent.o(i._ZN4mbed10TimerEvent3irqEj), (6 bytes).
    Removing TimerEvent.o(i._ZN4mbed10TimerEvent6insertEj), (12 bytes).
    Removing TimerEvent.o(i._ZN4mbed10TimerEvent6removeEv), (10 bytes).
    Removing TimerEvent.o(i._ZN4mbed10TimerEventC2Ev), (36 bytes).
    Removing TimerEvent.o(i._ZN4mbed10TimerEventD0Ev), (28 bytes).
    Removing TimerEvent.o(i._ZN4mbed10TimerEventD2Ev), (24 bytes).
    Removing TimerEvent.o(.ARM.exidx), (8 bytes).
    Removing TimerEvent.o(.ARM.exidx), (8 bytes).
    Removing TimerEvent.o(.ARM.exidx), (8 bytes).
    Removing TimerEvent.o(.ARM.exidx), (8 bytes).
    Removing TimerEvent.o(.ARM.exidx), (8 bytes).
    Removing TimerEvent.o(.ARM.exidx), (8 bytes).
    Removing gpio.o(.rev16_text), (4 bytes).
    Removing gpio.o(.revsh_text), (4 bytes).
    Removing gpio.o(i.gpio_init_in), (34 bytes).
    Removing gpio.o(i.gpio_init_in_ex), (34 bytes).
    Removing gpio.o(i.gpio_init_inout), (168 bytes).
    Removing gpio.o(i.gpio_init_out), (76 bytes).
    Removing gpio.o(i.gpio_init_out_ex), (88 bytes).
    Removing gpio.o(.constdata), (134 bytes).
    Removing wait_api.o(i.wait_ms), (28 bytes).
    Removing wait_api.o(i.wait_us), (22 bytes).
    Removing gpio_api.o(.rev16_text), (4 bytes).
    Removing gpio_api.o(.revsh_text), (4 bytes).
    Removing gpio_api.o(i.gpio_dir), (92 bytes).
    Removing gpio_api.o(i.gpio_init), (112 bytes).
    Removing gpio_api.o(i.gpio_mode), (14 bytes).
    Removing gpio_api.o(i.gpio_set), (84 bytes).
    Removing gpio_api.o(.constdata), (10 bytes).
    Removing gpio_api.o(.constdata), (128 bytes).
    Removing pinmap.o(.rev16_text), (4 bytes).
    Removing pinmap.o(.revsh_text), (4 bytes).
    Removing pinmap.o(i.pin_function), (72 bytes).
    Removing pinmap.o(i.pin_mode), (84 bytes).
    Removing pinmap.o(.constdata), (108 bytes).
    Removing us_ticker.o(.rev16_text), (4 bytes).
    Removing us_ticker.o(.revsh_text), (4 bytes).
    Removing us_ticker.o(i.us_ticker_init), (92 bytes).
    Removing FileBase.o(.rev16_text), (4 bytes).
    Removing FileBase.o(.revsh_text), (4 bytes).
    Removing FileBase.o(i._ZN4mbed8FileBase11getPathTypeEv), (4 bytes).
    Removing FileBase.o(i._ZN4mbed8FileBase3getEi), (32 bytes).
    Removing FileBase.o(i._ZN4mbed8FileBase6lookupEPKcj), (60 bytes).
    Removing FileBase.o(i._ZN4mbed8FileBase7getNameEv), (4 bytes).
    Removing FileBase.o(i._ZN4mbed8FileBaseC1EPKcNS_8PathTypeE), (36 bytes).
    Removing FileBase.o(i._ZN4mbed8FileBaseD0Ev), (60 bytes).
    Removing FileBase.o(i._ZN4mbed8FileBaseD1Ev), (52 bytes).
    Removing FileBase.o(.ARM.exidx), (8 bytes).
    Removing FileBase.o(.ARM.exidx), (8 bytes).
    Removing FileBase.o(.ARM.exidx), (8 bytes).
    Removing FileBase.o(.ARM.exidx), (8 bytes).
    Removing FileBase.o(.ARM.exidx), (8 bytes).
    Removing FileBase.o(.ARM.exidx), (8 bytes).
    Removing FileBase.o(.ARM.exidx), (8 bytes).
    Removing FileBase.o(.data), (4 bytes).
    Removing pinmap_common.o(.rev16_text), (4 bytes).
    Removing pinmap_common.o(.revsh_text), (4 bytes).
    Removing pinmap_common.o(i.pinmap_find_peripheral), (36 bytes).
    Removing pinmap_common.o(i.pinmap_merge), (52 bytes).
    Removing pinmap_common.o(i.pinmap_peripheral), (92 bytes).
    Removing pinmap_common.o(i.pinmap_pinout), (80 bytes).
    Removing us_ticker_api.o(.rev16_text), (4 bytes).
    Removing us_ticker_api.o(.revsh_text), (4 bytes).
    Removing us_ticker_api.o(i.us_ticker_get_next_timestamp), (28 bytes).
    Removing us_ticker_api.o(i.us_ticker_insert_event), (60 bytes).
    Removing us_ticker_api.o(i.us_ticker_remove_event), (64 bytes).
    Removing us_ticker_api.o(i.us_ticker_set_handler), (20 bytes).
    Removing error.o(.rev16_text), (4 bytes).
    Removing error.o(.revsh_text), (4 bytes).
    Removing error.o(i.error), (24 bytes).
    Removing fdiv.o(.text), (124 bytes).
    Removing fflti.o(.text), (22 bytes).
    Removing cfcmple.o(.text), (20 bytes).
    Removing cfrcmple.o(.text), (20 bytes).
    Removing dmul.o(.text), (208 bytes).
    Removing ddiv.o(.text), (240 bytes).
    Removing dfixul.o(.text), (64 bytes).
    Removing softwarepwm.o(i._ZN4mbed6TickerC1Ev), (40 bytes).
    Removing softwarepwm.o(.ARM.exidx), (8 bytes).
    Removing softwarepwm.o(t._ZN4mbed6Ticker9attach_usI11SoftwarePWMEEvPT_MS3_FvvEj), (60 bytes).
    Removing softwarepwm.o(.ARM.exidx), (8 bytes).
    Removing softwarepwm.o(t._ZN4mbed15FunctionPointer12membercallerI11SoftwarePWMEEvPvPc), (80 bytes).
    Removing softwarepwm.o(.ARM.exidx), (8 bytes).
    Removing softwarepwm.o(i._ZN4mbed10DigitalOutaSEi), (22 bytes).
    Removing softwarepwm.o(.ARM.exidx), (8 bytes).
    Removing motor.o(i._ZN4mbed10DigitalOutC1E7PinName), (28 bytes).
    Removing motor.o(.ARM.exidx), (8 bytes).
    Removing qei.o(t._ZN4mbed15FunctionPointer6attachI3QEIEEvPT_MS3_FvvE), (28 bytes).
    Removing qei.o(.ARM.exidx), (8 bytes).
    Removing qei.o(t._ZN4mbed15FunctionPointer12membercallerI3QEIEEvPvPc), (80 bytes).
    Removing qei.o(.ARM.exidx), (8 bytes).
    Removing qei.o(t._ZN4mbed11InterruptIn4riseI3QEIEEvPT_MS3_FvvE), (34 bytes).
    Removing qei.o(.ARM.exidx), (8 bytes).
    Removing qei.o(t._ZN4mbed11InterruptIn4fallI3QEIEEvPT_MS3_FvvE), (34 bytes).
    Removing qei.o(.ARM.exidx), (8 bytes).
    Removing retarget.o(.constdata__ZTVN4mbed10FileHandleE), (44 bytes).
    Removing retarget.o(i._ZN4mbed10FileHandle4flenEv), (58 bytes).
    Removing retarget.o(.ARM.exidx), (8 bytes).
    Removing retarget.o(.constdata__ZTIN4mbed10FileHandleE), (8 bytes).
    Removing retarget.o(.constdata__ZTSN4mbed10FileHandleE), (20 bytes).
    Removing FileSystemLike.o(.constdata__ZTVN4mbed14FileSystemLikeE), (36 bytes).
    Removing FileSystemLike.o(i._ZN4mbed14FileSystemLike6removeEPKc), (6 bytes).
    Removing FileSystemLike.o(.ARM.exidx), (8 bytes).
    Removing FileSystemLike.o(i._ZN4mbed14FileSystemLike6renameEPKcS2_), (6 bytes).
    Removing FileSystemLike.o(.ARM.exidx), (8 bytes).
    Removing FileSystemLike.o(i._ZN4mbed14FileSystemLike7opendirEPKc), (4 bytes).
    Removing FileSystemLike.o(.ARM.exidx), (8 bytes).
    Removing FileSystemLike.o(i._ZN4mbed14FileSystemLike5mkdirEPKci), (6 bytes).
    Removing FileSystemLike.o(.ARM.exidx), (8 bytes).
    Removing FileSystemLike.o(.constdata__ZTVN4mbed13BaseDirHandleE), (36 bytes).
    Removing FileSystemLike.o(.constdata__ZTIN4mbed14FileSystemLikeE), (12 bytes).
    Removing FileSystemLike.o(.constdata__ZTIN4mbed13BaseDirHandleE), (12 bytes).
    Removing FileSystemLike.o(.constdata__ZTSN4mbed14FileSystemLikeE), (24 bytes).
    Removing FileSystemLike.o(.constdata__ZTIN4mbed9DirHandleE), (8 bytes).
    Removing FileSystemLike.o(.constdata__ZTSN4mbed13BaseDirHandleE), (23 bytes).
    Removing FileSystemLike.o(.constdata__ZTSN4mbed9DirHandleE), (18 bytes).
    Removing FileSystemLike.o(i._ZN4mbed13BaseDirHandle8closedirEv), (12 bytes).
    Removing FileSystemLike.o(.ARM.exidx), (8 bytes).
    Removing FileSystemLike.o(i._ZN4mbed13BaseDirHandle7readdirEv), (42 bytes).
    Removing FileSystemLike.o(.ARM.exidx), (8 bytes).
    Removing FileSystemLike.o(i._ZN4mbed13BaseDirHandle7telldirEv), (4 bytes).
    Removing FileSystemLike.o(.ARM.exidx), (8 bytes).
    Removing FileSystemLike.o(i._ZN4mbed13BaseDirHandle7seekdirEl), (4 bytes).
    Removing FileSystemLike.o(.ARM.exidx), (8 bytes).
    Removing FileSystemLike.o(i._ZN4mbed13BaseDirHandle9rewinddirEv), (6 bytes).
    Removing FileSystemLike.o(.ARM.exidx), (8 bytes).
    Removing FileSystemLike.o(i._ZN4mbed13BaseDirHandleD1Ev), (2 bytes).
    Removing FileSystemLike.o(.ARM.exidx), (8 bytes).
    Removing FileSystemLike.o(i._ZN4mbed13BaseDirHandleD0Ev), (8 bytes).
    Removing FileSystemLike.o(.ARM.exidx), (8 bytes).
    Removing InterruptIn.o(.constdata__ZTVN4mbed11InterruptInE), (16 bytes).
    Removing InterruptIn.o(.constdata__ZTIN4mbed11InterruptInE), (8 bytes).
    Removing InterruptIn.o(.constdata__ZTSN4mbed11InterruptInE), (21 bytes).
    Removing Ticker.o(.constdata__ZTVN4mbed6TickerE), (20 bytes).
    Removing Ticker.o(i._ZN4mbed6TickerD1Ev), (36 bytes).
    Removing Ticker.o(.ARM.exidx), (8 bytes).
    Removing Ticker.o(i._ZN4mbed6TickerD0Ev), (40 bytes).
    Removing Ticker.o(.ARM.exidx), (8 bytes).
    Removing Ticker.o(.constdata__ZTIN4mbed6TickerE), (12 bytes).
    Removing Ticker.o(.constdata__ZTSN4mbed6TickerE), (15 bytes).
    Removing Timeout.o(.constdata__ZTVN4mbed7TimeoutE), (20 bytes).
    Removing Timeout.o(i._ZN4mbed7TimeoutD1Ev), (28 bytes).
    Removing Timeout.o(.ARM.exidx), (8 bytes).
    Removing Timeout.o(i._ZN4mbed7TimeoutD0Ev), (32 bytes).
    Removing Timeout.o(.ARM.exidx), (8 bytes).
    Removing Timeout.o(.constdata__ZTIN4mbed7TimeoutE), (12 bytes).
    Removing Timeout.o(.constdata__ZTSN4mbed7TimeoutE), (16 bytes).
    Removing TimerEvent.o(.constdata__ZTVN4mbed10TimerEventE), (20 bytes).
    Removing TimerEvent.o(.constdata__ZTIN4mbed10TimerEventE), (8 bytes).
    Removing TimerEvent.o(.constdata__ZTSN4mbed10TimerEventE), (20 bytes).
    Removing FileBase.o(.constdata__ZTVN4mbed8FileBaseE), (16 bytes).
    Removing FileBase.o(.constdata__ZTIN4mbed8FileBaseE), (8 bytes).
    Removing FileBase.o(.constdata__ZTSN4mbed8FileBaseE), (17 bytes).

355 unused section(s) (total 12766 bytes) removed from the image.

==============================================================================

Image Symbol Table

    Local Symbols

    Symbol Name                              Value     Ov Type        Size  Object(Section)

    RESET                                    0x00000000   Section      512  startup_LPC11xx.o(RESET)
    ../../../clib/unwind_pr.c                0x00000000   Number         0  unwind_pr0.o ABSOLUTE
    ../../../clib/unwind_pr.c                0x00000000   Number         0  unwind_prcommon.o ABSOLUTE
    ../../../clib/unwinder.c                 0x00000000   Number         0  unwind_activity.o ABSOLUTE
    ../../../clib/unwinder.c                 0x00000000   Number         0  unwind_activity.o ABSOLUTE
    ../../../clib/unwinder.c                 0x00000000   Number         0  unwinder.o ABSOLUTE
    ../../../clib/unwinder.c                 0x00000000   Number         0  unwinder.o ABSOLUTE
    ../../../edgfe/lib_src/arm_exceptions.c  0x00000000   Number         0  arm_exceptions_mem.o ABSOLUTE
    ../../../edgfe/lib_src/arm_exceptions.c  0x00000000   Number         0  arm_exceptions_callterm.o ABSOLUTE
    ../../../edgfe/lib_src/arm_exceptions.c  0x00000000   Number         0  arm_exceptions_globs.o ABSOLUTE
    ../../../edgfe/lib_src/arm_exceptions.c  0x00000000   Number         0  arm_exceptions_support.o ABSOLUTE
    ../../../edgfe/lib_src/arm_exceptions.c  0x00000000   Number         0  arm_exceptions_terminate.o ABSOLUTE
    ../../../edgfe/lib_src/arm_noexceptions.c 0x00000000   Number         0  arm_newhandler_noexceptions.o ABSOLUTE
    ../../../edgfe/lib_src/arm_noexceptions.c 0x00000000   Number         0  arm_callunex_noexceptions.o ABSOLUTE
    ../../../edgfe/lib_src/arm_noexceptions.c 0x00000000   Number         0  arm_begincatch_noexceptions.o ABSOLUTE
    ../../../edgfe/lib_src/bad_alloc.c       0x00000000   Number         0  bad_alloc_dtor.o ABSOLUTE
    ../../../edgfe/lib_src/bad_alloc.c       0x00000000   Number         0  bad_alloc_what.o ABSOLUTE
    ../../../edgfe/lib_src/delete.c          0x00000000   Number         0  delete.o ABSOLUTE
    ../../../edgfe/lib_src/exception.c       0x00000000   Number         0  exception_what.o ABSOLUTE
    ../../../edgfe/lib_src/exception.c       0x00000000   Number         0  exception_dtor.o ABSOLUTE
    ../../../edgfe/lib_src/new.c             0x00000000   Number         0  new.o ABSOLUTE
    ../../../edgfe/lib_src/pure_virt.c       0x00000000   Number         0  pure_virt.o ABSOLUTE
    ../../../edgfe/lib_src/typeinfo.c        0x00000000   Number         0  lib_rtti_impl.o ABSOLUTE
    ../../../edgfe/lib_src/typeinfo.c        0x00000000   Number         0  type_info_dtor.o ABSOLUTE
    ../clib/microlib/cpp/cpp_memory.c        0x00000000   Number         0  cpp_memory.o ABSOLUTE
    ../clib/microlib/cpp/cpp_signal.c        0x00000000   Number         0  cpp_signal.o ABSOLUTE
    ../clib/microlib/ctype/ctype.c           0x00000000   Number         0  isspace_c.o ABSOLUTE
    ../clib/microlib/ctype/ctype.c           0x00000000   Number         0  ctype_c.o ABSOLUTE
    ../clib/microlib/division.c              0x00000000   Number         0  uldiv.o ABSOLUTE
    ../clib/microlib/division.c              0x00000000   Number         0  uidiv.o ABSOLUTE
    ../clib/microlib/init/entry.s            0x00000000   Number         0  entry.o ABSOLUTE
    ../clib/microlib/init/entry.s            0x00000000   Number         0  entry9a.o ABSOLUTE
    ../clib/microlib/init/entry.s            0x00000000   Number         0  entry6a.o ABSOLUTE
    ../clib/microlib/init/entry.s            0x00000000   Number         0  entry6b.o ABSOLUTE
    ../clib/microlib/init/entry.s            0x00000000   Number         0  entry8b.o ABSOLUTE
    ../clib/microlib/init/entry.s            0x00000000   Number         0  entry8a.o ABSOLUTE
    ../clib/microlib/init/entry.s            0x00000000   Number         0  entry7b.o ABSOLUTE
    ../clib/microlib/init/entry.s            0x00000000   Number         0  entry7a.o ABSOLUTE
    ../clib/microlib/init/entry.s            0x00000000   Number         0  entry5.o ABSOLUTE
    ../clib/microlib/init/entry.s            0x00000000   Number         0  entry2.o ABSOLUTE
    ../clib/microlib/init/entry.s            0x00000000   Number         0  entry11b.o ABSOLUTE
    ../clib/microlib/init/entry.s            0x00000000   Number         0  entry11a.o ABSOLUTE
    ../clib/microlib/init/entry.s            0x00000000   Number         0  entry10b.o ABSOLUTE
    ../clib/microlib/init/entry.s            0x00000000   Number         0  entry10a.o ABSOLUTE
    ../clib/microlib/init/entry.s            0x00000000   Number         0  entry9b.o ABSOLUTE
    ../clib/microlib/longlong.c              0x00000000   Number         0  llushr.o ABSOLUTE
    ../clib/microlib/longlong.c              0x00000000   Number         0  llshl.o ABSOLUTE
    ../clib/microlib/longlong.c              0x00000000   Number         0  llsshr.o ABSOLUTE
    ../clib/microlib/malloc/malloc.c         0x00000000   Number         0  mallocra.o ABSOLUTE
    ../clib/microlib/malloc/malloc.c         0x00000000   Number         0  malloca.o ABSOLUTE
    ../clib/microlib/malloc/malloc.c         0x00000000   Number         0  malloc.o ABSOLUTE
    ../clib/microlib/malloc/malloc.c         0x00000000   Number         0  mallocr.o ABSOLUTE
    ../clib/microlib/malloc/mvars.c          0x00000000   Number         0  mvars.o ABSOLUTE
    ../clib/microlib/printf/printf.c         0x00000000   Number         0  printf7.o ABSOLUTE
    ../clib/microlib/printf/printf.c         0x00000000   Number         0  printf3.o ABSOLUTE
    ../clib/microlib/printf/printf.c         0x00000000   Number         0  printfa.o ABSOLUTE
    ../clib/microlib/printf/printf.c         0x00000000   Number         0  printf8.o ABSOLUTE
    ../clib/microlib/printf/printf.c         0x00000000   Number         0  printf6.o ABSOLUTE
    ../clib/microlib/printf/printf.c         0x00000000   Number         0  printf5.o ABSOLUTE
    ../clib/microlib/printf/printf.c         0x00000000   Number         0  printf4.o ABSOLUTE
    ../clib/microlib/printf/printf.c         0x00000000   Number         0  printf2.o ABSOLUTE
    ../clib/microlib/printf/printf.c         0x00000000   Number         0  printf1.o ABSOLUTE
    ../clib/microlib/printf/printf.c         0x00000000   Number         0  printf0.o ABSOLUTE
    ../clib/microlib/printf/printf.c         0x00000000   Number         0  printfb.o ABSOLUTE
    ../clib/microlib/printf/stubs.s          0x00000000   Number         0  stubs.o ABSOLUTE
    ../clib/microlib/stdio/fflush.c          0x00000000   Number         0  fflush.o ABSOLUTE
    ../clib/microlib/stdio/fflush_f.c        0x00000000   Number         0  fflush_f.o ABSOLUTE
    ../clib/microlib/stdio/fgetc.c           0x00000000   Number         0  fgetc_upf.o ABSOLUTE
    ../clib/microlib/stdio/fgetc.c           0x00000000   Number         0  fgetc_pf.o ABSOLUTE
    ../clib/microlib/stdio/fgetc.c           0x00000000   Number         0  fgetc_ubf.o ABSOLUTE
    ../clib/microlib/stdio/fgetc.c           0x00000000   Number         0  fgetc_bf.o ABSOLUTE
    ../clib/microlib/stdio/fgetc.c           0x00000000   Number         0  fgetc_uf.o ABSOLUTE
    ../clib/microlib/stdio/fgetc.c           0x00000000   Number         0  fgetc_f.o ABSOLUTE
    ../clib/microlib/stdio/fgetc.c           0x00000000   Number         0  fgetc_u.o ABSOLUTE
    ../clib/microlib/stdio/fgetc.c           0x00000000   Number         0  fgetc.o ABSOLUTE
    ../clib/microlib/stdio/fgetc.c           0x00000000   Number         0  fgetc_ubpf.o ABSOLUTE
    ../clib/microlib/stdio/fgetc.c           0x00000000   Number         0  fgetc_bpf.o ABSOLUTE
    ../clib/microlib/stdio/fgetc.c           0x00000000   Number         0  fgetc_ub.o ABSOLUTE
    ../clib/microlib/stdio/fgetc.c           0x00000000   Number         0  fgetc_b.o ABSOLUTE
    ../clib/microlib/stdio/fgets.c           0x00000000   Number         0  fgets.o ABSOLUTE
    ../clib/microlib/stdio/fputc.c           0x00000000   Number         0  fputc.o ABSOLUTE
    ../clib/microlib/stdio/fputc.c           0x00000000   Number         0  fputc_f.o ABSOLUTE
    ../clib/microlib/stdio/fputc.c           0x00000000   Number         0  fputc_fp.o ABSOLUTE
    ../clib/microlib/stdio/initio.c          0x00000000   Number         0  initio_oe.o ABSOLUTE
    ../clib/microlib/stdio/semi.s            0x00000000   Number         0  semi.o ABSOLUTE
    ../clib/microlib/stdio/setbuf.c          0x00000000   Number         0  setbuf.o ABSOLUTE
    ../clib/microlib/stdio/streams.c         0x00000000   Number         0  stdout.o ABSOLUTE
    ../clib/microlib/stdio/streams.c         0x00000000   Number         0  stdout_f.o ABSOLUTE
    ../clib/microlib/stdio/streams.c         0x00000000   Number         0  stderr_f.o ABSOLUTE
    ../clib/microlib/stdio/streams.c         0x00000000   Number         0  stderr.o ABSOLUTE
    ../clib/microlib/stdlib/abort.c          0x00000000   Number         0  abort.o ABSOLUTE
    ../clib/microlib/stdlib/bsearch.c        0x00000000   Number         0  bsearch.o ABSOLUTE
    ../clib/microlib/string/memcpy.c         0x00000000   Number         0  memcpyb.o ABSOLUTE
    ../clib/microlib/string/memcpy.c         0x00000000   Number         0  memcpya.o ABSOLUTE
    ../clib/microlib/string/memset.c         0x00000000   Number         0  memseta.o ABSOLUTE
    ../clib/microlib/string/strcmp.c         0x00000000   Number         0  strcmp.o ABSOLUTE
    ../clib/microlib/string/strlen.c         0x00000000   Number         0  strlen.o ABSOLUTE
    ../clib/microlib/string/strncmp.c        0x00000000   Number         0  strncmp.o ABSOLUTE
    ../clib/microlib/string/strncpy.c        0x00000000   Number         0  strncpy.o ABSOLUTE
    ../clib/microlib/stubs.s                 0x00000000   Number         0  iusefp.o ABSOLUTE
    ../clib/microlib/stubs.s                 0x00000000   Number         0  iusesemip.o ABSOLUTE
    ../clib/microlib/stubs.s                 0x00000000   Number         0  iusesemig.o ABSOLUTE
    ../clib/scanf.c                          0x00000000   Number         0  __0sscanf.o ABSOLUTE
    ../clib/scanf.c                          0x00000000   Number         0  _scanf.o ABSOLUTE
    ../clib/scanf.c                          0x00000000   Number         0  _chval.o ABSOLUTE
    ../clib/scanf.c                          0x00000000   Number         0  _scanf_int.o ABSOLUTE
    ../clib/scanf.c                          0x00000000   Number         0  _sgetc.o ABSOLUTE
    ../clib/scanf.c                          0x00000000   Number         0  scanf_char.o ABSOLUTE
    ../fplib/microlib/d2f.c                  0x00000000   Number         0  d2f.o ABSOLUTE
    ../fplib/microlib/fpadd.c                0x00000000   Number         0  dadd.o ABSOLUTE
    ../fplib/microlib/fpdiv.c                0x00000000   Number         0  fdiv.o ABSOLUTE
    ../fplib/microlib/fpdiv.c                0x00000000   Number         0  ddiv.o ABSOLUTE
    ../fplib/microlib/fpepilogue.c           0x00000000   Number         0  fepilogue.o ABSOLUTE
    ../fplib/microlib/fpepilogue.c           0x00000000   Number         0  depilogue.o ABSOLUTE
    ../fplib/microlib/fpfix.c                0x00000000   Number         0  dfixul.o ABSOLUTE
    ../fplib/microlib/fpfix.c                0x00000000   Number         0  ffixi.o ABSOLUTE
    ../fplib/microlib/fpflt.c                0x00000000   Number         0  fflti.o ABSOLUTE
    ../fplib/microlib/fpmul.c                0x00000000   Number         0  dmul.o ABSOLUTE
    ../fplib/microlib/fpmul.c                0x00000000   Number         0  fmul.o ABSOLUTE
    C:\Code\git_repo\github\mbed-official\libraries\mbed\common\FileBase.cpp 0x00000000   Number         0  FileBase.o ABSOLUTE
    C:\Code\git_repo\github\mbed-official\libraries\mbed\common\FilePath.cpp 0x00000000   Number         0  FilePath.o ABSOLUTE
    C:\Code\git_repo\github\mbed-official\libraries\mbed\common\FileSystemLike.cpp 0x00000000   Number         0  FileSystemLike.o ABSOLUTE
    C:\Code\git_repo\github\mbed-official\libraries\mbed\common\FunctionPointer.cpp 0x00000000   Number         0  FunctionPointer.o ABSOLUTE
    C:\Code\git_repo\github\mbed-official\libraries\mbed\common\InterruptIn.cpp 0x00000000   Number         0  InterruptIn.o ABSOLUTE
    C:\Code\git_repo\github\mbed-official\libraries\mbed\common\Ticker.cpp 0x00000000   Number         0  Ticker.o ABSOLUTE
    C:\Code\git_repo\github\mbed-official\libraries\mbed\common\Timeout.cpp 0x00000000   Number         0  Timeout.o ABSOLUTE
    C:\Code\git_repo\github\mbed-official\libraries\mbed\common\TimerEvent.cpp 0x00000000   Number         0  TimerEvent.o ABSOLUTE
    C:\Code\git_repo\github\mbed-official\libraries\mbed\common\assert.c 0x00000000   Number         0  assert.o ABSOLUTE
    C:\Code\git_repo\github\mbed-official\libraries\mbed\common\board.c 0x00000000   Number         0  board.o ABSOLUTE
    C:\Code\git_repo\github\mbed-official\libraries\mbed\common\error.c 0x00000000   Number         0  error.o ABSOLUTE
    C:\Code\git_repo\github\mbed-official\libraries\mbed\common\gpio.c 0x00000000   Number         0  gpio.o ABSOLUTE
    C:\Code\git_repo\github\mbed-official\libraries\mbed\common\pinmap_common.c 0x00000000   Number         0  pinmap_common.o ABSOLUTE
    C:\Code\git_repo\github\mbed-official\libraries\mbed\common\retarget.cpp 0x00000000   Number         0  retarget.o ABSOLUTE
    C:\Code\git_repo\github\mbed-official\libraries\mbed\common\us_ticker_api.c 0x00000000   Number         0  us_ticker_api.o ABSOLUTE
    C:\Code\git_repo\github\mbed-official\libraries\mbed\common\wait_api.c 0x00000000   Number         0  wait_api.o ABSOLUTE
    C:\Code\git_repo\github\mbed-official\libraries\mbed\targets\cmsis\TARGET_NXP\TARGET_LPC11XX_11CXX\TARGET_LPC11XX\system_LPC11xx.c 0x00000000   Number         0  system_LPC11xx.o ABSOLUTE
    C:\Code\git_repo\github\mbed-official\libraries\mbed\targets\cmsis\TARGET_NXP\TARGET_LPC11XX_11CXX\TOOLCHAIN_ARM_MICRO\sys.cpp 0x00000000   Number         0  sys.o ABSOLUTE
    C:\Code\git_repo\github\mbed-official\libraries\mbed\targets\cmsis\TARGET_NXP\TARGET_LPC11XX_11CXX\cmsis_nvic.c 0x00000000   Number         0  cmsis_nvic.o ABSOLUTE
    C:\Code\git_repo\github\mbed-official\libraries\mbed\targets\hal\TARGET_NXP\TARGET_LPC11XX_11CXX\gpio_api.c 0x00000000   Number         0  gpio_api.o ABSOLUTE
    C:\Code\git_repo\github\mbed-official\libraries\mbed\targets\hal\TARGET_NXP\TARGET_LPC11XX_11CXX\gpio_irq_api.c 0x00000000   Number         0  gpio_irq_api.o ABSOLUTE
    C:\Code\git_repo\github\mbed-official\libraries\mbed\targets\hal\TARGET_NXP\TARGET_LPC11XX_11CXX\pinmap.c 0x00000000   Number         0  pinmap.o ABSOLUTE
    C:\Code\git_repo\github\mbed-official\libraries\mbed\targets\hal\TARGET_NXP\TARGET_LPC11XX_11CXX\serial_api.c 0x00000000   Number         0  serial_api.o ABSOLUTE
    C:\Code\git_repo\github\mbed-official\libraries\mbed\targets\hal\TARGET_NXP\TARGET_LPC11XX_11CXX\us_ticker.c 0x00000000   Number         0  us_ticker.o ABSOLUTE
    C:\\Code\\git_repo\\github\\mbed-official\\libraries\\mbed\\common\\FileBase.cpp 0x00000000   Number         0  FileBase.o ABSOLUTE
    C:\\Code\\git_repo\\github\\mbed-official\\libraries\\mbed\\common\\FilePath.cpp 0x00000000   Number         0  FilePath.o ABSOLUTE
    C:\\Code\\git_repo\\github\\mbed-official\\libraries\\mbed\\common\\FileSystemLike.cpp 0x00000000   Number         0  FileSystemLike.o ABSOLUTE
    C:\\Code\\git_repo\\github\\mbed-official\\libraries\\mbed\\common\\InterruptIn.cpp 0x00000000   Number         0  InterruptIn.o ABSOLUTE
    C:\\Code\\git_repo\\github\\mbed-official\\libraries\\mbed\\common\\TimerEvent.cpp 0x00000000   Number         0  TimerEvent.o ABSOLUTE
    C:\\Code\\git_repo\\github\\mbed-official\\libraries\\mbed\\common\\assert.c 0x00000000   Number         0  assert.o ABSOLUTE
    C:\\Code\\git_repo\\github\\mbed-official\\libraries\\mbed\\common\\board.c 0x00000000   Number         0  board.o ABSOLUTE
    C:\\Code\\git_repo\\github\\mbed-official\\libraries\\mbed\\common\\error.c 0x00000000   Number         0  error.o ABSOLUTE
    C:\\Code\\git_repo\\github\\mbed-official\\libraries\\mbed\\common\\gpio.c 0x00000000   Number         0  gpio.o ABSOLUTE
    C:\\Code\\git_repo\\github\\mbed-official\\libraries\\mbed\\common\\pinmap_common.c 0x00000000   Number         0  pinmap_common.o ABSOLUTE
    C:\\Code\\git_repo\\github\\mbed-official\\libraries\\mbed\\common\\retarget.cpp 0x00000000   Number         0  retarget.o ABSOLUTE
    C:\\Code\\git_repo\\github\\mbed-official\\libraries\\mbed\\common\\us_ticker_api.c 0x00000000   Number         0  us_ticker_api.o ABSOLUTE
    C:\\Code\\git_repo\\github\\mbed-official\\libraries\\mbed\\targets\\cmsis\\TARGET_NXP\\TARGET_LPC11XX_11CXX\\TARGET_LPC11XX\\system_LPC11xx.c 0x00000000   Number         0  system_LPC11xx.o ABSOLUTE
    C:\\Code\\git_repo\\github\\mbed-official\\libraries\\mbed\\targets\\cmsis\\TARGET_NXP\\TARGET_LPC11XX_11CXX\\TOOLCHAIN_ARM_MICRO\\TARGET_LPC11XX\\startup_LPC11xx.s 0x00000000   Number         0  startup_LPC11xx.o ABSOLUTE
    C:\\Code\\git_repo\\github\\mbed-official\\libraries\\mbed\\targets\\cmsis\\TARGET_NXP\\TARGET_LPC11XX_11CXX\\cmsis_nvic.c 0x00000000   Number         0  cmsis_nvic.o ABSOLUTE
    C:\\Code\\git_repo\\github\\mbed-official\\libraries\\mbed\\targets\\hal\\TARGET_NXP\\TARGET_LPC11XX_11CXX\\gpio_api.c 0x00000000   Number         0  gpio_api.o ABSOLUTE
    C:\\Code\\git_repo\\github\\mbed-official\\libraries\\mbed\\targets\\hal\\TARGET_NXP\\TARGET_LPC11XX_11CXX\\gpio_irq_api.c 0x00000000   Number         0  gpio_irq_api.o ABSOLUTE
    C:\\Code\\git_repo\\github\\mbed-official\\libraries\\mbed\\targets\\hal\\TARGET_NXP\\TARGET_LPC11XX_11CXX\\pinmap.c 0x00000000   Number         0  pinmap.o ABSOLUTE
    C:\\Code\\git_repo\\github\\mbed-official\\libraries\\mbed\\targets\\hal\\TARGET_NXP\\TARGET_LPC11XX_11CXX\\serial_api.c 0x00000000   Number         0  serial_api.o ABSOLUTE
    C:\\Code\\git_repo\\github\\mbed-official\\libraries\\mbed\\targets\\hal\\TARGET_NXP\\TARGET_LPC11XX_11CXX\\us_ticker.c 0x00000000   Number         0  us_ticker.o ABSOLUTE
    Motor.cpp                                0x00000000   Number         0  motor.o ABSOLUTE
    Motor.cpp                                0x00000000   Number         0  motor.o ABSOLUTE
    QEI.cpp                                  0x00000000   Number         0  qei.o ABSOLUTE
    QEI.cpp                                  0x00000000   Number         0  qei.o ABSOLUTE
    SoftwarePWM.cpp                          0x00000000   Number         0  softwarepwm.o ABSOLUTE
    SoftwarePWM.cpp                          0x00000000   Number         0  softwarepwm.o ABSOLUTE
    Sound.cpp                                0x00000000   Number         0  sound.o ABSOLUTE
    Sound.cpp                                0x00000000   Number         0  sound.o ABSOLUTE
    cdcmple.s                                0x00000000   Number         0  cdcmple.o ABSOLUTE
    cdrcmple.s                               0x00000000   Number         0  cdrcmple.o ABSOLUTE
    cfcmple.s                                0x00000000   Number         0  cfcmple.o ABSOLUTE
    cfrcmple.s                               0x00000000   Number         0  cfrcmple.o ABSOLUTE
    dc.s                                     0x00000000   Number         0  dc.o ABSOLUTE
    handlers.s                               0x00000000   Number         0  handlers.o ABSOLUTE
    init.s                                   0x00000000   Number         0  init.o ABSOLUTE
    main.cpp                                 0x00000000   Number         0  main.o ABSOLUTE
    main.cpp                                 0x00000000   Number         0  main.o ABSOLUTE
    .ARM.Collect$$$$00000000                 0x00000200   Section        0  entry.o(.ARM.Collect$$$$00000000)
    .ARM.Collect$$$$00000001                 0x00000200   Section        4  entry2.o(.ARM.Collect$$$$00000001)
    .ARM.Collect$$$$00000004                 0x00000204   Section        4  entry5.o(.ARM.Collect$$$$00000004)
    .ARM.Collect$$$$00000006                 0x00000208   Section        4  entry6b.o(.ARM.Collect$$$$00000006)
    .ARM.Collect$$$$00000008                 0x0000020c   Section        0  entry7b.o(.ARM.Collect$$$$00000008)
    .ARM.Collect$$$$0000000A                 0x0000020c   Section        0  entry8b.o(.ARM.Collect$$$$0000000A)
    .ARM.Collect$$$$0000000B                 0x0000020c   Section        8  entry9a.o(.ARM.Collect$$$$0000000B)
    .ARM.Collect$$$$0000000D                 0x00000214   Section        0  entry10a.o(.ARM.Collect$$$$0000000D)
    .ARM.Collect$$$$0000000F                 0x00000214   Section        0  entry11a.o(.ARM.Collect$$$$0000000F)
    .ARM.Collect$$$$00002712                 0x00000214   Section        4  entry2.o(.ARM.Collect$$$$00002712)
    __lit__00000000                          0x00000214   Data           4  entry2.o(.ARM.Collect$$$$00002712)
    .text                                    0x00000218   Section        0  main.o(.text)
    .text                                    0x000002f0   Section        0  iusefp.o(.text)
    i.__scatterload_null                     0x000002f0   Section        2  handlers.o(i.__scatterload_null)
    i.mbed_main                              0x000002f2   Section        0  retarget.o(i.mbed_main)
    i.mbed_sdk_init                          0x000002f4   Section        0  retarget.o(i.mbed_sdk_init)
    .ARM.__at_0x02FC                         0x000002fc   Section        4  startup_LPC11xx.o(.ARM.__at_0x02FC)
    .text                                    0x00000300   Section       28  startup_LPC11xx.o(.text)
    .text                                    0x0000031c   Section        0  uidiv.o(.text)
    .text                                    0x00000348   Section        0  fmul.o(.text)
    .text                                    0x000003c4   Section        0  dadd.o(.text)
    .text                                    0x00000528   Section        0  ffixi.o(.text)
    .text                                    0x0000055c   Section       40  cdcmple.o(.text)
    .text                                    0x00000584   Section       40  cdrcmple.o(.text)
    .text                                    0x000005ac   Section        0  d2f.o(.text)
    .text                                    0x000005e4   Section        0  llshl.o(.text)
    .text                                    0x00000604   Section        0  llsshr.o(.text)
    .text                                    0x0000062a   Section        0  fepilogue.o(.text)
    .text                                    0x000006ac   Section        0  depilogue.o(.text)
    .text                                    0x0000076c   Section       36  init.o(.text)
    .text                                    0x00000790   Section        0  llushr.o(.text)
    i.$Sub$$main                             0x000007b2   Section        0  retarget.o(i.$Sub$$main)
    i.NVIC_SetVector                         0x000007c4   Section        0  cmsis_nvic.o(i.NVIC_SetVector)
    i.SystemInit                             0x0000080c   Section        0  system_LPC11xx.o(i.SystemInit)
    i.__ARM_clz                              0x0000086c   Section        0  depilogue.o(i.__ARM_clz)
    i.__scatterload_copy                     0x0000089a   Section       14  handlers.o(i.__scatterload_copy)
    i.__scatterload_zeroinit                 0x000008a8   Section       14  handlers.o(i.__scatterload_zeroinit)
    i.us_ticker_clear_interrupt              0x000008b8   Section        0  us_ticker.o(i.us_ticker_clear_interrupt)
    i.us_ticker_disable_interrupt            0x000008c4   Section        0  us_ticker.o(i.us_ticker_disable_interrupt)
    i.us_ticker_irq_handler                  0x000008d4   Section        0  us_ticker_api.o(i.us_ticker_irq_handler)
    i.us_ticker_read                         0x00000914   Section        0  us_ticker.o(i.us_ticker_read)
    i.us_ticker_set_interrupt                0x00000970   Section        0  us_ticker.o(i.us_ticker_set_interrupt)
    i.wait                                   0x00000984   Section        0  wait_api.o(i.wait)
    .data                                    0x100000c0   Section       20  main.o(.data)
    t                                        0x100000c0   Data           8  main.o(.data)
    duty                                     0x100000c8   Data           8  main.o(.data)
    flag                                     0x100000d0   Data           4  main.o(.data)
    .data                                    0x100000d4   Section        4  cmsis_nvic.o(.data)
    vectors                                  0x100000d4   Data           4  cmsis_nvic.o(.data)
    .data                                    0x100000d8   Section        4  system_LPC11xx.o(.data)
    .data                                    0x100000dc   Section        4  us_ticker.o(.data)
    .data                                    0x100000e0   Section        8  us_ticker_api.o(.data)
    head                                     0x100000e0   Data           4  us_ticker_api.o(.data)
    event_handler                            0x100000e4   Data           4  us_ticker_api.o(.data)

    Global Symbols

    Symbol Name                              Value     Ov Type        Size  Object(Section)

    BuildAttributes$$THM_ISAv3M$S$PE$A:L22$X:L11$S22$IEEE1$IW$USESV6$~STKCKD$USESV7$~SHL$OTIME$ROPI$EBA8$UX$MICROLIB$REQ8$PRES8$EABIv2 0x00000000   Number         0  anon$$obj.o ABSOLUTE
    __ARM_use_no_argv                        0x00000000   Number         0  main.o ABSOLUTE
    __Vectors                                0x00000000   Data           4  startup_LPC11xx.o(RESET)
    _printf_a                                0x00000000   Number         0  stubs.o ABSOLUTE
    _printf_c                                0x00000000   Number         0  stubs.o ABSOLUTE
    _printf_charcount                        0x00000000   Number         0  stubs.o ABSOLUTE
    _printf_d                                0x00000000   Number         0  stubs.o ABSOLUTE
    _printf_e                                0x00000000   Number         0  stubs.o ABSOLUTE
    _printf_f                                0x00000000   Number         0  stubs.o ABSOLUTE
    _printf_flags                            0x00000000   Number         0  stubs.o ABSOLUTE
    _printf_fp_dec                           0x00000000   Number         0  stubs.o ABSOLUTE
    _printf_fp_hex                           0x00000000   Number         0  stubs.o ABSOLUTE
    _printf_g                                0x00000000   Number         0  stubs.o ABSOLUTE
    _printf_i                                0x00000000   Number         0  stubs.o ABSOLUTE
    _printf_int_dec                          0x00000000   Number         0  stubs.o ABSOLUTE
    _printf_l                                0x00000000   Number         0  stubs.o ABSOLUTE
    _printf_lc                               0x00000000   Number         0  stubs.o ABSOLUTE
    _printf_ll                               0x00000000   Number         0  stubs.o ABSOLUTE
    _printf_lld                              0x00000000   Number         0  stubs.o ABSOLUTE
    _printf_lli                              0x00000000   Number         0  stubs.o ABSOLUTE
    _printf_llo                              0x00000000   Number         0  stubs.o ABSOLUTE
    _printf_llu                              0x00000000   Number         0  stubs.o ABSOLUTE
    _printf_llx                              0x00000000   Number         0  stubs.o ABSOLUTE
    _printf_longlong_dec                     0x00000000   Number         0  stubs.o ABSOLUTE
    _printf_longlong_hex                     0x00000000   Number         0  stubs.o ABSOLUTE
    _printf_longlong_oct                     0x00000000   Number         0  stubs.o ABSOLUTE
    _printf_ls                               0x00000000   Number         0  stubs.o ABSOLUTE
    _printf_mbtowc                           0x00000000   Number         0  stubs.o ABSOLUTE
    _printf_n                                0x00000000   Number         0  stubs.o ABSOLUTE
    _printf_o                                0x00000000   Number         0  stubs.o ABSOLUTE
    _printf_p                                0x00000000   Number         0  stubs.o ABSOLUTE
    _printf_percent                          0x00000000   Number         0  stubs.o ABSOLUTE
    _printf_pre_padding                      0x00000000   Number         0  stubs.o ABSOLUTE
    _printf_return_value                     0x00000000   Number         0  stubs.o ABSOLUTE
    _printf_s                                0x00000000   Number         0  stubs.o ABSOLUTE
    _printf_sizespec                         0x00000000   Number         0  stubs.o ABSOLUTE
    _printf_str                              0x00000000   Number         0  stubs.o ABSOLUTE
    _printf_truncate_signed                  0x00000000   Number         0  stubs.o ABSOLUTE
    _printf_truncate_unsigned                0x00000000   Number         0  stubs.o ABSOLUTE
    _printf_u                                0x00000000   Number         0  stubs.o ABSOLUTE
    _printf_wc                               0x00000000   Number         0  stubs.o ABSOLUTE
    _printf_wctomb                           0x00000000   Number         0  stubs.o ABSOLUTE
    _printf_widthprec                        0x00000000   Number         0  stubs.o ABSOLUTE
    _printf_x                                0x00000000   Number         0  stubs.o ABSOLUTE
    SHT$$ARM_EXIDX$$Base                      - Undefined Reference
    SHT$$ARM_EXIDX$$Limit                     - Undefined Reference
    __ARM::default_unexpected_handler()       - Undefined Weak Reference
    __ARM_exceptions_buffer_required          - Undefined Weak Reference
    __aeabi_unwind_cpp_pr1                    - Undefined Weak Reference
    __aeabi_unwind_cpp_pr2                    - Undefined Weak Reference
    __cpp_initialize__aeabi_                  - Undefined Weak Reference
    __cxa_begin_cleanup                       - Undefined Weak Reference
    __cxa_finalize                            - Undefined Weak Reference
    __cxa_type_match                          - Undefined Weak Reference
    __decompress                              - Undefined Weak Reference
    _clock_init                               - Undefined Weak Reference
    _microlib_exit                            - Undefined Weak Reference
    _scanf_longlong                           - Undefined Weak Reference
    _scanf_real                               - Undefined Weak Reference
    _scanf_string                             - Undefined Weak Reference
    __main                                   0x00000201   Thumb Code     0  entry.o(.ARM.Collect$$$$00000000)
    _main_stk                                0x00000201   Thumb Code     0  entry2.o(.ARM.Collect$$$$00000001)
    _main_scatterload                        0x00000205   Thumb Code     0  entry5.o(.ARM.Collect$$$$00000004)
    __main_after_scatterload                 0x00000209   Thumb Code     0  entry5.o(.ARM.Collect$$$$00000004)
    __use_full_stdio                         0x00000209   Thumb Code     0  entry6b.o(.ARM.Collect$$$$00000006)
    __main_after_initio                      0x0000020d   Thumb Code     0  entry6b.o(.ARM.Collect$$$$00000006)
    _main_clock                              0x0000020d   Thumb Code     0  entry7b.o(.ARM.Collect$$$$00000008)
    _main_cpp_init                           0x0000020d   Thumb Code     0  entry8b.o(.ARM.Collect$$$$0000000A)
    _main_init                               0x0000020d   Thumb Code     0  entry9a.o(.ARM.Collect$$$$0000000B)
    __rt_final_cpp                           0x00000215   Thumb Code     0  entry10a.o(.ARM.Collect$$$$0000000D)
    __rt_final_exit                          0x00000215   Thumb Code     0  entry11a.o(.ARM.Collect$$$$0000000F)
    $Super$$main                             0x00000219   Thumb Code   178  main.o(.text)
    __I$use$fp                               0x000002f1   Thumb Code     0  iusefp.o(.text)
    __scatterload_null                       0x000002f1   Thumb Code     2  handlers.o(i.__scatterload_null)
    mbed_main                                0x000002f3   Thumb Code     2  retarget.o(i.mbed_main)
    mbed_sdk_init                            0x000002f5   Thumb Code     2  retarget.o(i.mbed_sdk_init)
    Reset_Handler                            0x00000301   Thumb Code     8  startup_LPC11xx.o(.text)
    HardFault_Handler                        0x00000309   Thumb Code     2  startup_LPC11xx.o(.text)
    SVC_Handler                              0x0000030b   Thumb Code     2  startup_LPC11xx.o(.text)
    PendSV_Handler                           0x0000030d   Thumb Code     2  startup_LPC11xx.o(.text)
    SysTick_Handler                          0x0000030f   Thumb Code     2  startup_LPC11xx.o(.text)
    Reserved_IRQHandler                      0x00000311   Thumb Code     2  startup_LPC11xx.o(.text)
    ADC_IRQHandler                           0x00000313   Thumb Code     0  startup_LPC11xx.o(.text)
    BOD_IRQHandler                           0x00000313   Thumb Code     0  startup_LPC11xx.o(.text)
    C_CAN_IRQHandler                         0x00000313   Thumb Code     0  startup_LPC11xx.o(.text)
    I2C_IRQHandler                           0x00000313   Thumb Code     0  startup_LPC11xx.o(.text)
    NMI_Handler                              0x00000313   Thumb Code     0  startup_LPC11xx.o(.text)
    PIO_0_IRQHandler                         0x00000313   Thumb Code     0  startup_LPC11xx.o(.text)
    PIO_1_IRQHandler                         0x00000313   Thumb Code     0  startup_LPC11xx.o(.text)
    PIO_2_IRQHandler                         0x00000313   Thumb Code     0  startup_LPC11xx.o(.text)
    PIO_3_IRQHandler                         0x00000313   Thumb Code     0  startup_LPC11xx.o(.text)
    SLWU_INT0_IRQHandler                     0x00000313   Thumb Code     0  startup_LPC11xx.o(.text)
    SLWU_INT10_IRQHandler                    0x00000313   Thumb Code     0  startup_LPC11xx.o(.text)
    SLWU_INT11_IRQHandler                    0x00000313   Thumb Code     0  startup_LPC11xx.o(.text)
    SLWU_INT12_IRQHandler                    0x00000313   Thumb Code     0  startup_LPC11xx.o(.text)
    SLWU_INT1_IRQHandler                     0x00000313   Thumb Code     0  startup_LPC11xx.o(.text)
    SLWU_INT2_IRQHandler                     0x00000313   Thumb Code     0  startup_LPC11xx.o(.text)
    SLWU_INT3_IRQHandler                     0x00000313   Thumb Code     0  startup_LPC11xx.o(.text)
    SLWU_INT4_IRQHandler                     0x00000313   Thumb Code     0  startup_LPC11xx.o(.text)
    SLWU_INT5_IRQHandler                     0x00000313   Thumb Code     0  startup_LPC11xx.o(.text)
    SLWU_INT6_IRQHandler                     0x00000313   Thumb Code     0  startup_LPC11xx.o(.text)
    SLWU_INT7_IRQHandler                     0x00000313   Thumb Code     0  startup_LPC11xx.o(.text)
    SLWU_INT8_IRQHandler                     0x00000313   Thumb Code     0  startup_LPC11xx.o(.text)
    SLWU_INT9_IRQHandler                     0x00000313   Thumb Code     0  startup_LPC11xx.o(.text)
    SSP0_IRQHandler                          0x00000313   Thumb Code     0  startup_LPC11xx.o(.text)
    SSP1_IRQHandler                          0x00000313   Thumb Code     0  startup_LPC11xx.o(.text)
    TIMER16_0_IRQHandler                     0x00000313   Thumb Code     0  startup_LPC11xx.o(.text)
    TIMER16_1_IRQHandler                     0x00000313   Thumb Code     0  startup_LPC11xx.o(.text)
    TIMER32_0_IRQHandler                     0x00000313   Thumb Code     0  startup_LPC11xx.o(.text)
    TIMER32_1_IRQHandler                     0x00000313   Thumb Code     0  startup_LPC11xx.o(.text)
    UART_IRQHandler                          0x00000313   Thumb Code     0  startup_LPC11xx.o(.text)
    WDT_IRQHandler                           0x00000313   Thumb Code     0  startup_LPC11xx.o(.text)
    __aeabi_uidiv                            0x0000031d   Thumb Code     0  uidiv.o(.text)
    __aeabi_uidivmod                         0x0000031d   Thumb Code    44  uidiv.o(.text)
    __aeabi_fmul                             0x00000349   Thumb Code   122  fmul.o(.text)
    __aeabi_dadd                             0x000003c5   Thumb Code   328  dadd.o(.text)
    __aeabi_dsub                             0x0000050d   Thumb Code    12  dadd.o(.text)
    __aeabi_drsub                            0x00000519   Thumb Code    12  dadd.o(.text)
    __aeabi_f2iz                             0x00000529   Thumb Code    50  ffixi.o(.text)
    __aeabi_cdcmpeq                          0x0000055d   Thumb Code     0  cdcmple.o(.text)
    __aeabi_cdcmple                          0x0000055d   Thumb Code    38  cdcmple.o(.text)
    __aeabi_cdrcmple                         0x00000585   Thumb Code    38  cdrcmple.o(.text)
    __aeabi_d2f                              0x000005ad   Thumb Code    56  d2f.o(.text)
    __aeabi_llsl                             0x000005e5   Thumb Code    32  llshl.o(.text)
    _ll_shift_l                              0x000005e5   Thumb Code     0  llshl.o(.text)
    __aeabi_lasr                             0x00000605   Thumb Code    38  llsshr.o(.text)
    _ll_sshift_r                             0x00000605   Thumb Code     0  llsshr.o(.text)
    _float_round                             0x0000062b   Thumb Code    16  fepilogue.o(.text)
    _float_epilogue                          0x0000063b   Thumb Code   114  fepilogue.o(.text)
    _double_round                            0x000006ad   Thumb Code    26  depilogue.o(.text)
    _double_epilogue                         0x000006c7   Thumb Code   164  depilogue.o(.text)
    __scatterload                            0x0000076d   Thumb Code    28  init.o(.text)
    __scatterload_rt2                        0x0000076d   Thumb Code     0  init.o(.text)
    __aeabi_llsr                             0x00000791   Thumb Code    34  llushr.o(.text)
    _ll_ushift_r                             0x00000791   Thumb Code     0  llushr.o(.text)
    main                                     0x000007b3   Thumb Code    16  retarget.o(i.$Sub$$main)
    NVIC_SetVector                           0x000007c5   Thumb Code    62  cmsis_nvic.o(i.NVIC_SetVector)
    SystemInit                               0x0000080d   Thumb Code    78  system_LPC11xx.o(i.SystemInit)
    __ARM_clz                                0x0000086d   Thumb Code    46  depilogue.o(i.__ARM_clz)
    __scatterload_copy                       0x0000089b   Thumb Code    14  handlers.o(i.__scatterload_copy)
    __scatterload_zeroinit                   0x000008a9   Thumb Code    14  handlers.o(i.__scatterload_zeroinit)
    us_ticker_clear_interrupt                0x000008b9   Thumb Code     8  us_ticker.o(i.us_ticker_clear_interrupt)
    us_ticker_disable_interrupt              0x000008c5   Thumb Code    12  us_ticker.o(i.us_ticker_disable_interrupt)
    us_ticker_irq_handler                    0x000008d5   Thumb Code    58  us_ticker_api.o(i.us_ticker_irq_handler)
    us_ticker_read                           0x00000915   Thumb Code    64  us_ticker.o(i.us_ticker_read)
    us_ticker_set_interrupt                  0x00000971   Thumb Code    14  us_ticker.o(i.us_ticker_set_interrupt)
    wait                                     0x00000985   Thumb Code    32  wait_api.o(i.wait)
    Region$$Table$$Base                      0x000009a8   Number         0  anon$$obj.o(Region$$Table)
    Region$$Table$$Limit                     0x000009b8   Number         0  anon$$obj.o(Region$$Table)
    SystemCoreClock                          0x100000d8   Data           4  system_LPC11xx.o(.data)
    us_ticker_inited                         0x100000dc   Data           4  us_ticker.o(.data)
    Image$$RW_IRAM1$$ZI$$Limit               0x100000e8   Number         0  anon$$obj.o ABSOLUTE
    __initial_sp                             0x10001000   Number         0  startup_LPC11xx.o ABSOLUTE



==============================================================================

Memory Map of the image

  Image Entry point : 0x00000201

  Load Region LR_IROM1 (Base: 0x00000000, Size: 0x000009e0, Max: 0x00008000, ABSOLUTE)

    Execution Region ER_IROM1 (Exec base: 0x00000000, Load base: 0x00000000, Size: 0x000009b8, Max: 0x00008000, ABSOLUTE)

    Exec Addr    Load Addr    Size         Type   Attr      Idx    E Section Name        Object

    0x00000000   0x00000000   0x00000200   Data   RO           47    RESET               startup_LPC11xx.o
    0x00000200   0x00000200   0x00000000   Code   RO          489  * .ARM.Collect$$$$00000000  mc_p.l(entry.o)
    0x00000200   0x00000200   0x00000004   Code   RO          693    .ARM.Collect$$$$00000001  mc_p.l(entry2.o)
    0x00000204   0x00000204   0x00000004   Code   RO          696    .ARM.Collect$$$$00000004  mc_p.l(entry5.o)
    0x00000208   0x00000208   0x00000004   Code   RO          491    .ARM.Collect$$$$00000006  mc_p.l(entry6b.o)
    0x0000020c   0x0000020c   0x00000000   Code   RO          698    .ARM.Collect$$$$00000008  mc_p.l(entry7b.o)
    0x0000020c   0x0000020c   0x00000000   Code   RO          700    .ARM.Collect$$$$0000000A  mc_p.l(entry8b.o)
    0x0000020c   0x0000020c   0x00000008   Code   RO          701    .ARM.Collect$$$$0000000B  mc_p.l(entry9a.o)
    0x00000214   0x00000214   0x00000000   Code   RO          703    .ARM.Collect$$$$0000000D  mc_p.l(entry10a.o)
    0x00000214   0x00000214   0x00000000   Code   RO          705    .ARM.Collect$$$$0000000F  mc_p.l(entry11a.o)
    0x00000214   0x00000214   0x00000004   Code   RO          694    .ARM.Collect$$$$00002712  mc_p.l(entry2.o)
    0x00000218   0x00000218   0x000000d8   Code   RO            3    .text               main.o
    0x000002f0   0x000002f0   0x00000000   Code   RO          731    .text               mc_p.l(iusefp.o)
    0x000002f0   0x000002f0   0x00000002   Code   RO          785    i.__scatterload_null  mc_p.l(handlers.o)
    0x000002f2   0x000002f2   0x00000002   Code   RO           69    i.mbed_main         retarget.o
    0x000002f4   0x000002f4   0x00000002   Code   RO           70    i.mbed_sdk_init     retarget.o
    0x000002f6   0x000002f6   0x00000006   PAD
    0x000002fc   0x000002fc   0x00000004   Code   RO           48    .ARM.__at_0x02FC    startup_LPC11xx.o
    0x00000300   0x00000300   0x0000001c   Code   RO           49    .text               startup_LPC11xx.o
    0x0000031c   0x0000031c   0x0000002c   Code   RO          518    .text               mc_p.l(uidiv.o)
    0x00000348   0x00000348   0x0000007a   Code   RO          659    .text               mf_p.l(fmul.o)
    0x000003c2   0x000003c2   0x00000002   PAD
    0x000003c4   0x000003c4   0x00000164   Code   RO          661    .text               mf_p.l(dadd.o)
    0x00000528   0x00000528   0x00000032   Code   RO          663    .text               mf_p.l(ffixi.o)
    0x0000055a   0x0000055a   0x00000002   PAD
    0x0000055c   0x0000055c   0x00000028   Code   RO          664    .text               mf_p.l(cdcmple.o)
    0x00000584   0x00000584   0x00000028   Code   RO          665    .text               mf_p.l(cdrcmple.o)
    0x000005ac   0x000005ac   0x00000038   Code   RO          666    .text               mf_p.l(d2f.o)
    0x000005e4   0x000005e4   0x00000020   Code   RO          712    .text               mc_p.l(llshl.o)
    0x00000604   0x00000604   0x00000026   Code   RO          713    .text               mc_p.l(llsshr.o)
    0x0000062a   0x0000062a   0x00000082   Code   RO          736    .text               mf_p.l(fepilogue.o)
    0x000006ac   0x000006ac   0x000000be   Code   RO          737    .text               mf_p.l(depilogue.o)
    0x0000076a   0x0000076a   0x00000002   PAD
    0x0000076c   0x0000076c   0x00000024   Code   RO          763    .text               mc_p.l(init.o)
    0x00000790   0x00000790   0x00000022   Code   RO          764    .text               mc_p.l(llushr.o)
    0x000007b2   0x000007b2   0x00000010   Code   RO           52    i.$Sub$$main        retarget.o
    0x000007c2   0x000007c2   0x00000002   PAD
    0x000007c4   0x000007c4   0x00000048   Code   RO          146    i.NVIC_SetVector    cmsis_nvic.o
    0x0000080c   0x0000080c   0x00000060   Code   RO          151    i.SystemInit        system_LPC11xx.o
    0x0000086c   0x0000086c   0x0000002e   Code   RO          738    i.__ARM_clz         mf_p.l(depilogue.o)
    0x0000089a   0x0000089a   0x0000000e   Code   RO          784    i.__scatterload_copy  mc_p.l(handlers.o)
    0x000008a8   0x000008a8   0x0000000e   Code   RO          786    i.__scatterload_zeroinit  mc_p.l(handlers.o)
    0x000008b6   0x000008b6   0x00000002   PAD
    0x000008b8   0x000008b8   0x0000000c   Code   RO          354    i.us_ticker_clear_interrupt  mbed.ar(us_ticker.o)
    0x000008c4   0x000008c4   0x00000010   Code   RO          355    i.us_ticker_disable_interrupt  mbed.ar(us_ticker.o)
    0x000008d4   0x000008d4   0x00000040   Code   RO          391    i.us_ticker_irq_handler  mbed.ar(us_ticker_api.o)
    0x00000914   0x00000914   0x0000005c   Code   RO          357    i.us_ticker_read    mbed.ar(us_ticker.o)
    0x00000970   0x00000970   0x00000014   Code   RO          358    i.us_ticker_set_interrupt  mbed.ar(us_ticker.o)
    0x00000984   0x00000984   0x00000024   Code   RO          336    i.wait              mbed.ar(wait_api.o)
    0x000009a8   0x000009a8   0x00000010   Data   RO          782    Region$$Table       anon$$obj.o


    Execution Region RW_IRAM1 (Exec base: 0x100000c0, Load base: 0x000009b8, Size: 0x00000028, Max: 0x00000f40, ABSOLUTE)

    Exec Addr    Load Addr    Size         Type   Attr      Idx    E Section Name        Object

    0x100000c0   0x000009b8   0x00000014   Data   RW            5    .data               main.o
    0x100000d4   0x000009cc   0x00000004   Data   RW          147    .data               cmsis_nvic.o
    0x100000d8   0x000009d0   0x00000004   Data   RW          152    .data               system_LPC11xx.o
    0x100000dc   0x000009d4   0x00000004   Data   RW          359    .data               mbed.ar(us_ticker.o)
    0x100000e0   0x000009d8   0x00000008   Data   RW          394    .data               mbed.ar(us_ticker_api.o)


==============================================================================

Image component sizes


      Code (inc. data)   RO Data    RW Data    ZI Data      Debug   Object Name

        72         10          0          4          0          0   cmsis_nvic.o
       216         38          0         20          0          0   main.o
        20          0          0          0          0          0   retarget.o
        32         12        512          0          0          0   startup_LPC11xx.o
        96         18          0          4          0          0   system_LPC11xx.o

    ----------------------------------------------------------------------
       444         78        528         28          0          0   Object Totals
         0          0         16          0          0          0   (incl. Generated)
         8          0          0          0          0          0   (incl. Padding)

    ----------------------------------------------------------------------

      Code (inc. data)   RO Data    RW Data    ZI Data      Debug   Library Member Name

       140         42          0          4          0          0   us_ticker.o
        64          6          0          8          0          0   us_ticker_api.o
        36          4          0          0          0          0   wait_api.o
         0          0          0          0          0          0   entry.o
         0          0          0          0          0          0   entry10a.o
         0          0          0          0          0          0   entry11a.o
         8          4          0          0          0          0   entry2.o
         4          0          0          0          0          0   entry5.o
         4          0          0          0          0          0   entry6b.o
         0          0          0          0          0          0   entry7b.o
         0          0          0          0          0          0   entry8b.o
         8          4          0          0          0          0   entry9a.o
        30          0          0          0          0          0   handlers.o
        36          8          0          0          0          0   init.o
         0          0          0          0          0          0   iusefp.o
        32          0          0          0          0          0   llshl.o
        38          0          0          0          0          0   llsshr.o
        34          0          0          0          0          0   llushr.o
        44          0          0          0          0          0   uidiv.o
        40          2          0          0          0          0   cdcmple.o
        40          2          0          0          0          0   cdrcmple.o
        56          0          0          0          0          0   d2f.o
       356          4          0          0          0          0   dadd.o
       236          0          0          0          0          0   depilogue.o
       130          0          0          0          0          0   fepilogue.o
        50          0          0          0          0          0   ffixi.o
       122          0          0          0          0          0   fmul.o

    ----------------------------------------------------------------------
      1516         76          0         12          0          0   Library Totals
         8          0          0          0          0          0   (incl. Padding)

    ----------------------------------------------------------------------

      Code (inc. data)   RO Data    RW Data    ZI Data      Debug   Library Name

       240         52          0         12          0          0   mbed.ar
       238         16          0          0          0          0   mc_p.l
      1030          8          0          0          0          0   mf_p.l

    ----------------------------------------------------------------------
      1516         76          0         12          0          0   Library Totals

    ----------------------------------------------------------------------

==============================================================================


      Code (inc. data)   RO Data    RW Data    ZI Data      Debug   

      1960        154        528         40          0          0   Grand Totals
      1960        154        528         40          0          0   ELF Image Totals
      1960        154        528         40          0          0   ROM Totals

==============================================================================

    Total RO  Size (Code + RO Data)                 2488 (   2.43kB)
    Total RW  Size (RW Data + ZI Data)                40 (   0.04kB)
    Total ROM Size (Code + RO Data + RW Data)       2528 (   2.47kB)

==============================================================================

