<!doctype html public "-//w3c//dtd html 4.0 transitional//en">
<html><head>
<title>Static Call Graph - [.\build\mbed_project.axf]</title></head>
<body><HR>
<H1>Static Call Graph for image .\build\mbed_project.axf</H1><HR>
<BR><P>#&#060CALLGRAPH&#062# ARM Linker, 5060750: Last Updated: Thu Nov 29 21:51:50 2018
<BR><P>
<H3>Maximum Stack Usage =          0 bytes + Unknown(Cycles, Untraceable Function Pointers)</H3><H3>
Call chain for Maximum Stack Depth:</H3>

<P>
<H3>
Mutually Recursive functions
</H3> <LI><a href="#[9]">HardFault_Handler</a>&nbsp;&nbsp;&nbsp;&rArr;&nbsp;&nbsp;&nbsp;<a href="#[9]">HardFault_Handler</a><BR>
 <LI><a href="#[a]">SVC_Handler</a>&nbsp;&nbsp;&nbsp;&rArr;&nbsp;&nbsp;&nbsp;<a href="#[a]">SVC_Handler</a><BR>
 <LI><a href="#[b]">PendSV_Handler</a>&nbsp;&nbsp;&nbsp;&rArr;&nbsp;&nbsp;&nbsp;<a href="#[b]">PendSV_Handler</a><BR>
 <LI><a href="#[c]">SysTick_Handler</a>&nbsp;&nbsp;&nbsp;&rArr;&nbsp;&nbsp;&nbsp;<a href="#[c]">SysTick_Handler</a><BR>
 <LI><a href="#[23]">Reserved_IRQHandler</a>&nbsp;&nbsp;&nbsp;&rArr;&nbsp;&nbsp;&nbsp;<a href="#[23]">Reserved_IRQHandler</a><BR>
 <LI><a href="#[24]">ADC_IRQHandler</a>&nbsp;&nbsp;&nbsp;&rArr;&nbsp;&nbsp;&nbsp;<a href="#[24]">ADC_IRQHandler</a><BR>
</UL>
<P>
<H3>
Function Pointers
</H3><UL>
 <LI><a href="#[24]">ADC_IRQHandler</a> from startup_LPC11xx.o(.text) referenced from startup_LPC11xx.o(RESET)
 <LI><a href="#[26]">BOD_IRQHandler</a> from startup_LPC11xx.o(.text) referenced from startup_LPC11xx.o(RESET)
 <LI><a href="#[1a]">C_CAN_IRQHandler</a> from startup_LPC11xx.o(.text) referenced from startup_LPC11xx.o(RESET)
 <LI><a href="#[9]">HardFault_Handler</a> from startup_LPC11xx.o(.text) referenced from startup_LPC11xx.o(RESET)
 <LI><a href="#[1c]">I2C_IRQHandler</a> from startup_LPC11xx.o(.text) referenced from startup_LPC11xx.o(RESET)
 <LI><a href="#[8]">NMI_Handler</a> from startup_LPC11xx.o(.text) referenced from startup_LPC11xx.o(RESET)
 <LI><a href="#[2a]">PIO_0_IRQHandler</a> from startup_LPC11xx.o(.text) referenced from startup_LPC11xx.o(RESET)
 <LI><a href="#[29]">PIO_1_IRQHandler</a> from startup_LPC11xx.o(.text) referenced from startup_LPC11xx.o(RESET)
 <LI><a href="#[28]">PIO_2_IRQHandler</a> from startup_LPC11xx.o(.text) referenced from startup_LPC11xx.o(RESET)
 <LI><a href="#[27]">PIO_3_IRQHandler</a> from startup_LPC11xx.o(.text) referenced from startup_LPC11xx.o(RESET)
 <LI><a href="#[b]">PendSV_Handler</a> from startup_LPC11xx.o(.text) referenced from startup_LPC11xx.o(RESET)
 <LI><a href="#[23]">Reserved_IRQHandler</a> from startup_LPC11xx.o(.text) referenced 3 times from startup_LPC11xx.o(RESET)
 <LI><a href="#[7]">Reset_Handler</a> from startup_LPC11xx.o(.text) referenced from startup_LPC11xx.o(RESET)
 <LI><a href="#[d]">SLWU_INT0_IRQHandler</a> from startup_LPC11xx.o(.text) referenced from startup_LPC11xx.o(RESET)
 <LI><a href="#[17]">SLWU_INT10_IRQHandler</a> from startup_LPC11xx.o(.text) referenced from startup_LPC11xx.o(RESET)
 <LI><a href="#[18]">SLWU_INT11_IRQHandler</a> from startup_LPC11xx.o(.text) referenced from startup_LPC11xx.o(RESET)
 <LI><a href="#[19]">SLWU_INT12_IRQHandler</a> from startup_LPC11xx.o(.text) referenced from startup_LPC11xx.o(RESET)
 <LI><a href="#[e]">SLWU_INT1_IRQHandler</a> from startup_LPC11xx.o(.text) referenced from startup_LPC11xx.o(RESET)
 <LI><a href="#[f]">SLWU_INT2_IRQHandler</a> from startup_LPC11xx.o(.text) referenced from startup_LPC11xx.o(RESET)
 <LI><a href="#[10]">SLWU_INT3_IRQHandler</a> from startup_LPC11xx.o(.text) referenced from startup_LPC11xx.o(RESET)
 <LI><a href="#[11]">SLWU_INT4_IRQHandler</a> from startup_LPC11xx.o(.text) referenced from startup_LPC11xx.o(RESET)
 <LI><a href="#[12]">SLWU_INT5_IRQHandler</a> from startup_LPC11xx.o(.text) referenced from startup_LPC11xx.o(RESET)
 <LI><a href="#[13]">SLWU_INT6_IRQHandler</a> from startup_LPC11xx.o(.text) referenced from startup_LPC11xx.o(RESET)
 <LI><a href="#[14]">SLWU_INT7_IRQHandler</a> from startup_LPC11xx.o(.text) referenced from startup_LPC11xx.o(RESET)
 <LI><a href="#[15]">SLWU_INT8_IRQHandler</a> from startup_LPC11xx.o(.text) referenced from startup_LPC11xx.o(RESET)
 <LI><a href="#[16]">SLWU_INT9_IRQHandler</a> from startup_LPC11xx.o(.text) referenced from startup_LPC11xx.o(RESET)
 <LI><a href="#[21]">SSP0_IRQHandler</a> from startup_LPC11xx.o(.text) referenced from startup_LPC11xx.o(RESET)
 <LI><a href="#[1b]">SSP1_IRQHandler</a> from startup_LPC11xx.o(.text) referenced from startup_LPC11xx.o(RESET)
 <LI><a href="#[a]">SVC_Handler</a> from startup_LPC11xx.o(.text) referenced from startup_LPC11xx.o(RESET)
 <LI><a href="#[c]">SysTick_Handler</a> from startup_LPC11xx.o(.text) referenced from startup_LPC11xx.o(RESET)
 <LI><a href="#[2c]">SystemInit</a> from system_LPC11xx.o(i.SystemInit) referenced from startup_LPC11xx.o(.text)
 <LI><a href="#[1d]">TIMER16_0_IRQHandler</a> from startup_LPC11xx.o(.text) referenced from startup_LPC11xx.o(RESET)
 <LI><a href="#[1e]">TIMER16_1_IRQHandler</a> from startup_LPC11xx.o(.text) referenced from startup_LPC11xx.o(RESET)
 <LI><a href="#[1f]">TIMER32_0_IRQHandler</a> from startup_LPC11xx.o(.text) referenced from startup_LPC11xx.o(RESET)
 <LI><a href="#[20]">TIMER32_1_IRQHandler</a> from startup_LPC11xx.o(.text) referenced from startup_LPC11xx.o(RESET)
 <LI><a href="#[22]">UART_IRQHandler</a> from startup_LPC11xx.o(.text) referenced from startup_LPC11xx.o(RESET)
 <LI><a href="#[25]">WDT_IRQHandler</a> from startup_LPC11xx.o(.text) referenced from startup_LPC11xx.o(RESET)
 <LI><a href="#[2d]">__main</a> from entry.o(.ARM.Collect$$$$00000000) referenced from startup_LPC11xx.o(.text)
 <LI><a href="#[2b]">main</a> from retarget.o(i.$Sub$$main) referenced from entry9a.o(.ARM.Collect$$$$0000000B)
 <LI><a href="#[2e]">us_ticker_irq_handler</a> from us_ticker_api.o(i.us_ticker_irq_handler) referenced from us_ticker.o(i.us_ticker_read)
</UL>
<P>
<H3>
Global Symbols
</H3>
<P><STRONG><a name="[2d]"></a>__main</STRONG> (Thumb, 0 bytes, Stack size 0 bytes, entry.o(.ARM.Collect$$$$00000000))
<BR>[Address Reference Count : 1]<UL><LI> startup_LPC11xx.o(.text)
</UL>
<P><STRONG><a name="[2f]"></a>_main_scatterload</STRONG> (Thumb, 0 bytes, Stack size 0 bytes, entry5.o(.ARM.Collect$$$$00000004))
<BR><BR>[Calls]<UL><LI><a href="#[30]">&gt;&gt;</a>&nbsp;&nbsp;&nbsp;__scatterload
</UL>

<P><STRONG><a name="[42]"></a>__main_after_scatterload</STRONG> (Thumb, 0 bytes, Stack size 0 bytes, entry5.o(.ARM.Collect$$$$00000004))
<BR><BR>[Called By]<UL><LI><a href="#[30]">&gt;&gt;</a>&nbsp;&nbsp;&nbsp;__scatterload
</UL>

<P><STRONG><a name="[31]"></a>__use_full_stdio</STRONG> (Thumb, 0 bytes, Stack size 0 bytes, entry6b.o(.ARM.Collect$$$$00000006))
<BR><BR>[Calls]<UL><LI><a href="#[32]">&gt;&gt;</a>&nbsp;&nbsp;&nbsp;_initio
</UL>

<P><STRONG><a name="[33]"></a>$Super$$main</STRONG> (Thumb, 178 bytes, Stack size 0 bytes, main.o(.text))
<BR><BR>[Calls]<UL><LI><a href="#[36]">&gt;&gt;</a>&nbsp;&nbsp;&nbsp;wait
<LI><a href="#[34]">&gt;&gt;</a>&nbsp;&nbsp;&nbsp;__aeabi_dsub
<LI><a href="#[39]">&gt;&gt;</a>&nbsp;&nbsp;&nbsp;__aeabi_dadd
<LI><a href="#[35]">&gt;&gt;</a>&nbsp;&nbsp;&nbsp;__aeabi_d2f
<LI><a href="#[37]">&gt;&gt;</a>&nbsp;&nbsp;&nbsp;__aeabi_cdrcmple
<LI><a href="#[38]">&gt;&gt;</a>&nbsp;&nbsp;&nbsp;__aeabi_cdcmple
</UL>
<BR>[Called By]<UL><LI><a href="#[2b]">&gt;&gt;</a>&nbsp;&nbsp;&nbsp;main
</UL>

<P><STRONG><a name="[44]"></a>mbed_main</STRONG> (Thumb, 2 bytes, Stack size 0 bytes, retarget.o(i.mbed_main))
<BR><BR>[Called By]<UL><LI><a href="#[2b]">&gt;&gt;</a>&nbsp;&nbsp;&nbsp;main
</UL>

<P><STRONG><a name="[43]"></a>mbed_sdk_init</STRONG> (Thumb, 2 bytes, Stack size 0 bytes, retarget.o(i.mbed_sdk_init))
<BR><BR>[Called By]<UL><LI><a href="#[2b]">&gt;&gt;</a>&nbsp;&nbsp;&nbsp;main
</UL>

<P><STRONG><a name="[7]"></a>Reset_Handler</STRONG> (Thumb, 8 bytes, Stack size 0 bytes, startup_LPC11xx.o(.text))
<BR>[Address Reference Count : 1]<UL><LI> startup_LPC11xx.o(RESET)
</UL>
<P><STRONG><a name="[9]"></a>HardFault_Handler</STRONG> (Thumb, 2 bytes, Stack size 0 bytes, startup_LPC11xx.o(.text))
<BR><BR>[Calls]<UL><LI><a href="#[9]">&gt;&gt;</a>&nbsp;&nbsp;&nbsp;HardFault_Handler
</UL>
<BR>[Called By]<UL><LI><a href="#[9]">&gt;&gt;</a>&nbsp;&nbsp;&nbsp;HardFault_Handler
</UL>
<BR>[Address Reference Count : 1]<UL><LI> startup_LPC11xx.o(RESET)
</UL>
<P><STRONG><a name="[a]"></a>SVC_Handler</STRONG> (Thumb, 2 bytes, Stack size 0 bytes, startup_LPC11xx.o(.text))
<BR><BR>[Calls]<UL><LI><a href="#[a]">&gt;&gt;</a>&nbsp;&nbsp;&nbsp;SVC_Handler
</UL>
<BR>[Called By]<UL><LI><a href="#[a]">&gt;&gt;</a>&nbsp;&nbsp;&nbsp;SVC_Handler
</UL>
<BR>[Address Reference Count : 1]<UL><LI> startup_LPC11xx.o(RESET)
</UL>
<P><STRONG><a name="[b]"></a>PendSV_Handler</STRONG> (Thumb, 2 bytes, Stack size 0 bytes, startup_LPC11xx.o(.text))
<BR><BR>[Calls]<UL><LI><a href="#[b]">&gt;&gt;</a>&nbsp;&nbsp;&nbsp;PendSV_Handler
</UL>
<BR>[Called By]<UL><LI><a href="#[b]">&gt;&gt;</a>&nbsp;&nbsp;&nbsp;PendSV_Handler
</UL>
<BR>[Address Reference Count : 1]<UL><LI> startup_LPC11xx.o(RESET)
</UL>
<P><STRONG><a name="[c]"></a>SysTick_Handler</STRONG> (Thumb, 2 bytes, Stack size 0 bytes, startup_LPC11xx.o(.text))
<BR><BR>[Calls]<UL><LI><a href="#[c]">&gt;&gt;</a>&nbsp;&nbsp;&nbsp;SysTick_Handler
</UL>
<BR>[Called By]<UL><LI><a href="#[c]">&gt;&gt;</a>&nbsp;&nbsp;&nbsp;SysTick_Handler
</UL>
<BR>[Address Reference Count : 1]<UL><LI> startup_LPC11xx.o(RESET)
</UL>
<P><STRONG><a name="[23]"></a>Reserved_IRQHandler</STRONG> (Thumb, 2 bytes, Stack size 0 bytes, startup_LPC11xx.o(.text))
<BR><BR>[Calls]<UL><LI><a href="#[23]">&gt;&gt;</a>&nbsp;&nbsp;&nbsp;Reserved_IRQHandler
</UL>
<BR>[Called By]<UL><LI><a href="#[23]">&gt;&gt;</a>&nbsp;&nbsp;&nbsp;Reserved_IRQHandler
</UL>
<BR>[Address Reference Count : 1]<UL><LI> startup_LPC11xx.o(RESET)
</UL>
<P><STRONG><a name="[24]"></a>ADC_IRQHandler</STRONG> (Thumb, 0 bytes, Stack size 0 bytes, startup_LPC11xx.o(.text))
<BR><BR>[Calls]<UL><LI><a href="#[24]">&gt;&gt;</a>&nbsp;&nbsp;&nbsp;ADC_IRQHandler
</UL>
<BR>[Called By]<UL><LI><a href="#[24]">&gt;&gt;</a>&nbsp;&nbsp;&nbsp;ADC_IRQHandler
</UL>
<BR>[Address Reference Count : 1]<UL><LI> startup_LPC11xx.o(RESET)
</UL>
<P><STRONG><a name="[26]"></a>BOD_IRQHandler</STRONG> (Thumb, 0 bytes, Stack size 0 bytes, startup_LPC11xx.o(.text))
<BR>[Address Reference Count : 1]<UL><LI> startup_LPC11xx.o(RESET)
</UL>
<P><STRONG><a name="[1a]"></a>C_CAN_IRQHandler</STRONG> (Thumb, 0 bytes, Stack size 0 bytes, startup_LPC11xx.o(.text))
<BR>[Address Reference Count : 1]<UL><LI> startup_LPC11xx.o(RESET)
</UL>
<P><STRONG><a name="[1c]"></a>I2C_IRQHandler</STRONG> (Thumb, 0 bytes, Stack size 0 bytes, startup_LPC11xx.o(.text))
<BR>[Address Reference Count : 1]<UL><LI> startup_LPC11xx.o(RESET)
</UL>
<P><STRONG><a name="[8]"></a>NMI_Handler</STRONG> (Thumb, 0 bytes, Stack size 0 bytes, startup_LPC11xx.o(.text))
<BR>[Address Reference Count : 1]<UL><LI> startup_LPC11xx.o(RESET)
</UL>
<P><STRONG><a name="[2a]"></a>PIO_0_IRQHandler</STRONG> (Thumb, 0 bytes, Stack size 0 bytes, startup_LPC11xx.o(.text))
<BR>[Address Reference Count : 1]<UL><LI> startup_LPC11xx.o(RESET)
</UL>
<P><STRONG><a name="[29]"></a>PIO_1_IRQHandler</STRONG> (Thumb, 0 bytes, Stack size 0 bytes, startup_LPC11xx.o(.text))
<BR>[Address Reference Count : 1]<UL><LI> startup_LPC11xx.o(RESET)
</UL>
<P><STRONG><a name="[28]"></a>PIO_2_IRQHandler</STRONG> (Thumb, 0 bytes, Stack size 0 bytes, startup_LPC11xx.o(.text))
<BR>[Address Reference Count : 1]<UL><LI> startup_LPC11xx.o(RESET)
</UL>
<P><STRONG><a name="[27]"></a>PIO_3_IRQHandler</STRONG> (Thumb, 0 bytes, Stack size 0 bytes, startup_LPC11xx.o(.text))
<BR>[Address Reference Count : 1]<UL><LI> startup_LPC11xx.o(RESET)
</UL>
<P><STRONG><a name="[d]"></a>SLWU_INT0_IRQHandler</STRONG> (Thumb, 0 bytes, Stack size 0 bytes, startup_LPC11xx.o(.text))
<BR>[Address Reference Count : 1]<UL><LI> startup_LPC11xx.o(RESET)
</UL>
<P><STRONG><a name="[17]"></a>SLWU_INT10_IRQHandler</STRONG> (Thumb, 0 bytes, Stack size 0 bytes, startup_LPC11xx.o(.text))
<BR>[Address Reference Count : 1]<UL><LI> startup_LPC11xx.o(RESET)
</UL>
<P><STRONG><a name="[18]"></a>SLWU_INT11_IRQHandler</STRONG> (Thumb, 0 bytes, Stack size 0 bytes, startup_LPC11xx.o(.text))
<BR>[Address Reference Count : 1]<UL><LI> startup_LPC11xx.o(RESET)
</UL>
<P><STRONG><a name="[19]"></a>SLWU_INT12_IRQHandler</STRONG> (Thumb, 0 bytes, Stack size 0 bytes, startup_LPC11xx.o(.text))
<BR>[Address Reference Count : 1]<UL><LI> startup_LPC11xx.o(RESET)
</UL>
<P><STRONG><a name="[e]"></a>SLWU_INT1_IRQHandler</STRONG> (Thumb, 0 bytes, Stack size 0 bytes, startup_LPC11xx.o(.text))
<BR>[Address Reference Count : 1]<UL><LI> startup_LPC11xx.o(RESET)
</UL>
<P><STRONG><a name="[f]"></a>SLWU_INT2_IRQHandler</STRONG> (Thumb, 0 bytes, Stack size 0 bytes, startup_LPC11xx.o(.text))
<BR>[Address Reference Count : 1]<UL><LI> startup_LPC11xx.o(RESET)
</UL>
<P><STRONG><a name="[10]"></a>SLWU_INT3_IRQHandler</STRONG> (Thumb, 0 bytes, Stack size 0 bytes, startup_LPC11xx.o(.text))
<BR>[Address Reference Count : 1]<UL><LI> startup_LPC11xx.o(RESET)
</UL>
<P><STRONG><a name="[11]"></a>SLWU_INT4_IRQHandler</STRONG> (Thumb, 0 bytes, Stack size 0 bytes, startup_LPC11xx.o(.text))
<BR>[Address Reference Count : 1]<UL><LI> startup_LPC11xx.o(RESET)
</UL>
<P><STRONG><a name="[12]"></a>SLWU_INT5_IRQHandler</STRONG> (Thumb, 0 bytes, Stack size 0 bytes, startup_LPC11xx.o(.text))
<BR>[Address Reference Count : 1]<UL><LI> startup_LPC11xx.o(RESET)
</UL>
<P><STRONG><a name="[13]"></a>SLWU_INT6_IRQHandler</STRONG> (Thumb, 0 bytes, Stack size 0 bytes, startup_LPC11xx.o(.text))
<BR>[Address Reference Count : 1]<UL><LI> startup_LPC11xx.o(RESET)
</UL>
<P><STRONG><a name="[14]"></a>SLWU_INT7_IRQHandler</STRONG> (Thumb, 0 bytes, Stack size 0 bytes, startup_LPC11xx.o(.text))
<BR>[Address Reference Count : 1]<UL><LI> startup_LPC11xx.o(RESET)
</UL>
<P><STRONG><a name="[15]"></a>SLWU_INT8_IRQHandler</STRONG> (Thumb, 0 bytes, Stack size 0 bytes, startup_LPC11xx.o(.text))
<BR>[Address Reference Count : 1]<UL><LI> startup_LPC11xx.o(RESET)
</UL>
<P><STRONG><a name="[16]"></a>SLWU_INT9_IRQHandler</STRONG> (Thumb, 0 bytes, Stack size 0 bytes, startup_LPC11xx.o(.text))
<BR>[Address Reference Count : 1]<UL><LI> startup_LPC11xx.o(RESET)
</UL>
<P><STRONG><a name="[21]"></a>SSP0_IRQHandler</STRONG> (Thumb, 0 bytes, Stack size 0 bytes, startup_LPC11xx.o(.text))
<BR>[Address Reference Count : 1]<UL><LI> startup_LPC11xx.o(RESET)
</UL>
<P><STRONG><a name="[1b]"></a>SSP1_IRQHandler</STRONG> (Thumb, 0 bytes, Stack size 0 bytes, startup_LPC11xx.o(.text))
<BR>[Address Reference Count : 1]<UL><LI> startup_LPC11xx.o(RESET)
</UL>
<P><STRONG><a name="[1d]"></a>TIMER16_0_IRQHandler</STRONG> (Thumb, 0 bytes, Stack size 0 bytes, startup_LPC11xx.o(.text))
<BR>[Address Reference Count : 1]<UL><LI> startup_LPC11xx.o(RESET)
</UL>
<P><STRONG><a name="[1e]"></a>TIMER16_1_IRQHandler</STRONG> (Thumb, 0 bytes, Stack size 0 bytes, startup_LPC11xx.o(.text))
<BR>[Address Reference Count : 1]<UL><LI> startup_LPC11xx.o(RESET)
</UL>
<P><STRONG><a name="[1f]"></a>TIMER32_0_IRQHandler</STRONG> (Thumb, 0 bytes, Stack size 0 bytes, startup_LPC11xx.o(.text))
<BR>[Address Reference Count : 1]<UL><LI> startup_LPC11xx.o(RESET)
</UL>
<P><STRONG><a name="[20]"></a>TIMER32_1_IRQHandler</STRONG> (Thumb, 0 bytes, Stack size 0 bytes, startup_LPC11xx.o(.text))
<BR>[Address Reference Count : 1]<UL><LI> startup_LPC11xx.o(RESET)
</UL>
<P><STRONG><a name="[22]"></a>UART_IRQHandler</STRONG> (Thumb, 0 bytes, Stack size 0 bytes, startup_LPC11xx.o(.text))
<BR>[Address Reference Count : 1]<UL><LI> startup_LPC11xx.o(RESET)
</UL>
<P><STRONG><a name="[25]"></a>WDT_IRQHandler</STRONG> (Thumb, 0 bytes, Stack size 0 bytes, startup_LPC11xx.o(.text))
<BR>[Address Reference Count : 1]<UL><LI> startup_LPC11xx.o(RESET)
</UL>
<P><STRONG><a name="[49]"></a>__aeabi_uidivmod</STRONG> (Thumb, 44 bytes, Stack size 0 bytes, uidiv.o(.text))
<BR><BR>[Called By]<UL><LI><a href="#[46]">&gt;&gt;</a>&nbsp;&nbsp;&nbsp;us_ticker_read
</UL>

<P><STRONG><a name="[4b]"></a>__aeabi_fmul</STRONG> (Thumb, 122 bytes, Stack size 0 bytes, fmul.o(.text))
<BR><BR>[Called By]<UL><LI><a href="#[36]">&gt;&gt;</a>&nbsp;&nbsp;&nbsp;wait
</UL>

<P><STRONG><a name="[39]"></a>__aeabi_dadd</STRONG> (Thumb, 328 bytes, Stack size 0 bytes, dadd.o(.text))
<BR><BR>[Calls]<UL><LI><a href="#[3b]">&gt;&gt;</a>&nbsp;&nbsp;&nbsp;__aeabi_lasr
<LI><a href="#[3a]">&gt;&gt;</a>&nbsp;&nbsp;&nbsp;__aeabi_llsl
<LI><a href="#[3d]">&gt;&gt;</a>&nbsp;&nbsp;&nbsp;_double_round
<LI><a href="#[3c]">&gt;&gt;</a>&nbsp;&nbsp;&nbsp;_double_epilogue
</UL>
<BR>[Called By]<UL><LI><a href="#[33]">&gt;&gt;</a>&nbsp;&nbsp;&nbsp;$Super$$main
<LI><a href="#[34]">&gt;&gt;</a>&nbsp;&nbsp;&nbsp;__aeabi_dsub
<LI><a href="#[3e]">&gt;&gt;</a>&nbsp;&nbsp;&nbsp;__aeabi_drsub
</UL>

<P><STRONG><a name="[34]"></a>__aeabi_dsub</STRONG> (Thumb, 12 bytes, Stack size 0 bytes, dadd.o(.text))
<BR><BR>[Calls]<UL><LI><a href="#[39]">&gt;&gt;</a>&nbsp;&nbsp;&nbsp;__aeabi_dadd
</UL>
<BR>[Called By]<UL><LI><a href="#[33]">&gt;&gt;</a>&nbsp;&nbsp;&nbsp;$Super$$main
</UL>

<P><STRONG><a name="[3e]"></a>__aeabi_drsub</STRONG> (Thumb, 12 bytes, Stack size 0 bytes, dadd.o(.text), UNUSED)
<BR><BR>[Calls]<UL><LI><a href="#[39]">&gt;&gt;</a>&nbsp;&nbsp;&nbsp;__aeabi_dadd
</UL>

<P><STRONG><a name="[4c]"></a>__aeabi_f2iz</STRONG> (Thumb, 50 bytes, Stack size 0 bytes, ffixi.o(.text))
<BR><BR>[Called By]<UL><LI><a href="#[36]">&gt;&gt;</a>&nbsp;&nbsp;&nbsp;wait
</UL>

<P><STRONG><a name="[38]"></a>__aeabi_cdcmple</STRONG> (Thumb, 38 bytes, Stack size 0 bytes, cdcmple.o(.text))
<BR><BR>[Called By]<UL><LI><a href="#[33]">&gt;&gt;</a>&nbsp;&nbsp;&nbsp;$Super$$main
</UL>

<P><STRONG><a name="[37]"></a>__aeabi_cdrcmple</STRONG> (Thumb, 38 bytes, Stack size 0 bytes, cdrcmple.o(.text))
<BR><BR>[Called By]<UL><LI><a href="#[33]">&gt;&gt;</a>&nbsp;&nbsp;&nbsp;$Super$$main
</UL>

<P><STRONG><a name="[35]"></a>__aeabi_d2f</STRONG> (Thumb, 56 bytes, Stack size 0 bytes, d2f.o(.text))
<BR><BR>[Calls]<UL><LI><a href="#[3f]">&gt;&gt;</a>&nbsp;&nbsp;&nbsp;_float_round
</UL>
<BR>[Called By]<UL><LI><a href="#[33]">&gt;&gt;</a>&nbsp;&nbsp;&nbsp;$Super$$main
</UL>

<P><STRONG><a name="[3a]"></a>__aeabi_llsl</STRONG> (Thumb, 32 bytes, Stack size 0 bytes, llshl.o(.text))
<BR><BR>[Called By]<UL><LI><a href="#[39]">&gt;&gt;</a>&nbsp;&nbsp;&nbsp;__aeabi_dadd
<LI><a href="#[3c]">&gt;&gt;</a>&nbsp;&nbsp;&nbsp;_double_epilogue
</UL>

<P><STRONG><a name="[3b]"></a>__aeabi_lasr</STRONG> (Thumb, 38 bytes, Stack size 0 bytes, llsshr.o(.text))
<BR><BR>[Called By]<UL><LI><a href="#[39]">&gt;&gt;</a>&nbsp;&nbsp;&nbsp;__aeabi_dadd
</UL>

<P><STRONG><a name="[3f]"></a>_float_round</STRONG> (Thumb, 16 bytes, Stack size 0 bytes, fepilogue.o(.text))
<BR><BR>[Called By]<UL><LI><a href="#[35]">&gt;&gt;</a>&nbsp;&nbsp;&nbsp;__aeabi_d2f
</UL>

<P><STRONG><a name="[3d]"></a>_double_round</STRONG> (Thumb, 26 bytes, Stack size 0 bytes, depilogue.o(.text))
<BR><BR>[Called By]<UL><LI><a href="#[39]">&gt;&gt;</a>&nbsp;&nbsp;&nbsp;__aeabi_dadd
<LI><a href="#[3c]">&gt;&gt;</a>&nbsp;&nbsp;&nbsp;_double_epilogue
</UL>

<P><STRONG><a name="[3c]"></a>_double_epilogue</STRONG> (Thumb, 164 bytes, Stack size 0 bytes, depilogue.o(.text))
<BR><BR>[Calls]<UL><LI><a href="#[41]">&gt;&gt;</a>&nbsp;&nbsp;&nbsp;__aeabi_llsr
<LI><a href="#[40]">&gt;&gt;</a>&nbsp;&nbsp;&nbsp;__ARM_clz
<LI><a href="#[3a]">&gt;&gt;</a>&nbsp;&nbsp;&nbsp;__aeabi_llsl
<LI><a href="#[3d]">&gt;&gt;</a>&nbsp;&nbsp;&nbsp;_double_round
</UL>
<BR>[Called By]<UL><LI><a href="#[39]">&gt;&gt;</a>&nbsp;&nbsp;&nbsp;__aeabi_dadd
</UL>

<P><STRONG><a name="[30]"></a>__scatterload</STRONG> (Thumb, 28 bytes, Stack size 0 bytes, init.o(.text))
<BR><BR>[Calls]<UL><LI><a href="#[42]">&gt;&gt;</a>&nbsp;&nbsp;&nbsp;__main_after_scatterload
</UL>
<BR>[Called By]<UL><LI><a href="#[2f]">&gt;&gt;</a>&nbsp;&nbsp;&nbsp;_main_scatterload
</UL>

<P><STRONG><a name="[41]"></a>__aeabi_llsr</STRONG> (Thumb, 34 bytes, Stack size 0 bytes, llushr.o(.text))
<BR><BR>[Called By]<UL><LI><a href="#[3c]">&gt;&gt;</a>&nbsp;&nbsp;&nbsp;_double_epilogue
</UL>

<P><STRONG><a name="[2b]"></a>main</STRONG> (Thumb, 16 bytes, Stack size 0 bytes, retarget.o(i.$Sub$$main))
<BR><BR>[Calls]<UL><LI><a href="#[43]">&gt;&gt;</a>&nbsp;&nbsp;&nbsp;mbed_sdk_init
<LI><a href="#[44]">&gt;&gt;</a>&nbsp;&nbsp;&nbsp;mbed_main
<LI><a href="#[33]">&gt;&gt;</a>&nbsp;&nbsp;&nbsp;$Super$$main
</UL>
<BR>[Address Reference Count : 1]<UL><LI> entry9a.o(.ARM.Collect$$$$0000000B)
</UL>
<P><STRONG><a name="[4a]"></a>NVIC_SetVector</STRONG> (Thumb, 62 bytes, Stack size 0 bytes, cmsis_nvic.o(i.NVIC_SetVector))
<BR><BR>[Called By]<UL><LI><a href="#[46]">&gt;&gt;</a>&nbsp;&nbsp;&nbsp;us_ticker_read
</UL>

<P><STRONG><a name="[2c]"></a>SystemInit</STRONG> (Thumb, 78 bytes, Stack size 0 bytes, system_LPC11xx.o(i.SystemInit))
<BR>[Address Reference Count : 1]<UL><LI> startup_LPC11xx.o(.text)
</UL>
<P><STRONG><a name="[40]"></a>__ARM_clz</STRONG> (Thumb, 46 bytes, Stack size 0 bytes, depilogue.o(i.__ARM_clz))
<BR><BR>[Called By]<UL><LI><a href="#[3c]">&gt;&gt;</a>&nbsp;&nbsp;&nbsp;_double_epilogue
</UL>

<P><STRONG><a name="[45]"></a>us_ticker_clear_interrupt</STRONG> (Thumb, 8 bytes, Stack size 0 bytes, us_ticker.o(i.us_ticker_clear_interrupt))
<BR><BR>[Called By]<UL><LI><a href="#[2e]">&gt;&gt;</a>&nbsp;&nbsp;&nbsp;us_ticker_irq_handler
</UL>

<P><STRONG><a name="[47]"></a>us_ticker_disable_interrupt</STRONG> (Thumb, 12 bytes, Stack size 0 bytes, us_ticker.o(i.us_ticker_disable_interrupt))
<BR><BR>[Called By]<UL><LI><a href="#[2e]">&gt;&gt;</a>&nbsp;&nbsp;&nbsp;us_ticker_irq_handler
</UL>

<P><STRONG><a name="[2e]"></a>us_ticker_irq_handler</STRONG> (Thumb, 58 bytes, Stack size 0 bytes, us_ticker_api.o(i.us_ticker_irq_handler))
<BR><BR>[Calls]<UL><LI><a href="#[48]">&gt;&gt;</a>&nbsp;&nbsp;&nbsp;us_ticker_set_interrupt
<LI><a href="#[47]">&gt;&gt;</a>&nbsp;&nbsp;&nbsp;us_ticker_disable_interrupt
<LI><a href="#[45]">&gt;&gt;</a>&nbsp;&nbsp;&nbsp;us_ticker_clear_interrupt
<LI><a href="#[46]">&gt;&gt;</a>&nbsp;&nbsp;&nbsp;us_ticker_read
</UL>
<BR>[Address Reference Count : 1]<UL><LI> us_ticker.o(i.us_ticker_read)
</UL>
<P><STRONG><a name="[46]"></a>us_ticker_read</STRONG> (Thumb, 64 bytes, Stack size 0 bytes, us_ticker.o(i.us_ticker_read))
<BR><BR>[Calls]<UL><LI><a href="#[49]">&gt;&gt;</a>&nbsp;&nbsp;&nbsp;__aeabi_uidivmod
<LI><a href="#[4a]">&gt;&gt;</a>&nbsp;&nbsp;&nbsp;NVIC_SetVector
</UL>
<BR>[Called By]<UL><LI><a href="#[2e]">&gt;&gt;</a>&nbsp;&nbsp;&nbsp;us_ticker_irq_handler
<LI><a href="#[36]">&gt;&gt;</a>&nbsp;&nbsp;&nbsp;wait
</UL>

<P><STRONG><a name="[48]"></a>us_ticker_set_interrupt</STRONG> (Thumb, 14 bytes, Stack size 0 bytes, us_ticker.o(i.us_ticker_set_interrupt))
<BR><BR>[Called By]<UL><LI><a href="#[2e]">&gt;&gt;</a>&nbsp;&nbsp;&nbsp;us_ticker_irq_handler
</UL>

<P><STRONG><a name="[36]"></a>wait</STRONG> (Thumb, 32 bytes, Stack size 0 bytes, wait_api.o(i.wait))
<BR><BR>[Calls]<UL><LI><a href="#[46]">&gt;&gt;</a>&nbsp;&nbsp;&nbsp;us_ticker_read
<LI><a href="#[4b]">&gt;&gt;</a>&nbsp;&nbsp;&nbsp;__aeabi_fmul
<LI><a href="#[4c]">&gt;&gt;</a>&nbsp;&nbsp;&nbsp;__aeabi_f2iz
</UL>
<BR>[Called By]<UL><LI><a href="#[33]">&gt;&gt;</a>&nbsp;&nbsp;&nbsp;$Super$$main
</UL>
<P>
<H3>
Local Symbols
</H3><P>
<H3>
Undefined Global Symbols
</H3><HR></body></html>
