<!doctype html public "-//w3c//dtd html 4.0 transitional//en">
<html><head>
<title>Static Call Graph - [.\build\mbed_project.axf]</title></head>
<body><HR>
<H1>Static Call Graph for image .\build\mbed_project.axf</H1><HR>
<BR><P>#&#060CALLGRAPH&#062# ARM Linker, 5060750: Last Updated: Mon Jun 04 15:29:02 2018
<BR><P>
<H3>Maximum Stack Usage =          0 bytes + Unknown(Cycles, Untraceable Function Pointers)</H3><H3>
Call chain for Maximum Stack Depth:</H3>

<P>
<H3>
Mutually Recursive functions
</H3> <LI><a href="#[9]">HardFault_Handler</a>&nbsp;&nbsp;&nbsp;&rArr;&nbsp;&nbsp;&nbsp;<a href="#[9]">HardFault_Handler</a><BR>
 <LI><a href="#[a]">SVC_Handler</a>&nbsp;&nbsp;&nbsp;&rArr;&nbsp;&nbsp;&nbsp;<a href="#[a]">SVC_Handler</a><BR>
 <LI><a href="#[b]">PendSV_Handler</a>&nbsp;&nbsp;&nbsp;&rArr;&nbsp;&nbsp;&nbsp;<a href="#[b]">PendSV_Handler</a><BR>
 <LI><a href="#[c]">SysTick_Handler</a>&nbsp;&nbsp;&nbsp;&rArr;&nbsp;&nbsp;&nbsp;<a href="#[c]">SysTick_Handler</a><BR>
 <LI><a href="#[23]">Reserved_IRQHandler</a>&nbsp;&nbsp;&nbsp;&rArr;&nbsp;&nbsp;&nbsp;<a href="#[23]">Reserved_IRQHandler</a><BR>
 <LI><a href="#[24]">ADC_IRQHandler</a>&nbsp;&nbsp;&nbsp;&rArr;&nbsp;&nbsp;&nbsp;<a href="#[24]">ADC_IRQHandler</a><BR>
 <LI><a href="#[70]">mbed_assert_internal</a>&nbsp;&nbsp;&nbsp;&rArr;&nbsp;&nbsp;&nbsp;<a href="#[90]">mbed_die</a><BR>
</UL>
<P>
<H3>
Function Pointers
</H3><UL>
 <LI><a href="#[24]">ADC_IRQHandler</a> from startup_LPC11xx.o(.text) referenced from startup_LPC11xx.o(RESET)
 <LI><a href="#[26]">BOD_IRQHandler</a> from startup_LPC11xx.o(.text) referenced from startup_LPC11xx.o(RESET)
 <LI><a href="#[1a]">C_CAN_IRQHandler</a> from startup_LPC11xx.o(.text) referenced from startup_LPC11xx.o(RESET)
 <LI><a href="#[9]">HardFault_Handler</a> from startup_LPC11xx.o(.text) referenced from startup_LPC11xx.o(RESET)
 <LI><a href="#[1c]">I2C_IRQHandler</a> from startup_LPC11xx.o(.text) referenced from startup_LPC11xx.o(RESET)
 <LI><a href="#[8]">NMI_Handler</a> from startup_LPC11xx.o(.text) referenced from startup_LPC11xx.o(RESET)
 <LI><a href="#[2a]">PIO_0_IRQHandler</a> from startup_LPC11xx.o(.text) referenced from startup_LPC11xx.o(RESET)
 <LI><a href="#[29]">PIO_1_IRQHandler</a> from startup_LPC11xx.o(.text) referenced from startup_LPC11xx.o(RESET)
 <LI><a href="#[28]">PIO_2_IRQHandler</a> from startup_LPC11xx.o(.text) referenced from startup_LPC11xx.o(RESET)
 <LI><a href="#[27]">PIO_3_IRQHandler</a> from startup_LPC11xx.o(.text) referenced from startup_LPC11xx.o(RESET)
 <LI><a href="#[b]">PendSV_Handler</a> from startup_LPC11xx.o(.text) referenced from startup_LPC11xx.o(RESET)
 <LI><a href="#[23]">Reserved_IRQHandler</a> from startup_LPC11xx.o(.text) referenced 3 times from startup_LPC11xx.o(RESET)
 <LI><a href="#[7]">Reset_Handler</a> from startup_LPC11xx.o(.text) referenced from startup_LPC11xx.o(RESET)
 <LI><a href="#[d]">SLWU_INT0_IRQHandler</a> from startup_LPC11xx.o(.text) referenced from startup_LPC11xx.o(RESET)
 <LI><a href="#[17]">SLWU_INT10_IRQHandler</a> from startup_LPC11xx.o(.text) referenced from startup_LPC11xx.o(RESET)
 <LI><a href="#[18]">SLWU_INT11_IRQHandler</a> from startup_LPC11xx.o(.text) referenced from startup_LPC11xx.o(RESET)
 <LI><a href="#[19]">SLWU_INT12_IRQHandler</a> from startup_LPC11xx.o(.text) referenced from startup_LPC11xx.o(RESET)
 <LI><a href="#[e]">SLWU_INT1_IRQHandler</a> from startup_LPC11xx.o(.text) referenced from startup_LPC11xx.o(RESET)
 <LI><a href="#[f]">SLWU_INT2_IRQHandler</a> from startup_LPC11xx.o(.text) referenced from startup_LPC11xx.o(RESET)
 <LI><a href="#[10]">SLWU_INT3_IRQHandler</a> from startup_LPC11xx.o(.text) referenced from startup_LPC11xx.o(RESET)
 <LI><a href="#[11]">SLWU_INT4_IRQHandler</a> from startup_LPC11xx.o(.text) referenced from startup_LPC11xx.o(RESET)
 <LI><a href="#[12]">SLWU_INT5_IRQHandler</a> from startup_LPC11xx.o(.text) referenced from startup_LPC11xx.o(RESET)
 <LI><a href="#[13]">SLWU_INT6_IRQHandler</a> from startup_LPC11xx.o(.text) referenced from startup_LPC11xx.o(RESET)
 <LI><a href="#[14]">SLWU_INT7_IRQHandler</a> from startup_LPC11xx.o(.text) referenced from startup_LPC11xx.o(RESET)
 <LI><a href="#[15]">SLWU_INT8_IRQHandler</a> from startup_LPC11xx.o(.text) referenced from startup_LPC11xx.o(RESET)
 <LI><a href="#[16]">SLWU_INT9_IRQHandler</a> from startup_LPC11xx.o(.text) referenced from startup_LPC11xx.o(RESET)
 <LI><a href="#[21]">SSP0_IRQHandler</a> from startup_LPC11xx.o(.text) referenced from startup_LPC11xx.o(RESET)
 <LI><a href="#[1b]">SSP1_IRQHandler</a> from startup_LPC11xx.o(.text) referenced from startup_LPC11xx.o(RESET)
 <LI><a href="#[a]">SVC_Handler</a> from startup_LPC11xx.o(.text) referenced from startup_LPC11xx.o(RESET)
 <LI><a href="#[c]">SysTick_Handler</a> from startup_LPC11xx.o(.text) referenced from startup_LPC11xx.o(RESET)
 <LI><a href="#[2d]">SystemInit</a> from system_LPC11xx.o(i.SystemInit) referenced from startup_LPC11xx.o(.text)
 <LI><a href="#[1d]">TIMER16_0_IRQHandler</a> from startup_LPC11xx.o(.text) referenced from startup_LPC11xx.o(RESET)
 <LI><a href="#[1e]">TIMER16_1_IRQHandler</a> from startup_LPC11xx.o(.text) referenced from startup_LPC11xx.o(RESET)
 <LI><a href="#[1f]">TIMER32_0_IRQHandler</a> from startup_LPC11xx.o(.text) referenced from startup_LPC11xx.o(RESET)
 <LI><a href="#[20]">TIMER32_1_IRQHandler</a> from startup_LPC11xx.o(.text) referenced from startup_LPC11xx.o(RESET)
 <LI><a href="#[22]">UART_IRQHandler</a> from startup_LPC11xx.o(.text) referenced from startup_LPC11xx.o(RESET)
 <LI><a href="#[25]">WDT_IRQHandler</a> from startup_LPC11xx.o(.text) referenced from startup_LPC11xx.o(RESET)
 <LI><a href="#[34]">__default_new_handler()</a> from arm_newhandler_noexceptions.o(.text) referenced from new.o(i._Znwj)
 <LI><a href="#[33]">[local to arm_exceptions_c]::__default_terminate_handler()</a> from arm_exceptions_globs.o(.text) referenced from arm_exceptions_globs.o(.text)
 <LI><a href="#[2c]">mbed::BusOut::~BusOut()</a> from BusOut.o(i._ZN4mbed6BusOutD1Ev) referenced from BusOut.o(.constdata__ZTVN4mbed6BusOutE)
 <LI><a href="#[2c]">mbed::BusOut::~BusOut()</a> from BusOut.o(i._ZN4mbed6BusOutD1Ev) referenced from main.o(.text)
 <LI><a href="#[2e]">__main</a> from entry.o(.ARM.Collect$$$$00000000) referenced from startup_LPC11xx.o(.text)
 <LI><a href="#[37]">__sti___8_main_cpp_led</a> from main.o(.text) referenced from main.o(.init_array)
 <LI><a href="#[30]">_sbackspace</a> from _sgetc.o(.text) referenced from __0sscanf.o(.text)
 <LI><a href="#[31]">_scanf_char_input</a> from scanf_char.o(.text) referenced from scanf_char.o(.text)
 <LI><a href="#[2f]">_sgetc</a> from _sgetc.o(.text) referenced from __0sscanf.o(.text)
 <LI><a href="#[35]">fputc</a> from fputc_fp.o(.text) referenced from printfa.o(i.__0fprintf)
 <LI><a href="#[35]">fputc</a> from fputc_fp.o(.text) referenced from printfa.o(i.__0printf)
 <LI><a href="#[35]">fputc</a> from fputc_fp.o(.text) referenced from printfa.o(i.__0vfprintf)
 <LI><a href="#[32]">isspace</a> from isspace_c.o(.text) referenced from scanf_char.o(.text)
 <LI><a href="#[2b]">main</a> from retarget.o(i.$Sub$$main) referenced from entry9a.o(.ARM.Collect$$$$0000000B)
 <LI><a href="#[36]">us_ticker_irq_handler</a> from us_ticker_api.o(i.us_ticker_irq_handler) referenced from us_ticker.o(i.us_ticker_read)
</UL>
<P>
<H3>
Global Symbols
</H3>
<P><STRONG><a name="[2e]"></a>__main</STRONG> (Thumb, 0 bytes, Stack size 0 bytes, entry.o(.ARM.Collect$$$$00000000))
<BR>[Address Reference Count : 1]<UL><LI> startup_LPC11xx.o(.text)
</UL>
<P><STRONG><a name="[39]"></a>_main_scatterload</STRONG> (Thumb, 0 bytes, Stack size 0 bytes, entry5.o(.ARM.Collect$$$$00000004))
<BR><BR>[Calls]<UL><LI><a href="#[3a]">&gt;&gt;</a>&nbsp;&nbsp;&nbsp;__scatterload
</UL>

<P><STRONG><a name="[67]"></a>__main_after_scatterload</STRONG> (Thumb, 0 bytes, Stack size 0 bytes, entry5.o(.ARM.Collect$$$$00000004))
<BR><BR>[Called By]<UL><LI><a href="#[3a]">&gt;&gt;</a>&nbsp;&nbsp;&nbsp;__scatterload
</UL>

<P><STRONG><a name="[3b]"></a>__use_full_stdio</STRONG> (Thumb, 0 bytes, Stack size 0 bytes, entry6b.o(.ARM.Collect$$$$00000006))
<BR><BR>[Calls]<UL><LI><a href="#[3c]">&gt;&gt;</a>&nbsp;&nbsp;&nbsp;_initio
</UL>

<P><STRONG><a name="[4a]"></a>__main_after_initio</STRONG> (Thumb, 0 bytes, Stack size 0 bytes, entry6b.o(.ARM.Collect$$$$00000006))
<BR><BR>[Called By]<UL><LI><a href="#[3c]">&gt;&gt;</a>&nbsp;&nbsp;&nbsp;_initio
</UL>

<P><STRONG><a name="[3d]"></a>_main_cpp_init$empty</STRONG> (Thumb, 0 bytes, Stack size 0 bytes, entry8a.o(.ARM.Collect$$$$00000009))
<BR><BR>[Calls]<UL><LI><a href="#[38]">&gt;&gt;</a>&nbsp;&nbsp;&nbsp;__cpp_initialize__aeabi_
</UL>

<P><STRONG><a name="[3e]"></a>__rt_final_cpp$nonempty</STRONG> (Thumb, 0 bytes, Stack size 0 bytes, entry10b.o(.ARM.Collect$$$$0000000E))
<BR><BR>[Calls]<UL><LI><a href="#[3f]">&gt;&gt;</a>&nbsp;&nbsp;&nbsp;__cxa_finalize
</UL>

<P><STRONG><a name="[40]"></a>$Super$$main</STRONG> (Thumb, 70 bytes, Stack size 0 bytes, main.o(.text))
<BR><BR>[Calls]<UL><LI><a href="#[45]">&gt;&gt;</a>&nbsp;&nbsp;&nbsp;wait
<LI><a href="#[44]">&gt;&gt;</a>&nbsp;&nbsp;&nbsp;pwmout_pulsewidth_us
<LI><a href="#[42]">&gt;&gt;</a>&nbsp;&nbsp;&nbsp;pwmout_period_ms
<LI><a href="#[41]">&gt;&gt;</a>&nbsp;&nbsp;&nbsp;mbed::BusOut::operator =(int)
<LI><a href="#[43]">&gt;&gt;</a>&nbsp;&nbsp;&nbsp;__2printf
</UL>
<BR>[Called By]<UL><LI><a href="#[2b]">&gt;&gt;</a>&nbsp;&nbsp;&nbsp;main
</UL>

<P><STRONG><a name="[7]"></a>Reset_Handler</STRONG> (Thumb, 8 bytes, Stack size 0 bytes, startup_LPC11xx.o(.text))
<BR>[Address Reference Count : 1]<UL><LI> startup_LPC11xx.o(RESET)
</UL>
<P><STRONG><a name="[9]"></a>HardFault_Handler</STRONG> (Thumb, 2 bytes, Stack size 0 bytes, startup_LPC11xx.o(.text))
<BR><BR>[Calls]<UL><LI><a href="#[9]">&gt;&gt;</a>&nbsp;&nbsp;&nbsp;HardFault_Handler
</UL>
<BR>[Called By]<UL><LI><a href="#[9]">&gt;&gt;</a>&nbsp;&nbsp;&nbsp;HardFault_Handler
</UL>
<BR>[Address Reference Count : 1]<UL><LI> startup_LPC11xx.o(RESET)
</UL>
<P><STRONG><a name="[a]"></a>SVC_Handler</STRONG> (Thumb, 2 bytes, Stack size 0 bytes, startup_LPC11xx.o(.text))
<BR><BR>[Calls]<UL><LI><a href="#[a]">&gt;&gt;</a>&nbsp;&nbsp;&nbsp;SVC_Handler
</UL>
<BR>[Called By]<UL><LI><a href="#[a]">&gt;&gt;</a>&nbsp;&nbsp;&nbsp;SVC_Handler
</UL>
<BR>[Address Reference Count : 1]<UL><LI> startup_LPC11xx.o(RESET)
</UL>
<P><STRONG><a name="[b]"></a>PendSV_Handler</STRONG> (Thumb, 2 bytes, Stack size 0 bytes, startup_LPC11xx.o(.text))
<BR><BR>[Calls]<UL><LI><a href="#[b]">&gt;&gt;</a>&nbsp;&nbsp;&nbsp;PendSV_Handler
</UL>
<BR>[Called By]<UL><LI><a href="#[b]">&gt;&gt;</a>&nbsp;&nbsp;&nbsp;PendSV_Handler
</UL>
<BR>[Address Reference Count : 1]<UL><LI> startup_LPC11xx.o(RESET)
</UL>
<P><STRONG><a name="[c]"></a>SysTick_Handler</STRONG> (Thumb, 2 bytes, Stack size 0 bytes, startup_LPC11xx.o(.text))
<BR><BR>[Calls]<UL><LI><a href="#[c]">&gt;&gt;</a>&nbsp;&nbsp;&nbsp;SysTick_Handler
</UL>
<BR>[Called By]<UL><LI><a href="#[c]">&gt;&gt;</a>&nbsp;&nbsp;&nbsp;SysTick_Handler
</UL>
<BR>[Address Reference Count : 1]<UL><LI> startup_LPC11xx.o(RESET)
</UL>
<P><STRONG><a name="[23]"></a>Reserved_IRQHandler</STRONG> (Thumb, 2 bytes, Stack size 0 bytes, startup_LPC11xx.o(.text))
<BR><BR>[Calls]<UL><LI><a href="#[23]">&gt;&gt;</a>&nbsp;&nbsp;&nbsp;Reserved_IRQHandler
</UL>
<BR>[Called By]<UL><LI><a href="#[23]">&gt;&gt;</a>&nbsp;&nbsp;&nbsp;Reserved_IRQHandler
</UL>
<BR>[Address Reference Count : 1]<UL><LI> startup_LPC11xx.o(RESET)
</UL>
<P><STRONG><a name="[24]"></a>ADC_IRQHandler</STRONG> (Thumb, 0 bytes, Stack size 0 bytes, startup_LPC11xx.o(.text))
<BR><BR>[Calls]<UL><LI><a href="#[24]">&gt;&gt;</a>&nbsp;&nbsp;&nbsp;ADC_IRQHandler
</UL>
<BR>[Called By]<UL><LI><a href="#[24]">&gt;&gt;</a>&nbsp;&nbsp;&nbsp;ADC_IRQHandler
</UL>
<BR>[Address Reference Count : 1]<UL><LI> startup_LPC11xx.o(RESET)
</UL>
<P><STRONG><a name="[26]"></a>BOD_IRQHandler</STRONG> (Thumb, 0 bytes, Stack size 0 bytes, startup_LPC11xx.o(.text))
<BR>[Address Reference Count : 1]<UL><LI> startup_LPC11xx.o(RESET)
</UL>
<P><STRONG><a name="[1a]"></a>C_CAN_IRQHandler</STRONG> (Thumb, 0 bytes, Stack size 0 bytes, startup_LPC11xx.o(.text))
<BR>[Address Reference Count : 1]<UL><LI> startup_LPC11xx.o(RESET)
</UL>
<P><STRONG><a name="[1c]"></a>I2C_IRQHandler</STRONG> (Thumb, 0 bytes, Stack size 0 bytes, startup_LPC11xx.o(.text))
<BR>[Address Reference Count : 1]<UL><LI> startup_LPC11xx.o(RESET)
</UL>
<P><STRONG><a name="[8]"></a>NMI_Handler</STRONG> (Thumb, 0 bytes, Stack size 0 bytes, startup_LPC11xx.o(.text))
<BR>[Address Reference Count : 1]<UL><LI> startup_LPC11xx.o(RESET)
</UL>
<P><STRONG><a name="[2a]"></a>PIO_0_IRQHandler</STRONG> (Thumb, 0 bytes, Stack size 0 bytes, startup_LPC11xx.o(.text))
<BR>[Address Reference Count : 1]<UL><LI> startup_LPC11xx.o(RESET)
</UL>
<P><STRONG><a name="[29]"></a>PIO_1_IRQHandler</STRONG> (Thumb, 0 bytes, Stack size 0 bytes, startup_LPC11xx.o(.text))
<BR>[Address Reference Count : 1]<UL><LI> startup_LPC11xx.o(RESET)
</UL>
<P><STRONG><a name="[28]"></a>PIO_2_IRQHandler</STRONG> (Thumb, 0 bytes, Stack size 0 bytes, startup_LPC11xx.o(.text))
<BR>[Address Reference Count : 1]<UL><LI> startup_LPC11xx.o(RESET)
</UL>
<P><STRONG><a name="[27]"></a>PIO_3_IRQHandler</STRONG> (Thumb, 0 bytes, Stack size 0 bytes, startup_LPC11xx.o(.text))
<BR>[Address Reference Count : 1]<UL><LI> startup_LPC11xx.o(RESET)
</UL>
<P><STRONG><a name="[d]"></a>SLWU_INT0_IRQHandler</STRONG> (Thumb, 0 bytes, Stack size 0 bytes, startup_LPC11xx.o(.text))
<BR>[Address Reference Count : 1]<UL><LI> startup_LPC11xx.o(RESET)
</UL>
<P><STRONG><a name="[17]"></a>SLWU_INT10_IRQHandler</STRONG> (Thumb, 0 bytes, Stack size 0 bytes, startup_LPC11xx.o(.text))
<BR>[Address Reference Count : 1]<UL><LI> startup_LPC11xx.o(RESET)
</UL>
<P><STRONG><a name="[18]"></a>SLWU_INT11_IRQHandler</STRONG> (Thumb, 0 bytes, Stack size 0 bytes, startup_LPC11xx.o(.text))
<BR>[Address Reference Count : 1]<UL><LI> startup_LPC11xx.o(RESET)
</UL>
<P><STRONG><a name="[19]"></a>SLWU_INT12_IRQHandler</STRONG> (Thumb, 0 bytes, Stack size 0 bytes, startup_LPC11xx.o(.text))
<BR>[Address Reference Count : 1]<UL><LI> startup_LPC11xx.o(RESET)
</UL>
<P><STRONG><a name="[e]"></a>SLWU_INT1_IRQHandler</STRONG> (Thumb, 0 bytes, Stack size 0 bytes, startup_LPC11xx.o(.text))
<BR>[Address Reference Count : 1]<UL><LI> startup_LPC11xx.o(RESET)
</UL>
<P><STRONG><a name="[f]"></a>SLWU_INT2_IRQHandler</STRONG> (Thumb, 0 bytes, Stack size 0 bytes, startup_LPC11xx.o(.text))
<BR>[Address Reference Count : 1]<UL><LI> startup_LPC11xx.o(RESET)
</UL>
<P><STRONG><a name="[10]"></a>SLWU_INT3_IRQHandler</STRONG> (Thumb, 0 bytes, Stack size 0 bytes, startup_LPC11xx.o(.text))
<BR>[Address Reference Count : 1]<UL><LI> startup_LPC11xx.o(RESET)
</UL>
<P><STRONG><a name="[11]"></a>SLWU_INT4_IRQHandler</STRONG> (Thumb, 0 bytes, Stack size 0 bytes, startup_LPC11xx.o(.text))
<BR>[Address Reference Count : 1]<UL><LI> startup_LPC11xx.o(RESET)
</UL>
<P><STRONG><a name="[12]"></a>SLWU_INT5_IRQHandler</STRONG> (Thumb, 0 bytes, Stack size 0 bytes, startup_LPC11xx.o(.text))
<BR>[Address Reference Count : 1]<UL><LI> startup_LPC11xx.o(RESET)
</UL>
<P><STRONG><a name="[13]"></a>SLWU_INT6_IRQHandler</STRONG> (Thumb, 0 bytes, Stack size 0 bytes, startup_LPC11xx.o(.text))
<BR>[Address Reference Count : 1]<UL><LI> startup_LPC11xx.o(RESET)
</UL>
<P><STRONG><a name="[14]"></a>SLWU_INT7_IRQHandler</STRONG> (Thumb, 0 bytes, Stack size 0 bytes, startup_LPC11xx.o(.text))
<BR>[Address Reference Count : 1]<UL><LI> startup_LPC11xx.o(RESET)
</UL>
<P><STRONG><a name="[15]"></a>SLWU_INT8_IRQHandler</STRONG> (Thumb, 0 bytes, Stack size 0 bytes, startup_LPC11xx.o(.text))
<BR>[Address Reference Count : 1]<UL><LI> startup_LPC11xx.o(RESET)
</UL>
<P><STRONG><a name="[16]"></a>SLWU_INT9_IRQHandler</STRONG> (Thumb, 0 bytes, Stack size 0 bytes, startup_LPC11xx.o(.text))
<BR>[Address Reference Count : 1]<UL><LI> startup_LPC11xx.o(RESET)
</UL>
<P><STRONG><a name="[21]"></a>SSP0_IRQHandler</STRONG> (Thumb, 0 bytes, Stack size 0 bytes, startup_LPC11xx.o(.text))
<BR>[Address Reference Count : 1]<UL><LI> startup_LPC11xx.o(RESET)
</UL>
<P><STRONG><a name="[1b]"></a>SSP1_IRQHandler</STRONG> (Thumb, 0 bytes, Stack size 0 bytes, startup_LPC11xx.o(.text))
<BR>[Address Reference Count : 1]<UL><LI> startup_LPC11xx.o(RESET)
</UL>
<P><STRONG><a name="[1d]"></a>TIMER16_0_IRQHandler</STRONG> (Thumb, 0 bytes, Stack size 0 bytes, startup_LPC11xx.o(.text))
<BR>[Address Reference Count : 1]<UL><LI> startup_LPC11xx.o(RESET)
</UL>
<P><STRONG><a name="[1e]"></a>TIMER16_1_IRQHandler</STRONG> (Thumb, 0 bytes, Stack size 0 bytes, startup_LPC11xx.o(.text))
<BR>[Address Reference Count : 1]<UL><LI> startup_LPC11xx.o(RESET)
</UL>
<P><STRONG><a name="[1f]"></a>TIMER32_0_IRQHandler</STRONG> (Thumb, 0 bytes, Stack size 0 bytes, startup_LPC11xx.o(.text))
<BR>[Address Reference Count : 1]<UL><LI> startup_LPC11xx.o(RESET)
</UL>
<P><STRONG><a name="[20]"></a>TIMER32_1_IRQHandler</STRONG> (Thumb, 0 bytes, Stack size 0 bytes, startup_LPC11xx.o(.text))
<BR>[Address Reference Count : 1]<UL><LI> startup_LPC11xx.o(RESET)
</UL>
<P><STRONG><a name="[22]"></a>UART_IRQHandler</STRONG> (Thumb, 0 bytes, Stack size 0 bytes, startup_LPC11xx.o(.text))
<BR>[Address Reference Count : 1]<UL><LI> startup_LPC11xx.o(RESET)
</UL>
<P><STRONG><a name="[25]"></a>WDT_IRQHandler</STRONG> (Thumb, 0 bytes, Stack size 0 bytes, startup_LPC11xx.o(.text))
<BR>[Address Reference Count : 1]<UL><LI> startup_LPC11xx.o(RESET)
</UL>
<P><STRONG><a name="[3c]"></a>_initio</STRONG> (Thumb, 20 bytes, Stack size 0 bytes, initio_oe.o(.text))
<BR><BR>[Calls]<UL><LI><a href="#[4a]">&gt;&gt;</a>&nbsp;&nbsp;&nbsp;__main_after_initio
<LI><a href="#[49]">&gt;&gt;</a>&nbsp;&nbsp;&nbsp;_sys_open
</UL>
<BR>[Called By]<UL><LI><a href="#[3b]">&gt;&gt;</a>&nbsp;&nbsp;&nbsp;__use_full_stdio
</UL>

<P><STRONG><a name="[87]"></a>__aeabi_uidivmod</STRONG> (Thumb, 44 bytes, Stack size 0 bytes, uidiv.o(.text))
<BR><BR>[Called By]<UL><LI><a href="#[a2]">&gt;&gt;</a>&nbsp;&nbsp;&nbsp;us_ticker_read
<LI><a href="#[9f]">&gt;&gt;</a>&nbsp;&nbsp;&nbsp;serial_baud
<LI><a href="#[9b]">&gt;&gt;</a>&nbsp;&nbsp;&nbsp;pwmout_period_us
<LI><a href="#[7e]">&gt;&gt;</a>&nbsp;&nbsp;&nbsp;_printf_core
</UL>

<P><STRONG><a name="[4b]"></a>__aeabi_uldivmod</STRONG> (Thumb, 96 bytes, Stack size 0 bytes, uldiv.o(.text))
<BR><BR>[Calls]<UL><LI><a href="#[4c]">&gt;&gt;</a>&nbsp;&nbsp;&nbsp;__aeabi_llsr
<LI><a href="#[4d]">&gt;&gt;</a>&nbsp;&nbsp;&nbsp;__aeabi_llsl
</UL>
<BR>[Called By]<UL><LI><a href="#[9b]">&gt;&gt;</a>&nbsp;&nbsp;&nbsp;pwmout_period_us
<LI><a href="#[44]">&gt;&gt;</a>&nbsp;&nbsp;&nbsp;pwmout_pulsewidth_us
<LI><a href="#[7e]">&gt;&gt;</a>&nbsp;&nbsp;&nbsp;_printf_core
<LI><a href="#[83]">&gt;&gt;</a>&nbsp;&nbsp;&nbsp;_fp_digits
</UL>

<P><STRONG><a name="[4e]"></a>__aeabi_lmul</STRONG> (Thumb, 122 bytes, Stack size 0 bytes, llmul.o(.text))
<BR><BR>[Calls]<UL><LI><a href="#[4d]">&gt;&gt;</a>&nbsp;&nbsp;&nbsp;__aeabi_llsl
</UL>
<BR>[Called By]<UL><LI><a href="#[44]">&gt;&gt;</a>&nbsp;&nbsp;&nbsp;pwmout_pulsewidth_us
</UL>

<P><STRONG><a name="[76]"></a>strlen</STRONG> (Thumb, 14 bytes, Stack size 0 bytes, strlen.o(.text))
<BR><BR>[Called By]<UL><LI><a href="#[74]">&gt;&gt;</a>&nbsp;&nbsp;&nbsp;mbed::FileBase::lookup(const char*, unsigned)
</UL>

<P><STRONG><a name="[88]"></a>strcmp</STRONG> (Thumb, 28 bytes, Stack size 0 bytes, strcmp.o(.text))
<BR><BR>[Called By]<UL><LI><a href="#[49]">&gt;&gt;</a>&nbsp;&nbsp;&nbsp;_sys_open
</UL>

<P><STRONG><a name="[75]"></a>strncmp</STRONG> (Thumb, 30 bytes, Stack size 0 bytes, strncmp.o(.text))
<BR><BR>[Called By]<UL><LI><a href="#[74]">&gt;&gt;</a>&nbsp;&nbsp;&nbsp;mbed::FileBase::lookup(const char*, unsigned)
</UL>

<P><STRONG><a name="[4f]"></a>__0sscanf</STRONG> (Thumb, 50 bytes, Stack size 0 bytes, __0sscanf.o(.text))
<BR><BR>[Calls]<UL><LI><a href="#[50]">&gt;&gt;</a>&nbsp;&nbsp;&nbsp;__vfscanf_char
</UL>
<BR>[Called By]<UL><LI><a href="#[49]">&gt;&gt;</a>&nbsp;&nbsp;&nbsp;_sys_open
</UL>

<P><STRONG><a name="[51]"></a>_scanf_int</STRONG> (Thumb, 330 bytes, Stack size 0 bytes, _scanf_int.o(.text))
<BR><BR>[Calls]<UL><LI><a href="#[52]">&gt;&gt;</a>&nbsp;&nbsp;&nbsp;_chval
</UL>
<BR>[Called By]<UL><LI><a href="#[59]">&gt;&gt;</a>&nbsp;&nbsp;&nbsp;__vfscanf
</UL>

<P><STRONG><a name="[38]"></a>__cpp_initialize__aeabi_</STRONG> (Thumb, 22 bytes, Stack size 0 bytes, cpp_init.o(.text))
<BR><BR>[Called By]<UL><LI><a href="#[3d]">&gt;&gt;</a>&nbsp;&nbsp;&nbsp;_main_cpp_init$empty
</UL>

<P><STRONG><a name="[47]"></a>__aeabi_atexit</STRONG> (Thumb, 42 bytes, Stack size 0 bytes, aeabi_atexit.o(.text))
<BR><BR>[Calls]<UL><LI><a href="#[54]">&gt;&gt;</a>&nbsp;&nbsp;&nbsp;__rt_ddtor_pointer_addr
<LI><a href="#[53]">&gt;&gt;</a>&nbsp;&nbsp;&nbsp;malloc
</UL>
<BR>[Called By]<UL><LI><a href="#[37]">&gt;&gt;</a>&nbsp;&nbsp;&nbsp;__sti___8_main_cpp_led
</UL>

<P><STRONG><a name="[9c]"></a>__aeabi_fmul</STRONG> (Thumb, 122 bytes, Stack size 0 bytes, fmul.o(.text))
<BR><BR>[Called By]<UL><LI><a href="#[45]">&gt;&gt;</a>&nbsp;&nbsp;&nbsp;wait
<LI><a href="#[48]">&gt;&gt;</a>&nbsp;&nbsp;&nbsp;pwmout_init
</UL>

<P><STRONG><a name="[55]"></a>__aeabi_ui2f</STRONG> (Thumb, 14 bytes, Stack size 0 bytes, ffltui.o(.text))
<BR><BR>[Calls]<UL><LI><a href="#[56]">&gt;&gt;</a>&nbsp;&nbsp;&nbsp;_float_epilogue
</UL>
<BR>[Called By]<UL><LI><a href="#[48]">&gt;&gt;</a>&nbsp;&nbsp;&nbsp;pwmout_init
</UL>

<P><STRONG><a name="[a6]"></a>__aeabi_f2iz</STRONG> (Thumb, 50 bytes, Stack size 0 bytes, ffixi.o(.text))
<BR><BR>[Called By]<UL><LI><a href="#[45]">&gt;&gt;</a>&nbsp;&nbsp;&nbsp;wait
</UL>

<P><STRONG><a name="[9d]"></a>__aeabi_f2uiz</STRONG> (Thumb, 40 bytes, Stack size 0 bytes, ffixui.o(.text))
<BR><BR>[Called By]<UL><LI><a href="#[48]">&gt;&gt;</a>&nbsp;&nbsp;&nbsp;pwmout_init
</UL>

<P><STRONG><a name="[34]"></a>__default_new_handler()</STRONG> (Thumb, 8 bytes, Stack size 0 bytes, arm_newhandler_noexceptions.o(.text))
<BR><BR>[Calls]<UL><LI><a href="#[57]">&gt;&gt;</a>&nbsp;&nbsp;&nbsp;std::terminate()
</UL>
<BR>[Address Reference Count : 1]<UL><LI> new.o(i._Znwj)
</UL>
<P><STRONG><a name="[35]"></a>fputc</STRONG> (Thumb, 42 bytes, Stack size 0 bytes, fputc_fp.o(.text))
<BR><BR>[Calls]<UL><LI><a href="#[58]">&gt;&gt;</a>&nbsp;&nbsp;&nbsp;_sys_write
</UL>
<BR>[Address Reference Count : 3]<UL><LI> printfa.o(i.__0fprintf)
<LI> printfa.o(i.__0printf)
<LI> printfa.o(i.__0vfprintf)
</UL>
<P><STRONG><a name="[4d]"></a>__aeabi_llsl</STRONG> (Thumb, 32 bytes, Stack size 0 bytes, llshl.o(.text))
<BR><BR>[Called By]<UL><LI><a href="#[5d]">&gt;&gt;</a>&nbsp;&nbsp;&nbsp;_double_epilogue
<LI><a href="#[5b]">&gt;&gt;</a>&nbsp;&nbsp;&nbsp;__aeabi_dadd
<LI><a href="#[63]">&gt;&gt;</a>&nbsp;&nbsp;&nbsp;__aeabi_d2ulz
<LI><a href="#[4e]">&gt;&gt;</a>&nbsp;&nbsp;&nbsp;__aeabi_lmul
<LI><a href="#[4b]">&gt;&gt;</a>&nbsp;&nbsp;&nbsp;__aeabi_uldivmod
</UL>

<P><STRONG><a name="[4c]"></a>__aeabi_llsr</STRONG> (Thumb, 34 bytes, Stack size 0 bytes, llushr.o(.text))
<BR><BR>[Called By]<UL><LI><a href="#[5d]">&gt;&gt;</a>&nbsp;&nbsp;&nbsp;_double_epilogue
<LI><a href="#[63]">&gt;&gt;</a>&nbsp;&nbsp;&nbsp;__aeabi_d2ulz
<LI><a href="#[4b]">&gt;&gt;</a>&nbsp;&nbsp;&nbsp;__aeabi_uldivmod
</UL>

<P><STRONG><a name="[52]"></a>_chval</STRONG> (Thumb, 30 bytes, Stack size 0 bytes, _chval.o(.text))
<BR><BR>[Called By]<UL><LI><a href="#[51]">&gt;&gt;</a>&nbsp;&nbsp;&nbsp;_scanf_int
</UL>

<P><STRONG><a name="[50]"></a>__vfscanf_char</STRONG> (Thumb, 24 bytes, Stack size 0 bytes, scanf_char.o(.text))
<BR><BR>[Calls]<UL><LI><a href="#[59]">&gt;&gt;</a>&nbsp;&nbsp;&nbsp;__vfscanf
</UL>
<BR>[Called By]<UL><LI><a href="#[4f]">&gt;&gt;</a>&nbsp;&nbsp;&nbsp;__0sscanf
</UL>

<P><STRONG><a name="[2f]"></a>_sgetc</STRONG> (Thumb, 32 bytes, Stack size 0 bytes, _sgetc.o(.text))
<BR>[Address Reference Count : 1]<UL><LI> __0sscanf.o(.text)
</UL>
<P><STRONG><a name="[30]"></a>_sbackspace</STRONG> (Thumb, 36 bytes, Stack size 0 bytes, _sgetc.o(.text))
<BR>[Address Reference Count : 1]<UL><LI> __0sscanf.o(.text)
</UL>
<P><STRONG><a name="[54]"></a>__rt_ddtor_pointer_addr</STRONG> (Thumb, 4 bytes, Stack size 0 bytes, cpp_dtor.o(.text))
<BR><BR>[Called By]<UL><LI><a href="#[3f]">&gt;&gt;</a>&nbsp;&nbsp;&nbsp;__cxa_finalize
<LI><a href="#[47]">&gt;&gt;</a>&nbsp;&nbsp;&nbsp;__aeabi_atexit
</UL>

<P><STRONG><a name="[7c]"></a>__rt_new_handler_addr</STRONG> (Thumb, 4 bytes, Stack size 0 bytes, cpp_memory.o(.text))
<BR><BR>[Called By]<UL><LI><a href="#[71]">&gt;&gt;</a>&nbsp;&nbsp;&nbsp;operator new(unsigned)
</UL>

<P><STRONG><a name="[65]"></a>__rt_eh_globals_addr</STRONG> (Thumb, 12 bytes, Stack size 0 bytes, cpp_memory.o(.text))
<BR><BR>[Called By]<UL><LI><a href="#[64]">&gt;&gt;</a>&nbsp;&nbsp;&nbsp;__cxa_get_globals
</UL>

<P><STRONG><a name="[3f]"></a>__cxa_finalize</STRONG> (Thumb, 66 bytes, Stack size 0 bytes, cxa_finalize.o(.text))
<BR><BR>[Calls]<UL><LI><a href="#[54]">&gt;&gt;</a>&nbsp;&nbsp;&nbsp;__rt_ddtor_pointer_addr
<LI><a href="#[5a]">&gt;&gt;</a>&nbsp;&nbsp;&nbsp;free
</UL>
<BR>[Called By]<UL><LI><a href="#[3e]">&gt;&gt;</a>&nbsp;&nbsp;&nbsp;__rt_final_cpp$nonempty
</UL>

<P><STRONG><a name="[56]"></a>_float_epilogue</STRONG> (Thumb, 114 bytes, Stack size 0 bytes, fepilogue.o(.text))
<BR><BR>[Called By]<UL><LI><a href="#[55]">&gt;&gt;</a>&nbsp;&nbsp;&nbsp;__aeabi_ui2f
</UL>

<P><STRONG><a name="[5b]"></a>__aeabi_dadd</STRONG> (Thumb, 328 bytes, Stack size 0 bytes, dadd.o(.text), UNUSED)
<BR><BR>[Calls]<UL><LI><a href="#[5c]">&gt;&gt;</a>&nbsp;&nbsp;&nbsp;__aeabi_lasr
<LI><a href="#[5e]">&gt;&gt;</a>&nbsp;&nbsp;&nbsp;_double_round
<LI><a href="#[5d]">&gt;&gt;</a>&nbsp;&nbsp;&nbsp;_double_epilogue
<LI><a href="#[4d]">&gt;&gt;</a>&nbsp;&nbsp;&nbsp;__aeabi_llsl
</UL>
<BR>[Called By]<UL><LI><a href="#[60]">&gt;&gt;</a>&nbsp;&nbsp;&nbsp;__aeabi_drsub
<LI><a href="#[5f]">&gt;&gt;</a>&nbsp;&nbsp;&nbsp;__aeabi_dsub
<LI><a href="#[83]">&gt;&gt;</a>&nbsp;&nbsp;&nbsp;_fp_digits
</UL>

<P><STRONG><a name="[5f]"></a>__aeabi_dsub</STRONG> (Thumb, 12 bytes, Stack size 0 bytes, dadd.o(.text), UNUSED)
<BR><BR>[Calls]<UL><LI><a href="#[5b]">&gt;&gt;</a>&nbsp;&nbsp;&nbsp;__aeabi_dadd
</UL>

<P><STRONG><a name="[60]"></a>__aeabi_drsub</STRONG> (Thumb, 12 bytes, Stack size 0 bytes, dadd.o(.text), UNUSED)
<BR><BR>[Calls]<UL><LI><a href="#[5b]">&gt;&gt;</a>&nbsp;&nbsp;&nbsp;__aeabi_dadd
</UL>

<P><STRONG><a name="[61]"></a>__aeabi_dmul</STRONG> (Thumb, 202 bytes, Stack size 0 bytes, dmul.o(.text), UNUSED)
<BR><BR>[Calls]<UL><LI><a href="#[5d]">&gt;&gt;</a>&nbsp;&nbsp;&nbsp;_double_epilogue
</UL>
<BR>[Called By]<UL><LI><a href="#[83]">&gt;&gt;</a>&nbsp;&nbsp;&nbsp;_fp_digits
</UL>

<P><STRONG><a name="[62]"></a>__aeabi_ddiv</STRONG> (Thumb, 234 bytes, Stack size 0 bytes, ddiv.o(.text), UNUSED)
<BR><BR>[Calls]<UL><LI><a href="#[5e]">&gt;&gt;</a>&nbsp;&nbsp;&nbsp;_double_round
</UL>
<BR>[Called By]<UL><LI><a href="#[83]">&gt;&gt;</a>&nbsp;&nbsp;&nbsp;_fp_digits
</UL>

<P><STRONG><a name="[63]"></a>__aeabi_d2ulz</STRONG> (Thumb, 54 bytes, Stack size 0 bytes, dfixul.o(.text), UNUSED)
<BR><BR>[Calls]<UL><LI><a href="#[4c]">&gt;&gt;</a>&nbsp;&nbsp;&nbsp;__aeabi_llsr
<LI><a href="#[4d]">&gt;&gt;</a>&nbsp;&nbsp;&nbsp;__aeabi_llsl
</UL>
<BR>[Called By]<UL><LI><a href="#[83]">&gt;&gt;</a>&nbsp;&nbsp;&nbsp;_fp_digits
</UL>

<P><STRONG><a name="[84]"></a>__aeabi_cdrcmple</STRONG> (Thumb, 38 bytes, Stack size 0 bytes, cdrcmple.o(.text), UNUSED)
<BR><BR>[Called By]<UL><LI><a href="#[83]">&gt;&gt;</a>&nbsp;&nbsp;&nbsp;_fp_digits
</UL>

<P><STRONG><a name="[57]"></a>std::terminate()</STRONG> (Thumb, 28 bytes, Stack size 0 bytes, arm_exceptions_terminate.o(.text))
<BR><BR>[Calls]<UL><LI><a href="#[64]">&gt;&gt;</a>&nbsp;&nbsp;&nbsp;__cxa_get_globals
</UL>
<BR>[Called By]<UL><LI><a href="#[34]">&gt;&gt;</a>&nbsp;&nbsp;&nbsp;__default_new_handler()
</UL>

<P><STRONG><a name="[64]"></a>__cxa_get_globals</STRONG> (Thumb, 66 bytes, Stack size 0 bytes, arm_exceptions_globs.o(.text))
<BR><BR>[Calls]<UL><LI><a href="#[66]">&gt;&gt;</a>&nbsp;&nbsp;&nbsp;__ARM_exceptions_buffer_init
<LI><a href="#[65]">&gt;&gt;</a>&nbsp;&nbsp;&nbsp;__rt_eh_globals_addr
<LI><a href="#[53]">&gt;&gt;</a>&nbsp;&nbsp;&nbsp;malloc
</UL>
<BR>[Called By]<UL><LI><a href="#[57]">&gt;&gt;</a>&nbsp;&nbsp;&nbsp;std::terminate()
</UL>

<P><STRONG><a name="[3a]"></a>__scatterload</STRONG> (Thumb, 28 bytes, Stack size 0 bytes, init.o(.text))
<BR><BR>[Calls]<UL><LI><a href="#[67]">&gt;&gt;</a>&nbsp;&nbsp;&nbsp;__main_after_scatterload
</UL>
<BR>[Called By]<UL><LI><a href="#[39]">&gt;&gt;</a>&nbsp;&nbsp;&nbsp;_main_scatterload
</UL>

<P><STRONG><a name="[5c]"></a>__aeabi_lasr</STRONG> (Thumb, 38 bytes, Stack size 0 bytes, llsshr.o(.text), UNUSED)
<BR><BR>[Called By]<UL><LI><a href="#[5b]">&gt;&gt;</a>&nbsp;&nbsp;&nbsp;__aeabi_dadd
</UL>

<P><STRONG><a name="[32]"></a>isspace</STRONG> (Thumb, 14 bytes, Stack size 0 bytes, isspace_c.o(.text))
<BR><BR>[Calls]<UL><LI><a href="#[68]">&gt;&gt;</a>&nbsp;&nbsp;&nbsp;__ctype_lookup
</UL>
<BR>[Address Reference Count : 1]<UL><LI> scanf_char.o(.text)
</UL>
<P><STRONG><a name="[59]"></a>__vfscanf</STRONG> (Thumb, 812 bytes, Stack size 0 bytes, _scanf.o(.text))
<BR><BR>[Calls]<UL><LI><a href="#[6b]">&gt;&gt;</a>&nbsp;&nbsp;&nbsp;_scanf_string (Weak Reference)
<LI><a href="#[69]">&gt;&gt;</a>&nbsp;&nbsp;&nbsp;_scanf_real (Weak Reference)
<LI><a href="#[6a]">&gt;&gt;</a>&nbsp;&nbsp;&nbsp;_scanf_longlong (Weak Reference)
<LI><a href="#[51]">&gt;&gt;</a>&nbsp;&nbsp;&nbsp;_scanf_int
</UL>
<BR>[Called By]<UL><LI><a href="#[50]">&gt;&gt;</a>&nbsp;&nbsp;&nbsp;__vfscanf_char
</UL>

<P><STRONG><a name="[5e]"></a>_double_round</STRONG> (Thumb, 26 bytes, Stack size 0 bytes, depilogue.o(.text), UNUSED)
<BR><BR>[Called By]<UL><LI><a href="#[5d]">&gt;&gt;</a>&nbsp;&nbsp;&nbsp;_double_epilogue
<LI><a href="#[62]">&gt;&gt;</a>&nbsp;&nbsp;&nbsp;__aeabi_ddiv
<LI><a href="#[5b]">&gt;&gt;</a>&nbsp;&nbsp;&nbsp;__aeabi_dadd
</UL>

<P><STRONG><a name="[5d]"></a>_double_epilogue</STRONG> (Thumb, 164 bytes, Stack size 0 bytes, depilogue.o(.text), UNUSED)
<BR><BR>[Calls]<UL><LI><a href="#[6c]">&gt;&gt;</a>&nbsp;&nbsp;&nbsp;__ARM_clz
<LI><a href="#[5e]">&gt;&gt;</a>&nbsp;&nbsp;&nbsp;_double_round
<LI><a href="#[4c]">&gt;&gt;</a>&nbsp;&nbsp;&nbsp;__aeabi_llsr
<LI><a href="#[4d]">&gt;&gt;</a>&nbsp;&nbsp;&nbsp;__aeabi_llsl
</UL>
<BR>[Called By]<UL><LI><a href="#[61]">&gt;&gt;</a>&nbsp;&nbsp;&nbsp;__aeabi_dmul
<LI><a href="#[5b]">&gt;&gt;</a>&nbsp;&nbsp;&nbsp;__aeabi_dadd
</UL>

<P><STRONG><a name="[66]"></a>__ARM_exceptions_buffer_init</STRONG> (Thumb, 18 bytes, Stack size 0 bytes, arm_exceptions_mem.o(.text))
<BR><BR>[Calls]<UL><LI><a href="#[53]">&gt;&gt;</a>&nbsp;&nbsp;&nbsp;malloc
</UL>
<BR>[Called By]<UL><LI><a href="#[64]">&gt;&gt;</a>&nbsp;&nbsp;&nbsp;__cxa_get_globals
</UL>

<P><STRONG><a name="[68]"></a>__ctype_lookup</STRONG> (Thumb, 32 bytes, Stack size 0 bytes, ctype_c.o(.text))
<BR><BR>[Called By]<UL><LI><a href="#[32]">&gt;&gt;</a>&nbsp;&nbsp;&nbsp;isspace
</UL>

<P><STRONG><a name="[2b]"></a>main</STRONG> (Thumb, 16 bytes, Stack size 0 bytes, retarget.o(i.$Sub$$main))
<BR><BR>[Calls]<UL><LI><a href="#[6d]">&gt;&gt;</a>&nbsp;&nbsp;&nbsp;mbed_sdk_init
<LI><a href="#[6e]">&gt;&gt;</a>&nbsp;&nbsp;&nbsp;mbed_main
<LI><a href="#[40]">&gt;&gt;</a>&nbsp;&nbsp;&nbsp;$Super$$main
</UL>
<BR>[Address Reference Count : 1]<UL><LI> entry9a.o(.ARM.Collect$$$$0000000B)
</UL>
<P><STRONG><a name="[a5]"></a>NVIC_SetVector</STRONG> (Thumb, 62 bytes, Stack size 0 bytes, cmsis_nvic.o(i.NVIC_SetVector))
<BR><BR>[Called By]<UL><LI><a href="#[a2]">&gt;&gt;</a>&nbsp;&nbsp;&nbsp;us_ticker_read
</UL>

<P><STRONG><a name="[2d]"></a>SystemInit</STRONG> (Thumb, 78 bytes, Stack size 0 bytes, system_LPC11xx.o(i.SystemInit))
<BR>[Address Reference Count : 1]<UL><LI> startup_LPC11xx.o(.text)
</UL>
<P><STRONG><a name="[6f]"></a>mbed::BusOut::write(int)</STRONG> (Thumb, 90 bytes, Stack size 0 bytes, BusOut.o(i._ZN4mbed6BusOut5writeEi))
<BR><BR>[Calls]<UL><LI><a href="#[70]">&gt;&gt;</a>&nbsp;&nbsp;&nbsp;mbed_assert_internal
</UL>
<BR>[Called By]<UL><LI><a href="#[41]">&gt;&gt;</a>&nbsp;&nbsp;&nbsp;mbed::BusOut::operator =(int)
</UL>

<P><STRONG><a name="[46]"></a>mbed::BusOut::BusOut(PinName, PinName, PinName, PinName, PinName, PinName, PinName, PinName, PinName, PinName, PinName, PinName, PinName, PinName, PinName, PinName)</STRONG> (Thumb, 154 bytes, Stack size 0 bytes, BusOut.o(i._ZN4mbed6BusOutC1E7PinNameS1_S1_S1_S1_S1_S1_S1_S1_S1_S1_S1_S1_S1_S1_S1_))
<BR><BR>[Calls]<UL><LI><a href="#[71]">&gt;&gt;</a>&nbsp;&nbsp;&nbsp;operator new(unsigned)
<LI><a href="#[72]">&gt;&gt;</a>&nbsp;&nbsp;&nbsp;gpio_init_out
</UL>
<BR>[Called By]<UL><LI><a href="#[37]">&gt;&gt;</a>&nbsp;&nbsp;&nbsp;__sti___8_main_cpp_led
</UL>

<P><STRONG><a name="[2c]"></a>mbed::BusOut::~BusOut()</STRONG> (Thumb, 34 bytes, Stack size 0 bytes, BusOut.o(i._ZN4mbed6BusOutD1Ev))
<BR><BR>[Calls]<UL><LI><a href="#[73]">&gt;&gt;</a>&nbsp;&nbsp;&nbsp;operator delete (void*)
</UL>
<BR>[Address Reference Count : 2]<UL><LI> main.o(.text)
<LI> BusOut.o(.constdata__ZTVN4mbed6BusOutE)
</UL>
<P><STRONG><a name="[41]"></a>mbed::BusOut::operator =(int)</STRONG> (Thumb, 12 bytes, Stack size 0 bytes, BusOut.o(i._ZN4mbed6BusOutaSEi))
<BR><BR>[Calls]<UL><LI><a href="#[6f]">&gt;&gt;</a>&nbsp;&nbsp;&nbsp;mbed::BusOut::write(int)
</UL>
<BR>[Called By]<UL><LI><a href="#[40]">&gt;&gt;</a>&nbsp;&nbsp;&nbsp;$Super$$main
</UL>

<P><STRONG><a name="[78]"></a>mbed::FileBase::getPathType()</STRONG> (Thumb, 4 bytes, Stack size 0 bytes, FileBase.o(i._ZN4mbed8FileBase11getPathTypeEv))
<BR><BR>[Called By]<UL><LI><a href="#[7a]">&gt;&gt;</a>&nbsp;&nbsp;&nbsp;mbed::FilePath::isFile()
<LI><a href="#[79]">&gt;&gt;</a>&nbsp;&nbsp;&nbsp;mbed::FilePath::file()
<LI><a href="#[77]">&gt;&gt;</a>&nbsp;&nbsp;&nbsp;mbed::FilePath::fileSystem()
</UL>

<P><STRONG><a name="[74]"></a>mbed::FileBase::lookup(const char*, unsigned)</STRONG> (Thumb, 56 bytes, Stack size 0 bytes, FileBase.o(i._ZN4mbed8FileBase6lookupEPKcj))
<BR><BR>[Calls]<UL><LI><a href="#[75]">&gt;&gt;</a>&nbsp;&nbsp;&nbsp;strncmp
<LI><a href="#[76]">&gt;&gt;</a>&nbsp;&nbsp;&nbsp;strlen
</UL>
<BR>[Called By]<UL><LI><a href="#[7b]">&gt;&gt;</a>&nbsp;&nbsp;&nbsp;mbed::FilePath::FilePath(const char*)
</UL>

<P><STRONG><a name="[77]"></a>mbed::FilePath::fileSystem()</STRONG> (Thumb, 26 bytes, Stack size 0 bytes, FilePath.o(i._ZN4mbed8FilePath10fileSystemEv))
<BR><BR>[Calls]<UL><LI><a href="#[78]">&gt;&gt;</a>&nbsp;&nbsp;&nbsp;mbed::FileBase::getPathType()
</UL>
<BR>[Called By]<UL><LI><a href="#[49]">&gt;&gt;</a>&nbsp;&nbsp;&nbsp;_sys_open
</UL>

<P><STRONG><a name="[79]"></a>mbed::FilePath::file()</STRONG> (Thumb, 32 bytes, Stack size 0 bytes, FilePath.o(i._ZN4mbed8FilePath4fileEv))
<BR><BR>[Calls]<UL><LI><a href="#[78]">&gt;&gt;</a>&nbsp;&nbsp;&nbsp;mbed::FileBase::getPathType()
</UL>
<BR>[Called By]<UL><LI><a href="#[49]">&gt;&gt;</a>&nbsp;&nbsp;&nbsp;_sys_open
</UL>

<P><STRONG><a name="[89]"></a>mbed::FilePath::exists()</STRONG> (Thumb, 10 bytes, Stack size 0 bytes, FilePath.o(i._ZN4mbed8FilePath6existsEv))
<BR><BR>[Called By]<UL><LI><a href="#[49]">&gt;&gt;</a>&nbsp;&nbsp;&nbsp;_sys_open
</UL>

<P><STRONG><a name="[7a]"></a>mbed::FilePath::isFile()</STRONG> (Thumb, 24 bytes, Stack size 0 bytes, FilePath.o(i._ZN4mbed8FilePath6isFileEv))
<BR><BR>[Calls]<UL><LI><a href="#[78]">&gt;&gt;</a>&nbsp;&nbsp;&nbsp;mbed::FileBase::getPathType()
</UL>
<BR>[Called By]<UL><LI><a href="#[49]">&gt;&gt;</a>&nbsp;&nbsp;&nbsp;_sys_open
</UL>

<P><STRONG><a name="[8a]"></a>mbed::FilePath::fileName()</STRONG> (Thumb, 4 bytes, Stack size 0 bytes, FilePath.o(i._ZN4mbed8FilePath8fileNameEv))
<BR><BR>[Called By]<UL><LI><a href="#[49]">&gt;&gt;</a>&nbsp;&nbsp;&nbsp;_sys_open
</UL>

<P><STRONG><a name="[7b]"></a>mbed::FilePath::FilePath(const char*)</STRONG> (Thumb, 68 bytes, Stack size 0 bytes, FilePath.o(i._ZN4mbed8FilePathC1EPKc))
<BR><BR>[Calls]<UL><LI><a href="#[74]">&gt;&gt;</a>&nbsp;&nbsp;&nbsp;mbed::FileBase::lookup(const char*, unsigned)
</UL>
<BR>[Called By]<UL><LI><a href="#[49]">&gt;&gt;</a>&nbsp;&nbsp;&nbsp;_sys_open
</UL>

<P><STRONG><a name="[73]"></a>operator delete (void*)</STRONG> (Thumb, 8 bytes, Stack size 0 bytes, delete.o(i._ZdlPv))
<BR><BR>[Calls]<UL><LI><a href="#[5a]">&gt;&gt;</a>&nbsp;&nbsp;&nbsp;free
</UL>
<BR>[Called By]<UL><LI><a href="#[2c]">&gt;&gt;</a>&nbsp;&nbsp;&nbsp;mbed::BusOut::~BusOut()
</UL>

<P><STRONG><a name="[71]"></a>operator new(unsigned)</STRONG> (Thumb, 36 bytes, Stack size 0 bytes, new.o(i._Znwj))
<BR><BR>[Calls]<UL><LI><a href="#[7c]">&gt;&gt;</a>&nbsp;&nbsp;&nbsp;__rt_new_handler_addr
<LI><a href="#[53]">&gt;&gt;</a>&nbsp;&nbsp;&nbsp;malloc
</UL>
<BR>[Called By]<UL><LI><a href="#[46]">&gt;&gt;</a>&nbsp;&nbsp;&nbsp;mbed::BusOut::BusOut(PinName, PinName, PinName, PinName, PinName, PinName, PinName, PinName, PinName, PinName, PinName, PinName, PinName, PinName, PinName, PinName)
</UL>

<P><STRONG><a name="[7d]"></a>__0fprintf</STRONG> (Thumb, 24 bytes, Stack size 0 bytes, printfa.o(i.__0fprintf), UNUSED)
<BR><BR>[Calls]<UL><LI><a href="#[7e]">&gt;&gt;</a>&nbsp;&nbsp;&nbsp;_printf_core
</UL>

<P><STRONG><a name="[96]"></a>__2fprintf</STRONG> (Thumb, 0 bytes, Stack size 0 bytes, printfa.o(i.__0fprintf))
<BR><BR>[Called By]<UL><LI><a href="#[70]">&gt;&gt;</a>&nbsp;&nbsp;&nbsp;mbed_assert_internal
</UL>

<P><STRONG><a name="[7f]"></a>__0printf</STRONG> (Thumb, 24 bytes, Stack size 0 bytes, printfa.o(i.__0printf), UNUSED)
<BR><BR>[Calls]<UL><LI><a href="#[7e]">&gt;&gt;</a>&nbsp;&nbsp;&nbsp;_printf_core
</UL>

<P><STRONG><a name="[43]"></a>__2printf</STRONG> (Thumb, 0 bytes, Stack size 0 bytes, printfa.o(i.__0printf))
<BR><BR>[Called By]<UL><LI><a href="#[40]">&gt;&gt;</a>&nbsp;&nbsp;&nbsp;$Super$$main
</UL>

<P><STRONG><a name="[80]"></a>__0vfprintf</STRONG> (Thumb, 20 bytes, Stack size 0 bytes, printfa.o(i.__0vfprintf), UNUSED)
<BR><BR>[Calls]<UL><LI><a href="#[7e]">&gt;&gt;</a>&nbsp;&nbsp;&nbsp;_printf_core
</UL>

<P><STRONG><a name="[8e]"></a>vfprintf</STRONG> (Thumb, 0 bytes, Stack size 0 bytes, printfa.o(i.__0vfprintf))
<BR><BR>[Called By]<UL><LI><a href="#[8d]">&gt;&gt;</a>&nbsp;&nbsp;&nbsp;error
</UL>

<P><STRONG><a name="[6c]"></a>__ARM_clz</STRONG> (Thumb, 46 bytes, Stack size 0 bytes, depilogue.o(i.__ARM_clz), UNUSED)
<BR><BR>[Called By]<UL><LI><a href="#[5d]">&gt;&gt;</a>&nbsp;&nbsp;&nbsp;_double_epilogue
</UL>

<P><STRONG><a name="[9e]"></a>__ARM_common_ll_muluu</STRONG> (Thumb, 50 bytes, Stack size 0 bytes, pwmout_api.o(i.__ARM_common_ll_muluu))
<BR><BR>[Called By]<UL><LI><a href="#[9b]">&gt;&gt;</a>&nbsp;&nbsp;&nbsp;pwmout_period_us
</UL>

<P><STRONG><a name="[81]"></a>fflush</STRONG> (Thumb, 24 bytes, Stack size 0 bytes, fflush_f.o(i._fflush$full))
<BR><BR>[Calls]<UL><LI><a href="#[82]">&gt;&gt;</a>&nbsp;&nbsp;&nbsp;_sys_seek
</UL>
<BR>[Called By]<UL><LI><a href="#[8f]">&gt;&gt;</a>&nbsp;&nbsp;&nbsp;exit
</UL>

<P><STRONG><a name="[49]"></a>_sys_open</STRONG> (Thumb, 210 bytes, Stack size 0 bytes, retarget.o(i._sys_open))
<BR><BR>[Calls]<UL><LI><a href="#[7b]">&gt;&gt;</a>&nbsp;&nbsp;&nbsp;mbed::FilePath::FilePath(const char*)
<LI><a href="#[8a]">&gt;&gt;</a>&nbsp;&nbsp;&nbsp;mbed::FilePath::fileName()
<LI><a href="#[7a]">&gt;&gt;</a>&nbsp;&nbsp;&nbsp;mbed::FilePath::isFile()
<LI><a href="#[89]">&gt;&gt;</a>&nbsp;&nbsp;&nbsp;mbed::FilePath::exists()
<LI><a href="#[79]">&gt;&gt;</a>&nbsp;&nbsp;&nbsp;mbed::FilePath::file()
<LI><a href="#[77]">&gt;&gt;</a>&nbsp;&nbsp;&nbsp;mbed::FilePath::fileSystem()
<LI><a href="#[4f]">&gt;&gt;</a>&nbsp;&nbsp;&nbsp;__0sscanf
<LI><a href="#[88]">&gt;&gt;</a>&nbsp;&nbsp;&nbsp;strcmp
</UL>
<BR>[Called By]<UL><LI><a href="#[3c]">&gt;&gt;</a>&nbsp;&nbsp;&nbsp;_initio
</UL>

<P><STRONG><a name="[82]"></a>_sys_seek</STRONG> (Thumb, 36 bytes, Stack size 0 bytes, retarget.o(i._sys_seek))
<BR><BR>[Called By]<UL><LI><a href="#[81]">&gt;&gt;</a>&nbsp;&nbsp;&nbsp;fflush
</UL>

<P><STRONG><a name="[58]"></a>_sys_write</STRONG> (Thumb, 84 bytes, Stack size 0 bytes, retarget.o(i._sys_write))
<BR><BR>[Calls]<UL><LI><a href="#[8c]">&gt;&gt;</a>&nbsp;&nbsp;&nbsp;serial_putc
<LI><a href="#[8b]">&gt;&gt;</a>&nbsp;&nbsp;&nbsp;serial_init
</UL>
<BR>[Called By]<UL><LI><a href="#[35]">&gt;&gt;</a>&nbsp;&nbsp;&nbsp;fputc
</UL>

<P><STRONG><a name="[8d]"></a>error</STRONG> (Thumb, 20 bytes, Stack size 0 bytes, error.o(i.error))
<BR><BR>[Calls]<UL><LI><a href="#[8f]">&gt;&gt;</a>&nbsp;&nbsp;&nbsp;exit
<LI><a href="#[8e]">&gt;&gt;</a>&nbsp;&nbsp;&nbsp;vfprintf
</UL>
<BR>[Called By]<UL><LI><a href="#[98]">&gt;&gt;</a>&nbsp;&nbsp;&nbsp;pinmap_merge
<LI><a href="#[9a]">&gt;&gt;</a>&nbsp;&nbsp;&nbsp;pinmap_pinout
<LI><a href="#[99]">&gt;&gt;</a>&nbsp;&nbsp;&nbsp;pinmap_peripheral
</UL>

<P><STRONG><a name="[8f]"></a>exit</STRONG> (Thumb, 24 bytes, Stack size 0 bytes, retarget.o(i.exit))
<BR><BR>[Calls]<UL><LI><a href="#[90]">&gt;&gt;</a>&nbsp;&nbsp;&nbsp;mbed_die
<LI><a href="#[81]">&gt;&gt;</a>&nbsp;&nbsp;&nbsp;fflush
</UL>
<BR>[Called By]<UL><LI><a href="#[8d]">&gt;&gt;</a>&nbsp;&nbsp;&nbsp;error
</UL>

<P><STRONG><a name="[5a]"></a>free</STRONG> (Thumb, 80 bytes, Stack size 0 bytes, malloc.o(i.free))
<BR><BR>[Called By]<UL><LI><a href="#[73]">&gt;&gt;</a>&nbsp;&nbsp;&nbsp;operator delete (void*)
<LI><a href="#[3f]">&gt;&gt;</a>&nbsp;&nbsp;&nbsp;__cxa_finalize
</UL>

<P><STRONG><a name="[91]"></a>gpio_dir</STRONG> (Thumb, 62 bytes, Stack size 0 bytes, gpio_api.o(i.gpio_dir))
<BR><BR>[Calls]<UL><LI><a href="#[70]">&gt;&gt;</a>&nbsp;&nbsp;&nbsp;mbed_assert_internal
</UL>
<BR>[Called By]<UL><LI><a href="#[72]">&gt;&gt;</a>&nbsp;&nbsp;&nbsp;gpio_init_out
</UL>

<P><STRONG><a name="[92]"></a>gpio_init</STRONG> (Thumb, 96 bytes, Stack size 0 bytes, gpio_api.o(i.gpio_init))
<BR><BR>[Calls]<UL><LI><a href="#[93]">&gt;&gt;</a>&nbsp;&nbsp;&nbsp;pin_function
</UL>
<BR>[Called By]<UL><LI><a href="#[72]">&gt;&gt;</a>&nbsp;&nbsp;&nbsp;gpio_init_out
</UL>

<P><STRONG><a name="[72]"></a>gpio_init_out</STRONG> (Thumb, 68 bytes, Stack size 0 bytes, gpio.o(i.gpio_init_out))
<BR><BR>[Calls]<UL><LI><a href="#[92]">&gt;&gt;</a>&nbsp;&nbsp;&nbsp;gpio_init
<LI><a href="#[91]">&gt;&gt;</a>&nbsp;&nbsp;&nbsp;gpio_dir
<LI><a href="#[94]">&gt;&gt;</a>&nbsp;&nbsp;&nbsp;gpio_mode
<LI><a href="#[70]">&gt;&gt;</a>&nbsp;&nbsp;&nbsp;mbed_assert_internal
</UL>
<BR>[Called By]<UL><LI><a href="#[90]">&gt;&gt;</a>&nbsp;&nbsp;&nbsp;mbed_die
<LI><a href="#[46]">&gt;&gt;</a>&nbsp;&nbsp;&nbsp;mbed::BusOut::BusOut(PinName, PinName, PinName, PinName, PinName, PinName, PinName, PinName, PinName, PinName, PinName, PinName, PinName, PinName, PinName, PinName)
</UL>

<P><STRONG><a name="[94]"></a>gpio_mode</STRONG> (Thumb, 14 bytes, Stack size 0 bytes, gpio_api.o(i.gpio_mode))
<BR><BR>[Calls]<UL><LI><a href="#[95]">&gt;&gt;</a>&nbsp;&nbsp;&nbsp;pin_mode
</UL>
<BR>[Called By]<UL><LI><a href="#[72]">&gt;&gt;</a>&nbsp;&nbsp;&nbsp;gpio_init_out
</UL>

<P><STRONG><a name="[53]"></a>malloc</STRONG> (Thumb, 92 bytes, Stack size 0 bytes, malloc.o(i.malloc))
<BR><BR>[Called By]<UL><LI><a href="#[71]">&gt;&gt;</a>&nbsp;&nbsp;&nbsp;operator new(unsigned)
<LI><a href="#[66]">&gt;&gt;</a>&nbsp;&nbsp;&nbsp;__ARM_exceptions_buffer_init
<LI><a href="#[64]">&gt;&gt;</a>&nbsp;&nbsp;&nbsp;__cxa_get_globals
<LI><a href="#[47]">&gt;&gt;</a>&nbsp;&nbsp;&nbsp;__aeabi_atexit
</UL>

<P><STRONG><a name="[70]"></a>mbed_assert_internal</STRONG> (Thumb, 22 bytes, Stack size 0 bytes, assert.o(i.mbed_assert_internal))
<BR><BR>[Calls]<UL><LI><a href="#[90]">&gt;&gt;</a>&nbsp;&nbsp;&nbsp;mbed_die
<LI><a href="#[96]">&gt;&gt;</a>&nbsp;&nbsp;&nbsp;__2fprintf
</UL>
<BR>[Called By]<UL><LI><a href="#[93]">&gt;&gt;</a>&nbsp;&nbsp;&nbsp;pin_function
<LI><a href="#[91]">&gt;&gt;</a>&nbsp;&nbsp;&nbsp;gpio_dir
<LI><a href="#[6f]">&gt;&gt;</a>&nbsp;&nbsp;&nbsp;mbed::BusOut::write(int)
<LI><a href="#[95]">&gt;&gt;</a>&nbsp;&nbsp;&nbsp;pin_mode
<LI><a href="#[a0]">&gt;&gt;</a>&nbsp;&nbsp;&nbsp;serial_format
<LI><a href="#[8b]">&gt;&gt;</a>&nbsp;&nbsp;&nbsp;serial_init
<LI><a href="#[90]">&gt;&gt;</a>&nbsp;&nbsp;&nbsp;mbed_die
<LI><a href="#[72]">&gt;&gt;</a>&nbsp;&nbsp;&nbsp;gpio_init_out
</UL>

<P><STRONG><a name="[90]"></a>mbed_die</STRONG> (Thumb, 396 bytes, Stack size 0 bytes, board.o(i.mbed_die))
<BR><BR>[Calls]<UL><LI><a href="#[97]">&gt;&gt;</a>&nbsp;&nbsp;&nbsp;wait_ms
<LI><a href="#[70]">&gt;&gt;</a>&nbsp;&nbsp;&nbsp;mbed_assert_internal
<LI><a href="#[72]">&gt;&gt;</a>&nbsp;&nbsp;&nbsp;gpio_init_out
</UL>
<BR>[Called By]<UL><LI><a href="#[8f]">&gt;&gt;</a>&nbsp;&nbsp;&nbsp;exit
<LI><a href="#[70]">&gt;&gt;</a>&nbsp;&nbsp;&nbsp;mbed_assert_internal
</UL>

<P><STRONG><a name="[6e]"></a>mbed_main</STRONG> (Thumb, 2 bytes, Stack size 0 bytes, retarget.o(i.mbed_main))
<BR><BR>[Called By]<UL><LI><a href="#[2b]">&gt;&gt;</a>&nbsp;&nbsp;&nbsp;main
</UL>

<P><STRONG><a name="[6d]"></a>mbed_sdk_init</STRONG> (Thumb, 2 bytes, Stack size 0 bytes, retarget.o(i.mbed_sdk_init))
<BR><BR>[Called By]<UL><LI><a href="#[2b]">&gt;&gt;</a>&nbsp;&nbsp;&nbsp;main
</UL>

<P><STRONG><a name="[93]"></a>pin_function</STRONG> (Thumb, 42 bytes, Stack size 0 bytes, pinmap.o(i.pin_function))
<BR><BR>[Calls]<UL><LI><a href="#[70]">&gt;&gt;</a>&nbsp;&nbsp;&nbsp;mbed_assert_internal
</UL>
<BR>[Called By]<UL><LI><a href="#[92]">&gt;&gt;</a>&nbsp;&nbsp;&nbsp;gpio_init
<LI><a href="#[9a]">&gt;&gt;</a>&nbsp;&nbsp;&nbsp;pinmap_pinout
</UL>

<P><STRONG><a name="[95]"></a>pin_mode</STRONG> (Thumb, 56 bytes, Stack size 0 bytes, pinmap.o(i.pin_mode))
<BR><BR>[Calls]<UL><LI><a href="#[70]">&gt;&gt;</a>&nbsp;&nbsp;&nbsp;mbed_assert_internal
</UL>
<BR>[Called By]<UL><LI><a href="#[94]">&gt;&gt;</a>&nbsp;&nbsp;&nbsp;gpio_mode
<LI><a href="#[9a]">&gt;&gt;</a>&nbsp;&nbsp;&nbsp;pinmap_pinout
<LI><a href="#[8b]">&gt;&gt;</a>&nbsp;&nbsp;&nbsp;serial_init
</UL>

<P><STRONG><a name="[98]"></a>pinmap_merge</STRONG> (Thumb, 30 bytes, Stack size 0 bytes, pinmap_common.o(i.pinmap_merge))
<BR><BR>[Calls]<UL><LI><a href="#[8d]">&gt;&gt;</a>&nbsp;&nbsp;&nbsp;error
</UL>
<BR>[Called By]<UL><LI><a href="#[8b]">&gt;&gt;</a>&nbsp;&nbsp;&nbsp;serial_init
</UL>

<P><STRONG><a name="[99]"></a>pinmap_peripheral</STRONG> (Thumb, 60 bytes, Stack size 0 bytes, pinmap_common.o(i.pinmap_peripheral))
<BR><BR>[Calls]<UL><LI><a href="#[8d]">&gt;&gt;</a>&nbsp;&nbsp;&nbsp;error
</UL>
<BR>[Called By]<UL><LI><a href="#[8b]">&gt;&gt;</a>&nbsp;&nbsp;&nbsp;serial_init
<LI><a href="#[48]">&gt;&gt;</a>&nbsp;&nbsp;&nbsp;pwmout_init
</UL>

<P><STRONG><a name="[9a]"></a>pinmap_pinout</STRONG> (Thumb, 60 bytes, Stack size 0 bytes, pinmap_common.o(i.pinmap_pinout))
<BR><BR>[Calls]<UL><LI><a href="#[8d]">&gt;&gt;</a>&nbsp;&nbsp;&nbsp;error
<LI><a href="#[93]">&gt;&gt;</a>&nbsp;&nbsp;&nbsp;pin_function
<LI><a href="#[95]">&gt;&gt;</a>&nbsp;&nbsp;&nbsp;pin_mode
</UL>
<BR>[Called By]<UL><LI><a href="#[8b]">&gt;&gt;</a>&nbsp;&nbsp;&nbsp;serial_init
<LI><a href="#[48]">&gt;&gt;</a>&nbsp;&nbsp;&nbsp;pwmout_init
</UL>

<P><STRONG><a name="[48]"></a>pwmout_init</STRONG> (Thumb, 152 bytes, Stack size 0 bytes, pwmout_api.o(i.pwmout_init))
<BR><BR>[Calls]<UL><LI><a href="#[9a]">&gt;&gt;</a>&nbsp;&nbsp;&nbsp;pinmap_pinout
<LI><a href="#[99]">&gt;&gt;</a>&nbsp;&nbsp;&nbsp;pinmap_peripheral
<LI><a href="#[55]">&gt;&gt;</a>&nbsp;&nbsp;&nbsp;__aeabi_ui2f
<LI><a href="#[9d]">&gt;&gt;</a>&nbsp;&nbsp;&nbsp;__aeabi_f2uiz
<LI><a href="#[9b]">&gt;&gt;</a>&nbsp;&nbsp;&nbsp;pwmout_period_us
<LI><a href="#[9c]">&gt;&gt;</a>&nbsp;&nbsp;&nbsp;__aeabi_fmul
</UL>
<BR>[Called By]<UL><LI><a href="#[37]">&gt;&gt;</a>&nbsp;&nbsp;&nbsp;__sti___8_main_cpp_led
</UL>

<P><STRONG><a name="[42]"></a>pwmout_period_ms</STRONG> (Thumb, 14 bytes, Stack size 0 bytes, pwmout_api.o(i.pwmout_period_ms))
<BR><BR>[Calls]<UL><LI><a href="#[9b]">&gt;&gt;</a>&nbsp;&nbsp;&nbsp;pwmout_period_us
</UL>
<BR>[Called By]<UL><LI><a href="#[40]">&gt;&gt;</a>&nbsp;&nbsp;&nbsp;$Super$$main
</UL>

<P><STRONG><a name="[9b]"></a>pwmout_period_us</STRONG> (Thumb, 120 bytes, Stack size 0 bytes, pwmout_api.o(i.pwmout_period_us))
<BR><BR>[Calls]<UL><LI><a href="#[9e]">&gt;&gt;</a>&nbsp;&nbsp;&nbsp;__ARM_common_ll_muluu
<LI><a href="#[4b]">&gt;&gt;</a>&nbsp;&nbsp;&nbsp;__aeabi_uldivmod
<LI><a href="#[87]">&gt;&gt;</a>&nbsp;&nbsp;&nbsp;__aeabi_uidivmod
</UL>
<BR>[Called By]<UL><LI><a href="#[44]">&gt;&gt;</a>&nbsp;&nbsp;&nbsp;pwmout_pulsewidth_us
<LI><a href="#[42]">&gt;&gt;</a>&nbsp;&nbsp;&nbsp;pwmout_period_ms
<LI><a href="#[48]">&gt;&gt;</a>&nbsp;&nbsp;&nbsp;pwmout_init
</UL>

<P><STRONG><a name="[44]"></a>pwmout_pulsewidth_us</STRONG> (Thumb, 100 bytes, Stack size 0 bytes, pwmout_api.o(i.pwmout_pulsewidth_us))
<BR><BR>[Calls]<UL><LI><a href="#[9b]">&gt;&gt;</a>&nbsp;&nbsp;&nbsp;pwmout_period_us
<LI><a href="#[4e]">&gt;&gt;</a>&nbsp;&nbsp;&nbsp;__aeabi_lmul
<LI><a href="#[4b]">&gt;&gt;</a>&nbsp;&nbsp;&nbsp;__aeabi_uldivmod
</UL>
<BR>[Called By]<UL><LI><a href="#[40]">&gt;&gt;</a>&nbsp;&nbsp;&nbsp;$Super$$main
</UL>

<P><STRONG><a name="[9f]"></a>serial_baud</STRONG> (Thumb, 272 bytes, Stack size 0 bytes, serial_api.o(i.serial_baud))
<BR><BR>[Calls]<UL><LI><a href="#[87]">&gt;&gt;</a>&nbsp;&nbsp;&nbsp;__aeabi_uidivmod
</UL>
<BR>[Called By]<UL><LI><a href="#[8b]">&gt;&gt;</a>&nbsp;&nbsp;&nbsp;serial_init
</UL>

<P><STRONG><a name="[a0]"></a>serial_format</STRONG> (Thumb, 144 bytes, Stack size 0 bytes, serial_api.o(i.serial_format))
<BR><BR>[Calls]<UL><LI><a href="#[70]">&gt;&gt;</a>&nbsp;&nbsp;&nbsp;mbed_assert_internal
</UL>
<BR>[Called By]<UL><LI><a href="#[8b]">&gt;&gt;</a>&nbsp;&nbsp;&nbsp;serial_init
</UL>

<P><STRONG><a name="[8b]"></a>serial_init</STRONG> (Thumb, 168 bytes, Stack size 0 bytes, serial_api.o(i.serial_init))
<BR><BR>[Calls]<UL><LI><a href="#[98]">&gt;&gt;</a>&nbsp;&nbsp;&nbsp;pinmap_merge
<LI><a href="#[95]">&gt;&gt;</a>&nbsp;&nbsp;&nbsp;pin_mode
<LI><a href="#[a0]">&gt;&gt;</a>&nbsp;&nbsp;&nbsp;serial_format
<LI><a href="#[9f]">&gt;&gt;</a>&nbsp;&nbsp;&nbsp;serial_baud
<LI><a href="#[9a]">&gt;&gt;</a>&nbsp;&nbsp;&nbsp;pinmap_pinout
<LI><a href="#[99]">&gt;&gt;</a>&nbsp;&nbsp;&nbsp;pinmap_peripheral
<LI><a href="#[70]">&gt;&gt;</a>&nbsp;&nbsp;&nbsp;mbed_assert_internal
</UL>
<BR>[Called By]<UL><LI><a href="#[58]">&gt;&gt;</a>&nbsp;&nbsp;&nbsp;_sys_write
</UL>

<P><STRONG><a name="[8c]"></a>serial_putc</STRONG> (Thumb, 14 bytes, Stack size 0 bytes, serial_api.o(i.serial_putc))
<BR><BR>[Called By]<UL><LI><a href="#[58]">&gt;&gt;</a>&nbsp;&nbsp;&nbsp;_sys_write
</UL>

<P><STRONG><a name="[a1]"></a>us_ticker_clear_interrupt</STRONG> (Thumb, 8 bytes, Stack size 0 bytes, us_ticker.o(i.us_ticker_clear_interrupt))
<BR><BR>[Called By]<UL><LI><a href="#[36]">&gt;&gt;</a>&nbsp;&nbsp;&nbsp;us_ticker_irq_handler
</UL>

<P><STRONG><a name="[a3]"></a>us_ticker_disable_interrupt</STRONG> (Thumb, 12 bytes, Stack size 0 bytes, us_ticker.o(i.us_ticker_disable_interrupt))
<BR><BR>[Called By]<UL><LI><a href="#[36]">&gt;&gt;</a>&nbsp;&nbsp;&nbsp;us_ticker_irq_handler
</UL>

<P><STRONG><a name="[36]"></a>us_ticker_irq_handler</STRONG> (Thumb, 58 bytes, Stack size 0 bytes, us_ticker_api.o(i.us_ticker_irq_handler))
<BR><BR>[Calls]<UL><LI><a href="#[a4]">&gt;&gt;</a>&nbsp;&nbsp;&nbsp;us_ticker_set_interrupt
<LI><a href="#[a3]">&gt;&gt;</a>&nbsp;&nbsp;&nbsp;us_ticker_disable_interrupt
<LI><a href="#[a1]">&gt;&gt;</a>&nbsp;&nbsp;&nbsp;us_ticker_clear_interrupt
<LI><a href="#[a2]">&gt;&gt;</a>&nbsp;&nbsp;&nbsp;us_ticker_read
</UL>
<BR>[Address Reference Count : 1]<UL><LI> us_ticker.o(i.us_ticker_read)
</UL>
<P><STRONG><a name="[a2]"></a>us_ticker_read</STRONG> (Thumb, 64 bytes, Stack size 0 bytes, us_ticker.o(i.us_ticker_read))
<BR><BR>[Calls]<UL><LI><a href="#[a5]">&gt;&gt;</a>&nbsp;&nbsp;&nbsp;NVIC_SetVector
<LI><a href="#[87]">&gt;&gt;</a>&nbsp;&nbsp;&nbsp;__aeabi_uidivmod
</UL>
<BR>[Called By]<UL><LI><a href="#[36]">&gt;&gt;</a>&nbsp;&nbsp;&nbsp;us_ticker_irq_handler
<LI><a href="#[97]">&gt;&gt;</a>&nbsp;&nbsp;&nbsp;wait_ms
<LI><a href="#[45]">&gt;&gt;</a>&nbsp;&nbsp;&nbsp;wait
</UL>

<P><STRONG><a name="[a4]"></a>us_ticker_set_interrupt</STRONG> (Thumb, 14 bytes, Stack size 0 bytes, us_ticker.o(i.us_ticker_set_interrupt))
<BR><BR>[Called By]<UL><LI><a href="#[36]">&gt;&gt;</a>&nbsp;&nbsp;&nbsp;us_ticker_irq_handler
</UL>

<P><STRONG><a name="[45]"></a>wait</STRONG> (Thumb, 32 bytes, Stack size 0 bytes, wait_api.o(i.wait))
<BR><BR>[Calls]<UL><LI><a href="#[a2]">&gt;&gt;</a>&nbsp;&nbsp;&nbsp;us_ticker_read
<LI><a href="#[9c]">&gt;&gt;</a>&nbsp;&nbsp;&nbsp;__aeabi_fmul
<LI><a href="#[a6]">&gt;&gt;</a>&nbsp;&nbsp;&nbsp;__aeabi_f2iz
</UL>
<BR>[Called By]<UL><LI><a href="#[40]">&gt;&gt;</a>&nbsp;&nbsp;&nbsp;$Super$$main
</UL>

<P><STRONG><a name="[97]"></a>wait_ms</STRONG> (Thumb, 28 bytes, Stack size 0 bytes, wait_api.o(i.wait_ms))
<BR><BR>[Calls]<UL><LI><a href="#[a2]">&gt;&gt;</a>&nbsp;&nbsp;&nbsp;us_ticker_read
</UL>
<BR>[Called By]<UL><LI><a href="#[90]">&gt;&gt;</a>&nbsp;&nbsp;&nbsp;mbed_die
</UL>
<P>
<H3>
Local Symbols
</H3>
<P><STRONG><a name="[37]"></a>__sti___8_main_cpp_led</STRONG> (Thumb, 82 bytes, Stack size 0 bytes, main.o(.text))
<BR><BR>[Calls]<UL><LI><a href="#[48]">&gt;&gt;</a>&nbsp;&nbsp;&nbsp;pwmout_init
<LI><a href="#[46]">&gt;&gt;</a>&nbsp;&nbsp;&nbsp;mbed::BusOut::BusOut(PinName, PinName, PinName, PinName, PinName, PinName, PinName, PinName, PinName, PinName, PinName, PinName, PinName, PinName, PinName, PinName)
<LI><a href="#[47]">&gt;&gt;</a>&nbsp;&nbsp;&nbsp;__aeabi_atexit
</UL>
<BR>[Address Reference Count : 1]<UL><LI> main.o(.init_array)
</UL>
<P><STRONG><a name="[83]"></a>_fp_digits</STRONG> (Thumb, 344 bytes, Stack size 0 bytes, printfa.o(i._fp_digits), UNUSED)
<BR><BR>[Calls]<UL><LI><a href="#[61]">&gt;&gt;</a>&nbsp;&nbsp;&nbsp;__aeabi_dmul
<LI><a href="#[62]">&gt;&gt;</a>&nbsp;&nbsp;&nbsp;__aeabi_ddiv
<LI><a href="#[5b]">&gt;&gt;</a>&nbsp;&nbsp;&nbsp;__aeabi_dadd
<LI><a href="#[63]">&gt;&gt;</a>&nbsp;&nbsp;&nbsp;__aeabi_d2ulz
<LI><a href="#[84]">&gt;&gt;</a>&nbsp;&nbsp;&nbsp;__aeabi_cdrcmple
<LI><a href="#[4b]">&gt;&gt;</a>&nbsp;&nbsp;&nbsp;__aeabi_uldivmod
</UL>
<BR>[Called By]<UL><LI><a href="#[7e]">&gt;&gt;</a>&nbsp;&nbsp;&nbsp;_printf_core
</UL>

<P><STRONG><a name="[7e]"></a>_printf_core</STRONG> (Thumb, 1754 bytes, Stack size 0 bytes, printfa.o(i._printf_core), UNUSED)
<BR><BR>[Calls]<UL><LI><a href="#[85]">&gt;&gt;</a>&nbsp;&nbsp;&nbsp;_printf_pre_padding
<LI><a href="#[86]">&gt;&gt;</a>&nbsp;&nbsp;&nbsp;_printf_post_padding
<LI><a href="#[83]">&gt;&gt;</a>&nbsp;&nbsp;&nbsp;_fp_digits
<LI><a href="#[4b]">&gt;&gt;</a>&nbsp;&nbsp;&nbsp;__aeabi_uldivmod
<LI><a href="#[87]">&gt;&gt;</a>&nbsp;&nbsp;&nbsp;__aeabi_uidivmod
</UL>
<BR>[Called By]<UL><LI><a href="#[80]">&gt;&gt;</a>&nbsp;&nbsp;&nbsp;__0vfprintf
<LI><a href="#[7f]">&gt;&gt;</a>&nbsp;&nbsp;&nbsp;__0printf
<LI><a href="#[7d]">&gt;&gt;</a>&nbsp;&nbsp;&nbsp;__0fprintf
</UL>

<P><STRONG><a name="[86]"></a>_printf_post_padding</STRONG> (Thumb, 32 bytes, Stack size 0 bytes, printfa.o(i._printf_post_padding), UNUSED)
<BR><BR>[Called By]<UL><LI><a href="#[7e]">&gt;&gt;</a>&nbsp;&nbsp;&nbsp;_printf_core
</UL>

<P><STRONG><a name="[85]"></a>_printf_pre_padding</STRONG> (Thumb, 44 bytes, Stack size 0 bytes, printfa.o(i._printf_pre_padding), UNUSED)
<BR><BR>[Called By]<UL><LI><a href="#[7e]">&gt;&gt;</a>&nbsp;&nbsp;&nbsp;_printf_core
</UL>

<P><STRONG><a name="[31]"></a>_scanf_char_input</STRONG> (Thumb, 12 bytes, Stack size 0 bytes, scanf_char.o(.text))
<BR>[Address Reference Count : 1]<UL><LI> scanf_char.o(.text)
</UL>
<P><STRONG><a name="[33]"></a>[local to arm_exceptions_c]::__default_terminate_handler()</STRONG> (Thumb, 6 bytes, Stack size 0 bytes, arm_exceptions_globs.o(.text))
<BR>[Address Reference Count : 1]<UL><LI> arm_exceptions_globs.o(.text)
</UL><P>
<H3>
Undefined Global Symbols
</H3>
<P><STRONG><a name="[6a]"></a>_scanf_longlong</STRONG> (ARM, 0 bytes, Stack size 0 bytes, UNDEFINED)
<BR><BR>[Called By]<UL><LI><a href="#[59]">&gt;&gt;</a>&nbsp;&nbsp;&nbsp;__vfscanf
</UL>

<P><STRONG><a name="[69]"></a>_scanf_real</STRONG> (ARM, 0 bytes, Stack size 0 bytes, UNDEFINED)
<BR><BR>[Called By]<UL><LI><a href="#[59]">&gt;&gt;</a>&nbsp;&nbsp;&nbsp;__vfscanf
</UL>

<P><STRONG><a name="[6b]"></a>_scanf_string</STRONG> (ARM, 0 bytes, Stack size 0 bytes, UNDEFINED)
<BR><BR>[Called By]<UL><LI><a href="#[59]">&gt;&gt;</a>&nbsp;&nbsp;&nbsp;__vfscanf
</UL>
<HR></body></html>
