Component: ARM Compiler 5.06 update 6 (build 750) Tool: armlink [4d35ed]

==============================================================================

Section Cross References

    main.o(.text) refers to Stream.o(i._ZN4mbed6Stream6printfEPKcz) for mbed::Stream::printf(const char*, ...)
    main.o(.text) refers to assert.o(i.mbed_assert_internal) for mbed_assert_internal
    main.o(.text) refers to main.o(i._ZN4mbed8AnalogIn8read_u16Ev) for mbed::AnalogIn::read_u16()
    main.o(.text) refers to main.o(i._ZN4mbed6PwmOut5writeEf) for mbed::PwmOut::write(float)
    main.o(.text) refers to main.o(i._ZN4mbed6PwmOut6periodEf) for mbed::PwmOut::period(float)
    main.o(.text) refers to analogin_api.o(i.analogin_init) for analogin_init
    main.o(.text) refers to pwmout_api.o(i.pwmout_init) for pwmout_init
    main.o(.text) refers to gpio.o(i.gpio_init_out) for gpio_init_out
    main.o(.text) refers to Serial.o(i._ZN4mbed6SerialC1E7PinNameS1_PKc) for mbed::Serial::Serial(PinName, PinName, const char*)
    main.o(.text) refers to aeabi_atexit.o(.text) for __aeabi_atexit
    main.o(.text) refers to gpio.o(i.gpio_init_in) for gpio_init_in
    main.o(.text) refers to main.o(.bss) for pc
    main.o(.text) refers to main.o(.conststring) for .conststring
    main.o(.text) refers to main.o(.data) for analog_value
    main.o(.text) refers to Serial.o(i._ZN4mbed6SerialD1Ev) for mbed::Serial::~Serial()
    main.o(.ARM.exidx) refers to main.o(.text) for .text
    main.o(.init_array) refers to main.o(.text) for __sti___8_main_cpp_2fa593bf
    main.o(.init_array) refers to cpp_init.o(.text) for __cpp_initialize__aeabi_
    softwarepwm.o(.text) refers to gpio.o(i.gpio_init_out) for gpio_init_out
    softwarepwm.o(.text) refers to softwarepwm.o(i._ZN4mbed6TickerC1Ev) for mbed::Ticker::Ticker()
    softwarepwm.o(.text) refers to softwarepwm.o(t._ZN4mbed6Ticker9attach_usI11SoftwarePWMEEvPT_MS3_FvvEj) for void mbed::Ticker::attach_us<SoftwarePWM>(T1*, void(T1::*)(), unsigned)
    softwarepwm.o(.text) refers to Ticker.o(i._ZN4mbed6Ticker6detachEv) for mbed::Ticker::detach()
    softwarepwm.o(.text) refers to softwarepwm.o(i._ZN4mbed10DigitalOutaSEi) for mbed::DigitalOut::operator =(int)
    softwarepwm.o(.text) refers to assert.o(i.mbed_assert_internal) for mbed_assert_internal
    softwarepwm.o(.text) refers to Timeout.o(.constdata__ZTVN4mbed7TimeoutE) for vtable for mbed::Timeout
    softwarepwm.o(.text) refers to softwarepwm.o(.constdata) for <Data2>
    softwarepwm.o(.text) refers to softwarepwm.o(.conststring) for .conststring
    softwarepwm.o(.ARM.exidx) refers to softwarepwm.o(.text) for .text
    softwarepwm.o(.constdata) refers to softwarepwm.o(.text) for SoftwarePWM::EndPulse()
    motor.o(.text) refers to cfrcmple.o(.text) for __aeabi_cfrcmple
    motor.o(.text) refers to cfcmple.o(.text) for __aeabi_cfcmple
    motor.o(.text) refers to softwarepwm.o(i._ZN4mbed10DigitalOutaSEi) for mbed::DigitalOut::operator =(int)
    motor.o(.text) refers to fmul.o(.text) for __aeabi_fmul
    motor.o(.text) refers to ffixi.o(.text) for __aeabi_f2iz
    motor.o(.text) refers to softwarepwm.o(.text) for SoftwarePWM::SetPosition(int)
    motor.o(.text) refers to fflti.o(.text) for __aeabi_i2f
    motor.o(.text) refers to motor.o(i._ZN4mbed10DigitalOutC1E7PinName) for mbed::DigitalOut::DigitalOut(PinName)
    motor.o(.text) refers to assert.o(i.mbed_assert_internal) for mbed_assert_internal
    motor.o(.text) refers to motor.o(.conststring) for .conststring
    motor.o(.ARM.exidx) refers to motor.o(.text) for .text
    sound.o(.text) refers to cfcmple.o(.text) for __aeabi_cfcmpeq
    sound.o(.text) refers to fdiv.o(.text) for __aeabi_fdiv
    sound.o(.text) refers to ffixi.o(.text) for __aeabi_f2iz
    sound.o(.text) refers to softwarepwm.o(.text) for SoftwarePWM::Disable()
    sound.o(.ARM.exidx) refers to sound.o(.text) for .text
    qei.o(.text) refers to InterruptIn.o(i._ZN4mbed11InterruptInC1E7PinName) for mbed::InterruptIn::InterruptIn(PinName)
    qei.o(.text) refers to InterruptIn.o(i._ZN4mbed11InterruptIn4readEv) for mbed::InterruptIn::read()
    qei.o(.text) refers to qei.o(t._ZN4mbed11InterruptIn4riseI3QEIEEvPT_MS3_FvvE) for void mbed::InterruptIn::rise<QEI>(T1*, void(T1::*)())
    qei.o(.text) refers to qei.o(t._ZN4mbed11InterruptIn4fallI3QEIEEvPT_MS3_FvvE) for void mbed::InterruptIn::fall<QEI>(T1*, void(T1::*)())
    qei.o(.text) refers to qei.o(.constdata) for <Data1>
    qei.o(.ARM.exidx) refers to qei.o(.text) for .text
    qei.o(.constdata) refers to qei.o(.text) for QEI::encode()
    startup_LPC11xx.o(RESET) refers to startup_LPC11xx.o(.text) for Reset_Handler
    startup_LPC11xx.o(.text) refers to system_LPC11xx.o(i.SystemInit) for SystemInit
    startup_LPC11xx.o(.text) refers to entry.o(.ARM.Collect$$$$00000000) for __main
    retarget.o(.rev16_text) refers (Special) to entry6b.o(.ARM.Collect$$$$00000006) for __use_full_stdio
[...]
    ../clib/microlib/stubs.s                 0x00000000   Number         0  iusesemip.o ABSOLUTE
    ../clib/microlib/stubs.s                 0x00000000   Number         0  iusesemig.o ABSOLUTE
    ../clib/microlib/stubs.s                 0x00000000   Number         0  iusefp.o ABSOLUTE
    ../clib/microlib/stubs.s                 0x00000000   Number         0  iusesemihosting.o ABSOLUTE
    ../clib/scanf.c                          0x00000000   Number         0  _scanf.o ABSOLUTE
    ../clib/scanf.c                          0x00000000   Number         0  _sgetc.o ABSOLUTE
    ../clib/scanf.c                          0x00000000   Number         0  scanf_char.o ABSOLUTE
    ../clib/scanf.c                          0x00000000   Number         0  scanf_fp.o ABSOLUTE
    ../clib/scanf.c                          0x00000000   Number         0  _scanf_str.o ABSOLUTE
    ../clib/scanf.c                          0x00000000   Number         0  scanf_char_file.o ABSOLUTE
    ../clib/scanf.c                          0x00000000   Number         0  _chval.o ABSOLUTE
    ../clib/scanf.c                          0x00000000   Number         0  _scanf_longlong.o ABSOLUTE
    ../clib/scanf.c                          0x00000000   Number         0  _scanf_int.o ABSOLUTE
    ../clib/scanf.c                          0x00000000   Number         0  __0sscanf.o ABSOLUTE
    ../clib/scanf.c                          0x00000000   Number         0  vfscanf.o ABSOLUTE
    ../clib/stdlib.c                         0x00000000   Number         0  aeabi_atexit.o ABSOLUTE
    ../clib/stdlib.c                         0x00000000   Number         0  cxa_finalize.o ABSOLUTE
    ../fplib/microlib/d2f.c                  0x00000000   Number         0  d2f.o ABSOLUTE
    ../fplib/microlib/fpadd.c                0x00000000   Number         0  dadd.o ABSOLUTE
    ../fplib/microlib/fpdiv.c                0x00000000   Number         0  ddiv.o ABSOLUTE
    ../fplib/microlib/fpdiv.c                0x00000000   Number         0  fdiv.o ABSOLUTE
    ../fplib/microlib/fpepilogue.c           0x00000000   Number         0  fepilogue.o ABSOLUTE
    ../fplib/microlib/fpepilogue.c           0x00000000   Number         0  depilogue.o ABSOLUTE
    ../fplib/microlib/fpfix.c                0x00000000   Number         0  dfixul.o ABSOLUTE
    ../fplib/microlib/fpfix.c                0x00000000   Number         0  ffixui.o ABSOLUTE
    ../fplib/microlib/fpfix.c                0x00000000   Number         0  ffixi.o ABSOLUTE
    ../fplib/microlib/fpflt.c                0x00000000   Number         0  ffltui.o ABSOLUTE
    ../fplib/microlib/fpflt.c                0x00000000   Number         0  fflti.o ABSOLUTE
    ../fplib/microlib/fpflt.c                0x00000000   Number         0  dfltul.o ABSOLUTE
    ../fplib/microlib/fpmul.c                0x00000000   Number         0  dmul.o ABSOLUTE
    ../fplib/microlib/fpmul.c                0x00000000   Number         0  fmul.o ABSOLUTE
    C:\Code\git_repo\github\mbed-official\libraries\mbed\common\FileBase.cpp 0x00000000   Number         0  FileBase.o ABSOLUTE
    C:\Code\git_repo\github\mbed-official\libraries\mbed\common\FileLike.cpp 0x00000000   Number         0  FileLike.o ABSOLUTE
    C:\Code\git_repo\github\mbed-official\libraries\mbed\common\FilePath.cpp 0x00000000   Number         0  FilePath.o ABSOLUTE
    C:\Code\git_repo\github\mbed-official\libraries\mbed\common\FileSystemLike.cpp 0x00000000   Number         0  FileSystemLike.o ABSOLUTE
    C:\Code\git_repo\github\mbed-official\libraries\mbed\common\FunctionPointer.cpp 0x00000000   Number         0  FunctionPointer.o ABSOLUTE
    C:\Code\git_repo\github\mbed-official\libraries\mbed\common\InterruptIn.cpp 0x00000000   Number         0  InterruptIn.o ABSOLUTE
    C:\Code\git_repo\github\mbed-official\libraries\mbed\common\Serial.cpp 0x00000000   Number         0  Serial.o ABSOLUTE
    C:\Code\git_repo\github\mbed-official\libraries\mbed\common\SerialBase.cpp 0x00000000   Number         0  SerialBase.o ABSOLUTE
    C:\Code\git_repo\github\mbed-official\libraries\mbed\common\Stream.cpp 0x00000000   Number         0  Stream.o ABSOLUTE
    C:\Code\git_repo\github\mbed-official\libraries\mbed\common\Ticker.cpp 0x00000000   Number         0  Ticker.o ABSOLUTE
    C:\Code\git_repo\github\mbed-official\libraries\mbed\common\Timeout.cpp 0x00000000   Number         0  Timeout.o ABSOLUTE
    C:\Code\git_repo\github\mbed-official\libraries\mbed\common\TimerEvent.cpp 0x00000000   Number         0  TimerEvent.o ABSOLUTE
    C:\Code\git_repo\github\mbed-official\libraries\mbed\common\assert.c 0x00000000   Number         0  assert.o ABSOLUTE
    C:\Code\git_repo\github\mbed-official\libraries\mbed\common\board.c 0x00000000   Number         0  board.o ABSOLUTE
    C:\Code\git_repo\github\mbed-official\libraries\mbed\common\error.c 0x00000000   Number         0  error.o ABSOLUTE
    C:\Code\git_repo\github\mbed-official\libraries\mbed\common\gpio.c 0x00000000   Number         0  gpio.o ABSOLUTE
    C:\Code\git_repo\github\mbed-official\libraries\mbed\common\pinmap_common.c 0x00000000   Number         0  pinmap_common.o ABSOLUTE
    C:\Code\git_repo\github\mbed-official\libraries\mbed\common\retarget.cpp 0x00000000   Number         0  retarget.o ABSOLUTE
    C:\Code\git_repo\github\mbed-official\libraries\mbed\common\us_ticker_api.c 0x00000000   Number         0  us_ticker_api.o ABSOLUTE
    C:\Code\git_repo\github\mbed-official\libraries\mbed\common\wait_api.c 0x00000000   Number         0  wait_api.o ABSOLUTE
    C:\Code\git_repo\github\mbed-official\libraries\mbed\targets\cmsis\TARGET_NXP\TARGET_LPC11XX_11CXX\TARGET_LPC11XX\system_LPC11xx.c 0x00000000   Number         0  system_LPC11xx.o ABSOLUTE
    C:\Code\git_repo\github\mbed-official\libraries\mbed\targets\cmsis\TARGET_NXP\TARGET_LPC11XX_11CXX\TOOLCHAIN_ARM_MICRO\sys.cpp 0x00000000   Number         0  sys.o ABSOLUTE
    C:\Code\git_repo\github\mbed-official\libraries\mbed\targets\cmsis\TARGET_NXP\TARGET_LPC11XX_11CXX\cmsis_nvic.c 0x00000000   Number         0  cmsis_nvic.o ABSOLUTE
    C:\Code\git_repo\github\mbed-official\libraries\mbed\targets\hal\TARGET_NXP\TARGET_LPC11XX_11CXX\analogin_api.c 0x00000000   Number         0  analogin_api.o ABSOLUTE
    C:\Code\git_repo\github\mbed-official\libraries\mbed\targets\hal\TARGET_NXP\TARGET_LPC11XX_11CXX\gpio_api.c 0x00000000   Number         0  gpio_api.o ABSOLUTE
    C:\Code\git_repo\github\mbed-official\libraries\mbed\targets\hal\TARGET_NXP\TARGET_LPC11XX_11CXX\gpio_irq_api.c 0x00000000   Number         0  gpio_irq_api.o ABSOLUTE
    C:\Code\git_repo\github\mbed-official\libraries\mbed\targets\hal\TARGET_NXP\TARGET_LPC11XX_11CXX\pinmap.c 0x00000000   Number         0  pinmap.o ABSOLUTE
    C:\Code\git_repo\github\mbed-official\libraries\mbed\targets\hal\TARGET_NXP\TARGET_LPC11XX_11CXX\pwmout_api.c 0x00000000   Number         0  pwmout_api.o ABSOLUTE
    C:\Code\git_repo\github\mbed-official\libraries\mbed\targets\hal\TARGET_NXP\TARGET_LPC11XX_11CXX\serial_api.c 0x00000000   Number         0  serial_api.o ABSOLUTE
    C:\Code\git_repo\github\mbed-official\libraries\mbed\targets\hal\TARGET_NXP\TARGET_LPC11XX_11CXX\us_ticker.c 0x00000000   Number         0  us_ticker.o ABSOLUTE
    C:\\Code\\git_repo\\github\\mbed-official\\libraries\\mbed\\common\\FileBase.cpp 0x00000000   Number         0  FileBase.o ABSOLUTE
    C:\\Code\\git_repo\\github\\mbed-official\\libraries\\mbed\\common\\FileLike.cpp 0x00000000   Number         0  FileLike.o ABSOLUTE
    C:\\Code\\git_repo\\github\\mbed-official\\libraries\\mbed\\common\\FilePath.cpp 0x00000000   Number         0  FilePath.o ABSOLUTE
    C:\\Code\\git_repo\\github\\mbed-official\\libraries\\mbed\\common\\FileSystemLike.cpp 0x00000000   Number         0  FileSystemLike.o ABSOLUTE
    C:\\Code\\git_repo\\github\\mbed-official\\libraries\\mbed\\common\\InterruptIn.cpp 0x00000000   Number         0  InterruptIn.o ABSOLUTE
    C:\\Code\\git_repo\\github\\mbed-official\\libraries\\mbed\\common\\Serial.cpp 0x00000000   Number         0  Serial.o ABSOLUTE
    C:\\Code\\git_repo\\github\\mbed-official\\libraries\\mbed\\common\\SerialBase.cpp 0x00000000   Number         0  SerialBase.o ABSOLUTE
    C:\\Code\\git_repo\\github\\mbed-official\\libraries\\mbed\\common\\Stream.cpp 0x00000000   Number         0  Stream.o ABSOLUTE
    C:\\Code\\git_repo\\github\\mbed-official\\libraries\\mbed\\common\\TimerEvent.cpp 0x00000000   Number         0  TimerEvent.o ABSOLUTE
    C:\\Code\\git_repo\\github\\mbed-official\\libraries\\mbed\\common\\assert.c 0x00000000   Number         0  assert.o ABSOLUTE
    C:\\Code\\git_repo\\github\\mbed-official\\libraries\\mbed\\common\\board.c 0x00000000   Number         0  board.o ABSOLUTE
    C:\\Code\\git_repo\\github\\mbed-official\\libraries\\mbed\\common\\error.c 0x00000000   Number         0  error.o ABSOLUTE
    C:\\Code\\git_repo\\github\\mbed-official\\libraries\\mbed\\common\\gpio.c 0x00000000   Number         0  gpio.o ABSOLUTE
    C:\\Code\\git_repo\\github\\mbed-official\\libraries\\mbed\\common\\pinmap_common.c 0x00000000   Number         0  pinmap_common.o ABSOLUTE
    C:\\Code\\git_repo\\github\\mbed-official\\libraries\\mbed\\common\\retarget.cpp 0x00000000   Number         0  retarget.o ABSOLUTE
    C:\\Code\\git_repo\\github\\mbed-official\\libraries\\mbed\\common\\us_ticker_api.c 0x00000000   Number         0  us_ticker_api.o ABSOLUTE
    C:\\Code\\git_repo\\github\\mbed-official\\libraries\\mbed\\targets\\cmsis\\TARGET_NXP\\TARGET_LPC11XX_11CXX\\TARGET_LPC11XX\\system_LPC11xx.c 0x00000000   Number         0  system_LPC11xx.o ABSOLUTE
    C:\\Code\\git_repo\\github\\mbed-official\\libraries\\mbed\\targets\\cmsis\\TARGET_NXP\\TARGET_LPC11XX_11CXX\\TOOLCHAIN_ARM_MICRO\\TARGET_LPC11XX\\startup_LPC11xx.s 0x00000000   Number         0  startup_LPC11xx.o ABSOLUTE
    C:\\Code\\git_repo\\github\\mbed-official\\libraries\\mbed\\targets\\cmsis\\TARGET_NXP\\TARGET_LPC11XX_11CXX\\cmsis_nvic.c 0x00000000   Number         0  cmsis_nvic.o ABSOLUTE
    C:\\Code\\git_repo\\github\\mbed-official\\libraries\\mbed\\targets\\hal\\TARGET_NXP\\TARGET_LPC11XX_11CXX\\analogin_api.c 0x00000000   Number         0  analogin_api.o ABSOLUTE
    C:\\Code\\git_repo\\github\\mbed-official\\libraries\\mbed\\targets\\hal\\TARGET_NXP\\TARGET_LPC11XX_11CXX\\gpio_api.c 0x00000000   Number         0  gpio_api.o ABSOLUTE
    C:\\Code\\git_repo\\github\\mbed-official\\libraries\\mbed\\targets\\hal\\TARGET_NXP\\TARGET_LPC11XX_11CXX\\gpio_irq_api.c 0x00000000   Number         0  gpio_irq_api.o ABSOLUTE
    C:\\Code\\git_repo\\github\\mbed-official\\libraries\\mbed\\targets\\hal\\TARGET_NXP\\TARGET_LPC11XX_11CXX\\pinmap.c 0x00000000   Number         0  pinmap.o ABSOLUTE
    C:\\Code\\git_repo\\github\\mbed-official\\libraries\\mbed\\targets\\hal\\TARGET_NXP\\TARGET_LPC11XX_11CXX\\pwmout_api.c 0x00000000   Number         0  pwmout_api.o ABSOLUTE
    C:\\Code\\git_repo\\github\\mbed-official\\libraries\\mbed\\targets\\hal\\TARGET_NXP\\TARGET_LPC11XX_11CXX\\serial_api.c 0x00000000   Number         0  serial_api.o ABSOLUTE
    C:\\Code\\git_repo\\github\\mbed-official\\libraries\\mbed\\targets\\hal\\TARGET_NXP\\TARGET_LPC11XX_11CXX\\us_ticker.c 0x00000000   Number         0  us_ticker.o ABSOLUTE
    Motor.cpp                                0x00000000   Number         0  motor.o ABSOLUTE
    Motor.cpp                                0x00000000   Number         0  motor.o ABSOLUTE
    QEI.cpp                                  0x00000000   Number         0  qei.o ABSOLUTE
    QEI.cpp                                  0x00000000   Number         0  qei.o ABSOLUTE
    SoftwarePWM.cpp                          0x00000000   Number         0  softwarepwm.o ABSOLUTE
    SoftwarePWM.cpp                          0x00000000   Number         0  softwarepwm.o ABSOLUTE
    Sound.cpp                                0x00000000   Number         0  sound.o ABSOLUTE
    Sound.cpp                                0x00000000   Number         0  sound.o ABSOLUTE
    cdrcmple.s                               0x00000000   Number         0  cdrcmple.o ABSOLUTE
    cfcmple.s                                0x00000000   Number         0  cfcmple.o ABSOLUTE
    cfrcmple.s                               0x00000000   Number         0  cfrcmple.o ABSOLUTE
    dc.s                                     0x00000000   Number         0  dc.o ABSOLUTE
    handlers.s                               0x00000000   Number         0  handlers.o ABSOLUTE
    init.s                                   0x00000000   Number         0  init.o ABSOLUTE
    main.cpp                                 0x00000000   Number         0  main.o ABSOLUTE
    main.cpp                                 0x00000000   Number         0  main.o ABSOLUTE
    .ARM.Collect$$$$00000000                 0x00000200   Section        0  entry.o(.ARM.Collect$$$$00000000)
    .ARM.Collect$$$$00000001                 0x00000200   Section        4  entry2.o(.ARM.Collect$$$$00000001)
    .ARM.Collect$$$$00000004                 0x00000204   Section        4  entry5.o(.ARM.Collect$$$$00000004)
    .ARM.Collect$$$$00000006                 0x00000208   Section        4  entry6b.o(.ARM.Collect$$$$00000006)
    .ARM.Collect$$$$00000008                 0x0000020c   Section        0  entry7b.o(.ARM.Collect$$$$00000008)
    .ARM.Collect$$$$00000009                 0x0000020c   Section        4  entry8a.o(.ARM.Collect$$$$00000009)
    .ARM.Collect$$$$0000000A                 0x00000210   Section        0  entry8b.o(.ARM.Collect$$$$0000000A)
    .ARM.Collect$$$$0000000B                 0x00000210   Section        8  entry9a.o(.ARM.Collect$$$$0000000B)
    .ARM.Collect$$$$0000000D                 0x00000218   Section        0  entry10a.o(.ARM.Collect$$$$0000000D)
    .ARM.Collect$$$$0000000E                 0x00000218   Section        4  entry10b.o(.ARM.Collect$$$$0000000E)
    .ARM.Collect$$$$0000000F                 0x0000021c   Section        0  entry11a.o(.ARM.Collect$$$$0000000F)
    .ARM.Collect$$$$00002712                 0x0000021c   Section        4  entry2.o(.ARM.Collect$$$$00002712)
    __lit__00000000                          0x0000021c   Data           4  entry2.o(.ARM.Collect$$$$00002712)
    .text                                    0x00000220   Section       28  startup_LPC11xx.o(.text)
    .text                                    0x0000023c   Section        0  initio_oe.o(.text)
    .text                                    0x0000025c   Section        0  fputc_fp.o(.text)
    .text                                    0x00000286   Section        0  uidiv.o(.text)
    .text                                    0x000002b2   Section        0  idiv.o(.text)
    .text                                    0x000002da   Section        0  strlen.o(.text)
    .text                                    0x000002e8   Section        0  ffltui.o(.text)
    .text                                    0x000002f6   Section        0  iusefp.o(.text)
    .text                                    0x000002f6   Section        0  cpp_final.o(.text)
    i._ZN4mbed6Stream5closeEv                0x000002f8   Section        0  Stream.o(i._ZN4mbed6Stream5closeEv)
    .ARM.__at_0x02FC                         0x000002fc   Section        4  startup_LPC11xx.o(.ARM.__at_0x02FC)
    .text                                    0x00000300   Section        0  main.o(.text)
    __sti___8_main_cpp_2fa593bf              0x00000503   Thumb Code   104  main.o(.text)
    .text                                    0x00000690   Section        0  uldiv.o(.text)
    .text                                    0x000006f0   Section        0  memseta.o(.text)
    .text                                    0x00000714   Section        0  strcmp.o(.text)
    .text                                    0x00000730   Section        0  strncmp.o(.text)
    .text                                    0x00000750   Section        0  __0sscanf.o(.text)
    .text                                    0x0000078c   Section        0  _scanf_int.o(.text)
    .text                                    0x000008d8   Section        0  cpp_init.o(.text)
    .text                                    0x000008f8   Section        0  aeabi_atexit.o(.text)
    .text                                    0x00000922   Section        0  fmul.o(.text)
    .text                                    0x0000099c   Section        0  ffixi.o(.text)
    .text                                    0x000009ce   Section        0  ffixui.o(.text)
    .text                                    0x000009f6   Section        0  llshl.o(.text)
    .text                                    0x00000a16   Section        0  llushr.o(.text)
    .text                                    0x00000a38   Section        0  _chval.o(.text)
    .text                                    0x00000a58   Section        0  scanf_char.o(.text)
    _scanf_char_input                        0x00000a59   Thumb Code    12  scanf_char.o(.text)
    .text                                    0x00000a84   Section        0  _sgetc.o(.text)
    .text                                    0x00000ac8   Section        0  cpp_dtor.o(.text)
    .text                                    0x00000ad0   Section        0  cxa_finalize.o(.text)
    .text                                    0x00000b12   Section        0  fepilogue.o(.text)
    .text                                    0x00000b94   Section        0  dadd.o(.text)
    .text                                    0x00000cf8   Section        0  dmul.o(.text)
    .text                                    0x00000dc8   Section        0  ddiv.o(.text)
    .text                                    0x00000eb8   Section        0  dfixul.o(.text)
    .text                                    0x00000ef8   Section       40  cdrcmple.o(.text)
    .text                                    0x00000f20   Section       36  init.o(.text)
    .text                                    0x00000f44   Section        0  llsshr.o(.text)
    .text                                    0x00000f6a   Section        0  isspace_c.o(.text)
    .text                                    0x00000f78   Section        0  _scanf.o(.text)
    .text                                    0x000012b0   Section        0  depilogue.o(.text)
    .text                                    0x00001370   Section        0  ctype_c.o(.text)
    i.$Sub$$main                             0x00001394   Section        0  retarget.o(i.$Sub$$main)
    i.<Func1>                                0x000013a4   Section        0  SerialBase.o(i.<Func1>)
    <Func1>                                  0x000013a5   Thumb Code    10  SerialBase.o(i.<Func1>)
    i.NVIC_SetVector                         0x000013b0   Section        0  cmsis_nvic.o(i.NVIC_SetVector)
    i.SystemInit                             0x000013f8   Section        0  system_LPC11xx.o(i.SystemInit)
    i._ZN4mbed10FileHandleD2Ev               0x00001458   Section        0  retarget.o(i._ZN4mbed10FileHandleD2Ev)
    i._ZN4mbed10SerialBase10_base_putcEi     0x00001484   Section        0  SerialBase.o(i._ZN4mbed10SerialBase10_base_putcEi)
    i._ZN4mbed10SerialBase12_irq_handlerEj9SerialIrq 0x00001492   Section        0  SerialBase.o(i._ZN4mbed10SerialBase12_irq_handlerEj9SerialIrq)
    i._ZN4mbed10SerialBaseC1E7PinNameS1_     0x000014a4   Section        0  SerialBase.o(i._ZN4mbed10SerialBaseC1E7PinNameS1_)
    i._ZN4mbed15FunctionPointer4callEv       0x000014f0   Section        0  FunctionPointer.o(i._ZN4mbed15FunctionPointer4callEv)
    i._ZN4mbed15FunctionPointerC1EPFvvE      0x0000150a   Section        0  FunctionPointer.o(i._ZN4mbed15FunctionPointerC1EPFvvE)
    i._ZN4mbed26mbed_set_unbuffered_streamEPSt6__FILE 0x00001514   Section        0  retarget.o(i._ZN4mbed26mbed_set_unbuffered_streamEPSt6__FILE)
    i._ZN4mbed6PwmOut5writeEf                0x0000151e   Section        0  main.o(i._ZN4mbed6PwmOut5writeEf)
    i._ZN4mbed6PwmOut6periodEf               0x0000152e   Section        0  main.o(i._ZN4mbed6PwmOut6periodEf)
    i._ZN4mbed6SerialC1E7PinNameS1_PKc       0x00001540   Section        0  Serial.o(i._ZN4mbed6SerialC1E7PinNameS1_PKc)
    i._ZN4mbed6SerialD1Ev                    0x0000156c   Section        0  Serial.o(i._ZN4mbed6SerialD1Ev)
    i._ZN4mbed6Stream5lseekEli               0x00001578   Section        0  Stream.o(i._ZN4mbed6Stream5lseekEli)
    i._ZN4mbed6Stream5writeEPKvj             0x0000157c   Section        0  Stream.o(i._ZN4mbed6Stream5writeEPKvj)
    i._ZN4mbed6Stream6printfEPKcz            0x000015a2   Section        0  Stream.o(i._ZN4mbed6Stream6printfEPKcz)
    i._ZN4mbed6StreamC2EPKc                  0x000015c4   Section        0  Stream.o(i._ZN4mbed6StreamC2EPKc)
    i._ZN4mbed6StreamD2Ev                    0x00001608   Section        0  Stream.o(i._ZN4mbed6StreamD2Ev)
    i._ZN4mbed8AnalogIn8read_u16Ev           0x0000162c   Section        0  main.o(i._ZN4mbed8AnalogIn8read_u16Ev)
    i._ZN4mbed8FileBase11getPathTypeEv       0x00001638   Section        0  FileBase.o(i._ZN4mbed8FileBase11getPathTypeEv)
    i._ZN4mbed8FileBase6lookupEPKcj          0x0000163c   Section        0  FileBase.o(i._ZN4mbed8FileBase6lookupEPKcj)
    i._ZN4mbed8FileBaseC1EPKcNS_8PathTypeE   0x00001678   Section        0  FileBase.o(i._ZN4mbed8FileBaseC1EPKcNS_8PathTypeE)
    i._ZN4mbed8FileBaseD1Ev                  0x0000169c   Section        0  FileBase.o(i._ZN4mbed8FileBaseD1Ev)
    i._ZN4mbed8FileLikeC2EPKc                0x000016d0   Section        0  FileLike.o(i._ZN4mbed8FileLikeC2EPKc)
    i._ZN4mbed8FileLikeD2Ev                  0x000016f4   Section        0  FileLike.o(i._ZN4mbed8FileLikeD2Ev)
    i._ZN4mbed8FilePath10fileSystemEv        0x00001704   Section        0  FilePath.o(i._ZN4mbed8FilePath10fileSystemEv)
    i._ZN4mbed8FilePath4fileEv               0x0000171e   Section        0  FilePath.o(i._ZN4mbed8FilePath4fileEv)
    i._ZN4mbed8FilePath6existsEv             0x0000173e   Section        0  FilePath.o(i._ZN4mbed8FilePath6existsEv)
    i._ZN4mbed8FilePath6isFileEv             0x00001748   Section        0  FilePath.o(i._ZN4mbed8FilePath6isFileEv)
    i._ZN4mbed8FilePath8fileNameEv           0x00001760   Section        0  FilePath.o(i._ZN4mbed8FilePath8fileNameEv)
    i._ZN4mbed8FilePathC1EPKc                0x00001764   Section        0  FilePath.o(i._ZN4mbed8FilePathC1EPKc)
    i._ZThn72_N4mbed6Serial5_putcEi          0x000017a8   Section        0  Serial.o(i._ZThn72_N4mbed6Serial5_putcEi)
    i.__0fprintf                             0x000017b4   Section        0  printfa.o(i.__0fprintf)
    i.__0sprintf                             0x000017d0   Section        0  printfa.o(i.__0sprintf)
    i.__0vfprintf                            0x000017f8   Section        0  printfa.o(i.__0vfprintf)
    i.__ARM_clz                              0x00001810   Section        0  depilogue.o(i.__ARM_clz)
    i.__ARM_common_ll_muluu                  0x0000183e   Section        0  pwmout_api.o(i.__ARM_common_ll_muluu)
    i.__aeabi_vec_ctor_nocookie_nodtor       0x00001870   Section        0  aeabi_vec_ctor_nocookie_nodtor.o(i.__aeabi_vec_ctor_nocookie_nodtor)
    i.__cxa_pure_virtual                     0x00001892   Section        0  pure_virt.o(i.__cxa_pure_virtual)
    i.__scatterload_copy                     0x0000189c   Section       14  handlers.o(i.__scatterload_copy)
    i.__scatterload_null                     0x000018aa   Section        2  handlers.o(i.__scatterload_null)
    i.__scatterload_zeroinit                 0x000018ac   Section       14  handlers.o(i.__scatterload_zeroinit)
    i._fclose$full                           0x000018ba   Section        0  fclose_f.o(i._fclose$full)
    i._fflush$full                           0x000018d8   Section        0  fflush_f.o(i._fflush$full)
    i._fopen$full                            0x000018f0   Section        0  fopen_f.o(i._fopen$full)
    i._fp_digits                             0x00001924   Section        0  printfa.o(i._fp_digits)
    _fp_digits                               0x00001925   Thumb Code   344  printfa.o(i._fp_digits)
    i._freopen$full                          0x00001a98   Section        0  fopen_f.o(i._freopen$full)
    i._printf_core                           0x00001af8   Section        0  printfa.o(i._printf_core)
    _printf_core                             0x00001af9   Thumb Code  1754  printfa.o(i._printf_core)
    i._printf_post_padding                   0x000021e4   Section        0  printfa.o(i._printf_post_padding)
    _printf_post_padding                     0x000021e5   Thumb Code    32  printfa.o(i._printf_post_padding)
    i._printf_pre_padding                    0x00002204   Section        0  printfa.o(i._printf_pre_padding)
    _printf_pre_padding                      0x00002205   Thumb Code    44  printfa.o(i._printf_pre_padding)
    i._sputc                                 0x00002230   Section        0  printfa.o(i._sputc)
    _sputc                                   0x00002231   Thumb Code    10  printfa.o(i._sputc)
    i._sys_close                             0x0000223c   Section        0  retarget.o(i._sys_close)
    i._sys_open                              0x00002268   Section        0  retarget.o(i._sys_open)
    i._sys_seek                              0x0000234c   Section        0  retarget.o(i._sys_seek)
    i._sys_write                             0x00002374   Section        0  retarget.o(i._sys_write)
    i.analogin_init                          0x000023dc   Section        0  analogin_api.o(i.analogin_init)
    i.analogin_read_u16                      0x0000244c   Section        0  analogin_api.o(i.analogin_read_u16)
    i.error                                  0x000024f8   Section        0  error.o(i.error)
    i.exit                                   0x00002510   Section        0  retarget.o(i.exit)
    i.free                                   0x00002530   Section        0  malloc.o(i.free)
    i.gpio_dir                               0x00002584   Section        0  gpio_api.o(i.gpio_dir)
    i.gpio_init                              0x000025e0   Section        0  gpio_api.o(i.gpio_init)
    i.gpio_init_in                           0x00002650   Section        0  gpio.o(i.gpio_init_in)
    i.gpio_init_out                          0x00002674   Section        0  gpio.o(i.gpio_init_out)
    i.gpio_mode                              0x000026c0   Section        0  gpio_api.o(i.gpio_mode)
    i.malloc                                 0x000026d0   Section        0  malloc.o(i.malloc)
    i.mbed_assert_internal                   0x0000273c   Section        0  assert.o(i.mbed_assert_internal)
    i.mbed_die                               0x0000278c   Section        0  board.o(i.mbed_die)
    i.mbed_main                              0x00002920   Section        0  retarget.o(i.mbed_main)
    i.mbed_sdk_init                          0x00002922   Section        0  retarget.o(i.mbed_sdk_init)
    i.pin_function                           0x00002924   Section        0  pinmap.o(i.pin_function)
    i.pin_mode                               0x0000296c   Section        0  pinmap.o(i.pin_mode)
    i.pinmap_merge                           0x000029c0   Section        0  pinmap_common.o(i.pinmap_merge)
    i.pinmap_peripheral                      0x000029f4   Section        0  pinmap_common.o(i.pinmap_peripheral)
    i.pinmap_pinout                          0x00002a50   Section        0  pinmap_common.o(i.pinmap_pinout)
    i.pwmout_init                            0x00002aa0   Section        0  pwmout_api.o(i.pwmout_init)
    i.pwmout_period                          0x00002b54   Section        0  pwmout_api.o(i.pwmout_period)
    i.pwmout_period_us                       0x00002b74   Section        0  pwmout_api.o(i.pwmout_period_us)
    i.pwmout_write                           0x00002bfc   Section        0  pwmout_api.o(i.pwmout_write)
    i.serial_baud                            0x00002c64   Section        0  serial_api.o(i.serial_baud)
    i.serial_format                          0x00002d7c   Section        0  serial_api.o(i.serial_format)
    i.serial_init                            0x00002e60   Section        0  serial_api.o(i.serial_init)
    i.serial_irq_handler                     0x00002f34   Section        0  serial_api.o(i.serial_irq_handler)
    i.serial_putc                            0x00002f48   Section        0  serial_api.o(i.serial_putc)
    i.us_ticker_clear_interrupt              0x00002f58   Section        0  us_ticker.o(i.us_ticker_clear_interrupt)
    i.us_ticker_disable_interrupt            0x00002f64   Section        0  us_ticker.o(i.us_ticker_disable_interrupt)
    i.us_ticker_irq_handler                  0x00002f74   Section        0  us_ticker_api.o(i.us_ticker_irq_handler)
    i.us_ticker_read                         0x00002fb4   Section        0  us_ticker.o(i.us_ticker_read)
    i.us_ticker_set_interrupt                0x00003010   Section        0  us_ticker.o(i.us_ticker_set_interrupt)
    i.wait_ms                                0x00003024   Section        0  wait_api.o(i.wait_ms)
    .constdata                               0x00003040   Section      134  board.o(.constdata)
    .constdata                               0x000030c8   Section       96  analogin_api.o(.constdata)
    PinMap_ADC                               0x000030c8   Data          96  analogin_api.o(.constdata)
    .constdata                               0x00003128   Section       72  pwmout_api.o(.constdata)
    PinMap_PWM                               0x00003128   Data          72  pwmout_api.o(.constdata)
    .constdata                               0x00003170   Section      364  serial_api.o(.constdata)
    PinMap_UART_TX                           0x00003170   Data          60  serial_api.o(.constdata)
    PinMap_UART_RX                           0x000031ac   Data          60  serial_api.o(.constdata)
    .constdata                               0x000032dc   Section      134  gpio.o(.constdata)
    .constdata                               0x00003364   Section      128  gpio_api.o(.constdata)
    .constdata                               0x000033e4   Section      108  pinmap.o(.constdata)
    .constdata                               0x00003450   Section       64  ctype_c.o(.constdata)
    .constdata__ZTVN4mbed10FileHandleE       0x00003490   Section       44  retarget.o(.constdata__ZTVN4mbed10FileHandleE)
    .constdata__ZTVN4mbed10SerialBaseE       0x000034bc   Section       16  SerialBase.o(.constdata__ZTVN4mbed10SerialBaseE)
    .constdata__ZTVN4mbed6SerialE            0x000034cc   Section       92  Serial.o(.constdata__ZTVN4mbed6SerialE)
    .constdata__ZTVN4mbed6StreamE            0x00003528   Section       68  Stream.o(.constdata__ZTVN4mbed6StreamE)
    .constdata__ZTVN4mbed8FileBaseE          0x0000356c   Section       16  FileBase.o(.constdata__ZTVN4mbed8FileBaseE)
    .constdata__ZTVN4mbed8FileLikeE          0x0000357c   Section       60  FileLike.o(.constdata__ZTVN4mbed8FileLikeE)
    .conststring                             0x000035b8   Section       66  main.o(.conststring)
    .init_array                              0x0000361c   Section        4  main.o(.init_array)
    .init_array                              0x00003620   Section        0  cpp_init.o(.init_array)
    .data                                    0x100000c0   Section        2  main.o(.data)
    .data                                    0x100000c4   Section        4  retarget.o(.data)
    n                                        0x100000c4   Data           4  retarget.o(.data)
    .data                                    0x100000c8   Section        4  cmsis_nvic.o(.data)
    vectors                                  0x100000c8   Data           4  cmsis_nvic.o(.data)
    .data                                    0x100000cc   Section        4  system_LPC11xx.o(.data)
    .data                                    0x100000d0   Section       24  pwmout_api.o(.data)
    pwm_timer_map                            0x100000d0   Data          10  pwmout_api.o(.data)
    Timers                                   0x100000dc   Data          12  pwmout_api.o(.data)
    .data                                    0x100000e8   Section       20  serial_api.o(.data)
    serial_irq_ids                           0x100000e8   Data           4  serial_api.o(.data)
    irq_handler                              0x100000f0   Data           4  serial_api.o(.data)
    .data                                    0x100000fc   Section        4  us_ticker.o(.data)
    .data                                    0x10000100   Section        4  FileBase.o(.data)
    .data                                    0x10000104   Section        8  us_ticker_api.o(.data)
    head                                     0x10000104   Data           4  us_ticker_api.o(.data)
    event_handler                            0x10000108   Data           4  us_ticker_api.o(.data)
    .data                                    0x1000010c   Section        4  cpp_dtor.o(.data)
    ddtor_pointer                            0x1000010c   Data           4  cpp_dtor.o(.data)
    .data                                    0x10000110   Section        4  mvars.o(.data)
    .data                                    0x10000114   Section        4  mvars.o(.data)
    .bss                                     0x10000118   Section      128  main.o(.bss)
    .bss                                     0x10000198   Section       64  retarget.o(.bss)
    filehandles                              0x10000198   Data          64  retarget.o(.bss)
    .bss                                     0x100001d8   Section       20  stdout_f.o(.bss)
    .bss                                     0x100001ec   Section       20  stderr_f.o(.bss)
    HEAP                                     0x10000200   Section        0  startup_LPC11xx.o(HEAP)

    Global Symbols

    Symbol Name                              Value     Ov Type        Size  Object(Section)

    BuildAttributes$$THM_ISAv3M$S$PE$A:L22$X:L11$S22$IEEE1$IW$USESV6$~STKCKD$USESV7$~SHL$OTIME$ROPI$EBA8$UX$MICROLIB$REQ8$PRES8$EABIv2 0x00000000   Number         0  anon$$obj.o ABSOLUTE
    __ARM_use_no_argv                        0x00000000   Number         0  main.o ABSOLUTE
    __Vectors                                0x00000000   Data           4  startup_LPC11xx.o(RESET)
    __dso_handle                             0x00000000   Number         0  startup_LPC11xx.o(RESET)
    _printf_a                                0x00000000   Number         0  stubs.o ABSOLUTE
    _printf_c                                0x00000000   Number         0  stubs.o ABSOLUTE
    _printf_charcount                        0x00000000   Number         0  stubs.o ABSOLUTE
    _printf_d                                0x00000000   Number         0  stubs.o ABSOLUTE
    _printf_e                                0x00000000   Number         0  stubs.o ABSOLUTE
    _printf_f                                0x00000000   Number         0  stubs.o ABSOLUTE
    _printf_flags                            0x00000000   Number         0  stubs.o ABSOLUTE
    _printf_fp_dec                           0x00000000   Number         0  stubs.o ABSOLUTE
    _printf_fp_hex                           0x00000000   Number         0  stubs.o ABSOLUTE
    _printf_g                                0x00000000   Number         0  stubs.o ABSOLUTE
    _printf_i                                0x00000000   Number         0  stubs.o ABSOLUTE
    _printf_int_dec                          0x00000000   Number         0  stubs.o ABSOLUTE
    _printf_l                                0x00000000   Number         0  stubs.o ABSOLUTE
    _printf_lc                               0x00000000   Number         0  stubs.o ABSOLUTE
    _printf_ll                               0x00000000   Number         0  stubs.o ABSOLUTE
    _printf_lld                              0x00000000   Number         0  stubs.o ABSOLUTE
    _printf_lli                              0x00000000   Number         0  stubs.o ABSOLUTE
    _printf_llo                              0x00000000   Number         0  stubs.o ABSOLUTE
    _printf_llu                              0x00000000   Number         0  stubs.o ABSOLUTE
    _printf_llx                              0x00000000   Number         0  stubs.o ABSOLUTE
    _printf_longlong_dec                     0x00000000   Number         0  stubs.o ABSOLUTE
    _printf_longlong_hex                     0x00000000   Number         0  stubs.o ABSOLUTE
    _printf_longlong_oct                     0x00000000   Number         0  stubs.o ABSOLUTE
    _printf_ls                               0x00000000   Number         0  stubs.o ABSOLUTE
    _printf_mbtowc                           0x00000000   Number         0  stubs.o ABSOLUTE
    _printf_n                                0x00000000   Number         0  stubs.o ABSOLUTE
    _printf_o                                0x00000000   Number         0  stubs.o ABSOLUTE
    _printf_p                                0x00000000   Number         0  stubs.o ABSOLUTE
    _printf_percent                          0x00000000   Number         0  stubs.o ABSOLUTE
    _printf_pre_padding                      0x00000000   Number         0  stubs.o ABSOLUTE
    _printf_return_value                     0x00000000   Number         0  stubs.o ABSOLUTE
    _printf_s                                0x00000000   Number         0  stubs.o ABSOLUTE
    _printf_sizespec                         0x00000000   Number         0  stubs.o ABSOLUTE
    _printf_str                              0x00000000   Number         0  stubs.o ABSOLUTE
    _printf_truncate_signed                  0x00000000   Number         0  stubs.o ABSOLUTE
    _printf_truncate_unsigned                0x00000000   Number         0  stubs.o ABSOLUTE
    _printf_u                                0x00000000   Number         0  stubs.o ABSOLUTE
    _printf_wc                               0x00000000   Number         0  stubs.o ABSOLUTE
    _printf_wctomb                           0x00000000   Number         0  stubs.o ABSOLUTE
    _printf_widthprec                        0x00000000   Number         0  stubs.o ABSOLUTE
    _printf_x                                0x00000000   Number         0  stubs.o ABSOLUTE
    SHT$$ARM_EXIDX$$Base                      - Undefined Reference
    SHT$$ARM_EXIDX$$Limit                     - Undefined Reference
    __ARM::default_unexpected_handler()       - Undefined Weak Reference
    __ARM_exceptions_buffer_required          - Undefined Weak Reference
    __aeabi_unwind_cpp_pr1                    - Undefined Weak Reference
    __aeabi_unwind_cpp_pr2                    - Undefined Weak Reference
    __cxa_begin_cleanup                       - Undefined Weak Reference
    __cxa_type_match                          - Undefined Weak Reference
    __decompress                              - Undefined Weak Reference
    _clock_init                               - Undefined Weak Reference
    _microlib_exit                            - Undefined Weak Reference
    __main                                   0x00000201   Thumb Code     0  entry.o(.ARM.Collect$$$$00000000)
    _main_stk                                0x00000201   Thumb Code     0  entry2.o(.ARM.Collect$$$$00000001)
    _main_scatterload                        0x00000205   Thumb Code     0  entry5.o(.ARM.Collect$$$$00000004)
    __main_after_scatterload                 0x00000209   Thumb Code     0  entry5.o(.ARM.Collect$$$$00000004)
    __use_full_stdio                         0x00000209   Thumb Code     0  entry6b.o(.ARM.Collect$$$$00000006)
    __main_after_initio                      0x0000020d   Thumb Code     0  entry6b.o(.ARM.Collect$$$$00000006)
    _main_clock                              0x0000020d   Thumb Code     0  entry7b.o(.ARM.Collect$$$$00000008)
    _main_cpp_init$empty                     0x0000020d   Thumb Code     0  entry8a.o(.ARM.Collect$$$$00000009)
    _main_cpp_init                           0x00000211   Thumb Code     0  entry8b.o(.ARM.Collect$$$$0000000A)
    _main_init                               0x00000211   Thumb Code     0  entry9a.o(.ARM.Collect$$$$0000000B)
    __rt_final_cpp                           0x00000219   Thumb Code     0  entry10a.o(.ARM.Collect$$$$0000000D)
    __rt_final_cpp$nonempty                  0x00000219   Thumb Code     0  entry10b.o(.ARM.Collect$$$$0000000E)
    __rt_final_exit                          0x0000021d   Thumb Code     0  entry11a.o(.ARM.Collect$$$$0000000F)
    Reset_Handler                            0x00000221   Thumb Code     8  startup_LPC11xx.o(.text)
    HardFault_Handler                        0x00000229   Thumb Code     2  startup_LPC11xx.o(.text)
    SVC_Handler                              0x0000022b   Thumb Code     2  startup_LPC11xx.o(.text)
    PendSV_Handler                           0x0000022d   Thumb Code     2  startup_LPC11xx.o(.text)
    SysTick_Handler                          0x0000022f   Thumb Code     2  startup_LPC11xx.o(.text)
    Reserved_IRQHandler                      0x00000231   Thumb Code     2  startup_LPC11xx.o(.text)
    ADC_IRQHandler                           0x00000233   Thumb Code     0  startup_LPC11xx.o(.text)
    BOD_IRQHandler                           0x00000233   Thumb Code     0  startup_LPC11xx.o(.text)
    C_CAN_IRQHandler                         0x00000233   Thumb Code     0  startup_LPC11xx.o(.text)
    I2C_IRQHandler                           0x00000233   Thumb Code     0  startup_LPC11xx.o(.text)
    NMI_Handler                              0x00000233   Thumb Code     0  startup_LPC11xx.o(.text)
    PIO_0_IRQHandler                         0x00000233   Thumb Code     0  startup_LPC11xx.o(.text)
    PIO_1_IRQHandler                         0x00000233   Thumb Code     0  startup_LPC11xx.o(.text)
    PIO_2_IRQHandler                         0x00000233   Thumb Code     0  startup_LPC11xx.o(.text)
    PIO_3_IRQHandler                         0x00000233   Thumb Code     0  startup_LPC11xx.o(.text)
    SLWU_INT0_IRQHandler                     0x00000233   Thumb Code     0  startup_LPC11xx.o(.text)
    SLWU_INT10_IRQHandler                    0x00000233   Thumb Code     0  startup_LPC11xx.o(.text)
    SLWU_INT11_IRQHandler                    0x00000233   Thumb Code     0  startup_LPC11xx.o(.text)
    SLWU_INT12_IRQHandler                    0x00000233   Thumb Code     0  startup_LPC11xx.o(.text)
    SLWU_INT1_IRQHandler                     0x00000233   Thumb Code     0  startup_LPC11xx.o(.text)
    SLWU_INT2_IRQHandler                     0x00000233   Thumb Code     0  startup_LPC11xx.o(.text)
    SLWU_INT3_IRQHandler                     0x00000233   Thumb Code     0  startup_LPC11xx.o(.text)
    SLWU_INT4_IRQHandler                     0x00000233   Thumb Code     0  startup_LPC11xx.o(.text)
    SLWU_INT5_IRQHandler                     0x00000233   Thumb Code     0  startup_LPC11xx.o(.text)
    SLWU_INT6_IRQHandler                     0x00000233   Thumb Code     0  startup_LPC11xx.o(.text)
    SLWU_INT7_IRQHandler                     0x00000233   Thumb Code     0  startup_LPC11xx.o(.text)
    SLWU_INT8_IRQHandler                     0x00000233   Thumb Code     0  startup_LPC11xx.o(.text)
    SLWU_INT9_IRQHandler                     0x00000233   Thumb Code     0  startup_LPC11xx.o(.text)
    SSP0_IRQHandler                          0x00000233   Thumb Code     0  startup_LPC11xx.o(.text)
    SSP1_IRQHandler                          0x00000233   Thumb Code     0  startup_LPC11xx.o(.text)
    TIMER16_0_IRQHandler                     0x00000233   Thumb Code     0  startup_LPC11xx.o(.text)
    TIMER16_1_IRQHandler                     0x00000233   Thumb Code     0  startup_LPC11xx.o(.text)
    TIMER32_0_IRQHandler                     0x00000233   Thumb Code     0  startup_LPC11xx.o(.text)
    TIMER32_1_IRQHandler                     0x00000233   Thumb Code     0  startup_LPC11xx.o(.text)
    UART_IRQHandler                          0x00000233   Thumb Code     0  startup_LPC11xx.o(.text)
    WDT_IRQHandler                           0x00000233   Thumb Code     0  startup_LPC11xx.o(.text)
    _initio                                  0x0000023d   Thumb Code    20  initio_oe.o(.text)
    fputc                                    0x0000025d   Thumb Code    42  fputc_fp.o(.text)
    __aeabi_uidiv                            0x00000287   Thumb Code     0  uidiv.o(.text)
    __aeabi_uidivmod                         0x00000287   Thumb Code    44  uidiv.o(.text)
    __aeabi_idiv                             0x000002b3   Thumb Code     0  idiv.o(.text)
    __aeabi_idivmod                          0x000002b3   Thumb Code    40  idiv.o(.text)
    strlen                                   0x000002db   Thumb Code    14  strlen.o(.text)
    __aeabi_ui2f                             0x000002e9   Thumb Code    14  ffltui.o(.text)
    __I$use$fp                               0x000002f7   Thumb Code     0  iusefp.o(.text)
    __rt_lib_shutdown_cpp_2                  0x000002f7   Thumb Code     2  cpp_final.o(.text)
    mbed::Stream::close()                    0x000002f9   Thumb Code     4  Stream.o(i._ZN4mbed6Stream5closeEv)
    $Super$$main                             0x00000301   Thumb Code   514  main.o(.text)
    __aeabi_uldivmod                         0x00000691   Thumb Code    96  uldiv.o(.text)
    __aeabi_memset                           0x000006f1   Thumb Code    14  memseta.o(.text)
    __aeabi_memset4                          0x000006f1   Thumb Code     0  memseta.o(.text)
    __aeabi_memset8                          0x000006f1   Thumb Code     0  memseta.o(.text)
    __aeabi_memclr                           0x000006ff   Thumb Code     4  memseta.o(.text)
    __aeabi_memclr4                          0x000006ff   Thumb Code     0  memseta.o(.text)
    __aeabi_memclr8                          0x000006ff   Thumb Code     0  memseta.o(.text)
    _memset$wrapper                          0x00000703   Thumb Code    18  memseta.o(.text)
    strcmp                                   0x00000715   Thumb Code    28  strcmp.o(.text)
    strncmp                                  0x00000731   Thumb Code    30  strncmp.o(.text)
    __0sscanf                                0x00000751   Thumb Code    50  __0sscanf.o(.text)
    _scanf_int                               0x0000078d   Thumb Code   330  _scanf_int.o(.text)
    __cpp_initialize__aeabi_                 0x000008d9   Thumb Code    22  cpp_init.o(.text)
    __aeabi_atexit                           0x000008f9   Thumb Code    42  aeabi_atexit.o(.text)
    __aeabi_fmul                             0x00000923   Thumb Code   122  fmul.o(.text)
    __aeabi_f2iz                             0x0000099d   Thumb Code    50  ffixi.o(.text)
    __aeabi_f2uiz                            0x000009cf   Thumb Code    40  ffixui.o(.text)
    __aeabi_llsl                             0x000009f7   Thumb Code    32  llshl.o(.text)
    _ll_shift_l                              0x000009f7   Thumb Code     0  llshl.o(.text)
    __aeabi_llsr                             0x00000a17   Thumb Code    34  llushr.o(.text)
    _ll_ushift_r                             0x00000a17   Thumb Code     0  llushr.o(.text)
    _chval                                   0x00000a39   Thumb Code    30  _chval.o(.text)
    __vfscanf_char                           0x00000a65   Thumb Code    24  scanf_char.o(.text)
    _sgetc                                   0x00000a85   Thumb Code    32  _sgetc.o(.text)
    _sbackspace                              0x00000aa5   Thumb Code    36  _sgetc.o(.text)
    __rt_ddtor_pointer_addr                  0x00000ac9   Thumb Code     4  cpp_dtor.o(.text)
    __cxa_finalize                           0x00000ad1   Thumb Code    66  cxa_finalize.o(.text)
    _float_round                             0x00000b13   Thumb Code    16  fepilogue.o(.text)
    _float_epilogue                          0x00000b23   Thumb Code   114  fepilogue.o(.text)
    __aeabi_dadd                             0x00000b95   Thumb Code   328  dadd.o(.text)
    __aeabi_dsub                             0x00000cdd   Thumb Code    12  dadd.o(.text)
    __aeabi_drsub                            0x00000ce9   Thumb Code    12  dadd.o(.text)
    __aeabi_dmul                             0x00000cf9   Thumb Code   202  dmul.o(.text)
    __aeabi_ddiv                             0x00000dc9   Thumb Code   234  ddiv.o(.text)
    __aeabi_d2ulz                            0x00000eb9   Thumb Code    54  dfixul.o(.text)
    __aeabi_cdrcmple                         0x00000ef9   Thumb Code    38  cdrcmple.o(.text)
    __scatterload                            0x00000f21   Thumb Code    28  init.o(.text)
    __scatterload_rt2                        0x00000f21   Thumb Code     0  init.o(.text)
    __aeabi_lasr                             0x00000f45   Thumb Code    38  llsshr.o(.text)
    _ll_sshift_r                             0x00000f45   Thumb Code     0  llsshr.o(.text)
    isspace                                  0x00000f6b   Thumb Code    14  isspace_c.o(.text)
    __vfscanf                                0x00000f79   Thumb Code   812  _scanf.o(.text)
    _double_round                            0x000012b1   Thumb Code    26  depilogue.o(.text)
    _double_epilogue                         0x000012cb   Thumb Code   164  depilogue.o(.text)
    __ctype_lookup                           0x00001371   Thumb Code    32  ctype_c.o(.text)
    main                                     0x00001395   Thumb Code    16  retarget.o(i.$Sub$$main)
    NVIC_SetVector                           0x000013b1   Thumb Code    62  cmsis_nvic.o(i.NVIC_SetVector)
    SystemInit                               0x000013f9   Thumb Code    78  system_LPC11xx.o(i.SystemInit)
    mbed::FileHandle::~FileHandle()          0x00001459   Thumb Code     0  retarget.o(i._ZN4mbed10FileHandleD2Ev)
    mbed::FileHandle::~FileHandle__sub_object() 0x00001459   Thumb Code    34  retarget.o(i._ZN4mbed10FileHandleD2Ev)
    mbed::SerialBase::_base_putc(int)        0x00001485   Thumb Code    14  SerialBase.o(i._ZN4mbed10SerialBase10_base_putcEi)
    mbed::SerialBase::_irq_handler(unsigned, SerialIrq) 0x00001493   Thumb Code    16  SerialBase.o(i._ZN4mbed10SerialBase12_irq_handlerEj9SerialIrq)
    mbed::SerialBase::SerialBase(PinName, PinName) 0x000014a5   Thumb Code    62  SerialBase.o(i._ZN4mbed10SerialBaseC1E7PinNameS1_)
    mbed::SerialBase::SerialBase__sub_object(PinName, PinName) 0x000014a5   Thumb Code     0  SerialBase.o(i._ZN4mbed10SerialBaseC1E7PinNameS1_)
    mbed::FunctionPointer::call()            0x000014f1   Thumb Code    26  FunctionPointer.o(i._ZN4mbed15FunctionPointer4callEv)
    mbed::FunctionPointer::FunctionPointer(void(*)()) 0x0000150b   Thumb Code    10  FunctionPointer.o(i._ZN4mbed15FunctionPointerC1EPFvvE)
    mbed::FunctionPointer::FunctionPointer__sub_object(void(*)()) 0x0000150b   Thumb Code     0  FunctionPointer.o(i._ZN4mbed15FunctionPointerC1EPFvvE)
    mbed::mbed_set_unbuffered_stream(std::__FILE*) 0x00001515   Thumb Code    10  retarget.o(i._ZN4mbed26mbed_set_unbuffered_streamEPSt6__FILE)
    mbed::PwmOut::write(float)               0x0000151f   Thumb Code    16  main.o(i._ZN4mbed6PwmOut5writeEf)
    mbed::PwmOut::period(float)              0x0000152f   Thumb Code    16  main.o(i._ZN4mbed6PwmOut6periodEf)
    mbed::Serial::Serial(PinName, PinName, const char*) 0x00001541   Thumb Code    32  Serial.o(i._ZN4mbed6SerialC1E7PinNameS1_PKc)
    mbed::Serial::Serial__sub_object(PinName, PinName, const char*) 0x00001541   Thumb Code     0  Serial.o(i._ZN4mbed6SerialC1E7PinNameS1_PKc)
    mbed::Serial::~Serial()                  0x0000156d   Thumb Code    12  Serial.o(i._ZN4mbed6SerialD1Ev)
    mbed::Serial::~Serial__sub_object()      0x0000156d   Thumb Code     0  Serial.o(i._ZN4mbed6SerialD1Ev)
    mbed::Stream::lseek(long, int)           0x00001579   Thumb Code     4  Stream.o(i._ZN4mbed6Stream5lseekEli)
    mbed::Stream::write(const void*, unsigned) 0x0000157d   Thumb Code    38  Stream.o(i._ZN4mbed6Stream5writeEPKvj)
    mbed::Stream::printf(const char*, ...)   0x000015a3   Thumb Code    32  Stream.o(i._ZN4mbed6Stream6printfEPKcz)
    mbed::Stream::Stream__sub_object(const char*) 0x000015c5   Thumb Code    52  Stream.o(i._ZN4mbed6StreamC2EPKc)
    mbed::Stream::~Stream()                  0x00001609   Thumb Code     0  Stream.o(i._ZN4mbed6StreamD2Ev)
    mbed::Stream::~Stream__sub_object()      0x00001609   Thumb Code    26  Stream.o(i._ZN4mbed6StreamD2Ev)
    mbed::AnalogIn::read_u16()               0x0000162d   Thumb Code    12  main.o(i._ZN4mbed8AnalogIn8read_u16Ev)
    mbed::FileBase::getPathType()            0x00001639   Thumb Code     4  FileBase.o(i._ZN4mbed8FileBase11getPathTypeEv)
    mbed::FileBase::lookup(const char*, unsigned) 0x0000163d   Thumb Code    56  FileBase.o(i._ZN4mbed8FileBase6lookupEPKcj)
    mbed::FileBase::FileBase(const char*, mbed::PathType) 0x00001679   Thumb Code    26  FileBase.o(i._ZN4mbed8FileBaseC1EPKcNS_8PathTypeE)
    mbed::FileBase::FileBase__sub_object(const char*, mbed::PathType) 0x00001679   Thumb Code     0  FileBase.o(i._ZN4mbed8FileBaseC1EPKcNS_8PathTypeE)
    mbed::FileBase::~FileBase()              0x0000169d   Thumb Code    44  FileBase.o(i._ZN4mbed8FileBaseD1Ev)
    mbed::FileBase::~FileBase__sub_object()  0x0000169d   Thumb Code     0  FileBase.o(i._ZN4mbed8FileBaseD1Ev)
    mbed::FileLike::FileLike__sub_object(const char*) 0x000016d1   Thumb Code    24  FileLike.o(i._ZN4mbed8FileLikeC2EPKc)
    mbed::FileLike::~FileLike()              0x000016f5   Thumb Code     0  FileLike.o(i._ZN4mbed8FileLikeD2Ev)
    mbed::FileLike::~FileLike__sub_object()  0x000016f5   Thumb Code    16  FileLike.o(i._ZN4mbed8FileLikeD2Ev)
    mbed::FilePath::fileSystem()             0x00001705   Thumb Code    26  FilePath.o(i._ZN4mbed8FilePath10fileSystemEv)
    mbed::FilePath::file()                   0x0000171f   Thumb Code    32  FilePath.o(i._ZN4mbed8FilePath4fileEv)
    mbed::FilePath::exists()                 0x0000173f   Thumb Code    10  FilePath.o(i._ZN4mbed8FilePath6existsEv)
    mbed::FilePath::isFile()                 0x00001749   Thumb Code    24  FilePath.o(i._ZN4mbed8FilePath6isFileEv)
    mbed::FilePath::fileName()               0x00001761   Thumb Code     4  FilePath.o(i._ZN4mbed8FilePath8fileNameEv)
    mbed::FilePath::FilePath(const char*)    0x00001765   Thumb Code    68  FilePath.o(i._ZN4mbed8FilePathC1EPKc)
    mbed::FilePath::FilePath__sub_object(const char*) 0x00001765   Thumb Code     0  FilePath.o(i._ZN4mbed8FilePathC1EPKc)
    thunk{-72} to mbed::Serial::_putc(int)   0x000017a9   Thumb Code    10  Serial.o(i._ZThn72_N4mbed6Serial5_putcEi)
    __0fprintf                               0x000017b5   Thumb Code    24  printfa.o(i.__0fprintf)
    __1fprintf                               0x000017b5   Thumb Code     0  printfa.o(i.__0fprintf)
    __2fprintf                               0x000017b5   Thumb Code     0  printfa.o(i.__0fprintf)
    __c89fprintf                             0x000017b5   Thumb Code     0  printfa.o(i.__0fprintf)
    fprintf                                  0x000017b5   Thumb Code     0  printfa.o(i.__0fprintf)
    __0sprintf                               0x000017d1   Thumb Code    36  printfa.o(i.__0sprintf)
    __1sprintf                               0x000017d1   Thumb Code     0  printfa.o(i.__0sprintf)
    __2sprintf                               0x000017d1   Thumb Code     0  printfa.o(i.__0sprintf)
    __c89sprintf                             0x000017d1   Thumb Code     0  printfa.o(i.__0sprintf)
    sprintf                                  0x000017d1   Thumb Code     0  printfa.o(i.__0sprintf)
    __0vfprintf                              0x000017f9   Thumb Code    20  printfa.o(i.__0vfprintf)
    __1vfprintf                              0x000017f9   Thumb Code     0  printfa.o(i.__0vfprintf)
    __2vfprintf                              0x000017f9   Thumb Code     0  printfa.o(i.__0vfprintf)
    __c89vfprintf                            0x000017f9   Thumb Code     0  printfa.o(i.__0vfprintf)
    vfprintf                                 0x000017f9   Thumb Code     0  printfa.o(i.__0vfprintf)
    __ARM_clz                                0x00001811   Thumb Code    46  depilogue.o(i.__ARM_clz)
    __ARM_common_ll_muluu                    0x0000183f   Thumb Code    50  pwmout_api.o(i.__ARM_common_ll_muluu)
    __aeabi_vec_ctor_nocookie_nodtor         0x00001871   Thumb Code    34  aeabi_vec_ctor_nocookie_nodtor.o(i.__aeabi_vec_ctor_nocookie_nodtor)
    __cxa_pure_virtual                       0x00001893   Thumb Code    10  pure_virt.o(i.__cxa_pure_virtual)
    __scatterload_copy                       0x0000189d   Thumb Code    14  handlers.o(i.__scatterload_copy)
    __scatterload_null                       0x000018ab   Thumb Code     2  handlers.o(i.__scatterload_null)
    __scatterload_zeroinit                   0x000018ad   Thumb Code    14  handlers.o(i.__scatterload_zeroinit)
    fclose                                   0x000018bb   Thumb Code    30  fclose_f.o(i._fclose$full)
    fflush                                   0x000018d9   Thumb Code    24  fflush_f.o(i._fflush$full)
    fopen                                    0x000018f1   Thumb Code    52  fopen_f.o(i._fopen$full)
    freopen                                  0x00001a99   Thumb Code    96  fopen_f.o(i._freopen$full)
    _sys_close                               0x0000223d   Thumb Code    38  retarget.o(i._sys_close)
    _sys_open                                0x00002269   Thumb Code   210  retarget.o(i._sys_open)
    _sys_seek                                0x0000234d   Thumb Code    36  retarget.o(i._sys_seek)
    _sys_write                               0x00002375   Thumb Code    84  retarget.o(i._sys_write)
    analogin_init                            0x000023dd   Thumb Code    82  analogin_api.o(i.analogin_init)
    analogin_read_u16                        0x0000244d   Thumb Code   166  analogin_api.o(i.analogin_read_u16)
    error                                    0x000024f9   Thumb Code    20  error.o(i.error)
    exit                                     0x00002511   Thumb Code    24  retarget.o(i.exit)
    free                                     0x00002531   Thumb Code    80  malloc.o(i.free)
    gpio_dir                                 0x00002585   Thumb Code    62  gpio_api.o(i.gpio_dir)
    gpio_init                                0x000025e1   Thumb Code    96  gpio_api.o(i.gpio_init)
    gpio_init_in                             0x00002651   Thumb Code    34  gpio.o(i.gpio_init_in)
    gpio_init_out                            0x00002675   Thumb Code    68  gpio.o(i.gpio_init_out)
    gpio_mode                                0x000026c1   Thumb Code    14  gpio_api.o(i.gpio_mode)
    malloc                                   0x000026d1   Thumb Code    92  malloc.o(i.malloc)
    mbed_assert_internal                     0x0000273d   Thumb Code    22  assert.o(i.mbed_assert_internal)
    mbed_die                                 0x0000278d   Thumb Code   396  board.o(i.mbed_die)
    mbed_main                                0x00002921   Thumb Code     2  retarget.o(i.mbed_main)
    mbed_sdk_init                            0x00002923   Thumb Code     2  retarget.o(i.mbed_sdk_init)
    pin_function                             0x00002925   Thumb Code    42  pinmap.o(i.pin_function)
    pin_mode                                 0x0000296d   Thumb Code    56  pinmap.o(i.pin_mode)
    pinmap_merge                             0x000029c1   Thumb Code    30  pinmap_common.o(i.pinmap_merge)
    pinmap_peripheral                        0x000029f5   Thumb Code    60  pinmap_common.o(i.pinmap_peripheral)
    pinmap_pinout                            0x00002a51   Thumb Code    60  pinmap_common.o(i.pinmap_pinout)
    pwmout_init                              0x00002aa1   Thumb Code   152  pwmout_api.o(i.pwmout_init)
    pwmout_period                            0x00002b55   Thumb Code    28  pwmout_api.o(i.pwmout_period)
    pwmout_period_us                         0x00002b75   Thumb Code   120  pwmout_api.o(i.pwmout_period_us)
    pwmout_write                             0x00002bfd   Thumb Code    90  pwmout_api.o(i.pwmout_write)
    serial_baud                              0x00002c65   Thumb Code   272  serial_api.o(i.serial_baud)
    serial_format                            0x00002d7d   Thumb Code   144  serial_api.o(i.serial_format)
    serial_init                              0x00002e61   Thumb Code   168  serial_api.o(i.serial_init)
    serial_irq_handler                       0x00002f35   Thumb Code    14  serial_api.o(i.serial_irq_handler)
    serial_putc                              0x00002f49   Thumb Code    14  serial_api.o(i.serial_putc)
    us_ticker_clear_interrupt                0x00002f59   Thumb Code     8  us_ticker.o(i.us_ticker_clear_interrupt)
    us_ticker_disable_interrupt              0x00002f65   Thumb Code    12  us_ticker.o(i.us_ticker_disable_interrupt)
    us_ticker_irq_handler                    0x00002f75   Thumb Code    58  us_ticker_api.o(i.us_ticker_irq_handler)
    us_ticker_read                           0x00002fb5   Thumb Code    64  us_ticker.o(i.us_ticker_read)
    us_ticker_set_interrupt                  0x00003011   Thumb Code    14  us_ticker.o(i.us_ticker_set_interrupt)
    wait_ms                                  0x00003025   Thumb Code    28  wait_api.o(i.wait_ms)
    __ctype_categories                       0x00003450   Data          64  ctype_c.o(.constdata)
    vtable for mbed::FileHandle              0x00003490   Data          44  retarget.o(.constdata__ZTVN4mbed10FileHandleE)
    vtable for mbed::SerialBase              0x000034bc   Data          16  SerialBase.o(.constdata__ZTVN4mbed10SerialBaseE)
    vtable for mbed::Serial                  0x000034cc   Data          92  Serial.o(.constdata__ZTVN4mbed6SerialE)
    vtable for mbed::Stream                  0x00003528   Data          68  Stream.o(.constdata__ZTVN4mbed6StreamE)
    vtable for mbed::FileBase                0x0000356c   Data          16  FileBase.o(.constdata__ZTVN4mbed8FileBaseE)
    vtable for mbed::FileLike                0x0000357c   Data          60  FileLike.o(.constdata__ZTVN4mbed8FileLikeE)
    Region$$Table$$Base                      0x000035fc   Number         0  anon$$obj.o(Region$$Table)
    Region$$Table$$Limit                     0x0000361c   Number         0  anon$$obj.o(Region$$Table)
    SHT$$INIT_ARRAY$$Base                    0x0000361c   Number         0  main.o(.init_array)
    SHT$$INIT_ARRAY$$Limit                   0x00003620   Number         0  cpp_init.o(.init_array)
    analog_value                             0x100000c0   Data           1  main.o(.data)
    oto                                      0x100000c1   Data           1  main.o(.data)
    SystemCoreClock                          0x100000cc   Data           4  system_LPC11xx.o(.data)
    stdio_uart_inited                        0x100000ec   Data           4  serial_api.o(.data)
    stdio_uart                               0x100000f4   Data           8  serial_api.o(.data)
    us_ticker_inited                         0x100000fc   Data           4  us_ticker.o(.data)
    mbed::FileBase::_head                    0x10000100   Data           4  FileBase.o(.data)
    __microlib_freelist                      0x10000110   Data           4  mvars.o(.data)
    __microlib_freelist_initialised          0x10000114   Data           4  mvars.o(.data)
    led1                                     0x10000118   Data          16  main.o(.bss)
    pc                                       0x10000128   Data          96  main.o(.bss)
    SW_IN                                    0x10000188   Data          16  main.o(.bss)
    __stdout                                 0x100001d8   Data          20  stdout_f.o(.bss)
    __stderr                                 0x100001ec   Data          20  stderr_f.o(.bss)
    Image$$RW_IRAM1$$ZI$$Limit               0x10000200   Number         0  anon$$obj.o ABSOLUTE
    __heap_base                              0x10000200   Data           0  startup_LPC11xx.o(HEAP)
    __heap_limit                             0x10000200   Data           0  startup_LPC11xx.o(HEAP)
    __initial_sp                             0x10001000   Number         0  startup_LPC11xx.o ABSOLUTE



==============================================================================

Memory Map of the image

  Image Entry point : 0x00000201

  Load Region LR_IROM1 (Base: 0x00000000, Size: 0x00003678, Max: 0x00008000, ABSOLUTE)

    Execution Region ER_IROM1 (Exec base: 0x00000000, Load base: 0x00000000, Size: 0x00003620, Max: 0x00008000, ABSOLUTE)

    Exec Addr    Load Addr    Size         Type   Attr      Idx    E Section Name        Object

    0x00000000   0x00000000   0x00000200   Data   RO           58    RESET               startup_LPC11xx.o
    0x00000200   0x00000200   0x00000000   Code   RO          644  * .ARM.Collect$$$$00000000  mc_p.l(entry.o)
    0x00000200   0x00000200   0x00000004   Code   RO          866    .ARM.Collect$$$$00000001  mc_p.l(entry2.o)
    0x00000204   0x00000204   0x00000004   Code   RO          869    .ARM.Collect$$$$00000004  mc_p.l(entry5.o)
    0x00000208   0x00000208   0x00000004   Code   RO          646    .ARM.Collect$$$$00000006  mc_p.l(entry6b.o)
    0x0000020c   0x0000020c   0x00000000   Code   RO          871    .ARM.Collect$$$$00000008  mc_p.l(entry7b.o)
    0x0000020c   0x0000020c   0x00000004   Code   RO          872    .ARM.Collect$$$$00000009  mc_p.l(entry8a.o)
    0x00000210   0x00000210   0x00000000   Code   RO          873    .ARM.Collect$$$$0000000A  mc_p.l(entry8b.o)
    0x00000210   0x00000210   0x00000008   Code   RO          874    .ARM.Collect$$$$0000000B  mc_p.l(entry9a.o)
    0x00000218   0x00000218   0x00000000   Code   RO          876    .ARM.Collect$$$$0000000D  mc_p.l(entry10a.o)
    0x00000218   0x00000218   0x00000004   Code   RO          877    .ARM.Collect$$$$0000000E  mc_p.l(entry10b.o)
    0x0000021c   0x0000021c   0x00000000   Code   RO          878    .ARM.Collect$$$$0000000F  mc_p.l(entry11a.o)
    0x0000021c   0x0000021c   0x00000004   Code   RO          867    .ARM.Collect$$$$00002712  mc_p.l(entry2.o)
    0x00000220   0x00000220   0x0000001c   Code   RO           60    .text               startup_LPC11xx.o
    0x0000023c   0x0000023c   0x00000020   Code   RO          671    .text               mc_p.l(initio_oe.o)
    0x0000025c   0x0000025c   0x0000002a   Code   RO          674    .text               mc_p.l(fputc_fp.o)
    0x00000286   0x00000286   0x0000002c   Code   RO          684    .text               mc_p.l(uidiv.o)
    0x000002b2   0x000002b2   0x00000028   Code   RO          685    .text               mc_p.l(idiv.o)
    0x000002da   0x000002da   0x0000000e   Code   RO          691    .text               mc_p.l(strlen.o)
    0x000002e8   0x000002e8   0x0000000e   Code   RO          837    .text               mf_p.l(ffltui.o)
    0x000002f6   0x000002f6   0x00000000   Code   RO          907    .text               mc_p.l(iusefp.o)
    0x000002f6   0x000002f6   0x00000002   Code   RO          950    .text               mc_p.l(cpp_final.o)
    0x000002f8   0x000002f8   0x00000004   Code   RO          377    i._ZN4mbed6Stream5closeEv  mbed.ar(Stream.o)
    0x000002fc   0x000002fc   0x00000004   Code   RO           59    .ARM.__at_0x02FC    startup_LPC11xx.o
    0x00000300   0x00000300   0x00000390   Code   RO            3    .text               main.o
    0x00000690   0x00000690   0x00000060   Code   RO          686    .text               mc_p.l(uldiv.o)
    0x000006f0   0x000006f0   0x00000024   Code   RO          689    .text               mc_p.l(memseta.o)
    0x00000714   0x00000714   0x0000001c   Code   RO          692    .text               mc_p.l(strcmp.o)
    0x00000730   0x00000730   0x0000001e   Code   RO          693    .text               mc_p.l(strncmp.o)
    0x0000074e   0x0000074e   0x00000002   PAD
    0x00000750   0x00000750   0x0000003c   Code   RO          827    .text               mc_p.l(__0sscanf.o)
    0x0000078c   0x0000078c   0x0000014a   Code   RO          828    .text               mc_p.l(_scanf_int.o)
    0x000008d6   0x000008d6   0x00000002   PAD
    0x000008d8   0x000008d8   0x00000020   Code   RO          832    .text               mc_p.l(cpp_init.o)
    0x000008f8   0x000008f8   0x0000002a   Code   RO          833    .text               mc_p.l(aeabi_atexit.o)
    0x00000922   0x00000922   0x0000007a   Code   RO          834    .text               mf_p.l(fmul.o)
    0x0000099c   0x0000099c   0x00000032   Code   RO          838    .text               mf_p.l(ffixi.o)
    0x000009ce   0x000009ce   0x00000028   Code   RO          839    .text               mf_p.l(ffixui.o)
    0x000009f6   0x000009f6   0x00000020   Code   RO          883    .text               mc_p.l(llshl.o)
    0x00000a16   0x00000a16   0x00000022   Code   RO          884    .text               mc_p.l(llushr.o)
    0x00000a38   0x00000a38   0x0000001e   Code   RO          899    .text               mc_p.l(_chval.o)
    0x00000a56   0x00000a56   0x00000002   PAD
    0x00000a58   0x00000a58   0x0000002c   Code   RO          904    .text               mc_p.l(scanf_char.o)
    0x00000a84   0x00000a84   0x00000044   Code   RO          905    .text               mc_p.l(_sgetc.o)
    0x00000ac8   0x00000ac8   0x00000008   Code   RO          910    .text               mc_p.l(cpp_dtor.o)
    0x00000ad0   0x00000ad0   0x00000042   Code   RO          915    .text               mc_p.l(cxa_finalize.o)
    0x00000b12   0x00000b12   0x00000082   Code   RO          916    .text               mf_p.l(fepilogue.o)
    0x00000b94   0x00000b94   0x00000164   Code   RO          917    .text               mf_p.l(dadd.o)
    0x00000cf8   0x00000cf8   0x000000d0   Code   RO          918    .text               mf_p.l(dmul.o)
    0x00000dc8   0x00000dc8   0x000000f0   Code   RO          919    .text               mf_p.l(ddiv.o)
    0x00000eb8   0x00000eb8   0x00000040   Code   RO          920    .text               mf_p.l(dfixul.o)
    0x00000ef8   0x00000ef8   0x00000028   Code   RO          921    .text               mf_p.l(cdrcmple.o)
    0x00000f20   0x00000f20   0x00000024   Code   RO          943    .text               mc_p.l(init.o)
    0x00000f44   0x00000f44   0x00000026   Code   RO          944    .text               mc_p.l(llsshr.o)
    0x00000f6a   0x00000f6a   0x0000000e   Code   RO          945    .text               mc_p.l(isspace_c.o)
    0x00000f78   0x00000f78   0x00000338   Code   RO          948    .text               mc_p.l(_scanf.o)
    0x000012b0   0x000012b0   0x000000be   Code   RO          951    .text               mf_p.l(depilogue.o)
    0x0000136e   0x0000136e   0x00000002   PAD
    0x00001370   0x00001370   0x00000024   Code   RO          963    .text               mc_p.l(ctype_c.o)
    0x00001394   0x00001394   0x00000010   Code   RO           63    i.$Sub$$main        retarget.o
    0x000013a4   0x000013a4   0x0000000a   Code   RO          506    i.<Func1>           mbed.ar(SerialBase.o)
    0x000013ae   0x000013ae   0x00000002   PAD
    0x000013b0   0x000013b0   0x00000048   Code   RO          157    i.NVIC_SetVector    cmsis_nvic.o
    0x000013f8   0x000013f8   0x00000060   Code   RO          162    i.SystemInit        system_LPC11xx.o
    0x00001458   0x00001458   0x0000002c   Code   RO           65    i._ZN4mbed10FileHandleD2Ev  retarget.o
    0x00001484   0x00001484   0x0000000e   Code   RO          508    i._ZN4mbed10SerialBase10_base_putcEi  mbed.ar(SerialBase.o)
    0x00001492   0x00001492   0x00000010   Code   RO          510    i._ZN4mbed10SerialBase12_irq_handlerEj9SerialIrq  mbed.ar(SerialBase.o)
    0x000014a2   0x000014a2   0x00000002   PAD
    0x000014a4   0x000014a4   0x0000004c   Code   RO          516    i._ZN4mbed10SerialBaseC1E7PinNameS1_  mbed.ar(SerialBase.o)
    0x000014f0   0x000014f0   0x0000001a   Code   RO          220    i._ZN4mbed15FunctionPointer4callEv  mbed.ar(FunctionPointer.o)
    0x0000150a   0x0000150a   0x0000000a   Code   RO          222    i._ZN4mbed15FunctionPointerC1EPFvvE  mbed.ar(FunctionPointer.o)
    0x00001514   0x00001514   0x0000000a   Code   RO           66    i._ZN4mbed26mbed_set_unbuffered_streamEPSt6__FILE  retarget.o
    0x0000151e   0x0000151e   0x00000010   Code   RO           10    i._ZN4mbed6PwmOut5writeEf  main.o
    0x0000152e   0x0000152e   0x00000010   Code   RO           14    i._ZN4mbed6PwmOut6periodEf  main.o
    0x0000153e   0x0000153e   0x00000002   PAD
    0x00001540   0x00001540   0x0000002c   Code   RO          318    i._ZN4mbed6SerialC1E7PinNameS1_PKc  mbed.ar(Serial.o)
    0x0000156c   0x0000156c   0x0000000c   Code   RO          329    i._ZN4mbed6SerialD1Ev  mbed.ar(Serial.o)
    0x00001578   0x00001578   0x00000004   Code   RO          379    i._ZN4mbed6Stream5lseekEli  mbed.ar(Stream.o)
    0x0000157c   0x0000157c   0x00000026   Code   RO          381    i._ZN4mbed6Stream5writeEPKvj  mbed.ar(Stream.o)
    0x000015a2   0x000015a2   0x00000020   Code   RO          383    i._ZN4mbed6Stream6printfEPKcz  mbed.ar(Stream.o)
    0x000015c2   0x000015c2   0x00000002   PAD
    0x000015c4   0x000015c4   0x00000044   Code   RO          384    i._ZN4mbed6StreamC2EPKc  mbed.ar(Stream.o)
    0x00001608   0x00001608   0x00000024   Code   RO          386    i._ZN4mbed6StreamD2Ev  mbed.ar(Stream.o)
    0x0000162c   0x0000162c   0x0000000c   Code   RO           12    i._ZN4mbed8AnalogIn8read_u16Ev  main.o
    0x00001638   0x00001638   0x00000004   Code   RO          469    i._ZN4mbed8FileBase11getPathTypeEv  mbed.ar(FileBase.o)
    0x0000163c   0x0000163c   0x0000003c   Code   RO          471    i._ZN4mbed8FileBase6lookupEPKcj  mbed.ar(FileBase.o)
    0x00001678   0x00001678   0x00000024   Code   RO          473    i._ZN4mbed8FileBaseC1EPKcNS_8PathTypeE  mbed.ar(FileBase.o)
    0x0000169c   0x0000169c   0x00000034   Code   RO          475    i._ZN4mbed8FileBaseD1Ev  mbed.ar(FileBase.o)
    0x000016d0   0x000016d0   0x00000024   Code   RO          490    i._ZN4mbed8FileLikeC2EPKc  mbed.ar(FileLike.o)
    0x000016f4   0x000016f4   0x00000010   Code   RO          492    i._ZN4mbed8FileLikeD2Ev  mbed.ar(FileLike.o)
    0x00001704   0x00001704   0x0000001a   Code   RO          228    i._ZN4mbed8FilePath10fileSystemEv  mbed.ar(FilePath.o)
    0x0000171e   0x0000171e   0x00000020   Code   RO          230    i._ZN4mbed8FilePath4fileEv  mbed.ar(FilePath.o)
    0x0000173e   0x0000173e   0x0000000a   Code   RO          231    i._ZN4mbed8FilePath6existsEv  mbed.ar(FilePath.o)
    0x00001748   0x00001748   0x00000018   Code   RO          232    i._ZN4mbed8FilePath6isFileEv  mbed.ar(FilePath.o)
    0x00001760   0x00001760   0x00000004   Code   RO          233    i._ZN4mbed8FilePath8fileNameEv  mbed.ar(FilePath.o)
    0x00001764   0x00001764   0x00000044   Code   RO          234    i._ZN4mbed8FilePathC1EPKc  mbed.ar(FilePath.o)
    0x000017a8   0x000017a8   0x0000000a   Code   RO          320    i._ZThn72_N4mbed6Serial5_putcEi  mbed.ar(Serial.o)
    0x000017b2   0x000017b2   0x00000002   PAD
    0x000017b4   0x000017b4   0x0000001c   Code   RO          811    i.__0fprintf        mc_p.l(printfa.o)
    0x000017d0   0x000017d0   0x00000028   Code   RO          814    i.__0sprintf        mc_p.l(printfa.o)
    0x000017f8   0x000017f8   0x00000018   Code   RO          815    i.__0vfprintf       mc_p.l(printfa.o)
    0x00001810   0x00001810   0x0000002e   Code   RO          952    i.__ARM_clz         mf_p.l(depilogue.o)
    0x0000183e   0x0000183e   0x00000032   Code   RO          200    i.__ARM_common_ll_muluu  mbed.ar(pwmout_api.o)
    0x00001870   0x00001870   0x00000022   Code   RO          642    i.__aeabi_vec_ctor_nocookie_nodtor  cpprt_p.l(aeabi_vec_ctor_nocookie_nodtor.o)
    0x00001892   0x00001892   0x0000000a   Code   RO          556    i.__cxa_pure_virtual  cpprt_p.l(pure_virt.o)
    0x0000189c   0x0000189c   0x0000000e   Code   RO          968    i.__scatterload_copy  mc_p.l(handlers.o)
    0x000018aa   0x000018aa   0x00000002   Code   RO          969    i.__scatterload_null  mc_p.l(handlers.o)
    0x000018ac   0x000018ac   0x0000000e   Code   RO          970    i.__scatterload_zeroinit  mc_p.l(handlers.o)
    0x000018ba   0x000018ba   0x0000001e   Code   RO          669    i._fclose$full      mc_p.l(fclose_f.o)
    0x000018d8   0x000018d8   0x00000018   Code   RO          670    i._fflush$full      mc_p.l(fflush_f.o)
    0x000018f0   0x000018f0   0x00000034   Code   RO          667    i._fopen$full       mc_p.l(fopen_f.o)
    0x00001924   0x00001924   0x00000174   Code   RO          819    i._fp_digits        mc_p.l(printfa.o)
    0x00001a98   0x00001a98   0x00000060   Code   RO          668    i._freopen$full     mc_p.l(fopen_f.o)
    0x00001af8   0x00001af8   0x000006ec   Code   RO          820    i._printf_core      mc_p.l(printfa.o)
    0x000021e4   0x000021e4   0x00000020   Code   RO          821    i._printf_post_padding  mc_p.l(printfa.o)
    0x00002204   0x00002204   0x0000002c   Code   RO          822    i._printf_pre_padding  mc_p.l(printfa.o)
    0x00002230   0x00002230   0x0000000a   Code   RO          824    i._sputc            mc_p.l(printfa.o)
    0x0000223a   0x0000223a   0x00000002   PAD
    0x0000223c   0x0000223c   0x0000002c   Code   RO           69    i._sys_close        retarget.o
    0x00002268   0x00002268   0x000000e4   Code   RO           74    i._sys_open         retarget.o
    0x0000234c   0x0000234c   0x00000028   Code   RO           76    i._sys_seek         retarget.o
    0x00002374   0x00002374   0x00000068   Code   RO           77    i._sys_write        retarget.o
    0x000023dc   0x000023dc   0x00000070   Code   RO          168    i.analogin_init     mbed.ar(analogin_api.o)
    0x0000244c   0x0000244c   0x000000ac   Code   RO          170    i.analogin_read_u16  mbed.ar(analogin_api.o)
    0x000024f8   0x000024f8   0x00000018   Code   RO          550    i.error             mbed.ar(error.o)
    0x00002510   0x00002510   0x00000020   Code   RO           79    i.exit              retarget.o
    0x00002530   0x00002530   0x00000054   Code   RO          885    i.free              mc_p.l(malloc.o)
    0x00002584   0x00002584   0x0000005c   Code   RO          448    i.gpio_dir          mbed.ar(gpio_api.o)
    0x000025e0   0x000025e0   0x00000070   Code   RO          449    i.gpio_init         mbed.ar(gpio_api.o)
    0x00002650   0x00002650   0x00000022   Code   RO          437    i.gpio_init_in      mbed.ar(gpio.o)
    0x00002672   0x00002672   0x00000002   PAD
    0x00002674   0x00002674   0x0000004c   Code   RO          440    i.gpio_init_out     mbed.ar(gpio.o)
    0x000026c0   0x000026c0   0x0000000e   Code   RO          450    i.gpio_mode         mbed.ar(gpio_api.o)
    0x000026ce   0x000026ce   0x00000002   PAD
    0x000026d0   0x000026d0   0x0000006c   Code   RO          886    i.malloc            mc_p.l(malloc.o)
    0x0000273c   0x0000273c   0x00000050   Code   RO          415    i.mbed_assert_internal  mbed.ar(assert.o)
    0x0000278c   0x0000278c   0x00000194   Code   RO          152    i.mbed_die          board.o
    0x00002920   0x00002920   0x00000002   Code   RO           80    i.mbed_main         retarget.o
    0x00002922   0x00002922   0x00000002   Code   RO           81    i.mbed_sdk_init     retarget.o
    0x00002924   0x00002924   0x00000048   Code   RO          456    i.pin_function      mbed.ar(pinmap.o)
    0x0000296c   0x0000296c   0x00000054   Code   RO          457    i.pin_mode          mbed.ar(pinmap.o)
    0x000029c0   0x000029c0   0x00000034   Code   RO          537    i.pinmap_merge      mbed.ar(pinmap_common.o)
    0x000029f4   0x000029f4   0x0000005c   Code   RO          538    i.pinmap_peripheral  mbed.ar(pinmap_common.o)
    0x00002a50   0x00002a50   0x00000050   Code   RO          539    i.pinmap_pinout     mbed.ar(pinmap_common.o)
    0x00002aa0   0x00002aa0   0x000000b4   Code   RO          189    i.pwmout_init       mbed.ar(pwmout_api.o)
    0x00002b54   0x00002b54   0x00000020   Code   RO          190    i.pwmout_period     mbed.ar(pwmout_api.o)
    0x00002b74   0x00002b74   0x00000088   Code   RO          192    i.pwmout_period_us  mbed.ar(pwmout_api.o)
    0x00002bfc   0x00002bfc   0x00000068   Code   RO          197    i.pwmout_write      mbed.ar(pwmout_api.o)
    0x00002c64   0x00002c64   0x00000118   Code   RO          203    i.serial_baud       mbed.ar(serial_api.o)
    0x00002d7c   0x00002d7c   0x000000e4   Code   RO          207    i.serial_format     mbed.ar(serial_api.o)
    0x00002e60   0x00002e60   0x000000d4   Code   RO          210    i.serial_init       mbed.ar(serial_api.o)
    0x00002f34   0x00002f34   0x00000014   Code   RO          211    i.serial_irq_handler  mbed.ar(serial_api.o)
    0x00002f48   0x00002f48   0x0000000e   Code   RO          214    i.serial_putc       mbed.ar(serial_api.o)
    0x00002f56   0x00002f56   0x00000002   PAD
    0x00002f58   0x00002f58   0x0000000c   Code   RO          461    i.us_ticker_clear_interrupt  mbed.ar(us_ticker.o)
    0x00002f64   0x00002f64   0x00000010   Code   RO          462    i.us_ticker_disable_interrupt  mbed.ar(us_ticker.o)
    0x00002f74   0x00002f74   0x00000040   Code   RO          544    i.us_ticker_irq_handler  mbed.ar(us_ticker_api.o)
    0x00002fb4   0x00002fb4   0x0000005c   Code   RO          464    i.us_ticker_read    mbed.ar(us_ticker.o)
    0x00003010   0x00003010   0x00000014   Code   RO          465    i.us_ticker_set_interrupt  mbed.ar(us_ticker.o)
    0x00003024   0x00003024   0x0000001c   Code   RO          444    i.wait_ms           mbed.ar(wait_api.o)
    0x00003040   0x00003040   0x00000086   Data   RO          153    .constdata          board.o
    0x000030c6   0x000030c6   0x00000002   PAD
    0x000030c8   0x000030c8   0x00000060   Data   RO          171    .constdata          mbed.ar(analogin_api.o)
    0x00003128   0x00003128   0x00000048   Data   RO          198    .constdata          mbed.ar(pwmout_api.o)
    0x00003170   0x00003170   0x0000016c   Data   RO          218    .constdata          mbed.ar(serial_api.o)
    0x000032dc   0x000032dc   0x00000086   Data   RO          442    .constdata          mbed.ar(gpio.o)
    0x00003362   0x00003362   0x00000002   PAD
    0x00003364   0x00003364   0x00000080   Data   RO          453    .constdata          mbed.ar(gpio_api.o)
    0x000033e4   0x000033e4   0x0000006c   Data   RO          458    .constdata          mbed.ar(pinmap.o)
    0x00003450   0x00003450   0x00000040   Data   RO          964    .constdata          mc_p.l(ctype_c.o)
    0x00003490   0x00003490   0x0000002c   Data   RO          144    .constdata__ZTVN4mbed10FileHandleE  retarget.o
    0x000034bc   0x000034bc   0x00000010   Data   RO          529    .constdata__ZTVN4mbed10SerialBaseE  mbed.ar(SerialBase.o)
    0x000034cc   0x000034cc   0x0000005c   Data   RO          327    .constdata__ZTVN4mbed6SerialE  mbed.ar(Serial.o)
    0x00003528   0x00003528   0x00000044   Data   RO          410    .constdata__ZTVN4mbed6StreamE  mbed.ar(Stream.o)
    0x0000356c   0x0000356c   0x00000010   Data   RO          485    .constdata__ZTVN4mbed8FileBaseE  mbed.ar(FileBase.o)
    0x0000357c   0x0000357c   0x0000003c   Data   RO          501    .constdata__ZTVN4mbed8FileLikeE  mbed.ar(FileLike.o)
    0x000035b8   0x000035b8   0x00000042   Data   RO            6    .conststring        main.o
    0x000035fa   0x000035fa   0x00000002   PAD
    0x000035fc   0x000035fc   0x00000020   Data   RO          967    Region$$Table       anon$$obj.o
    0x0000361c   0x0000361c   0x00000004   Data   RO            8    .init_array         main.o
    0x00003620   0x0000361c   0x00000000   Data   RO          830    .init_array         mc_p.l(cpp_init.o)


    Execution Region RW_IRAM1 (Exec base: 0x100000c0, Load base: 0x00003620, Size: 0x00000140, Max: 0x00000f40, ABSOLUTE)

    Exec Addr    Load Addr    Size         Type   Attr      Idx    E Section Name        Object

    0x100000c0   0x00003620   0x00000002   Data   RW            7    .data               main.o
    0x100000c2   0x00003622   0x00000002   PAD
    0x100000c4   0x00003624   0x00000004   Data   RW          125    .data               retarget.o
    0x100000c8   0x00003628   0x00000004   Data   RW          158    .data               cmsis_nvic.o
    0x100000cc   0x0000362c   0x00000004   Data   RW          163    .data               system_LPC11xx.o
    0x100000d0   0x00003630   0x00000018   Data   RW          199    .data               mbed.ar(pwmout_api.o)
    0x100000e8   0x00003648   0x00000014   Data   RW          219    .data               mbed.ar(serial_api.o)
    0x100000fc   0x0000365c   0x00000004   Data   RW          466    .data               mbed.ar(us_ticker.o)
    0x10000100   0x00003660   0x00000004   Data   RW          483    .data               mbed.ar(FileBase.o)
    0x10000104   0x00003664   0x00000008   Data   RW          547    .data               mbed.ar(us_ticker_api.o)
    0x1000010c   0x0000366c   0x00000004   Data   RW          911    .data               mc_p.l(cpp_dtor.o)
    0x10000110   0x00003670   0x00000004   Data   RW          946    .data               mc_p.l(mvars.o)
    0x10000114   0x00003674   0x00000004   Data   RW          947    .data               mc_p.l(mvars.o)
    0x10000118        -       0x00000080   Zero   RW            5    .bss                main.o
    0x10000198        -       0x00000040   Zero   RW          121    .bss                retarget.o
    0x100001d8        -       0x00000014   Zero   RW          682    .bss                mc_p.l(stdout_f.o)
    0x100001ec        -       0x00000014   Zero   RW          683    .bss                mc_p.l(stderr_f.o)
    0x10000200        -       0x00000000   Zero   RW           57    HEAP                startup_LPC11xx.o


==============================================================================

Image component sizes


      Code (inc. data)   RO Data    RW Data    ZI Data      Debug   Object Name

       404          8        134          0          0          0   board.o
        72         10          0          4          0          0   cmsis_nvic.o
       956        294         70          2        128          0   main.o
       522         66         44          4         64          0   retarget.o
        32         12        512          0          0          0   startup_LPC11xx.o
        96         18          0          4          0          0   system_LPC11xx.o

    ----------------------------------------------------------------------
      2084        408        796         16        192          0   Object Totals
         0          0         32          0          0          0   (incl. Generated)
         2          0          4          2          0          0   (incl. Padding)

    ----------------------------------------------------------------------

      Code (inc. data)   RO Data    RW Data    ZI Data      Debug   Library Member Name

        34          0          0          0          0          0   aeabi_vec_ctor_nocookie_nodtor.o
        10          0          0          0          0          0   pure_virt.o
       152         22         16          4          0          0   FileBase.o
        52         12         60          0          0          0   FileLike.o
       164          0          0          0          0          0   FilePath.o
        36          0          0          0          0          0   FunctionPointer.o
        66         12         92          0          0          0   Serial.o
       116         14         16          0          0          0   SerialBase.o
       182         26         68          0          0          0   Stream.o
       284         36         96          0          0          0   analogin_api.o
        80         58          0          0          0          0   assert.o
        24          4          0          0          0          0   error.o
       110          8        134          0          0          0   gpio.o
       218         46        128          0          0          0   gpio_api.o
       156         58        108          0          0          0   pinmap.o
       224         74          0          0          0          0   pinmap_common.o
       502         62         72         24          0          0   pwmout_api.o
       754        148        364         20          0          0   serial_api.o
       140         42          0          4          0          0   us_ticker.o
        64          6          0          8          0          0   us_ticker_api.o
        28          0          0          0          0          0   wait_api.o
        60         10          0          0          0          0   __0sscanf.o
        30          0          0          0          0          0   _chval.o
       824         12          0          0          0          0   _scanf.o
       330          0          0          0          0          0   _scanf_int.o
        68          0          0          0          0          0   _sgetc.o
        42          0          0          0          0          0   aeabi_atexit.o
         8          4          0          4          0          0   cpp_dtor.o
         2          0          0          0          0          0   cpp_final.o
        32         10          0          0          0          0   cpp_init.o
        36          4         64          0          0          0   ctype_c.o
        66          0          0          0          0          0   cxa_finalize.o
         0          0          0          0          0          0   entry.o
         0          0          0          0          0          0   entry10a.o
         4          0          0          0          0          0   entry10b.o
         0          0          0          0          0          0   entry11a.o
         8          4          0          0          0          0   entry2.o
         4          0          0          0          0          0   entry5.o
         4          0          0          0          0          0   entry6b.o
         0          0          0          0          0          0   entry7b.o
         4          0          0          0          0          0   entry8a.o
         0          0          0          0          0          0   entry8b.o
         8          4          0          0          0          0   entry9a.o
        30          0          0          0          0          0   fclose_f.o
        24          0          0          0          0          0   fflush_f.o
       148          0          0          0          0          0   fopen_f.o
        42          0          0          0          0          0   fputc_fp.o
        30          0          0          0          0          0   handlers.o
        40          0          0          0          0          0   idiv.o
        36          8          0          0          0          0   init.o
        32         12          0          0          0          0   initio_oe.o
        14          0          0          0          0          0   isspace_c.o
         0          0          0          0          0          0   iusefp.o
        32          0          0          0          0          0   llshl.o
        38          0          0          0          0          0   llsshr.o
        34          0          0          0          0          0   llushr.o
       192         20          0          0          0          0   malloc.o
        36          0          0          0          0          0   memseta.o
         0          0          0          8          0          0   mvars.o
      2322        102          0          0          0          0   printfa.o
        44          8          0          0          0          0   scanf_char.o
         0          0          0          0         20          0   stderr_f.o
         0          0          0          0         20          0   stdout_f.o
        28          0          0          0          0          0   strcmp.o
        14          0          0          0          0          0   strlen.o
        30          0          0          0          0          0   strncmp.o
        44          0          0          0          0          0   uidiv.o
        96          0          0          0          0          0   uldiv.o
        40          2          0          0          0          0   cdrcmple.o
       356          4          0          0          0          0   dadd.o
       240          6          0          0          0          0   ddiv.o
       236          0          0          0          0          0   depilogue.o
        64         10          0          0          0          0   dfixul.o
       208          6          0          0          0          0   dmul.o
       130          0          0          0          0          0   fepilogue.o
        50          0          0          0          0          0   ffixi.o
        40          0          0          0          0          0   ffixui.o
        14          0          0          0          0          0   ffltui.o
       122          0          0          0          0          0   fmul.o

    ----------------------------------------------------------------------
      9756        854       1220         72         40          0   Library Totals
        24          0          2          0          0          0   (incl. Padding)

    ----------------------------------------------------------------------

      Code (inc. data)   RO Data    RW Data    ZI Data      Debug   Library Name

        44          0          0          0          0          0   cpprt_p.l
      3352        628       1154         60          0          0   mbed.ar
      4836        198         64         12         40          0   mc_p.l
      1500         28          0          0          0          0   mf_p.l

    ----------------------------------------------------------------------
      9756        854       1220         72         40          0   Library Totals

    ----------------------------------------------------------------------

==============================================================================


      Code (inc. data)   RO Data    RW Data    ZI Data      Debug   

     11840       1262       2016         88        232          0   Grand Totals
     11840       1262       2016         88        232          0   ELF Image Totals
     11840       1262       2016         88          0          0   ROM Totals

==============================================================================

    Total RO  Size (Code + RO Data)                13856 (  13.53kB)
    Total RW  Size (RW Data + ZI Data)               320 (   0.31kB)
    Total ROM Size (Code + RO Data + RW Data)      13944 (  13.62kB)

==============================================================================

