<html>
<body>
<pre>
<h1>µVision Build Log</h1>
<h2>Tool Versions:</h2>
IDE-Version: ƒÊVision V5.25.2.0
Copyright (C) 2018 ARM Ltd and ARM Germany GmbH. All rights reserved.
License Information: shimotori Windows, HP Inc., LIC=----
 
Tool Versions:
Toolchain:       MDK-Lite  Version: 5.25.2.0
Toolchain Path:  C:\Keil_v5\ARM\ARMCC\Bin
C Compiler:      Armcc.exe V5.06 update 6 (build 750)
Assembler:       Armasm.exe V5.06 update 6 (build 750)
Linker/Locator:  ArmLink.exe V5.06 update 6 (build 750)
Library Manager: ArmAr.exe V5.06 update 6 (build 750)
Hex Converter:   FromElf.exe V5.06 update 6 (build 750)
CPU DLL:         SARMCM3.DLL V5.25.2.0
Dialog DLL:      DARMP1.DLL V1.27.0.0
Target DLL:      UL2CM3.DLL V1.160.12.0
Dialog DLL:      TARMP1.DLL V1.26.0.0
 
<h2>Project:</h2>
C:\Users\robot\Downloads\‚»‚Ì‘¼\mbed_project160404\motor\mbed_project.uvproj
Project File Date:  05/20/2018

<h2>Output:</h2>
*** Using Compiler 'V5.06 update 6 (build 750)', folder: 'C:\Keil_v5\ARM\ARMCC\Bin'
*** Warning: Using Microlib and C++ file(s) might cause the linker to fail !
  
*** Note: Rebuilding project, since 'Options->Output->Create Batch File' is selected.
Rebuild target 'mbed NXP LPC1114'
compiling main.cpp...
main.cpp(15): warning:  #1-D: last line of file ends without a newline
  }
main.cpp: 1 warning, 0 errors
compiling SoftwarePWM.cpp...
compiling Motor.cpp...
compiling Sound.cpp...
compiling QEI.cpp...
linking...
Program Size: Code=11644 RO-data=1852 RW-data=72 ZI-data=336  
FromELF: creating hex file...
After Build - User command #1: fromelf --bin -o mbed_project_LPC1114.bin build\mbed_project.axf
".\build\mbed_project.axf" - 0 Error(s), 1 Warning(s).
Build Time Elapsed:  00:00:02
</pre>
</body>
</html>
