Component: ARM Compiler 5.06 update 6 (build 750) Tool: armlink [4d35ed]

==============================================================================

Section Cross References

    main.o(.text) refers to qei.o(.text) for QEI::getPulses()
    main.o(.text) refers to dflti.o(.text) for __aeabi_i2d
    main.o(.text) refers to dmul.o(.text) for __aeabi_dmul
    main.o(.text) refers to ddiv.o(.text) for __aeabi_ddiv
    main.o(.text) refers to dadd.o(.text) for __aeabi_dadd
    main.o(.text) refers to d2f.o(.text) for __aeabi_d2f
    main.o(.text) refers to main.o(i._ZN5MotoraSEf) for Motor::operator =(float)
    main.o(.text) refers to BusIn.o(i._ZN4mbed5BusIn4modeE7PinMode) for mbed::BusIn::mode(PinMode)
    main.o(.text) refers to BusIn.o(i._ZN4mbed5BusIncviEv) for mbed::BusIn::operator int()
    main.o(.text) refers to motor.o(.text) for Motor::setMaxRatio(float)
    main.o(.text) refers to wait_api.o(i.wait) for wait
    main.o(.text) refers to printfa.o(i.__0printf) for __2printf
    main.o(.text) refers to BusOut.o(i._ZN4mbed6BusOutC1E7PinNameS1_S1_S1_S1_S1_S1_S1_S1_S1_S1_S1_S1_S1_S1_S1_) for mbed::BusOut::BusOut(PinName, PinName, PinName, PinName, PinName, PinName, PinName, PinName, PinName, PinName, PinName, PinName, PinName, PinName, PinName, PinName)
    main.o(.text) refers to aeabi_atexit.o(.text) for __aeabi_atexit
    main.o(.text) refers to BusIn.o(i._ZN4mbed5BusInC1E7PinNameS1_S1_S1_S1_S1_S1_S1_S1_S1_S1_S1_S1_S1_S1_S1_) for mbed::BusIn::BusIn(PinName, PinName, PinName, PinName, PinName, PinName, PinName, PinName, PinName, PinName, PinName, PinName, PinName, PinName, PinName, PinName)
    main.o(.text) refers to TimerEvent.o(i._ZN4mbed10TimerEventC2Ev) for mbed::TimerEvent::TimerEvent__sub_object()
    main.o(.text) refers to main.o(.bss) for qei_left
    main.o(.text) refers to main.o(.data) for enc_left
    main.o(.text) refers to BusOut.o(i._ZN4mbed6BusOutD1Ev) for mbed::BusOut::~BusOut()
    main.o(.text) refers to BusIn.o(i._ZN4mbed5BusInD1Ev) for mbed::BusIn::~BusIn()
    main.o(.text) refers to main.o(i._ZN5MotorD1Ev) for Motor::~Motor()
    main.o(.text) refers to main.o(i._ZN3QEID1Ev) for QEI::~QEI()
    main.o(.text) refers to Ticker.o(.constdata__ZTVN4mbed6TickerE) for vtable for mbed::Ticker
    main.o(.text) refers to FunctionPointer.o(i._ZN4mbed15FunctionPointerC1EPFvvE) for mbed::FunctionPointer::FunctionPointer(void(*)())
    main.o(.text) refers to Ticker.o(i._ZN4mbed6TickerD1Ev) for mbed::Ticker::~Ticker()
    main.o(.ARM.exidx) refers to main.o(.text) for .text
    main.o(.init_array) refers to main.o(.text) for __sti___8_main_cpp_led
    main.o(.init_array) refers to cpp_init.o(.text) for __cpp_initialize__aeabi_
    softwarepwm.o(.text) refers to gpio.o(i.gpio_init_out) for gpio_init_out
    softwarepwm.o(.text) refers to softwarepwm.o(i._ZN4mbed6TickerC1Ev) for mbed::Ticker::Ticker()
    softwarepwm.o(.text) refers to softwarepwm.o(t._ZN4mbed6Ticker9attach_usI11SoftwarePWMEEvPT_MS3_FvvEj) for void mbed::Ticker::attach_us<SoftwarePWM>(T1*, void(T1::*)(), unsigned)
    softwarepwm.o(.text) refers to Ticker.o(i._ZN4mbed6Ticker6detachEv) for mbed::Ticker::detach()
    softwarepwm.o(.text) refers to softwarepwm.o(i._ZN4mbed10DigitalOutaSEi) for mbed::DigitalOut::operator =(int)
    softwarepwm.o(.text) refers to assert.o(i.mbed_assert_internal) for mbed_assert_internal
    softwarepwm.o(.text) refers to Timeout.o(.constdata__ZTVN4mbed7TimeoutE) for vtable for mbed::Timeout
    softwarepwm.o(.text) refers to softwarepwm.o(.constdata) for <Data2>
    softwarepwm.o(.text) refers to softwarepwm.o(.conststring) for .conststring
    softwarepwm.o(.ARM.exidx) refers to softwarepwm.o(.text) for .text
    softwarepwm.o(.constdata) refers to softwarepwm.o(.text) for SoftwarePWM::EndPulse()
    motor.o(.text) refers to cfrcmple.o(.text) for __aeabi_cfrcmple
    motor.o(.text) refers to cfcmple.o(.text) for __aeabi_cfcmple
    motor.o(.text) refers to softwarepwm.o(i._ZN4mbed10DigitalOutaSEi) for mbed::DigitalOut::operator =(int)
    motor.o(.text) refers to fmul.o(.text) for __aeabi_fmul
    motor.o(.text) refers to ffixi.o(.text) for __aeabi_f2iz
    motor.o(.text) refers to softwarepwm.o(.text) for SoftwarePWM::SetPosition(int)
    motor.o(.text) refers to fflti.o(.text) for __aeabi_i2f
    motor.o(.text) refers to motor.o(i._ZN4mbed10DigitalOutC1E7PinName) for mbed::DigitalOut::DigitalOut(PinName)
    motor.o(.text) refers to assert.o(i.mbed_assert_internal) for mbed_assert_internal
    motor.o(.text) refers to motor.o(.conststring) for .conststring
    motor.o(.ARM.exidx) refers to motor.o(.text) for .text
    sound.o(.text) refers to cfcmple.o(.text) for __aeabi_cfcmpeq
    sound.o(.text) refers to fdiv.o(.text) for __aeabi_fdiv
    sound.o(.text) refers to ffixi.o(.text) for __aeabi_f2iz
    sound.o(.text) refers to softwarepwm.o(.text) for SoftwarePWM::Disable()
    sound.o(.ARM.exidx) refers to sound.o(.text) for .text
[...]
    .text                                    0x000002ba   Section        0  strcmp.o(.text)
    .text                                    0x000002d6   Section        0  strncmp.o(.text)
    .text                                    0x000002f4   Section        0  arm_newhandler_noexceptions.o(.text)
    .ARM.__at_0x02FC                         0x000002fc   Section        4  startup_LPC11xx.o(.ARM.__at_0x02FC)
    .text                                    0x00000300   Section        0  main.o(.text)
    __sti___8_main_cpp_led                   0x000005d1   Thumb Code   526  main.o(.text)
    .text                                    0x000007e8   Section        0  softwarepwm.o(.text)
    gpio_write(gpio_t*, int)                 0x00000897   Thumb Code    78  softwarepwm.o(.text)
    .text                                    0x0000090c   Section        0  motor.o(.text)
    gpio_write(gpio_t*, int)                 0x00000a25   Thumb Code    78  motor.o(.text)
    .text                                    0x00000a9c   Section        0  qei.o(.text)
    .text                                    0x00000c9c   Section        0  __0sscanf.o(.text)
    .text                                    0x00000cd8   Section        0  _scanf_int.o(.text)
    .text                                    0x00000e24   Section        0  cpp_init.o(.text)
    .text                                    0x00000e44   Section        0  aeabi_atexit.o(.text)
    .text                                    0x00000e6e   Section        0  fmul.o(.text)
    .text                                    0x00000ee8   Section        0  dadd.o(.text)
    .text                                    0x0000104c   Section        0  dmul.o(.text)
    .text                                    0x0000111c   Section        0  ddiv.o(.text)
    .text                                    0x0000120c   Section        0  fflti.o(.text)
    .text                                    0x00001224   Section        0  dflti.o(.text)
    .text                                    0x0000124c   Section        0  ffixi.o(.text)
    .text                                    0x0000127e   Section        0  d2f.o(.text)
    .text                                    0x000012b8   Section       20  cfcmple.o(.text)
    .text                                    0x000012cc   Section       20  cfrcmple.o(.text)
    .text                                    0x000012e0   Section        0  fputc_fp.o(.text)
    .text                                    0x0000130a   Section        0  uldiv.o(.text)
    .text                                    0x0000136a   Section        0  llshl.o(.text)
    .text                                    0x0000138a   Section        0  llsshr.o(.text)
    .text                                    0x000013b0   Section        0  _chval.o(.text)
    .text                                    0x000013d0   Section        0  scanf_char.o(.text)
    _scanf_char_input                        0x000013d1   Thumb Code    12  scanf_char.o(.text)
    .text                                    0x000013fc   Section        0  _sgetc.o(.text)
    .text                                    0x00001440   Section        0  cpp_dtor.o(.text)
    .text                                    0x00001440   Section        0  iusefp.o(.text)
    .text                                    0x00001448   Section        0  cpp_memory.o(.text)
    .text                                    0x0000145c   Section        0  cxa_finalize.o(.text)
    .text                                    0x0000149e   Section        0  fepilogue.o(.text)
    .text                                    0x00001520   Section        0  depilogue.o(.text)
    .text                                    0x000015e0   Section        0  dfixul.o(.text)
    .text                                    0x00001620   Section       40  cdrcmple.o(.text)
    .text                                    0x00001648   Section        0  arm_exceptions_terminate.o(.text)
    .text                                    0x00001664   Section        0  arm_exceptions_globs.o(.text)
    [local to arm_exceptions_c]::__default_terminate_handler() 0x00001665   Thumb Code     6  arm_exceptions_globs.o(.text)
    .text                                    0x000016b8   Section       36  init.o(.text)
    .text                                    0x000016dc   Section        0  llushr.o(.text)
    .text                                    0x000016fe   Section        0  isspace_c.o(.text)
    .text                                    0x0000170c   Section        0  _scanf.o(.text)
    .text                                    0x00001a44   Section        0  cpp_final.o(.text)
    .text                                    0x00001a46   Section        0  arm_exceptions_mem.o(.text)
    .text                                    0x00001a88   Section        0  ctype_c.o(.text)
    i.$Sub$$main                             0x00001aac   Section        0  retarget.o(i.$Sub$$main)
    i.NVIC_SetVector                         0x00001abc   Section        0  cmsis_nvic.o(i.NVIC_SetVector)
    i.SystemInit                             0x00001b04   Section        0  system_LPC11xx.o(i.SystemInit)
    i._ZN3QEID1Ev                            0x00001b64   Section        0  main.o(i._ZN3QEID1Ev)
    i._ZN4mbed10DigitalOutC1E7PinName        0x00001b8a   Section        0  motor.o(i._ZN4mbed10DigitalOutC1E7PinName)
    i._ZN4mbed10DigitalOutaSEi               0x00001ba6   Section        0  softwarepwm.o(i._ZN4mbed10DigitalOutaSEi)
    i._ZN4mbed10TimerEvent3irqEj             0x00001bbc   Section        0  TimerEvent.o(i._ZN4mbed10TimerEvent3irqEj)
    i._ZN4mbed10TimerEvent6insertEj          0x00001bc2   Section        0  TimerEvent.o(i._ZN4mbed10TimerEvent6insertEj)
    i._ZN4mbed10TimerEvent6removeEv          0x00001bce   Section        0  TimerEvent.o(i._ZN4mbed10TimerEvent6removeEv)
    i._ZN4mbed10TimerEventC2Ev               0x00001bd8   Section        0  TimerEvent.o(i._ZN4mbed10TimerEventC2Ev)
    i._ZN4mbed10TimerEventD2Ev               0x00001bfc   Section        0  TimerEvent.o(i._ZN4mbed10TimerEventD2Ev)
    i._ZN4mbed11InterruptIn12_irq_handlerEj14gpio_irq_event 0x00001c14   Section        0  InterruptIn.o(i._ZN4mbed11InterruptIn12_irq_handlerEj14gpio_irq_event)
    i._ZN4mbed11InterruptIn4readEv           0x00001c30   Section        0  InterruptIn.o(i._ZN4mbed11InterruptIn4readEv)
    i._ZN4mbed11InterruptInC1E7PinName       0x00001c5c   Section        0  InterruptIn.o(i._ZN4mbed11InterruptInC1E7PinName)
    i._ZN4mbed11InterruptInD1Ev              0x00001ca8   Section        0  InterruptIn.o(i._ZN4mbed11InterruptInD1Ev)
    i._ZN4mbed15FunctionPointer4callEv       0x00001cc0   Section        0  FunctionPointer.o(i._ZN4mbed15FunctionPointer4callEv)
    i._ZN4mbed15FunctionPointer6attachEPFvvE 0x00001cda   Section        0  FunctionPointer.o(i._ZN4mbed15FunctionPointer6attachEPFvvE)
    i._ZN4mbed15FunctionPointerC1EPFvvE      0x00001ce2   Section        0  FunctionPointer.o(i._ZN4mbed15FunctionPointerC1EPFvvE)
    i._ZN4mbed5BusIn4modeE7PinMode           0x00001cec   Section        0  BusIn.o(i._ZN4mbed5BusIn4modeE7PinMode)
    i._ZN4mbed5BusInC1E7PinNameS1_S1_S1_S1_S1_S1_S1_S1_S1_S1_S1_S1_S1_S1_S1_ 0x00001d0c   Section        0  BusIn.o(i._ZN4mbed5BusInC1E7PinNameS1_S1_S1_S1_S1_S1_S1_S1_S1_S1_S1_S1_S1_S1_S1_)
    i._ZN4mbed5BusInD1Ev                     0x00001dac   Section        0  BusIn.o(i._ZN4mbed5BusInD1Ev)
    i._ZN4mbed5BusIncviEv                    0x00001dd4   Section        0  BusIn.o(i._ZN4mbed5BusIncviEv)
    i._ZN4mbed6BusOutC1E7PinNameS1_S1_S1_S1_S1_S1_S1_S1_S1_S1_S1_S1_S1_S1_S1_ 0x00001e18   Section        0  BusOut.o(i._ZN4mbed6BusOutC1E7PinNameS1_S1_S1_S1_S1_S1_S1_S1_S1_S1_S1_S1_S1_S1_S1_)
    i._ZN4mbed6BusOutD1Ev                    0x00001eb8   Section        0  BusOut.o(i._ZN4mbed6BusOutD1Ev)
    i._ZN4mbed6Ticker5setupEj                0x00001ee0   Section        0  Ticker.o(i._ZN4mbed6Ticker5setupEj)
    i._ZN4mbed6Ticker6detachEv               0x00001efc   Section        0  Ticker.o(i._ZN4mbed6Ticker6detachEv)
    i._ZN4mbed6Ticker7handlerEv              0x00001f10   Section        0  Ticker.o(i._ZN4mbed6Ticker7handlerEv)
    i._ZN4mbed6TickerC1Ev                    0x00001f2c   Section        0  softwarepwm.o(i._ZN4mbed6TickerC1Ev)
    i._ZN4mbed6TickerD1Ev                    0x00001f54   Section        0  Ticker.o(i._ZN4mbed6TickerD1Ev)
    i._ZN4mbed7Timeout7handlerEv             0x00001f78   Section        0  Timeout.o(i._ZN4mbed7Timeout7handlerEv)
    i._ZN4mbed8FileBase11getPathTypeEv       0x00001f82   Section        0  FileBase.o(i._ZN4mbed8FileBase11getPathTypeEv)
    i._ZN4mbed8FileBase6lookupEPKcj          0x00001f88   Section        0  FileBase.o(i._ZN4mbed8FileBase6lookupEPKcj)
    i._ZN4mbed8FilePath10fileSystemEv        0x00001fc4   Section        0  FilePath.o(i._ZN4mbed8FilePath10fileSystemEv)
    i._ZN4mbed8FilePath4fileEv               0x00001fde   Section        0  FilePath.o(i._ZN4mbed8FilePath4fileEv)
    i._ZN4mbed8FilePath6existsEv             0x00001ffe   Section        0  FilePath.o(i._ZN4mbed8FilePath6existsEv)
    i._ZN4mbed8FilePath6isFileEv             0x00002008   Section        0  FilePath.o(i._ZN4mbed8FilePath6isFileEv)
    i._ZN4mbed8FilePath8fileNameEv           0x00002020   Section        0  FilePath.o(i._ZN4mbed8FilePath8fileNameEv)
    i._ZN4mbed8FilePathC1EPKc                0x00002024   Section        0  FilePath.o(i._ZN4mbed8FilePathC1EPKc)
    i._ZN5MotorD1Ev                          0x00002068   Section        0  main.o(i._ZN5MotorD1Ev)
    i._ZN5MotoraSEf                          0x0000208a   Section        0  main.o(i._ZN5MotoraSEf)
    i._ZdlPv                                 0x0000209c   Section        0  delete.o(i._ZdlPv)
    i._Znwj                                  0x000020a4   Section        0  new.o(i._Znwj)
    i.__0fprintf                             0x000020cc   Section        0  printfa.o(i.__0fprintf)
    i.__0printf                              0x000020e8   Section        0  printfa.o(i.__0printf)
    i.__0vfprintf                            0x00002108   Section        0  printfa.o(i.__0vfprintf)
    i.__ARM_clz                              0x00002120   Section        0  depilogue.o(i.__ARM_clz)
    i.__cxa_pure_virtual                     0x0000214e   Section        0  pure_virt.o(i.__cxa_pure_virtual)
    i.__scatterload_copy                     0x00002158   Section       14  handlers.o(i.__scatterload_copy)
    i.__scatterload_null                     0x00002166   Section        2  handlers.o(i.__scatterload_null)
    i.__scatterload_zeroinit                 0x00002168   Section       14  handlers.o(i.__scatterload_zeroinit)
    i._fflush$full                           0x00002176   Section        0  fflush_f.o(i._fflush$full)
    i._fp_digits                             0x00002190   Section        0  printfa.o(i._fp_digits)
    _fp_digits                               0x00002191   Thumb Code   344  printfa.o(i._fp_digits)
    i._printf_core                           0x00002304   Section        0  printfa.o(i._printf_core)
    _printf_core                             0x00002305   Thumb Code  1754  printfa.o(i._printf_core)
    i._printf_post_padding                   0x000029f0   Section        0  printfa.o(i._printf_post_padding)
    _printf_post_padding                     0x000029f1   Thumb Code    32  printfa.o(i._printf_post_padding)
    i._printf_pre_padding                    0x00002a10   Section        0  printfa.o(i._printf_pre_padding)
    _printf_pre_padding                      0x00002a11   Thumb Code    44  printfa.o(i._printf_pre_padding)
    i._sys_open                              0x00002a3c   Section        0  retarget.o(i._sys_open)
    i._sys_seek                              0x00002b20   Section        0  retarget.o(i._sys_seek)
    i._sys_write                             0x00002b48   Section        0  retarget.o(i._sys_write)
    i.error                                  0x00002bb0   Section        0  error.o(i.error)
    i.exit                                   0x00002bc8   Section        0  retarget.o(i.exit)
    i.free                                   0x00002be8   Section        0  malloc.o(i.free)
    i.gpio_dir                               0x00002c3c   Section        0  gpio_api.o(i.gpio_dir)
    i.gpio_init                              0x00002c98   Section        0  gpio_api.o(i.gpio_init)
    i.gpio_init_in                           0x00002d08   Section        0  gpio.o(i.gpio_init_in)
    i.gpio_init_out                          0x00002d2c   Section        0  gpio.o(i.gpio_init_out)
    i.gpio_irq0                              0x00002d78   Section        0  gpio_irq_api.o(i.gpio_irq0)
    i.gpio_irq1                              0x00002d82   Section        0  gpio_irq_api.o(i.gpio_irq1)
    i.gpio_irq2                              0x00002d8c   Section        0  gpio_irq_api.o(i.gpio_irq2)
    i.gpio_irq3                              0x00002d96   Section        0  gpio_irq_api.o(i.gpio_irq3)
    i.gpio_irq_free                          0x00002da0   Section        0  gpio_irq_api.o(i.gpio_irq_free)
    i.gpio_irq_init                          0x00002db0   Section        0  gpio_irq_api.o(i.gpio_irq_init)
    i.gpio_irq_set                           0x00002e48   Section        0  gpio_irq_api.o(i.gpio_irq_set)
    i.gpio_mode                              0x00002ebe   Section        0  gpio_api.o(i.gpio_mode)
    i.handle_interrupt_in                    0x00002ecc   Section        0  gpio_irq_api.o(i.handle_interrupt_in)
    handle_interrupt_in                      0x00002ecd   Thumb Code   142  gpio_irq_api.o(i.handle_interrupt_in)
    i.malloc                                 0x00002f74   Section        0  malloc.o(i.malloc)
    i.mbed_assert_internal                   0x00002fe0   Section        0  assert.o(i.mbed_assert_internal)
    i.mbed_die                               0x00003030   Section        0  board.o(i.mbed_die)
    i.mbed_main                              0x000031c4   Section        0  retarget.o(i.mbed_main)
    i.mbed_sdk_init                          0x000031c6   Section        0  retarget.o(i.mbed_sdk_init)
    i.pin_function                           0x000031c8   Section        0  pinmap.o(i.pin_function)
    i.pin_mode                               0x00003210   Section        0  pinmap.o(i.pin_mode)
    i.pinmap_merge                           0x00003264   Section        0  pinmap_common.o(i.pinmap_merge)
    i.pinmap_peripheral                      0x00003298   Section        0  pinmap_common.o(i.pinmap_peripheral)
    i.pinmap_pinout                          0x000032f4   Section        0  pinmap_common.o(i.pinmap_pinout)
    i.serial_baud                            0x00003344   Section        0  serial_api.o(i.serial_baud)
    i.serial_format                          0x0000345c   Section        0  serial_api.o(i.serial_format)
    i.serial_init                            0x00003540   Section        0  serial_api.o(i.serial_init)
    i.serial_putc                            0x00003614   Section        0  serial_api.o(i.serial_putc)
    i.us_ticker_clear_interrupt              0x00003624   Section        0  us_ticker.o(i.us_ticker_clear_interrupt)
    i.us_ticker_disable_interrupt            0x00003630   Section        0  us_ticker.o(i.us_ticker_disable_interrupt)
    i.us_ticker_init                         0x00003640   Section        0  us_ticker.o(i.us_ticker_init)
    i.us_ticker_insert_event                 0x0000369c   Section        0  us_ticker_api.o(i.us_ticker_insert_event)
    i.us_ticker_irq_handler                  0x000036d8   Section        0  us_ticker_api.o(i.us_ticker_irq_handler)
    i.us_ticker_read                         0x00003718   Section        0  us_ticker.o(i.us_ticker_read)
    i.us_ticker_remove_event                 0x00003774   Section        0  us_ticker_api.o(i.us_ticker_remove_event)
    i.us_ticker_set_handler                  0x000037b4   Section        0  us_ticker_api.o(i.us_ticker_set_handler)
    i.us_ticker_set_interrupt                0x000037c8   Section        0  us_ticker.o(i.us_ticker_set_interrupt)
    i.wait                                   0x000037dc   Section        0  wait_api.o(i.wait)
    i.wait_ms                                0x00003800   Section        0  wait_api.o(i.wait_ms)
    t._ZN4mbed11InterruptIn4fallI3QEIEEvPT_MS3_FvvE 0x0000381c   Section        0  qei.o(t._ZN4mbed11InterruptIn4fallI3QEIEEvPT_MS3_FvvE)
    t._ZN4mbed11InterruptIn4riseI3QEIEEvPT_MS3_FvvE 0x0000383e   Section        0  qei.o(t._ZN4mbed11InterruptIn4riseI3QEIEEvPT_MS3_FvvE)
    t._ZN4mbed15FunctionPointer12membercallerI11SoftwarePWMEEvPvPc 0x00003860   Section        0  softwarepwm.o(t._ZN4mbed15FunctionPointer12membercallerI11SoftwarePWMEEvPvPc)
    t._ZN4mbed15FunctionPointer12membercallerI3QEIEEvPvPc 0x000038b0   Section        0  qei.o(t._ZN4mbed15FunctionPointer12membercallerI3QEIEEvPvPc)
    t._ZN4mbed15FunctionPointer6attachI3QEIEEvPT_MS3_FvvE 0x00003900   Section        0  qei.o(t._ZN4mbed15FunctionPointer6attachI3QEIEEvPT_MS3_FvvE)
    t._ZN4mbed6Ticker9attach_usI11SoftwarePWMEEvPT_MS3_FvvEj 0x0000391c   Section        0  softwarepwm.o(t._ZN4mbed6Ticker9attach_usI11SoftwarePWMEEvPT_MS3_FvvEj)
    .constdata                               0x00003958   Section       16  softwarepwm.o(.constdata)
    <Data1>                                  0x00003958   Data           8  softwarepwm.o(.constdata)
    <Data2>                                  0x00003960   Data           8  softwarepwm.o(.constdata)
    .constdata                               0x00003968   Section       24  qei.o(.constdata)
    <Data1>                                  0x00003968   Data           8  qei.o(.constdata)
    <Data2>                                  0x00003970   Data           8  qei.o(.constdata)
    <Data3>                                  0x00003978   Data           8  qei.o(.constdata)
    .constdata                               0x00003980   Section      134  board.o(.constdata)
    .constdata                               0x00003a08   Section      364  serial_api.o(.constdata)
    PinMap_UART_TX                           0x00003a08   Data          60  serial_api.o(.constdata)
    PinMap_UART_RX                           0x00003a44   Data          60  serial_api.o(.constdata)
    .constdata                               0x00003b74   Section      208  BusIn.o(.constdata)
    .constdata                               0x00003c44   Section      134  InterruptIn.o(.constdata)
    .constdata                               0x00003ccc   Section      134  gpio.o(.constdata)
    .constdata                               0x00003d54   Section      128  gpio_api.o(.constdata)
    .constdata                               0x00003dd4   Section      108  pinmap.o(.constdata)
    .constdata                               0x00003e40   Section       64  ctype_c.o(.constdata)
    .constdata__ZTVN4mbed10TimerEventE       0x00003e80   Section       20  TimerEvent.o(.constdata__ZTVN4mbed10TimerEventE)
    .constdata__ZTVN4mbed11InterruptInE      0x00003e94   Section       16  InterruptIn.o(.constdata__ZTVN4mbed11InterruptInE)
    .constdata__ZTVN4mbed5BusInE             0x00003ea4   Section       16  BusIn.o(.constdata__ZTVN4mbed5BusInE)
    .constdata__ZTVN4mbed6BusOutE            0x00003eb4   Section       16  BusOut.o(.constdata__ZTVN4mbed6BusOutE)
    .constdata__ZTVN4mbed6TickerE            0x00003ec4   Section       20  Ticker.o(.constdata__ZTVN4mbed6TickerE)
    .constdata__ZTVN4mbed7TimeoutE           0x00003ed8   Section       20  Timeout.o(.constdata__ZTVN4mbed7TimeoutE)
    .conststring                             0x00003eec   Section       66  softwarepwm.o(.conststring)
    .init_array                              0x00003f50   Section        4  main.o(.init_array)
    .init_array                              0x00003f54   Section        0  cpp_init.o(.init_array)
    .data                                    0x100000c0   Section       72  main.o(.data)
    .data                                    0x10000108   Section        4  retarget.o(.data)
    n                                        0x10000108   Data           4  retarget.o(.data)
    .data                                    0x1000010c   Section        4  cmsis_nvic.o(.data)
    vectors                                  0x1000010c   Data           4  cmsis_nvic.o(.data)
    .data                                    0x10000110   Section        4  system_LPC11xx.o(.data)
    .data                                    0x10000114   Section        4  gpio_irq_api.o(.data)
    irq_handler                              0x10000114   Data           4  gpio_irq_api.o(.data)
    .data                                    0x10000118   Section       20  serial_api.o(.data)
    serial_irq_ids                           0x10000118   Data           4  serial_api.o(.data)
    irq_handler                              0x10000120   Data           4  serial_api.o(.data)
    .data                                    0x1000012c   Section        4  us_ticker.o(.data)
    .data                                    0x10000130   Section        4  FileBase.o(.data)
    .data                                    0x10000134   Section        8  us_ticker_api.o(.data)
    head                                     0x10000134   Data           4  us_ticker_api.o(.data)
    event_handler                            0x10000138   Data           4  us_ticker_api.o(.data)
    .data                                    0x1000013c   Section        4  cpp_dtor.o(.data)
    ddtor_pointer                            0x1000013c   Data           4  cpp_dtor.o(.data)
    .data                                    0x10000140   Section       12  cpp_memory.o(.data)
    handler_pointer                          0x10000140   Data           4  cpp_memory.o(.data)
    eh                                       0x10000144   Data           4  cpp_memory.o(.data)
    eh_p                                     0x10000148   Data           4  cpp_memory.o(.data)
    .data                                    0x1000014c   Section        4  mvars.o(.data)
    .data                                    0x10000150   Section        4  mvars.o(.data)
    .bss                                     0x10000154   Section     1160  main.o(.bss)
    .bss                                     0x100005dc   Section       64  retarget.o(.bss)
    filehandles                              0x100005dc   Data          64  retarget.o(.bss)
    .bss                                     0x1000061c   Section      168  gpio_irq_api.o(.bss)
    channel_ids                              0x1000061c   Data         168  gpio_irq_api.o(.bss)
    .bss                                     0x100006c4   Section       20  stdout_f.o(.bss)
    .bss                                     0x100006d8   Section       20  stderr_f.o(.bss)
    HEAP                                     0x100006f0   Section        0  startup_LPC11xx.o(HEAP)

    Global Symbols

    Symbol Name                              Value     Ov Type        Size  Object(Section)

    BuildAttributes$$THM_ISAv3M$S$PE$A:L22$X:L11$S22$IEEE1$IW$USESV6$~STKCKD$USESV7$~SHL$OTIME$ROPI$EBA8$UX$MICROLIB$REQ8$PRES8$EABIv2 0x00000000   Number         0  anon$$obj.o ABSOLUTE
    __ARM_use_no_argv                        0x00000000   Number         0  main.o ABSOLUTE
    __Vectors                                0x00000000   Data           4  startup_LPC11xx.o(RESET)
    __dso_handle                             0x00000000   Number         0  startup_LPC11xx.o(RESET)
    _printf_a                                0x00000000   Number         0  stubs.o ABSOLUTE
    _printf_c                                0x00000000   Number         0  stubs.o ABSOLUTE
    _printf_charcount                        0x00000000   Number         0  stubs.o ABSOLUTE
    _printf_d                                0x00000000   Number         0  stubs.o ABSOLUTE
    _printf_e                                0x00000000   Number         0  stubs.o ABSOLUTE
    _printf_f                                0x00000000   Number         0  stubs.o ABSOLUTE
    _printf_flags                            0x00000000   Number         0  stubs.o ABSOLUTE
    _printf_fp_dec                           0x00000000   Number         0  stubs.o ABSOLUTE
    _printf_fp_hex                           0x00000000   Number         0  stubs.o ABSOLUTE
    _printf_g                                0x00000000   Number         0  stubs.o ABSOLUTE
    _printf_i                                0x00000000   Number         0  stubs.o ABSOLUTE
    _printf_int_dec                          0x00000000   Number         0  stubs.o ABSOLUTE
    _printf_l                                0x00000000   Number         0  stubs.o ABSOLUTE
    _printf_lc                               0x00000000   Number         0  stubs.o ABSOLUTE
    _printf_ll                               0x00000000   Number         0  stubs.o ABSOLUTE
    _printf_lld                              0x00000000   Number         0  stubs.o ABSOLUTE
    _printf_lli                              0x00000000   Number         0  stubs.o ABSOLUTE
    _printf_llo                              0x00000000   Number         0  stubs.o ABSOLUTE
    _printf_llu                              0x00000000   Number         0  stubs.o ABSOLUTE
    _printf_llx                              0x00000000   Number         0  stubs.o ABSOLUTE
    _printf_longlong_dec                     0x00000000   Number         0  stubs.o ABSOLUTE
    _printf_longlong_hex                     0x00000000   Number         0  stubs.o ABSOLUTE
    _printf_longlong_oct                     0x00000000   Number         0  stubs.o ABSOLUTE
    _printf_ls                               0x00000000   Number         0  stubs.o ABSOLUTE
    _printf_mbtowc                           0x00000000   Number         0  stubs.o ABSOLUTE
    _printf_n                                0x00000000   Number         0  stubs.o ABSOLUTE
    _printf_o                                0x00000000   Number         0  stubs.o ABSOLUTE
    _printf_p                                0x00000000   Number         0  stubs.o ABSOLUTE
    _printf_percent                          0x00000000   Number         0  stubs.o ABSOLUTE
    _printf_pre_padding                      0x00000000   Number         0  stubs.o ABSOLUTE
    _printf_return_value                     0x00000000   Number         0  stubs.o ABSOLUTE
    _printf_s                                0x00000000   Number         0  stubs.o ABSOLUTE
    _printf_sizespec                         0x00000000   Number         0  stubs.o ABSOLUTE
    _printf_str                              0x00000000   Number         0  stubs.o ABSOLUTE
    _printf_truncate_signed                  0x00000000   Number         0  stubs.o ABSOLUTE
    _printf_truncate_unsigned                0x00000000   Number         0  stubs.o ABSOLUTE
    _printf_u                                0x00000000   Number         0  stubs.o ABSOLUTE
    _printf_wc                               0x00000000   Number         0  stubs.o ABSOLUTE
    _printf_wctomb                           0x00000000   Number         0  stubs.o ABSOLUTE
    _printf_widthprec                        0x00000000   Number         0  stubs.o ABSOLUTE
    _printf_x                                0x00000000   Number         0  stubs.o ABSOLUTE
    SHT$$ARM_EXIDX$$Base                      - Undefined Reference
    SHT$$ARM_EXIDX$$Limit                     - Undefined Reference
    __ARM::default_unexpected_handler()       - Undefined Weak Reference
    __ARM_exceptions_buffer_required          - Undefined Weak Reference
    __aeabi_unwind_cpp_pr1                    - Undefined Weak Reference
    __aeabi_unwind_cpp_pr2                    - Undefined Weak Reference
    __cxa_begin_cleanup                       - Undefined Weak Reference
    __cxa_type_match                          - Undefined Weak Reference
    __decompress                              - Undefined Weak Reference
    _clock_init                               - Undefined Weak Reference
    _microlib_exit                            - Undefined Weak Reference
    _scanf_longlong                           - Undefined Weak Reference
    _scanf_real                               - Undefined Weak Reference
    _scanf_string                             - Undefined Weak Reference
    __main                                   0x00000201   Thumb Code     0  entry.o(.ARM.Collect$$$$00000000)
    _main_stk                                0x00000201   Thumb Code     0  entry2.o(.ARM.Collect$$$$00000001)
    _main_scatterload                        0x00000205   Thumb Code     0  entry5.o(.ARM.Collect$$$$00000004)
    __main_after_scatterload                 0x00000209   Thumb Code     0  entry5.o(.ARM.Collect$$$$00000004)
    __use_full_stdio                         0x00000209   Thumb Code     0  entry6b.o(.ARM.Collect$$$$00000006)
    __main_after_initio                      0x0000020d   Thumb Code     0  entry6b.o(.ARM.Collect$$$$00000006)
    _main_clock                              0x0000020d   Thumb Code     0  entry7b.o(.ARM.Collect$$$$00000008)
    _main_cpp_init$empty                     0x0000020d   Thumb Code     0  entry8a.o(.ARM.Collect$$$$00000009)
    _main_cpp_init                           0x00000211   Thumb Code     0  entry8b.o(.ARM.Collect$$$$0000000A)
    _main_init                               0x00000211   Thumb Code     0  entry9a.o(.ARM.Collect$$$$0000000B)
    __rt_final_cpp                           0x00000219   Thumb Code     0  entry10a.o(.ARM.Collect$$$$0000000D)
    __rt_final_cpp$nonempty                  0x00000219   Thumb Code     0  entry10b.o(.ARM.Collect$$$$0000000E)
    __rt_final_exit                          0x0000021d   Thumb Code     0  entry11a.o(.ARM.Collect$$$$0000000F)
    Reset_Handler                            0x00000221   Thumb Code     8  startup_LPC11xx.o(.text)
    HardFault_Handler                        0x00000229   Thumb Code     2  startup_LPC11xx.o(.text)
    SVC_Handler                              0x0000022b   Thumb Code     2  startup_LPC11xx.o(.text)
    PendSV_Handler                           0x0000022d   Thumb Code     2  startup_LPC11xx.o(.text)
    SysTick_Handler                          0x0000022f   Thumb Code     2  startup_LPC11xx.o(.text)
    Reserved_IRQHandler                      0x00000231   Thumb Code     2  startup_LPC11xx.o(.text)
    ADC_IRQHandler                           0x00000233   Thumb Code     0  startup_LPC11xx.o(.text)
    BOD_IRQHandler                           0x00000233   Thumb Code     0  startup_LPC11xx.o(.text)
    C_CAN_IRQHandler                         0x00000233   Thumb Code     0  startup_LPC11xx.o(.text)
    I2C_IRQHandler                           0x00000233   Thumb Code     0  startup_LPC11xx.o(.text)
    NMI_Handler                              0x00000233   Thumb Code     0  startup_LPC11xx.o(.text)
    PIO_0_IRQHandler                         0x00000233   Thumb Code     0  startup_LPC11xx.o(.text)
    PIO_1_IRQHandler                         0x00000233   Thumb Code     0  startup_LPC11xx.o(.text)
    PIO_2_IRQHandler                         0x00000233   Thumb Code     0  startup_LPC11xx.o(.text)
    PIO_3_IRQHandler                         0x00000233   Thumb Code     0  startup_LPC11xx.o(.text)
    SLWU_INT0_IRQHandler                     0x00000233   Thumb Code     0  startup_LPC11xx.o(.text)
    SLWU_INT10_IRQHandler                    0x00000233   Thumb Code     0  startup_LPC11xx.o(.text)
    SLWU_INT11_IRQHandler                    0x00000233   Thumb Code     0  startup_LPC11xx.o(.text)
    SLWU_INT12_IRQHandler                    0x00000233   Thumb Code     0  startup_LPC11xx.o(.text)
    SLWU_INT1_IRQHandler                     0x00000233   Thumb Code     0  startup_LPC11xx.o(.text)
    SLWU_INT2_IRQHandler                     0x00000233   Thumb Code     0  startup_LPC11xx.o(.text)
    SLWU_INT3_IRQHandler                     0x00000233   Thumb Code     0  startup_LPC11xx.o(.text)
    SLWU_INT4_IRQHandler                     0x00000233   Thumb Code     0  startup_LPC11xx.o(.text)
    SLWU_INT5_IRQHandler                     0x00000233   Thumb Code     0  startup_LPC11xx.o(.text)
    SLWU_INT6_IRQHandler                     0x00000233   Thumb Code     0  startup_LPC11xx.o(.text)
    SLWU_INT7_IRQHandler                     0x00000233   Thumb Code     0  startup_LPC11xx.o(.text)
    SLWU_INT8_IRQHandler                     0x00000233   Thumb Code     0  startup_LPC11xx.o(.text)
    SLWU_INT9_IRQHandler                     0x00000233   Thumb Code     0  startup_LPC11xx.o(.text)
    SSP0_IRQHandler                          0x00000233   Thumb Code     0  startup_LPC11xx.o(.text)
    SSP1_IRQHandler                          0x00000233   Thumb Code     0  startup_LPC11xx.o(.text)
    TIMER16_0_IRQHandler                     0x00000233   Thumb Code     0  startup_LPC11xx.o(.text)
    TIMER16_1_IRQHandler                     0x00000233   Thumb Code     0  startup_LPC11xx.o(.text)
    TIMER32_0_IRQHandler                     0x00000233   Thumb Code     0  startup_LPC11xx.o(.text)
    TIMER32_1_IRQHandler                     0x00000233   Thumb Code     0  startup_LPC11xx.o(.text)
    UART_IRQHandler                          0x00000233   Thumb Code     0  startup_LPC11xx.o(.text)
    WDT_IRQHandler                           0x00000233   Thumb Code     0  startup_LPC11xx.o(.text)
    _initio                                  0x0000023d   Thumb Code    20  initio_oe.o(.text)
    __aeabi_uidiv                            0x0000025d   Thumb Code     0  uidiv.o(.text)
    __aeabi_uidivmod                         0x0000025d   Thumb Code    44  uidiv.o(.text)
    __aeabi_memcpy                           0x00000289   Thumb Code    36  memcpya.o(.text)
    __aeabi_memcpy4                          0x00000289   Thumb Code     0  memcpya.o(.text)
    __aeabi_memcpy8                          0x00000289   Thumb Code     0  memcpya.o(.text)
    strlen                                   0x000002ad   Thumb Code    14  strlen.o(.text)
    strcmp                                   0x000002bb   Thumb Code    28  strcmp.o(.text)
    strncmp                                  0x000002d7   Thumb Code    30  strncmp.o(.text)
    __default_new_handler()                  0x000002f5   Thumb Code     8  arm_newhandler_noexceptions.o(.text)
    control_handler()                        0x00000301   Thumb Code   508  main.o(.text)
    init()                                   0x000004fd   Thumb Code    58  main.o(.text)
    $Super$$main                             0x00000537   Thumb Code   154  main.o(.text)
    SoftwarePWM::SoftwarePWM(PinName)        0x000007e9   Thumb Code    66  softwarepwm.o(.text)
    SoftwarePWM::SoftwarePWM__sub_object(PinName) 0x000007e9   Thumb Code     0  softwarepwm.o(.text)
    SoftwarePWM::SetPosition(int)            0x0000082b   Thumb Code     4  softwarepwm.o(.text)
    SoftwarePWM::Enable(int, int)            0x0000082f   Thumb Code    28  softwarepwm.o(.text)
    SoftwarePWM::Disable()                   0x0000084b   Thumb Code    14  softwarepwm.o(.text)
    SoftwarePWM::StartPulse()                0x00000859   Thumb Code    48  softwarepwm.o(.text)
    SoftwarePWM::EndPulse()                  0x00000889   Thumb Code    14  softwarepwm.o(.text)
    Motor::write(float)                      0x0000090d   Thumb Code   140  motor.o(.text)
    Motor::period(float)                     0x00000999   Thumb Code    50  motor.o(.text)
    Motor::Motor(PinName, PinName, PinName)  0x000009cb   Thumb Code    76  motor.o(.text)
    Motor::Motor__sub_object(PinName, PinName, PinName) 0x000009cb   Thumb Code     0  motor.o(.text)
    Motor::setMaxRatio(float)                0x00000a17   Thumb Code     6  motor.o(.text)
    Motor::read()                            0x00000a1d   Thumb Code     8  motor.o(.text)
    QEI::QEI(PinName, PinName, PinName, int, QEI::Encoding) 0x00000a9d   Thumb Code   194  qei.o(.text)
    QEI::QEI__sub_object(PinName, PinName, PinName, int, QEI::Encoding) 0x00000a9d   Thumb Code     0  qei.o(.text)
    QEI::reset()                             0x00000b5f   Thumb Code    14  qei.o(.text)
    QEI::getCurrentState()                   0x00000b6d   Thumb Code    10  qei.o(.text)
    QEI::getPulses()                         0x00000b77   Thumb Code    10  qei.o(.text)
    QEI::getRevolutions()                    0x00000b81   Thumb Code    10  qei.o(.text)
    QEI::encode()                            0x00000b8b   Thumb Code   244  qei.o(.text)
    QEI::index()                             0x00000c7f   Thumb Code    16  qei.o(.text)
    __0sscanf                                0x00000c9d   Thumb Code    50  __0sscanf.o(.text)
    _scanf_int                               0x00000cd9   Thumb Code   330  _scanf_int.o(.text)
    __cpp_initialize__aeabi_                 0x00000e25   Thumb Code    22  cpp_init.o(.text)
    __aeabi_atexit                           0x00000e45   Thumb Code    42  aeabi_atexit.o(.text)
    __aeabi_fmul                             0x00000e6f   Thumb Code   122  fmul.o(.text)
    __aeabi_dadd                             0x00000ee9   Thumb Code   328  dadd.o(.text)
    __aeabi_dsub                             0x00001031   Thumb Code    12  dadd.o(.text)
    __aeabi_drsub                            0x0000103d   Thumb Code    12  dadd.o(.text)
    __aeabi_dmul                             0x0000104d   Thumb Code   202  dmul.o(.text)
    __aeabi_ddiv                             0x0000111d   Thumb Code   234  ddiv.o(.text)
    __aeabi_i2f                              0x0000120d   Thumb Code    22  fflti.o(.text)
    __aeabi_i2d                              0x00001225   Thumb Code    34  dflti.o(.text)
    __aeabi_f2iz                             0x0000124d   Thumb Code    50  ffixi.o(.text)
    __aeabi_d2f                              0x0000127f   Thumb Code    56  d2f.o(.text)
    __aeabi_cfcmpeq                          0x000012b9   Thumb Code     0  cfcmple.o(.text)
    __aeabi_cfcmple                          0x000012b9   Thumb Code    20  cfcmple.o(.text)
    __aeabi_cfrcmple                         0x000012cd   Thumb Code    20  cfrcmple.o(.text)
    fputc                                    0x000012e1   Thumb Code    42  fputc_fp.o(.text)
    __aeabi_uldivmod                         0x0000130b   Thumb Code    96  uldiv.o(.text)
    __aeabi_llsl                             0x0000136b   Thumb Code    32  llshl.o(.text)
    _ll_shift_l                              0x0000136b   Thumb Code     0  llshl.o(.text)
    __aeabi_lasr                             0x0000138b   Thumb Code    38  llsshr.o(.text)
    _ll_sshift_r                             0x0000138b   Thumb Code     0  llsshr.o(.text)
    _chval                                   0x000013b1   Thumb Code    30  _chval.o(.text)
    __vfscanf_char                           0x000013dd   Thumb Code    24  scanf_char.o(.text)
    _sgetc                                   0x000013fd   Thumb Code    32  _sgetc.o(.text)
    _sbackspace                              0x0000141d   Thumb Code    36  _sgetc.o(.text)
    __I$use$fp                               0x00001441   Thumb Code     0  iusefp.o(.text)
    __rt_ddtor_pointer_addr                  0x00001441   Thumb Code     4  cpp_dtor.o(.text)
    __rt_new_handler_addr                    0x00001449   Thumb Code     4  cpp_memory.o(.text)
    __rt_eh_globals_addr                     0x0000144d   Thumb Code    12  cpp_memory.o(.text)
    __cxa_finalize                           0x0000145d   Thumb Code    66  cxa_finalize.o(.text)
    _float_round                             0x0000149f   Thumb Code    16  fepilogue.o(.text)
    _float_epilogue                          0x000014af   Thumb Code   114  fepilogue.o(.text)
    _double_round                            0x00001521   Thumb Code    26  depilogue.o(.text)
    _double_epilogue                         0x0000153b   Thumb Code   164  depilogue.o(.text)
    __aeabi_d2ulz                            0x000015e1   Thumb Code    54  dfixul.o(.text)
    __aeabi_cdrcmple                         0x00001621   Thumb Code    38  cdrcmple.o(.text)
    std::terminate()                         0x00001649   Thumb Code    28  arm_exceptions_terminate.o(.text)
    __cxa_get_globals                        0x0000166b   Thumb Code    66  arm_exceptions_globs.o(.text)
    __scatterload                            0x000016b9   Thumb Code    28  init.o(.text)
    __scatterload_rt2                        0x000016b9   Thumb Code     0  init.o(.text)
    __aeabi_llsr                             0x000016dd   Thumb Code    34  llushr.o(.text)
    _ll_ushift_r                             0x000016dd   Thumb Code     0  llushr.o(.text)
    isspace                                  0x000016ff   Thumb Code    14  isspace_c.o(.text)
    __vfscanf                                0x0000170d   Thumb Code   812  _scanf.o(.text)
    __rt_lib_shutdown_cpp_2                  0x00001a45   Thumb Code     2  cpp_final.o(.text)
    __ARM_exceptions_buffer_init             0x00001a47   Thumb Code    18  arm_exceptions_mem.o(.text)
    __ARM_exceptions_buffer_allocate         0x00001a59   Thumb Code    26  arm_exceptions_mem.o(.text)
    __ARM_exceptions_buffer_free             0x00001a73   Thumb Code    22  arm_exceptions_mem.o(.text)
    __ctype_lookup                           0x00001a89   Thumb Code    32  ctype_c.o(.text)
    main                                     0x00001aad   Thumb Code    16  retarget.o(i.$Sub$$main)
    NVIC_SetVector                           0x00001abd   Thumb Code    62  cmsis_nvic.o(i.NVIC_SetVector)
    SystemInit                               0x00001b05   Thumb Code    78  system_LPC11xx.o(i.SystemInit)
    QEI::~QEI()                              0x00001b65   Thumb Code    38  main.o(i._ZN3QEID1Ev)
    QEI::~QEI__sub_object()                  0x00001b65   Thumb Code     0  main.o(i._ZN3QEID1Ev)
    mbed::DigitalOut::DigitalOut(PinName)    0x00001b8b   Thumb Code    28  motor.o(i._ZN4mbed10DigitalOutC1E7PinName)
    mbed::DigitalOut::DigitalOut__sub_object(PinName) 0x00001b8b   Thumb Code     0  motor.o(i._ZN4mbed10DigitalOutC1E7PinName)
    mbed::DigitalOut::operator =(int)        0x00001ba7   Thumb Code    22  softwarepwm.o(i._ZN4mbed10DigitalOutaSEi)
    mbed::TimerEvent::irq(unsigned)          0x00001bbd   Thumb Code     6  TimerEvent.o(i._ZN4mbed10TimerEvent3irqEj)
    mbed::TimerEvent::insert(unsigned)       0x00001bc3   Thumb Code    12  TimerEvent.o(i._ZN4mbed10TimerEvent6insertEj)
    mbed::TimerEvent::remove()               0x00001bcf   Thumb Code    10  TimerEvent.o(i._ZN4mbed10TimerEvent6removeEv)
    mbed::TimerEvent::TimerEvent__sub_object() 0x00001bd9   Thumb Code    26  TimerEvent.o(i._ZN4mbed10TimerEventC2Ev)
    mbed::TimerEvent::~TimerEvent()          0x00001bfd   Thumb Code     0  TimerEvent.o(i._ZN4mbed10TimerEventD2Ev)
    mbed::TimerEvent::~TimerEvent__sub_object() 0x00001bfd   Thumb Code    18  TimerEvent.o(i._ZN4mbed10TimerEventD2Ev)
    mbed::InterruptIn::_irq_handler(unsigned, gpio_irq_event) 0x00001c15   Thumb Code    26  InterruptIn.o(i._ZN4mbed11InterruptIn12_irq_handlerEj14gpio_irq_event)
    mbed::InterruptIn::read()                0x00001c31   Thumb Code    34  InterruptIn.o(i._ZN4mbed11InterruptIn4readEv)
    mbed::InterruptIn::InterruptIn(PinName)  0x00001c5d   Thumb Code    66  InterruptIn.o(i._ZN4mbed11InterruptInC1E7PinName)
    mbed::InterruptIn::InterruptIn__sub_object(PinName) 0x00001c5d   Thumb Code     0  InterruptIn.o(i._ZN4mbed11InterruptInC1E7PinName)
    mbed::InterruptIn::~InterruptIn()        0x00001ca9   Thumb Code    20  InterruptIn.o(i._ZN4mbed11InterruptInD1Ev)
    mbed::InterruptIn::~InterruptIn__sub_object() 0x00001ca9   Thumb Code     0  InterruptIn.o(i._ZN4mbed11InterruptInD1Ev)
    mbed::FunctionPointer::call()            0x00001cc1   Thumb Code    26  FunctionPointer.o(i._ZN4mbed15FunctionPointer4callEv)
    mbed::FunctionPointer::attach(void(*)()) 0x00001cdb   Thumb Code     8  FunctionPointer.o(i._ZN4mbed15FunctionPointer6attachEPFvvE)
    mbed::FunctionPointer::FunctionPointer(void(*)()) 0x00001ce3   Thumb Code    10  FunctionPointer.o(i._ZN4mbed15FunctionPointerC1EPFvvE)
    mbed::FunctionPointer::FunctionPointer__sub_object(void(*)()) 0x00001ce3   Thumb Code     0  FunctionPointer.o(i._ZN4mbed15FunctionPointerC1EPFvvE)
    mbed::BusIn::mode(PinMode)               0x00001ced   Thumb Code    32  BusIn.o(i._ZN4mbed5BusIn4modeE7PinMode)
    mbed::BusIn::BusIn(PinName, PinName, PinName, PinName, PinName, PinName, PinName, PinName, PinName, PinName, PinName, PinName, PinName, PinName, PinName, PinName) 0x00001d0d   Thumb Code   154  BusIn.o(i._ZN4mbed5BusInC1E7PinNameS1_S1_S1_S1_S1_S1_S1_S1_S1_S1_S1_S1_S1_S1_S1_)
    mbed::BusIn::BusIn__sub_object(PinName, PinName, PinName, PinName, PinName, PinName, PinName, PinName, PinName, PinName, PinName, PinName, PinName, PinName, PinName, PinName) 0x00001d0d   Thumb Code     0  BusIn.o(i._ZN4mbed5BusInC1E7PinNameS1_S1_S1_S1_S1_S1_S1_S1_S1_S1_S1_S1_S1_S1_S1_)
    mbed::BusIn::~BusIn()                    0x00001dad   Thumb Code    34  BusIn.o(i._ZN4mbed5BusInD1Ev)
    mbed::BusIn::~BusIn__sub_object()        0x00001dad   Thumb Code     0  BusIn.o(i._ZN4mbed5BusInD1Ev)
    mbed::BusIn::operator int()              0x00001dd5   Thumb Code    60  BusIn.o(i._ZN4mbed5BusIncviEv)
    mbed::BusOut::BusOut(PinName, PinName, PinName, PinName, PinName, PinName, PinName, PinName, PinName, PinName, PinName, PinName, PinName, PinName, PinName, PinName) 0x00001e19   Thumb Code   154  BusOut.o(i._ZN4mbed6BusOutC1E7PinNameS1_S1_S1_S1_S1_S1_S1_S1_S1_S1_S1_S1_S1_S1_S1_)
    mbed::BusOut::BusOut__sub_object(PinName, PinName, PinName, PinName, PinName, PinName, PinName, PinName, PinName, PinName, PinName, PinName, PinName, PinName, PinName, PinName) 0x00001e19   Thumb Code     0  BusOut.o(i._ZN4mbed6BusOutC1E7PinNameS1_S1_S1_S1_S1_S1_S1_S1_S1_S1_S1_S1_S1_S1_S1_)
    mbed::BusOut::~BusOut()                  0x00001eb9   Thumb Code    34  BusOut.o(i._ZN4mbed6BusOutD1Ev)
    mbed::BusOut::~BusOut__sub_object()      0x00001eb9   Thumb Code     0  BusOut.o(i._ZN4mbed6BusOutD1Ev)
    mbed::Ticker::setup(unsigned)            0x00001ee1   Thumb Code    28  Ticker.o(i._ZN4mbed6Ticker5setupEj)
    mbed::Ticker::detach()                   0x00001efd   Thumb Code    20  Ticker.o(i._ZN4mbed6Ticker6detachEv)
    mbed::Ticker::handler()                  0x00001f11   Thumb Code    26  Ticker.o(i._ZN4mbed6Ticker7handlerEv)
    mbed::Ticker::Ticker()                   0x00001f2d   Thumb Code    34  softwarepwm.o(i._ZN4mbed6TickerC1Ev)
    mbed::Ticker::Ticker__sub_object()       0x00001f2d   Thumb Code     0  softwarepwm.o(i._ZN4mbed6TickerC1Ev)
    mbed::Ticker::~Ticker()                  0x00001f55   Thumb Code    32  Ticker.o(i._ZN4mbed6TickerD1Ev)
    mbed::Ticker::~Ticker__sub_object()      0x00001f55   Thumb Code     0  Ticker.o(i._ZN4mbed6TickerD1Ev)
    mbed::Timeout::handler()                 0x00001f79   Thumb Code    10  Timeout.o(i._ZN4mbed7Timeout7handlerEv)
    mbed::FileBase::getPathType()            0x00001f83   Thumb Code     4  FileBase.o(i._ZN4mbed8FileBase11getPathTypeEv)
    mbed::FileBase::lookup(const char*, unsigned) 0x00001f89   Thumb Code    56  FileBase.o(i._ZN4mbed8FileBase6lookupEPKcj)
    mbed::FilePath::fileSystem()             0x00001fc5   Thumb Code    26  FilePath.o(i._ZN4mbed8FilePath10fileSystemEv)
    mbed::FilePath::file()                   0x00001fdf   Thumb Code    32  FilePath.o(i._ZN4mbed8FilePath4fileEv)
    mbed::FilePath::exists()                 0x00001fff   Thumb Code    10  FilePath.o(i._ZN4mbed8FilePath6existsEv)
    mbed::FilePath::isFile()                 0x00002009   Thumb Code    24  FilePath.o(i._ZN4mbed8FilePath6isFileEv)
    mbed::FilePath::fileName()               0x00002021   Thumb Code     4  FilePath.o(i._ZN4mbed8FilePath8fileNameEv)
    mbed::FilePath::FilePath(const char*)    0x00002025   Thumb Code    68  FilePath.o(i._ZN4mbed8FilePathC1EPKc)
    mbed::FilePath::FilePath__sub_object(const char*) 0x00002025   Thumb Code     0  FilePath.o(i._ZN4mbed8FilePathC1EPKc)
    Motor::~Motor()                          0x00002069   Thumb Code    34  main.o(i._ZN5MotorD1Ev)
    Motor::~Motor__sub_object()              0x00002069   Thumb Code     0  main.o(i._ZN5MotorD1Ev)
    Motor::operator =(float)                 0x0000208b   Thumb Code    18  main.o(i._ZN5MotoraSEf)
    operator delete (void*)                  0x0000209d   Thumb Code     8  delete.o(i._ZdlPv)
    operator new(unsigned)                   0x000020a5   Thumb Code    36  new.o(i._Znwj)
    __0fprintf                               0x000020cd   Thumb Code    24  printfa.o(i.__0fprintf)
    __1fprintf                               0x000020cd   Thumb Code     0  printfa.o(i.__0fprintf)
    __2fprintf                               0x000020cd   Thumb Code     0  printfa.o(i.__0fprintf)
    __c89fprintf                             0x000020cd   Thumb Code     0  printfa.o(i.__0fprintf)
    fprintf                                  0x000020cd   Thumb Code     0  printfa.o(i.__0fprintf)
    __0printf                                0x000020e9   Thumb Code    24  printfa.o(i.__0printf)
    __1printf                                0x000020e9   Thumb Code     0  printfa.o(i.__0printf)
    __2printf                                0x000020e9   Thumb Code     0  printfa.o(i.__0printf)
    __c89printf                              0x000020e9   Thumb Code     0  printfa.o(i.__0printf)
    printf                                   0x000020e9   Thumb Code     0  printfa.o(i.__0printf)
    __0vfprintf                              0x00002109   Thumb Code    20  printfa.o(i.__0vfprintf)
    __1vfprintf                              0x00002109   Thumb Code     0  printfa.o(i.__0vfprintf)
    __2vfprintf                              0x00002109   Thumb Code     0  printfa.o(i.__0vfprintf)
    __c89vfprintf                            0x00002109   Thumb Code     0  printfa.o(i.__0vfprintf)
    vfprintf                                 0x00002109   Thumb Code     0  printfa.o(i.__0vfprintf)
    __ARM_clz                                0x00002121   Thumb Code    46  depilogue.o(i.__ARM_clz)
    __cxa_pure_virtual                       0x0000214f   Thumb Code    10  pure_virt.o(i.__cxa_pure_virtual)
    __scatterload_copy                       0x00002159   Thumb Code    14  handlers.o(i.__scatterload_copy)
    __scatterload_null                       0x00002167   Thumb Code     2  handlers.o(i.__scatterload_null)
    __scatterload_zeroinit                   0x00002169   Thumb Code    14  handlers.o(i.__scatterload_zeroinit)
    fflush                                   0x00002177   Thumb Code    24  fflush_f.o(i._fflush$full)
    _sys_open                                0x00002a3d   Thumb Code   210  retarget.o(i._sys_open)
    _sys_seek                                0x00002b21   Thumb Code    36  retarget.o(i._sys_seek)
    _sys_write                               0x00002b49   Thumb Code    84  retarget.o(i._sys_write)
    error                                    0x00002bb1   Thumb Code    20  error.o(i.error)
    exit                                     0x00002bc9   Thumb Code    24  retarget.o(i.exit)
    free                                     0x00002be9   Thumb Code    80  malloc.o(i.free)
    gpio_dir                                 0x00002c3d   Thumb Code    62  gpio_api.o(i.gpio_dir)
    gpio_init                                0x00002c99   Thumb Code    96  gpio_api.o(i.gpio_init)
    gpio_init_in                             0x00002d09   Thumb Code    34  gpio.o(i.gpio_init_in)
    gpio_init_out                            0x00002d2d   Thumb Code    68  gpio.o(i.gpio_init_out)
    gpio_irq0                                0x00002d79   Thumb Code    10  gpio_irq_api.o(i.gpio_irq0)
    gpio_irq1                                0x00002d83   Thumb Code    10  gpio_irq_api.o(i.gpio_irq1)
    gpio_irq2                                0x00002d8d   Thumb Code    10  gpio_irq_api.o(i.gpio_irq2)
    gpio_irq3                                0x00002d97   Thumb Code    10  gpio_irq_api.o(i.gpio_irq3)
    gpio_irq_free                            0x00002da1   Thumb Code    12  gpio_irq_api.o(i.gpio_irq_free)
    gpio_irq_init                            0x00002db1   Thumb Code   120  gpio_irq_api.o(i.gpio_irq_init)
    gpio_irq_set                             0x00002e49   Thumb Code   118  gpio_irq_api.o(i.gpio_irq_set)
    gpio_mode                                0x00002ebf   Thumb Code    14  gpio_api.o(i.gpio_mode)
    malloc                                   0x00002f75   Thumb Code    92  malloc.o(i.malloc)
    mbed_assert_internal                     0x00002fe1   Thumb Code    22  assert.o(i.mbed_assert_internal)
    mbed_die                                 0x00003031   Thumb Code   396  board.o(i.mbed_die)
    mbed_main                                0x000031c5   Thumb Code     2  retarget.o(i.mbed_main)
    mbed_sdk_init                            0x000031c7   Thumb Code     2  retarget.o(i.mbed_sdk_init)
    pin_function                             0x000031c9   Thumb Code    42  pinmap.o(i.pin_function)
    pin_mode                                 0x00003211   Thumb Code    56  pinmap.o(i.pin_mode)
    pinmap_merge                             0x00003265   Thumb Code    30  pinmap_common.o(i.pinmap_merge)
    pinmap_peripheral                        0x00003299   Thumb Code    60  pinmap_common.o(i.pinmap_peripheral)
    pinmap_pinout                            0x000032f5   Thumb Code    60  pinmap_common.o(i.pinmap_pinout)
    serial_baud                              0x00003345   Thumb Code   272  serial_api.o(i.serial_baud)
    serial_format                            0x0000345d   Thumb Code   144  serial_api.o(i.serial_format)
    serial_init                              0x00003541   Thumb Code   168  serial_api.o(i.serial_init)
    serial_putc                              0x00003615   Thumb Code    14  serial_api.o(i.serial_putc)
    us_ticker_clear_interrupt                0x00003625   Thumb Code     8  us_ticker.o(i.us_ticker_clear_interrupt)
    us_ticker_disable_interrupt              0x00003631   Thumb Code    12  us_ticker.o(i.us_ticker_disable_interrupt)
    us_ticker_init                           0x00003641   Thumb Code    64  us_ticker.o(i.us_ticker_init)
    us_ticker_insert_event                   0x0000369d   Thumb Code    56  us_ticker_api.o(i.us_ticker_insert_event)
    us_ticker_irq_handler                    0x000036d9   Thumb Code    58  us_ticker_api.o(i.us_ticker_irq_handler)
    us_ticker_read                           0x00003719   Thumb Code    64  us_ticker.o(i.us_ticker_read)
    us_ticker_remove_event                   0x00003775   Thumb Code    58  us_ticker_api.o(i.us_ticker_remove_event)
    us_ticker_set_handler                    0x000037b5   Thumb Code    14  us_ticker_api.o(i.us_ticker_set_handler)
    us_ticker_set_interrupt                  0x000037c9   Thumb Code    14  us_ticker.o(i.us_ticker_set_interrupt)
    wait                                     0x000037dd   Thumb Code    32  wait_api.o(i.wait)
    wait_ms                                  0x00003801   Thumb Code    28  wait_api.o(i.wait_ms)
    void mbed::InterruptIn::fall<QEI>(T1*, void(T1::*)()) 0x0000381d   Thumb Code    34  qei.o(t._ZN4mbed11InterruptIn4fallI3QEIEEvPT_MS3_FvvE)
    void mbed::InterruptIn::rise<QEI>(T1*, void(T1::*)()) 0x0000383f   Thumb Code    34  qei.o(t._ZN4mbed11InterruptIn4riseI3QEIEEvPT_MS3_FvvE)
    void mbed::FunctionPointer::membercaller<SoftwarePWM>(void*, char*) 0x00003861   Thumb Code    80  softwarepwm.o(t._ZN4mbed15FunctionPointer12membercallerI11SoftwarePWMEEvPvPc)
    void mbed::FunctionPointer::membercaller<QEI>(void*, char*) 0x000038b1   Thumb Code    80  qei.o(t._ZN4mbed15FunctionPointer12membercallerI3QEIEEvPvPc)
    void mbed::FunctionPointer::attach<QEI>(T1*, void(T1::*)()) 0x00003901   Thumb Code    22  qei.o(t._ZN4mbed15FunctionPointer6attachI3QEIEEvPT_MS3_FvvE)
    void mbed::Ticker::attach_us<SoftwarePWM>(T1*, void(T1::*)(), unsigned) 0x0000391d   Thumb Code    54  softwarepwm.o(t._ZN4mbed6Ticker9attach_usI11SoftwarePWMEEvPT_MS3_FvvEj)
    __ctype_categories                       0x00003e40   Data          64  ctype_c.o(.constdata)
    vtable for mbed::TimerEvent              0x00003e80   Data          20  TimerEvent.o(.constdata__ZTVN4mbed10TimerEventE)
    vtable for mbed::InterruptIn             0x00003e94   Data          16  InterruptIn.o(.constdata__ZTVN4mbed11InterruptInE)
    vtable for mbed::BusIn                   0x00003ea4   Data          16  BusIn.o(.constdata__ZTVN4mbed5BusInE)
    vtable for mbed::BusOut                  0x00003eb4   Data          16  BusOut.o(.constdata__ZTVN4mbed6BusOutE)
    vtable for mbed::Ticker                  0x00003ec4   Data          20  Ticker.o(.constdata__ZTVN4mbed6TickerE)
    vtable for mbed::Timeout                 0x00003ed8   Data          20  Timeout.o(.constdata__ZTVN4mbed7TimeoutE)
    Region$$Table$$Base                      0x00003f30   Number         0  anon$$obj.o(Region$$Table)
    Region$$Table$$Limit                     0x00003f50   Number         0  anon$$obj.o(Region$$Table)
    SHT$$INIT_ARRAY$$Base                    0x00003f50   Number         0  main.o(.init_array)
    SHT$$INIT_ARRAY$$Limit                   0x00003f54   Number         0  cpp_init.o(.init_array)
    speed_left_ref                           0x100000c0   Data           8  main.o(.data)
    speed_right_ref                          0x100000c8   Data           8  main.o(.data)
    speed_left_lpf                           0x100000d0   Data           8  main.o(.data)
    speed_right_lpf                          0x100000d8   Data           8  main.o(.data)
    i_left                                   0x100000e0   Data           8  main.o(.data)
    i_right                                  0x100000e8   Data           8  main.o(.data)
    enc_left                                 0x100000f0   Data           4  main.o(.data)
    enc_right                                0x100000f4   Data           4  main.o(.data)
    left_power                               0x100000f8   Data           8  main.o(.data)
    right_power                              0x10000100   Data           8  main.o(.data)
    SystemCoreClock                          0x10000110   Data           4  system_LPC11xx.o(.data)
    stdio_uart_inited                        0x1000011c   Data           4  serial_api.o(.data)
    stdio_uart                               0x10000124   Data           8  serial_api.o(.data)
    us_ticker_inited                         0x1000012c   Data           4  us_ticker.o(.data)
    mbed::FileBase::_head                    0x10000130   Data           4  FileBase.o(.data)
    __microlib_freelist                      0x1000014c   Data           4  mvars.o(.data)
    __microlib_freelist_initialised          0x10000150   Data           4  mvars.o(.data)
    led                                      0x10000154   Data          72  main.o(.bss)
    sw                                       0x1000019c   Data          72  main.o(.bss)
    in                                       0x100001e4   Data          72  main.o(.bss)
    motor_left                               0x1000022c   Data         160  main.o(.bss)
    motor_right                              0x100002cc   Data         160  main.o(.bss)
    qei_left                                 0x1000036c   Data         288  main.o(.bss)
    qei_right                                0x1000048c   Data         288  main.o(.bss)
    control                                  0x100005ac   Data          48  main.o(.bss)
    __stdout                                 0x100006c4   Data          20  stdout_f.o(.bss)
    __stderr                                 0x100006d8   Data          20  stderr_f.o(.bss)
    Image$$RW_IRAM1$$ZI$$Limit               0x100006f0   Number         0  anon$$obj.o ABSOLUTE
    __heap_base                              0x100006f0   Data           0  startup_LPC11xx.o(HEAP)
    __heap_limit                             0x100006f0   Data           0  startup_LPC11xx.o(HEAP)
    __initial_sp                             0x10001000   Number         0  startup_LPC11xx.o ABSOLUTE



==============================================================================

Memory Map of the image

  Image Entry point : 0x00000201

  Load Region LR_IROM1 (Base: 0x00000000, Size: 0x00003fe8, Max: 0x00008000, ABSOLUTE)

    Execution Region ER_IROM1 (Exec base: 0x00000000, Load base: 0x00000000, Size: 0x00003f54, Max: 0x00008000, ABSOLUTE)

    Exec Addr    Load Addr    Size         Type   Attr      Idx    E Section Name        Object

    0x00000000   0x00000000   0x00000200   Data   RO           57    RESET               startup_LPC11xx.o
    0x00000200   0x00000200   0x00000000   Code   RO          550  * .ARM.Collect$$$$00000000  mc_p.l(entry.o)
    0x00000200   0x00000200   0x00000004   Code   RO          760    .ARM.Collect$$$$00000001  mc_p.l(entry2.o)
    0x00000204   0x00000204   0x00000004   Code   RO          763    .ARM.Collect$$$$00000004  mc_p.l(entry5.o)
    0x00000208   0x00000208   0x00000004   Code   RO          552    .ARM.Collect$$$$00000006  mc_p.l(entry6b.o)
    0x0000020c   0x0000020c   0x00000000   Code   RO          765    .ARM.Collect$$$$00000008  mc_p.l(entry7b.o)
    0x0000020c   0x0000020c   0x00000004   Code   RO          766    .ARM.Collect$$$$00000009  mc_p.l(entry8a.o)
    0x00000210   0x00000210   0x00000000   Code   RO          767    .ARM.Collect$$$$0000000A  mc_p.l(entry8b.o)
    0x00000210   0x00000210   0x00000008   Code   RO          768    .ARM.Collect$$$$0000000B  mc_p.l(entry9a.o)
    0x00000218   0x00000218   0x00000000   Code   RO          770    .ARM.Collect$$$$0000000D  mc_p.l(entry10a.o)
    0x00000218   0x00000218   0x00000004   Code   RO          771    .ARM.Collect$$$$0000000E  mc_p.l(entry10b.o)
    0x0000021c   0x0000021c   0x00000000   Code   RO          772    .ARM.Collect$$$$0000000F  mc_p.l(entry11a.o)
    0x0000021c   0x0000021c   0x00000004   Code   RO          761    .ARM.Collect$$$$00002712  mc_p.l(entry2.o)
    0x00000220   0x00000220   0x0000001c   Code   RO           59    .text               startup_LPC11xx.o
    0x0000023c   0x0000023c   0x00000020   Code   RO          572    .text               mc_p.l(initio_oe.o)
    0x0000025c   0x0000025c   0x0000002c   Code   RO          579    .text               mc_p.l(uidiv.o)
    0x00000288   0x00000288   0x00000024   Code   RO          580    .text               mc_p.l(memcpya.o)
    0x000002ac   0x000002ac   0x0000000e   Code   RO          583    .text               mc_p.l(strlen.o)
    0x000002ba   0x000002ba   0x0000001c   Code   RO          584    .text               mc_p.l(strcmp.o)
    0x000002d6   0x000002d6   0x0000001e   Code   RO          585    .text               mc_p.l(strncmp.o)
    0x000002f4   0x000002f4   0x00000008   Code   RO          738    .text               cpprt_p.l(arm_newhandler_noexceptions.o)
    0x000002fc   0x000002fc   0x00000004   Code   RO           58    .ARM.__at_0x02FC    startup_LPC11xx.o
    0x00000300   0x00000300   0x000004e8   Code   RO            3    .text               main.o
    0x000007e8   0x000007e8   0x00000124   Code   RO           19    .text               softwarepwm.o
    0x0000090c   0x0000090c   0x00000190   Code   RO           33    .text               motor.o
    0x00000a9c   0x00000a9c   0x00000200   Code   RO           44    .text               qei.o
    0x00000c9c   0x00000c9c   0x0000003c   Code   RO          718    .text               mc_p.l(__0sscanf.o)
    0x00000cd8   0x00000cd8   0x0000014a   Code   RO          719    .text               mc_p.l(_scanf_int.o)
    0x00000e22   0x00000e22   0x00000002   PAD
    0x00000e24   0x00000e24   0x00000020   Code   RO          723    .text               mc_p.l(cpp_init.o)
    0x00000e44   0x00000e44   0x0000002a   Code   RO          724    .text               mc_p.l(aeabi_atexit.o)
    0x00000e6e   0x00000e6e   0x0000007a   Code   RO          725    .text               mf_p.l(fmul.o)
    0x00000ee8   0x00000ee8   0x00000164   Code   RO          727    .text               mf_p.l(dadd.o)
    0x0000104c   0x0000104c   0x000000d0   Code   RO          728    .text               mf_p.l(dmul.o)
    0x0000111c   0x0000111c   0x000000f0   Code   RO          729    .text               mf_p.l(ddiv.o)
    0x0000120c   0x0000120c   0x00000016   Code   RO          730    .text               mf_p.l(fflti.o)
    0x00001222   0x00001222   0x00000002   PAD
    0x00001224   0x00001224   0x00000028   Code   RO          731    .text               mf_p.l(dflti.o)
    0x0000124c   0x0000124c   0x00000032   Code   RO          732    .text               mf_p.l(ffixi.o)
    0x0000127e   0x0000127e   0x00000038   Code   RO          733    .text               mf_p.l(d2f.o)
    0x000012b6   0x000012b6   0x00000002   PAD
    0x000012b8   0x000012b8   0x00000014   Code   RO          734    .text               mf_p.l(cfcmple.o)
    0x000012cc   0x000012cc   0x00000014   Code   RO          735    .text               mf_p.l(cfrcmple.o)
    0x000012e0   0x000012e0   0x0000002a   Code   RO          777    .text               mc_p.l(fputc_fp.o)
    0x0000130a   0x0000130a   0x00000060   Code   RO          778    .text               mc_p.l(uldiv.o)
    0x0000136a   0x0000136a   0x00000020   Code   RO          779    .text               mc_p.l(llshl.o)
    0x0000138a   0x0000138a   0x00000026   Code   RO          780    .text               mc_p.l(llsshr.o)
    0x000013b0   0x000013b0   0x0000001e   Code   RO          795    .text               mc_p.l(_chval.o)
    0x000013ce   0x000013ce   0x00000002   PAD
    0x000013d0   0x000013d0   0x0000002c   Code   RO          796    .text               mc_p.l(scanf_char.o)
    0x000013fc   0x000013fc   0x00000044   Code   RO          797    .text               mc_p.l(_sgetc.o)
    0x00001440   0x00001440   0x00000000   Code   RO          798    .text               mc_p.l(iusefp.o)
    0x00001440   0x00001440   0x00000008   Code   RO          800    .text               mc_p.l(cpp_dtor.o)
    0x00001448   0x00001448   0x00000014   Code   RO          802    .text               mc_p.l(cpp_memory.o)
    0x0000145c   0x0000145c   0x00000042   Code   RO          805    .text               mc_p.l(cxa_finalize.o)
    0x0000149e   0x0000149e   0x00000082   Code   RO          806    .text               mf_p.l(fepilogue.o)
    0x00001520   0x00001520   0x000000be   Code   RO          807    .text               mf_p.l(depilogue.o)
    0x000015de   0x000015de   0x00000002   PAD
    0x000015e0   0x000015e0   0x00000040   Code   RO          809    .text               mf_p.l(dfixul.o)
    0x00001620   0x00001620   0x00000028   Code   RO          810    .text               mf_p.l(cdrcmple.o)
    0x00001648   0x00001648   0x0000001c   Code   RO          823    .text               cpprt_p.l(arm_exceptions_terminate.o)
    0x00001664   0x00001664   0x00000054   Code   RO          828    .text               cpprt_p.l(arm_exceptions_globs.o)
    0x000016b8   0x000016b8   0x00000024   Code   RO          832    .text               mc_p.l(init.o)
    0x000016dc   0x000016dc   0x00000022   Code   RO          833    .text               mc_p.l(llushr.o)
    0x000016fe   0x000016fe   0x0000000e   Code   RO          834    .text               mc_p.l(isspace_c.o)
    0x0000170c   0x0000170c   0x00000338   Code   RO          837    .text               mc_p.l(_scanf.o)
    0x00001a44   0x00001a44   0x00000002   Code   RO          839    .text               mc_p.l(cpp_final.o)
    0x00001a46   0x00001a46   0x00000042   Code   RO          842    .text               cpprt_p.l(arm_exceptions_mem.o)
    0x00001a88   0x00001a88   0x00000024   Code   RO          848    .text               mc_p.l(ctype_c.o)
    0x00001aac   0x00001aac   0x00000010   Code   RO           62    i.$Sub$$main        retarget.o
    0x00001abc   0x00001abc   0x00000048   Code   RO          156    i.NVIC_SetVector    cmsis_nvic.o
    0x00001b04   0x00001b04   0x00000060   Code   RO          161    i.SystemInit        system_LPC11xx.o
    0x00001b64   0x00001b64   0x00000026   Code   RO           15    i._ZN3QEID1Ev       main.o
    0x00001b8a   0x00001b8a   0x0000001c   Code   RO           36    i._ZN4mbed10DigitalOutC1E7PinName  motor.o
    0x00001ba6   0x00001ba6   0x00000016   Code   RO           29    i._ZN4mbed10DigitalOutaSEi  softwarepwm.o
    0x00001bbc   0x00001bbc   0x00000006   Code   RO          372    i._ZN4mbed10TimerEvent3irqEj  mbed.ar(TimerEvent.o)
    0x00001bc2   0x00001bc2   0x0000000c   Code   RO          373    i._ZN4mbed10TimerEvent6insertEj  mbed.ar(TimerEvent.o)
    0x00001bce   0x00001bce   0x0000000a   Code   RO          374    i._ZN4mbed10TimerEvent6removeEv  mbed.ar(TimerEvent.o)
    0x00001bd8   0x00001bd8   0x00000024   Code   RO          375    i._ZN4mbed10TimerEventC2Ev  mbed.ar(TimerEvent.o)
    0x00001bfc   0x00001bfc   0x00000018   Code   RO          377    i._ZN4mbed10TimerEventD2Ev  mbed.ar(TimerEvent.o)
    0x00001c14   0x00001c14   0x0000001a   Code   RO          317    i._ZN4mbed11InterruptIn12_irq_handlerEj14gpio_irq_event  mbed.ar(InterruptIn.o)
    0x00001c2e   0x00001c2e   0x00000002   PAD
    0x00001c30   0x00001c30   0x0000002c   Code   RO          320    i._ZN4mbed11InterruptIn4readEv  mbed.ar(InterruptIn.o)
    0x00001c5c   0x00001c5c   0x0000004c   Code   RO          322    i._ZN4mbed11InterruptInC1E7PinName  mbed.ar(InterruptIn.o)
    0x00001ca8   0x00001ca8   0x00000018   Code   RO          324    i._ZN4mbed11InterruptInD1Ev  mbed.ar(InterruptIn.o)
    0x00001cc0   0x00001cc0   0x0000001a   Code   RO          248    i._ZN4mbed15FunctionPointer4callEv  mbed.ar(FunctionPointer.o)
    0x00001cda   0x00001cda   0x00000008   Code   RO          249    i._ZN4mbed15FunctionPointer6attachEPFvvE  mbed.ar(FunctionPointer.o)
    0x00001ce2   0x00001ce2   0x0000000a   Code   RO          250    i._ZN4mbed15FunctionPointerC1EPFvvE  mbed.ar(FunctionPointer.o)
    0x00001cec   0x00001cec   0x00000020   Code   RO          227    i._ZN4mbed5BusIn4modeE7PinMode  mbed.ar(BusIn.o)
    0x00001d0c   0x00001d0c   0x000000a0   Code   RO          229    i._ZN4mbed5BusInC1E7PinNameS1_S1_S1_S1_S1_S1_S1_S1_S1_S1_S1_S1_S1_S1_S1_  mbed.ar(BusIn.o)
    0x00001dac   0x00001dac   0x00000028   Code   RO          232    i._ZN4mbed5BusInD1Ev  mbed.ar(BusIn.o)
    0x00001dd4   0x00001dd4   0x00000044   Code   RO          233    i._ZN4mbed5BusIncviEv  mbed.ar(BusIn.o)
    0x00001e18   0x00001e18   0x000000a0   Code   RO          202    i._ZN4mbed6BusOutC1E7PinNameS1_S1_S1_S1_S1_S1_S1_S1_S1_S1_S1_S1_S1_S1_S1_  mbed.ar(BusOut.o)
    0x00001eb8   0x00001eb8   0x00000028   Code   RO          205    i._ZN4mbed6BusOutD1Ev  mbed.ar(BusOut.o)
    0x00001ee0   0x00001ee0   0x0000001c   Code   RO          342    i._ZN4mbed6Ticker5setupEj  mbed.ar(Ticker.o)
    0x00001efc   0x00001efc   0x00000014   Code   RO          343    i._ZN4mbed6Ticker6detachEv  mbed.ar(Ticker.o)
    0x00001f10   0x00001f10   0x0000001a   Code   RO          344    i._ZN4mbed6Ticker7handlerEv  mbed.ar(Ticker.o)
    0x00001f2a   0x00001f2a   0x00000002   PAD
    0x00001f2c   0x00001f2c   0x00000028   Code   RO           23    i._ZN4mbed6TickerC1Ev  softwarepwm.o
    0x00001f54   0x00001f54   0x00000024   Code   RO          351    i._ZN4mbed6TickerD1Ev  mbed.ar(Ticker.o)
    0x00001f78   0x00001f78   0x0000000a   Code   RO          357    i._ZN4mbed7Timeout7handlerEv  mbed.ar(Timeout.o)
    0x00001f82   0x00001f82   0x00000004   Code   RO          423    i._ZN4mbed8FileBase11getPathTypeEv  mbed.ar(FileBase.o)
    0x00001f86   0x00001f86   0x00000002   PAD
    0x00001f88   0x00001f88   0x0000003c   Code   RO          425    i._ZN4mbed8FileBase6lookupEPKcj  mbed.ar(FileBase.o)
    0x00001fc4   0x00001fc4   0x0000001a   Code   RO          256    i._ZN4mbed8FilePath10fileSystemEv  mbed.ar(FilePath.o)
    0x00001fde   0x00001fde   0x00000020   Code   RO          258    i._ZN4mbed8FilePath4fileEv  mbed.ar(FilePath.o)
    0x00001ffe   0x00001ffe   0x0000000a   Code   RO          259    i._ZN4mbed8FilePath6existsEv  mbed.ar(FilePath.o)
    0x00002008   0x00002008   0x00000018   Code   RO          260    i._ZN4mbed8FilePath6isFileEv  mbed.ar(FilePath.o)
    0x00002020   0x00002020   0x00000004   Code   RO          261    i._ZN4mbed8FilePath8fileNameEv  mbed.ar(FilePath.o)
    0x00002024   0x00002024   0x00000044   Code   RO          262    i._ZN4mbed8FilePathC1EPKc  mbed.ar(FilePath.o)
    0x00002068   0x00002068   0x00000022   Code   RO           13    i._ZN5MotorD1Ev     main.o
    0x0000208a   0x0000208a   0x00000012   Code   RO            9    i._ZN5MotoraSEf     main.o
    0x0000209c   0x0000209c   0x00000008   Code   RO          459    i._ZdlPv            cpprt_p.l(delete.o)
    0x000020a4   0x000020a4   0x00000028   Code   RO          461    i._Znwj             cpprt_p.l(new.o)
    0x000020cc   0x000020cc   0x0000001c   Code   RO          703    i.__0fprintf        mc_p.l(printfa.o)
    0x000020e8   0x000020e8   0x00000020   Code   RO          704    i.__0printf         mc_p.l(printfa.o)
    0x00002108   0x00002108   0x00000018   Code   RO          707    i.__0vfprintf       mc_p.l(printfa.o)
    0x00002120   0x00002120   0x0000002e   Code   RO          808    i.__ARM_clz         mf_p.l(depilogue.o)
    0x0000214e   0x0000214e   0x0000000a   Code   RO          464    i.__cxa_pure_virtual  cpprt_p.l(pure_virt.o)
    0x00002158   0x00002158   0x0000000e   Code   RO          853    i.__scatterload_copy  mc_p.l(handlers.o)
    0x00002166   0x00002166   0x00000002   Code   RO          854    i.__scatterload_null  mc_p.l(handlers.o)
    0x00002168   0x00002168   0x0000000e   Code   RO          855    i.__scatterload_zeroinit  mc_p.l(handlers.o)
    0x00002176   0x00002176   0x00000018   Code   RO          571    i._fflush$full      mc_p.l(fflush_f.o)
    0x0000218e   0x0000218e   0x00000002   PAD
    0x00002190   0x00002190   0x00000174   Code   RO          711    i._fp_digits        mc_p.l(printfa.o)
    0x00002304   0x00002304   0x000006ec   Code   RO          712    i._printf_core      mc_p.l(printfa.o)
    0x000029f0   0x000029f0   0x00000020   Code   RO          713    i._printf_post_padding  mc_p.l(printfa.o)
    0x00002a10   0x00002a10   0x0000002c   Code   RO          714    i._printf_pre_padding  mc_p.l(printfa.o)
    0x00002a3c   0x00002a3c   0x000000e4   Code   RO           73    i._sys_open         retarget.o
    0x00002b20   0x00002b20   0x00000028   Code   RO           75    i._sys_seek         retarget.o
    0x00002b48   0x00002b48   0x00000068   Code   RO           76    i._sys_write        retarget.o
    0x00002bb0   0x00002bb0   0x00000018   Code   RO          458    i.error             mbed.ar(error.o)
    0x00002bc8   0x00002bc8   0x00000020   Code   RO           78    i.exit              retarget.o
    0x00002be8   0x00002be8   0x00000054   Code   RO          781    i.free              mc_p.l(malloc.o)
    0x00002c3c   0x00002c3c   0x0000005c   Code   RO          402    i.gpio_dir          mbed.ar(gpio_api.o)
    0x00002c98   0x00002c98   0x00000070   Code   RO          403    i.gpio_init         mbed.ar(gpio_api.o)
    0x00002d08   0x00002d08   0x00000022   Code   RO          391    i.gpio_init_in      mbed.ar(gpio.o)
    0x00002d2a   0x00002d2a   0x00000002   PAD
    0x00002d2c   0x00002d2c   0x0000004c   Code   RO          394    i.gpio_init_out     mbed.ar(gpio.o)
    0x00002d78   0x00002d78   0x0000000a   Code   RO          167    i.gpio_irq0         mbed.ar(gpio_irq_api.o)
    0x00002d82   0x00002d82   0x0000000a   Code   RO          168    i.gpio_irq1         mbed.ar(gpio_irq_api.o)
    0x00002d8c   0x00002d8c   0x0000000a   Code   RO          169    i.gpio_irq2         mbed.ar(gpio_irq_api.o)
    0x00002d96   0x00002d96   0x0000000a   Code   RO          170    i.gpio_irq3         mbed.ar(gpio_irq_api.o)
    0x00002da0   0x00002da0   0x00000010   Code   RO          173    i.gpio_irq_free     mbed.ar(gpio_irq_api.o)
    0x00002db0   0x00002db0   0x00000098   Code   RO          174    i.gpio_irq_init     mbed.ar(gpio_irq_api.o)
    0x00002e48   0x00002e48   0x00000076   Code   RO          175    i.gpio_irq_set      mbed.ar(gpio_irq_api.o)
    0x00002ebe   0x00002ebe   0x0000000e   Code   RO          404    i.gpio_mode         mbed.ar(gpio_api.o)
    0x00002ecc   0x00002ecc   0x000000a8   Code   RO          176    i.handle_interrupt_in  mbed.ar(gpio_irq_api.o)
    0x00002f74   0x00002f74   0x0000006c   Code   RO          782    i.malloc            mc_p.l(malloc.o)
    0x00002fe0   0x00002fe0   0x00000050   Code   RO          369    i.mbed_assert_internal  mbed.ar(assert.o)
    0x00003030   0x00003030   0x00000194   Code   RO          151    i.mbed_die          board.o
    0x000031c4   0x000031c4   0x00000002   Code   RO           79    i.mbed_main         retarget.o
    0x000031c6   0x000031c6   0x00000002   Code   RO           80    i.mbed_sdk_init     retarget.o
    0x000031c8   0x000031c8   0x00000048   Code   RO          410    i.pin_function      mbed.ar(pinmap.o)
    0x00003210   0x00003210   0x00000054   Code   RO          411    i.pin_mode          mbed.ar(pinmap.o)
    0x00003264   0x00003264   0x00000034   Code   RO          445    i.pinmap_merge      mbed.ar(pinmap_common.o)
    0x00003298   0x00003298   0x0000005c   Code   RO          446    i.pinmap_peripheral  mbed.ar(pinmap_common.o)
    0x000032f4   0x000032f4   0x00000050   Code   RO          447    i.pinmap_pinout     mbed.ar(pinmap_common.o)
    0x00003344   0x00003344   0x00000118   Code   RO          181    i.serial_baud       mbed.ar(serial_api.o)
    0x0000345c   0x0000345c   0x000000e4   Code   RO          185    i.serial_format     mbed.ar(serial_api.o)
    0x00003540   0x00003540   0x000000d4   Code   RO          188    i.serial_init       mbed.ar(serial_api.o)
    0x00003614   0x00003614   0x0000000e   Code   RO          192    i.serial_putc       mbed.ar(serial_api.o)
    0x00003622   0x00003622   0x00000002   PAD
    0x00003624   0x00003624   0x0000000c   Code   RO          415    i.us_ticker_clear_interrupt  mbed.ar(us_ticker.o)
    0x00003630   0x00003630   0x00000010   Code   RO          416    i.us_ticker_disable_interrupt  mbed.ar(us_ticker.o)
    0x00003640   0x00003640   0x0000005c   Code   RO          417    i.us_ticker_init    mbed.ar(us_ticker.o)
    0x0000369c   0x0000369c   0x0000003c   Code   RO          451    i.us_ticker_insert_event  mbed.ar(us_ticker_api.o)
    0x000036d8   0x000036d8   0x00000040   Code   RO          452    i.us_ticker_irq_handler  mbed.ar(us_ticker_api.o)
    0x00003718   0x00003718   0x0000005c   Code   RO          418    i.us_ticker_read    mbed.ar(us_ticker.o)
    0x00003774   0x00003774   0x00000040   Code   RO          453    i.us_ticker_remove_event  mbed.ar(us_ticker_api.o)
    0x000037b4   0x000037b4   0x00000014   Code   RO          454    i.us_ticker_set_handler  mbed.ar(us_ticker_api.o)
    0x000037c8   0x000037c8   0x00000014   Code   RO          419    i.us_ticker_set_interrupt  mbed.ar(us_ticker.o)
    0x000037dc   0x000037dc   0x00000024   Code   RO          397    i.wait              mbed.ar(wait_api.o)
    0x00003800   0x00003800   0x0000001c   Code   RO          398    i.wait_ms           mbed.ar(wait_api.o)
    0x0000381c   0x0000381c   0x00000022   Code   RO           53    t._ZN4mbed11InterruptIn4fallI3QEIEEvPT_MS3_FvvE  qei.o
    0x0000383e   0x0000383e   0x00000022   Code   RO           51    t._ZN4mbed11InterruptIn4riseI3QEIEEvPT_MS3_FvvE  qei.o
    0x00003860   0x00003860   0x00000050   Code   RO           27    t._ZN4mbed15FunctionPointer12membercallerI11SoftwarePWMEEvPvPc  softwarepwm.o
    0x000038b0   0x000038b0   0x00000050   Code   RO           49    t._ZN4mbed15FunctionPointer12membercallerI3QEIEEvPvPc  qei.o
    0x00003900   0x00003900   0x0000001c   Code   RO           47    t._ZN4mbed15FunctionPointer6attachI3QEIEEvPT_MS3_FvvE  qei.o
    0x0000391c   0x0000391c   0x0000003c   Code   RO           25    t._ZN4mbed6Ticker9attach_usI11SoftwarePWMEEvPT_MS3_FvvEj  softwarepwm.o
    0x00003958   0x00003958   0x00000010   Data   RO           21    .constdata          softwarepwm.o
    0x00003968   0x00003968   0x00000018   Data   RO           46    .constdata          qei.o
    0x00003980   0x00003980   0x00000086   Data   RO          152    .constdata          board.o
    0x00003a06   0x00003a06   0x00000002   PAD
    0x00003a08   0x00003a08   0x0000016c   Data   RO          196    .constdata          mbed.ar(serial_api.o)
    0x00003b74   0x00003b74   0x000000d0   Data   RO          243    .constdata          mbed.ar(BusIn.o)
    0x00003c44   0x00003c44   0x00000086   Data   RO          337    .constdata          mbed.ar(InterruptIn.o)
    0x00003cca   0x00003cca   0x00000002   PAD
    0x00003ccc   0x00003ccc   0x00000086   Data   RO          396    .constdata          mbed.ar(gpio.o)
    0x00003d52   0x00003d52   0x00000002   PAD
    0x00003d54   0x00003d54   0x00000080   Data   RO          407    .constdata          mbed.ar(gpio_api.o)
    0x00003dd4   0x00003dd4   0x0000006c   Data   RO          412    .constdata          mbed.ar(pinmap.o)
    0x00003e40   0x00003e40   0x00000040   Data   RO          849    .constdata          mc_p.l(ctype_c.o)
    0x00003e80   0x00003e80   0x00000014   Data   RO          386    .constdata__ZTVN4mbed10TimerEventE  mbed.ar(TimerEvent.o)
    0x00003e94   0x00003e94   0x00000010   Data   RO          339    .constdata__ZTVN4mbed11InterruptInE  mbed.ar(InterruptIn.o)
    0x00003ea4   0x00003ea4   0x00000010   Data   RO          245    .constdata__ZTVN4mbed5BusInE  mbed.ar(BusIn.o)
    0x00003eb4   0x00003eb4   0x00000010   Data   RO          222    .constdata__ZTVN4mbed6BusOutE  mbed.ar(BusOut.o)
    0x00003ec4   0x00003ec4   0x00000014   Data   RO          349    .constdata__ZTVN4mbed6TickerE  mbed.ar(Ticker.o)
    0x00003ed8   0x00003ed8   0x00000014   Data   RO          360    .constdata__ZTVN4mbed7TimeoutE  mbed.ar(Timeout.o)
    0x00003eec   0x00003eec   0x00000042   Data   RO           22    .conststring        softwarepwm.o
    0x00003f2e   0x00003f2e   0x00000002   PAD
    0x00003f30   0x00003f30   0x00000020   Data   RO          852    Region$$Table       anon$$obj.o
    0x00003f50   0x00003f50   0x00000004   Data   RO            7    .init_array         main.o
    0x00003f54   0x00003f50   0x00000000   Data   RO          721    .init_array         mc_p.l(cpp_init.o)


    Execution Region RW_IRAM1 (Exec base: 0x100000c0, Load base: 0x00003f54, Size: 0x00000630, Max: 0x00000f40, ABSOLUTE)

    Exec Addr    Load Addr    Size         Type   Attr      Idx    E Section Name        Object

    0x100000c0   0x00003f54   0x00000048   Data   RW            6    .data               main.o
    0x10000108   0x00003f9c   0x00000004   Data   RW          124    .data               retarget.o
    0x1000010c   0x00003fa0   0x00000004   Data   RW          157    .data               cmsis_nvic.o
    0x10000110   0x00003fa4   0x00000004   Data   RW          162    .data               system_LPC11xx.o
    0x10000114   0x00003fa8   0x00000004   Data   RW          178    .data               mbed.ar(gpio_irq_api.o)
    0x10000118   0x00003fac   0x00000014   Data   RW          197    .data               mbed.ar(serial_api.o)
    0x1000012c   0x00003fc0   0x00000004   Data   RW          420    .data               mbed.ar(us_ticker.o)
    0x10000130   0x00003fc4   0x00000004   Data   RW          437    .data               mbed.ar(FileBase.o)
    0x10000134   0x00003fc8   0x00000008   Data   RW          455    .data               mbed.ar(us_ticker_api.o)
    0x1000013c   0x00003fd0   0x00000004   Data   RW          801    .data               mc_p.l(cpp_dtor.o)
    0x10000140   0x00003fd4   0x0000000c   Data   RW          803    .data               mc_p.l(cpp_memory.o)
    0x1000014c   0x00003fe0   0x00000004   Data   RW          835    .data               mc_p.l(mvars.o)
    0x10000150   0x00003fe4   0x00000004   Data   RW          836    .data               mc_p.l(mvars.o)
    0x10000154        -       0x00000488   Zero   RW            5    .bss                main.o
    0x100005dc        -       0x00000040   Zero   RW          120    .bss                retarget.o
    0x1000061c        -       0x000000a8   Zero   RW          177    .bss                mbed.ar(gpio_irq_api.o)
    0x100006c4        -       0x00000014   Zero   RW          577    .bss                mc_p.l(stdout_f.o)
    0x100006d8        -       0x00000014   Zero   RW          578    .bss                mc_p.l(stderr_f.o)
    0x100006ec   0x00003fe8   0x00000004   PAD
    0x100006f0        -       0x00000000   Zero   RW           56    HEAP                startup_LPC11xx.o


==============================================================================

Image component sizes


      Code (inc. data)   RO Data    RW Data    ZI Data      Debug   Object Name

       404          8        134          0          0          0   board.o
        72         10          0          4          0          0   cmsis_nvic.o
      1346        210          4         72       1160          0   main.o
       428         42          0          0          0          0   motor.o
       688         20         24          0          0          0   qei.o
       424         50          0          4         64          0   retarget.o
       494         52         82          0          0          0   softwarepwm.o
        32         12        512          0          0          0   startup_LPC11xx.o
        96         18          0          4          0          0   system_LPC11xx.o

    ----------------------------------------------------------------------
      3984        422        792         84       1224          0   Object Totals
         0          0         32          0          0          0   (incl. Generated)
         0          0          4          0          0          0   (incl. Padding)

    ----------------------------------------------------------------------

      Code (inc. data)   RO Data    RW Data    ZI Data      Debug   Library Member Name

        84         12          0          0          0          0   arm_exceptions_globs.o
        66          0          0          0          0          0   arm_exceptions_mem.o
        28          0          0          0          0          0   arm_exceptions_terminate.o
         8          0          0          0          0          0   arm_newhandler_noexceptions.o
         8          0          0          0          0          0   delete.o
        40          4          0          0          0          0   new.o
        10          0          0          0          0          0   pure_virt.o
       300         20        224          0          0          0   BusIn.o
       200         12         16          0          0          0   BusOut.o
        64          4          0          4          0          0   FileBase.o
       164          0          0          0          0          0   FilePath.o
        44          0          0          0          0          0   FunctionPointer.o
       170         24        150          0          0          0   InterruptIn.o
       110          4         20          0          0          0   Ticker.o
        10          0         20          0          0          0   Timeout.o
        88         16         20          0          0          0   TimerEvent.o
        80         58          0          0          0          0   assert.o
        24          4          0          0          0          0   error.o
       110          8        134          0          0          0   gpio.o
       218         46        128          0          0          0   gpio_api.o
       494         62          0          4        168          0   gpio_irq_api.o
       156         58        108          0          0          0   pinmap.o
       224         74          0          0          0          0   pinmap_common.o
       734        142        364         20          0          0   serial_api.o
       232         70          0          4          0          0   us_ticker.o
       208         22          0          8          0          0   us_ticker_api.o
        64          4          0          0          0          0   wait_api.o
        60         10          0          0          0          0   __0sscanf.o
        30          0          0          0          0          0   _chval.o
       824         12          0          0          0          0   _scanf.o
       330          0          0          0          0          0   _scanf_int.o
        68          0          0          0          0          0   _sgetc.o
        42          0          0          0          0          0   aeabi_atexit.o
         8          4          0          4          0          0   cpp_dtor.o
         2          0          0          0          0          0   cpp_final.o
        32         10          0          0          0          0   cpp_init.o
        20          4          0         12          0          0   cpp_memory.o
        36          4         64          0          0          0   ctype_c.o
        66          0          0          0          0          0   cxa_finalize.o
         0          0          0          0          0          0   entry.o
         0          0          0          0          0          0   entry10a.o
         4          0          0          0          0          0   entry10b.o
         0          0          0          0          0          0   entry11a.o
         8          4          0          0          0          0   entry2.o
         4          0          0          0          0          0   entry5.o
         4          0          0          0          0          0   entry6b.o
         0          0          0          0          0          0   entry7b.o
         4          0          0          0          0          0   entry8a.o
         0          0          0          0          0          0   entry8b.o
         8          4          0          0          0          0   entry9a.o
        24          0          0          0          0          0   fflush_f.o
        42          0          0          0          0          0   fputc_fp.o
        30          0          0          0          0          0   handlers.o
        36          8          0          0          0          0   init.o
        32         12          0          0          0          0   initio_oe.o
        14          0          0          0          0          0   isspace_c.o
         0          0          0          0          0          0   iusefp.o
        32          0          0          0          0          0   llshl.o
        38          0          0          0          0          0   llsshr.o
        34          0          0          0          0          0   llushr.o
       192         20          0          0          0          0   malloc.o
        36          0          0          0          0          0   memcpya.o
         0          0          0          8          0          0   mvars.o
      2304        106          0          0          0          0   printfa.o
        44          8          0          0          0          0   scanf_char.o
         0          0          0          0         20          0   stderr_f.o
         0          0          0          0         20          0   stdout_f.o
        28          0          0          0          0          0   strcmp.o
        14          0          0          0          0          0   strlen.o
        30          0          0          0          0          0   strncmp.o
        44          0          0          0          0          0   uidiv.o
        96          0          0          0          0          0   uldiv.o
        40          2          0          0          0          0   cdrcmple.o
        20          0          0          0          0          0   cfcmple.o
        20          0          0          0          0          0   cfrcmple.o
        56          0          0          0          0          0   d2f.o
       356          4          0          0          0          0   dadd.o
       240          6          0          0          0          0   ddiv.o
       236          0          0          0          0          0   depilogue.o
        64         10          0          0          0          0   dfixul.o
        40          6          0          0          0          0   dflti.o
       208          6          0          0          0          0   dmul.o
       130          0          0          0          0          0   fepilogue.o
        50          0          0          0          0          0   ffixi.o
        22          0          0          0          0          0   fflti.o
       122          0          0          0          0          0   fmul.o

    ----------------------------------------------------------------------
     10184        884       1252         64        212          0   Library Totals
        22          0          4          0          4          0   (incl. Padding)

    ----------------------------------------------------------------------

      Code (inc. data)   RO Data    RW Data    ZI Data      Debug   Library Name

       244         16          0          0          0          0   cpprt_p.l
      3694        628       1184         40        168          0   mbed.ar
      4620        206         64         24         40          0   mc_p.l
      1604         34          0          0          0          0   mf_p.l

    ----------------------------------------------------------------------
     10184        884       1252         64        212          0   Library Totals

    ----------------------------------------------------------------------

==============================================================================


      Code (inc. data)   RO Data    RW Data    ZI Data      Debug   

     14168       1306       2044        148       1436          0   Grand Totals
     14168       1306       2044        148       1436          0   ELF Image Totals
     14168       1306       2044        148          0          0   ROM Totals

==============================================================================

    Total RO  Size (Code + RO Data)                16212 (  15.83kB)
    Total RW  Size (RW Data + ZI Data)              1584 (   1.55kB)
    Total ROM Size (Code + RO Data + RW Data)      16360 (  15.98kB)

==============================================================================

